[0.019s] Invoking command in '/home/user/data/drones_ship_ws/build/wamv_description': CMAKE_PREFIX_PATH=/home/user/data/drones_ship_ws/install/vrx_gazebo:/home/user/data/drones_ship_ws/install/wamv_gazebo:/home/user/data/drones_ship_ws/install/wamv_description:/home/user/data/drones_ship_ws/install/vrx_gz:/home/user/data/drones_ship_ws/install/vrx_ros:/home/user/data/drones_ship_ws/install/aquabot_description:/home/user/data/drones_ship_ws/install/ros_gz_crazyflie_bringup:/home/user/data/drones_ship_ws/install/ros_gz_crazyflie_gazebo:/home/user/data/drones_ship_ws/install/crazyflie_yolo:/home/user/data/drones_ship_ws/install/crazyflie_ekf:/home/user/data/drones_ship_ws/install/crazyflie_control:/home/user/data/drones_ship_ws/install/aquabot_motion:/home/user/data/drones_ship_ws/install/aquabot_gz:/home/user/data/drones_ship_ws/install/aquabot_ekf:/opt/ros/jazzy/opt/gz_sim_vendor:/opt/ros/jazzy/opt/gz_sensors_vendor:/opt/ros/jazzy/opt/gz_physics_vendor:/opt/ros/jazzy/opt/sdformat_vendor:/opt/ros/jazzy/opt/gz_gui_vendor:/opt/ros/jazzy/opt/gz_transport_vendor:/opt/ros/jazzy/opt/gz_rendering_vendor:/opt/ros/jazzy/opt/gz_plugin_vendor:/opt/ros/jazzy/opt/gz_fuel_tools_vendor:/opt/ros/jazzy/opt/gz_msgs_vendor:/opt/ros/jazzy/opt/gz_common_vendor:/opt/ros/jazzy/opt/gz_math_vendor:/opt/ros/jazzy/opt/gz_utils_vendor:/opt/ros/jazzy/opt/gz_tools_vendor:/opt/ros/jazzy/opt/gz_ogre_next_vendor:/opt/ros/jazzy/opt/gz_dartsim_vendor:/opt/ros/jazzy/opt/gz_cmake_vendor:/home/user/data/drones_ship_ws/install/ros_gz_crazyflie_control:/opt/ros/jazzy DEBUGINFOD_URLS=https://debuginfod.ubuntu.com GZ_SIM_RESOURCE_PATH=/home/user/data/drones_ship_ws/install/vrx_gazebo/share:${GZ_SIM_RESOURCE_PATH} PYTHONPATH=/home/user/data/drones_ship_ws/install/vrx_gazebo/lib/python3.12/site-packages:/home/user/data/drones_ship_ws/install/vrx_gz/lib/python3.12/site-packages:/home/user/data/drones_ship_ws/install/ros_gz_crazyflie_control/lib/python3.12/site-packages:/home/user/data/drones_ship_ws/install/crazyflie_yolo/lib/python3.12/site-packages:/opt/ros/jazzy/lib/python3.12/site-packages /usr/bin/cmake --build /home/user/data/drones_ship_ws/build/wamv_description -- -j20 -l20
[0.302s] [100%] Built target wamv_description__xacro_auto_generate
[0.366s] Invoked command in '/home/user/data/drones_ship_ws/build/wamv_description' returned '0': CMAKE_PREFIX_PATH=/home/user/data/drones_ship_ws/install/vrx_gazebo:/home/user/data/drones_ship_ws/install/wamv_gazebo:/home/user/data/drones_ship_ws/install/wamv_description:/home/user/data/drones_ship_ws/install/vrx_gz:/home/user/data/drones_ship_ws/install/vrx_ros:/home/user/data/drones_ship_ws/install/aquabot_description:/home/user/data/drones_ship_ws/install/ros_gz_crazyflie_bringup:/home/user/data/drones_ship_ws/install/ros_gz_crazyflie_gazebo:/home/user/data/drones_ship_ws/install/crazyflie_yolo:/home/user/data/drones_ship_ws/install/crazyflie_ekf:/home/user/data/drones_ship_ws/install/crazyflie_control:/home/user/data/drones_ship_ws/install/aquabot_motion:/home/user/data/drones_ship_ws/install/aquabot_gz:/home/user/data/drones_ship_ws/install/aquabot_ekf:/opt/ros/jazzy/opt/gz_sim_vendor:/opt/ros/jazzy/opt/gz_sensors_vendor:/opt/ros/jazzy/opt/gz_physics_vendor:/opt/ros/jazzy/opt/sdformat_vendor:/opt/ros/jazzy/opt/gz_gui_vendor:/opt/ros/jazzy/opt/gz_transport_vendor:/opt/ros/jazzy/opt/gz_rendering_vendor:/opt/ros/jazzy/opt/gz_plugin_vendor:/opt/ros/jazzy/opt/gz_fuel_tools_vendor:/opt/ros/jazzy/opt/gz_msgs_vendor:/opt/ros/jazzy/opt/gz_common_vendor:/opt/ros/jazzy/opt/gz_math_vendor:/opt/ros/jazzy/opt/gz_utils_vendor:/opt/ros/jazzy/opt/gz_tools_vendor:/opt/ros/jazzy/opt/gz_ogre_next_vendor:/opt/ros/jazzy/opt/gz_dartsim_vendor:/opt/ros/jazzy/opt/gz_cmake_vendor:/home/user/data/drones_ship_ws/install/ros_gz_crazyflie_control:/opt/ros/jazzy DEBUGINFOD_URLS=https://debuginfod.ubuntu.com GZ_SIM_RESOURCE_PATH=/home/user/data/drones_ship_ws/install/vrx_gazebo/share:${GZ_SIM_RESOURCE_PATH} PYTHONPATH=/home/user/data/drones_ship_ws/install/vrx_gazebo/lib/python3.12/site-packages:/home/user/data/drones_ship_ws/install/vrx_gz/lib/python3.12/site-packages:/home/user/data/drones_ship_ws/install/ros_gz_crazyflie_control/lib/python3.12/site-packages:/home/user/data/drones_ship_ws/install/crazyflie_yolo/lib/python3.12/site-packages:/opt/ros/jazzy/lib/python3.12/site-packages /usr/bin/cmake --build /home/user/data/drones_ship_ws/build/wamv_description -- -j20 -l20
[0.370s] Invoking command in '/home/user/data/drones_ship_ws/build/wamv_description': CMAKE_PREFIX_PATH=/home/user/data/drones_ship_ws/install/vrx_gazebo:/home/user/data/drones_ship_ws/install/wamv_gazebo:/home/user/data/drones_ship_ws/install/wamv_description:/home/user/data/drones_ship_ws/install/vrx_gz:/home/user/data/drones_ship_ws/install/vrx_ros:/home/user/data/drones_ship_ws/install/aquabot_description:/home/user/data/drones_ship_ws/install/ros_gz_crazyflie_bringup:/home/user/data/drones_ship_ws/install/ros_gz_crazyflie_gazebo:/home/user/data/drones_ship_ws/install/crazyflie_yolo:/home/user/data/drones_ship_ws/install/crazyflie_ekf:/home/user/data/drones_ship_ws/install/crazyflie_control:/home/user/data/drones_ship_ws/install/aquabot_motion:/home/user/data/drones_ship_ws/install/aquabot_gz:/home/user/data/drones_ship_ws/install/aquabot_ekf:/opt/ros/jazzy/opt/gz_sim_vendor:/opt/ros/jazzy/opt/gz_sensors_vendor:/opt/ros/jazzy/opt/gz_physics_vendor:/opt/ros/jazzy/opt/sdformat_vendor:/opt/ros/jazzy/opt/gz_gui_vendor:/opt/ros/jazzy/opt/gz_transport_vendor:/opt/ros/jazzy/opt/gz_rendering_vendor:/opt/ros/jazzy/opt/gz_plugin_vendor:/opt/ros/jazzy/opt/gz_fuel_tools_vendor:/opt/ros/jazzy/opt/gz_msgs_vendor:/opt/ros/jazzy/opt/gz_common_vendor:/opt/ros/jazzy/opt/gz_math_vendor:/opt/ros/jazzy/opt/gz_utils_vendor:/opt/ros/jazzy/opt/gz_tools_vendor:/opt/ros/jazzy/opt/gz_ogre_next_vendor:/opt/ros/jazzy/opt/gz_dartsim_vendor:/opt/ros/jazzy/opt/gz_cmake_vendor:/home/user/data/drones_ship_ws/install/ros_gz_crazyflie_control:/opt/ros/jazzy DEBUGINFOD_URLS=https://debuginfod.ubuntu.com GZ_SIM_RESOURCE_PATH=/home/user/data/drones_ship_ws/install/vrx_gazebo/share:${GZ_SIM_RESOURCE_PATH} PYTHONPATH=/home/user/data/drones_ship_ws/install/vrx_gazebo/lib/python3.12/site-packages:/home/user/data/drones_ship_ws/install/vrx_gz/lib/python3.12/site-packages:/home/user/data/drones_ship_ws/install/ros_gz_crazyflie_control/lib/python3.12/site-packages:/home/user/data/drones_ship_ws/install/crazyflie_yolo/lib/python3.12/site-packages:/opt/ros/jazzy/lib/python3.12/site-packages /usr/bin/cmake --install /home/user/data/drones_ship_ws/build/wamv_description
[0.494s] -- Install configuration: ""
[0.495s] -- Up-to-date: /home/user/data/drones_ship_ws/install/wamv_description/share/wamv_description/environment/resource_paths.dsv
[0.496s] -- Up-to-date: /home/user/data/drones_ship_ws/install/wamv_description/share/wamv_description/environment/resource_paths.sh
[0.497s] -- Up-to-date: /home/user/data/drones_ship_ws/install/wamv_description/share/wamv_description/urdf/wamv_base.urdf
[0.497s] -- Up-to-date: /home/user/data/drones_ship_ws/install/wamv_description/share/wamv_description/models
[0.498s] -- Up-to-date: /home/user/data/drones_ship_ws/install/wamv_description/share/wamv_description/models/propeller
[0.499s] -- Up-to-date: /home/user/data/drones_ship_ws/install/wamv_description/share/wamv_description/models/propeller/mesh
[0.499s] -- Up-to-date: /home/user/data/drones_ship_ws/install/wamv_description/share/wamv_description/models/propeller/mesh/propeller.dae
[0.500s] -- Up-to-date: /home/user/data/drones_ship_ws/install/wamv_description/share/wamv_description/models/propeller/model.config
[0.501s] -- Up-to-date: /home/user/data/drones_ship_ws/install/wamv_description/share/wamv_description/models/engine
[0.502s] -- Up-to-date: /home/user/data/drones_ship_ws/install/wamv_description/share/wamv_description/models/engine/mesh
[0.503s] -- Up-to-date: /home/user/data/drones_ship_ws/install/wamv_description/share/wamv_description/models/engine/mesh/engine.dae
[0.504s] -- Up-to-date: /home/user/data/drones_ship_ws/install/wamv_description/share/wamv_description/models/engine/model.config
[0.505s] -- Up-to-date: /home/user/data/drones_ship_ws/install/wamv_description/share/wamv_description/models/WAM-V-Base
[0.506s] -- Up-to-date: /home/user/data/drones_ship_ws/install/wamv_description/share/wamv_description/models/WAM-V-Base/mesh
[0.507s] -- Up-to-date: /home/user/data/drones_ship_ws/install/wamv_description/share/wamv_description/models/WAM-V-Base/mesh/WAM-V_Normal.png
[0.507s] -- Up-to-date: /home/user/data/drones_ship_ws/install/wamv_description/share/wamv_description/models/WAM-V-Base/mesh/WAM-V_Roughness.png
[0.508s] -- Up-to-date: /home/user/data/drones_ship_ws/install/wamv_description/share/wamv_description/models/WAM-V-Base/mesh/WamV.png
[0.509s] -- Up-to-date: /home/user/data/drones_ship_ws/install/wamv_description/share/wamv_description/models/WAM-V-Base/mesh/WAM-V_Metalness.png
[0.509s] -- Up-to-date: /home/user/data/drones_ship_ws/install/wamv_description/share/wamv_description/models/WAM-V-Base/mesh/WAM-V_Albedo.png
[0.510s] -- Up-to-date: /home/user/data/drones_ship_ws/install/wamv_description/share/wamv_description/models/WAM-V-Base/mesh/WAM-V-Base.dae
[0.511s] -- Up-to-date: /home/user/data/drones_ship_ws/install/wamv_description/share/wamv_description/models/WAM-V-Base/model.config
[0.511s] -- Up-to-date: /home/user/data/drones_ship_ws/install/wamv_description/share/wamv_description/urdf
[0.513s] -- Up-to-date: /home/user/data/drones_ship_ws/install/wamv_description/share/wamv_description/urdf/cpu_cases.xacro
[0.514s] -- Up-to-date: /home/user/data/drones_ship_ws/install/wamv_description/share/wamv_description/urdf/thrusters
[0.520s] -- Up-to-date: /home/user/data/drones_ship_ws/install/wamv_description/share/wamv_description/urdf/thrusters/engine.xacro
[0.520s] -- Up-to-date: /home/user/data/drones_ship_ws/install/wamv_description/share/wamv_description/urdf/wamv_base.urdf.xacro
[0.521s] -- Up-to-date: /home/user/data/drones_ship_ws/install/wamv_description/share/wamv_description/urdf/battery.xacro
[0.522s] -- Up-to-date: /home/user/data/drones_ship_ws/install/wamv_description/share/ament_index/resource_index/package_run_dependencies/wamv_description
[0.522s] -- Up-to-date: /home/user/data/drones_ship_ws/install/wamv_description/share/ament_index/resource_index/parent_prefix_path/wamv_description
[0.523s] -- Up-to-date: /home/user/data/drones_ship_ws/install/wamv_description/share/wamv_description/environment/ament_prefix_path.sh
[0.524s] -- Up-to-date: /home/user/data/drones_ship_ws/install/wamv_description/share/wamv_description/environment/ament_prefix_path.dsv
[0.524s] -- Up-to-date: /home/user/data/drones_ship_ws/install/wamv_description/share/wamv_description/environment/path.sh
[0.525s] -- Up-to-date: /home/user/data/drones_ship_ws/install/wamv_description/share/wamv_description/environment/path.dsv
[0.526s] -- Up-to-date: /home/user/data/drones_ship_ws/install/wamv_description/share/wamv_description/local_setup.bash
[0.526s] -- Up-to-date: /home/user/data/drones_ship_ws/install/wamv_description/share/wamv_description/local_setup.sh
[0.527s] -- Up-to-date: /home/user/data/drones_ship_ws/install/wamv_description/share/wamv_description/local_setup.zsh
[0.528s] -- Up-to-date: /home/user/data/drones_ship_ws/install/wamv_description/share/wamv_description/local_setup.dsv
[0.531s] -- Installing: /home/user/data/drones_ship_ws/install/wamv_description/share/wamv_description/package.dsv
[0.532s] -- Up-to-date: /home/user/data/drones_ship_ws/install/wamv_description/share/ament_index/resource_index/packages/wamv_description
[0.532s] -- Up-to-date: /home/user/data/drones_ship_ws/install/wamv_description/share/wamv_description/cmake/wamv_descriptionConfig.cmake
[0.533s] -- Up-to-date: /home/user/data/drones_ship_ws/install/wamv_description/share/wamv_description/cmake/wamv_descriptionConfig-version.cmake
[0.534s] -- Up-to-date: /home/user/data/drones_ship_ws/install/wamv_description/share/wamv_description/package.xml
[0.535s] Invoked command in '/home/user/data/drones_ship_ws/build/wamv_description' returned '0': CMAKE_PREFIX_PATH=/home/user/data/drones_ship_ws/install/vrx_gazebo:/home/user/data/drones_ship_ws/install/wamv_gazebo:/home/user/data/drones_ship_ws/install/wamv_description:/home/user/data/drones_ship_ws/install/vrx_gz:/home/user/data/drones_ship_ws/install/vrx_ros:/home/user/data/drones_ship_ws/install/aquabot_description:/home/user/data/drones_ship_ws/install/ros_gz_crazyflie_bringup:/home/user/data/drones_ship_ws/install/ros_gz_crazyflie_gazebo:/home/user/data/drones_ship_ws/install/crazyflie_yolo:/home/user/data/drones_ship_ws/install/crazyflie_ekf:/home/user/data/drones_ship_ws/install/crazyflie_control:/home/user/data/drones_ship_ws/install/aquabot_motion:/home/user/data/drones_ship_ws/install/aquabot_gz:/home/user/data/drones_ship_ws/install/aquabot_ekf:/opt/ros/jazzy/opt/gz_sim_vendor:/opt/ros/jazzy/opt/gz_sensors_vendor:/opt/ros/jazzy/opt/gz_physics_vendor:/opt/ros/jazzy/opt/sdformat_vendor:/opt/ros/jazzy/opt/gz_gui_vendor:/opt/ros/jazzy/opt/gz_transport_vendor:/opt/ros/jazzy/opt/gz_rendering_vendor:/opt/ros/jazzy/opt/gz_plugin_vendor:/opt/ros/jazzy/opt/gz_fuel_tools_vendor:/opt/ros/jazzy/opt/gz_msgs_vendor:/opt/ros/jazzy/opt/gz_common_vendor:/opt/ros/jazzy/opt/gz_math_vendor:/opt/ros/jazzy/opt/gz_utils_vendor:/opt/ros/jazzy/opt/gz_tools_vendor:/opt/ros/jazzy/opt/gz_ogre_next_vendor:/opt/ros/jazzy/opt/gz_dartsim_vendor:/opt/ros/jazzy/opt/gz_cmake_vendor:/home/user/data/drones_ship_ws/install/ros_gz_crazyflie_control:/opt/ros/jazzy DEBUGINFOD_URLS=https://debuginfod.ubuntu.com GZ_SIM_RESOURCE_PATH=/home/user/data/drones_ship_ws/install/vrx_gazebo/share:${GZ_SIM_RESOURCE_PATH} PYTHONPATH=/home/user/data/drones_ship_ws/install/vrx_gazebo/lib/python3.12/site-packages:/home/user/data/drones_ship_ws/install/vrx_gz/lib/python3.12/site-packages:/home/user/data/drones_ship_ws/install/ros_gz_crazyflie_control/lib/python3.12/site-packages:/home/user/data/drones_ship_ws/install/crazyflie_yolo/lib/python3.12/site-packages:/opt/ros/jazzy/lib/python3.12/site-packages /usr/bin/cmake --install /home/user/data/drones_ship_ws/build/wamv_description
