[0.052s] Invoking command in '/home/user/data/drones_ship_ws/build/crazyflie_yolo': CMAKE_PREFIX_PATH=${CMAKE_PREFIX_PATH}:/home/user/data/drones_ship_ws/install/ros_gz_crazyflie_control:/opt/ros/jazzy DEBUGINFOD_URLS=https://debuginfod.ubuntu.com /usr/bin/cmake --build /home/user/data/drones_ship_ws/build/crazyflie_yolo -- -j20 -l20
[0.146s] [  2%] Built target crazyflie_yolo__rosidl_generator_type_description
[0.154s] [  6%] Built target container_localizer_node
[0.159s] [ 10%] Built target stereo_depth_node
[0.166s] [ 10%] Built target ament_cmake_python_copy_crazyflie_yolo
[0.178s] [ 12%] Built target crazyflie_yolo__cpp
[0.179s] [ 28%] Built target crazyflie_yolo__rosidl_generator_c
[0.210s] [ 36%] Built target crazyflie_yolo__rosidl_typesupport_fastrtps_c
[0.213s] [ 44%] Built target crazyflie_yolo__rosidl_typesupport_cpp
[0.214s] [ 52%] Built target crazyflie_yolo__rosidl_typesupport_introspection_cpp
[0.217s] [ 60%] Built target crazyflie_yolo__rosidl_typesupport_fastrtps_cpp
[0.219s] [ 68%] Built target crazyflie_yolo__rosidl_typesupport_c
[0.226s] [ 76%] Built target crazyflie_yolo__rosidl_typesupport_introspection_c
[0.262s] [ 78%] [32mBuilding CXX object CMakeFiles/multi_obstacle_tracker_node.dir/src/multi_obstacle_tracker.cpp.o[0m
[0.267s] [ 78%] Built target crazyflie_yolo
[0.304s] [ 80%] Built target crazyflie_yolo__py
[0.347s] [ 86%] Built target crazyflie_yolo__rosidl_generator_py
[0.355s] running egg_info
[0.382s] writing crazyflie_yolo.egg-info/PKG-INFO
[0.382s] [ 90%] Built target crazyflie_yolo_s__rosidl_typesupport_c
[0.382s] writing dependency_links to crazyflie_yolo.egg-info/dependency_links.txt
[0.382s] writing top-level names to crazyflie_yolo.egg-info/top_level.txt
[0.387s] [ 94%] Built target crazyflie_yolo_s__rosidl_typesupport_fastrtps_c
[0.396s] [ 98%] Built target crazyflie_yolo_s__rosidl_typesupport_introspection_c
[0.440s] reading manifest file 'crazyflie_yolo.egg-info/SOURCES.txt'
[0.441s] writing manifest file 'crazyflie_yolo.egg-info/SOURCES.txt'
[0.468s] [ 98%] Built target ament_cmake_python_build_crazyflie_yolo_egg
[6.995s] [01m[K/home/user/data/drones_ship_ws/src/drone_ship/crazyflie_yolo/src/multi_obstacle_tracker.cpp:[m[K In member function ‘[01m[Kvoid MultiObstacleTracker::[01;32m[KpublishTracks[m[K()[m[K’:
[6.995s] [01m[K/home/user/data/drones_ship_ws/src/drone_ship/crazyflie_yolo/src/multi_obstacle_tracker.cpp:221:40:[m[K [01;31m[Kerror: [m[Kno match for ‘[01m[Koperator=[m[K’ (operand types are ‘[01m[Kcrazyflie_yolo::msg::TrackedObstacle_<std::allocator<void> >::_covariance_type[m[K’ {aka ‘[01m[Kstd::array<double, 9>[m[K’} and ‘[01m[Kconst Eigen::Matrix3d[m[K’ {aka ‘[01m[Kconst Eigen::Matrix<double, 3, 3>[m[K’})
[6.995s]   221 |             tracked.covariance = track.[01;31m[Kcovariance[m[K; // 3x3 covariance
[6.995s]       |                                        [01;31m[K^~~~~~~~~~[m[K
[6.995s] In file included from [01m[K/opt/ros/jazzy/include/rcl_interfaces/rcl_interfaces/srv/detail/list_parameters__struct.hpp:12[m[K,
[6.995s]                  from [01m[K/opt/ros/jazzy/include/rcl_interfaces/rcl_interfaces/srv/list_parameters.hpp:7[m[K,
[6.995s]                  from [01m[K/opt/ros/jazzy/include/rclcpp/rclcpp/copy_all_parameter_values.hpp:21[m[K,
[6.995s]                  from [01m[K/opt/ros/jazzy/include/rclcpp/rclcpp/rclcpp.hpp:171[m[K,
[6.995s]                  from [01m[K/home/user/data/drones_ship_ws/src/drone_ship/crazyflie_yolo/src/multi_obstacle_tracker.cpp:1[m[K:
[6.995s] [01m[K/usr/include/c++/13/array:94:12:[m[K [01;36m[Knote: [m[Kcandidate: ‘[01m[Kconstexpr std::array<double, 9>& std::array<double, 9>::[01;32m[Koperator=[m[K(const std::array<double, 9>&)[m[K’
[6.995s]    94 |     struct [01;36m[Karray[m[K
[6.995s]       |            [01;36m[K^~~~~[m[K
[6.995s] [01m[K/usr/include/c++/13/array:94:12:[m[K [01;36m[Knote: [m[K  no known conversion for argument 1 from ‘[01m[Kconst Eigen::Matrix3d[m[K’ {aka ‘[01m[Kconst Eigen::Matrix<double, 3, 3>[m[K’} to ‘[01m[Kconst std::array<double, 9>&[m[K’
[6.995s] [01m[K/usr/include/c++/13/array:94:12:[m[K [01;36m[Knote: [m[Kcandidate: ‘[01m[Kconstexpr std::array<double, 9>& std::array<double, 9>::[01;32m[Koperator=[m[K(std::array<double, 9>&&)[m[K’
[6.995s] [01m[K/usr/include/c++/13/array:94:12:[m[K [01;36m[Knote: [m[K  no known conversion for argument 1 from ‘[01m[Kconst Eigen::Matrix3d[m[K’ {aka ‘[01m[Kconst Eigen::Matrix<double, 3, 3>[m[K’} to ‘[01m[Kstd::array<double, 9>&&[m[K’
[6.996s] [01m[K/home/user/data/drones_ship_ws/src/drone_ship/crazyflie_yolo/src/multi_obstacle_tracker.cpp:222:21:[m[K [01;31m[Kerror: [m[K‘[01m[Kusing crazyflie_yolo::msg::TrackedObstacle = struct crazyflie_yolo::msg::TrackedObstacle_<std::allocator<void> >[m[K’ {aka ‘[01m[Kstruct crazyflie_yolo::msg::TrackedObstacle_<std::allocator<void> >[m[K’} has no member named ‘[01m[Klast_update[m[K’
[6.996s]   222 |             tracked.[01;31m[Klast_update[m[K = track.last_update;
[6.996s]       |                     [01;31m[K^~~~~~~~~~~[m[K
[6.996s] [01m[K/home/user/data/drones_ship_ws/src/drone_ship/crazyflie_yolo/src/multi_obstacle_tracker.cpp:224:27:[m[K [01;31m[Kerror: [m[K‘[01m[Kusing crazyflie_yolo::msg::TrackedObstacleArray = struct crazyflie_yolo::msg::TrackedObstacleArray_<std::allocator<void> >[m[K’ {aka ‘[01m[Kstruct crazyflie_yolo::msg::TrackedObstacleArray_<std::allocator<void> >[m[K’} has no member named ‘[01m[Ktracked_obstacles[m[K’
[6.996s]   224 |             tracked_array.[01;31m[Ktracked_obstacles[m[K.push_back(tracked);
[6.996s]       |                           [01;31m[K^~~~~~~~~~~~~~~~~[m[K
[6.996s] gmake[2]: *** [CMakeFiles/multi_obstacle_tracker_node.dir/build.make:76: CMakeFiles/multi_obstacle_tracker_node.dir/src/multi_obstacle_tracker.cpp.o] Error 1
[6.997s] gmake[1]: *** [CMakeFiles/Makefile2:655: CMakeFiles/multi_obstacle_tracker_node.dir/all] Error 2
[6.997s] gmake: *** [Makefile:146: all] Error 2
[6.999s] Invoked command in '/home/user/data/drones_ship_ws/build/crazyflie_yolo' returned '2': CMAKE_PREFIX_PATH=${CMAKE_PREFIX_PATH}:/home/user/data/drones_ship_ws/install/ros_gz_crazyflie_control:/opt/ros/jazzy DEBUGINFOD_URLS=https://debuginfod.ubuntu.com /usr/bin/cmake --build /home/user/data/drones_ship_ws/build/crazyflie_yolo -- -j20 -l20
