[0.012s] Invoking command in '/home/user/data/drones_ship_ws/build/vrx_gz': CMAKE_PREFIX_PATH=/home/user/data/drones_ship_ws/install/vrx_ros:/home/user/data/drones_ship_ws/install/wamv_gazebo:/home/user/data/drones_ship_ws/install/wamv_description:/home/user/data/drones_ship_ws/install/vrx_gz:/home/user/data/drones_ship_ws/install/aquabot_description:/home/user/data/drones_ship_ws/install/vrx_gazebo:/home/user/data/drones_ship_ws/install/ros_gz_crazyflie_bringup:/home/user/data/drones_ship_ws/install/ros_gz_crazyflie_gazebo:/home/user/data/drones_ship_ws/install/crazyflie_yolo:/home/user/data/drones_ship_ws/install/crazyflie_ekf:/home/user/data/drones_ship_ws/install/crazyflie_control:/home/user/data/drones_ship_ws/install/aquabot_motion:/home/user/data/drones_ship_ws/install/aquabot_gz:/home/user/data/drones_ship_ws/install/aquabot_ekf:/opt/ros/jazzy/opt/gz_sim_vendor:/opt/ros/jazzy/opt/gz_sensors_vendor:/opt/ros/jazzy/opt/gz_physics_vendor:/opt/ros/jazzy/opt/sdformat_vendor:/opt/ros/jazzy/opt/gz_gui_vendor:/opt/ros/jazzy/opt/gz_transport_vendor:/opt/ros/jazzy/opt/gz_rendering_vendor:/opt/ros/jazzy/opt/gz_plugin_vendor:/opt/ros/jazzy/opt/gz_fuel_tools_vendor:/opt/ros/jazzy/opt/gz_msgs_vendor:/opt/ros/jazzy/opt/gz_common_vendor:/opt/ros/jazzy/opt/gz_math_vendor:/opt/ros/jazzy/opt/gz_utils_vendor:/opt/ros/jazzy/opt/gz_tools_vendor:/opt/ros/jazzy/opt/gz_ogre_next_vendor:/opt/ros/jazzy/opt/gz_dartsim_vendor:/opt/ros/jazzy/opt/gz_cmake_vendor:/home/user/data/drones_ship_ws/install/ros_gz_crazyflie_control:/opt/ros/jazzy DEBUGINFOD_URLS=https://debuginfod.ubuntu.com /usr/bin/cmake /home/user/data/drones_ship_ws/src/drone_ship/vrx/vrx_gz -DCMAKE_INSTALL_PREFIX=/home/user/data/drones_ship_ws/install/vrx_gz
[0.098s] -- The C compiler identification is GNU 13.3.0
[0.178s] -- The CXX compiler identification is GNU 13.3.0
[0.212s] -- Detecting C compiler ABI info
[0.345s] -- Detecting C compiler ABI info - done
[0.357s] -- Check for working C compiler: /usr/lib/ccache/cc - skipped
[0.357s] -- Detecting C compile features
[0.358s] -- Detecting C compile features - done
[0.376s] -- Detecting CXX compiler ABI info
[0.518s] -- Detecting CXX compiler ABI info - done
[0.531s] -- Check for working CXX compiler: /usr/lib/ccache/c++ - skipped
[0.531s] -- Detecting CXX compile features
[0.532s] -- Detecting CXX compile features - done
[0.546s] -- Found ament_cmake: 2.5.4 (/opt/ros/jazzy/share/ament_cmake/cmake)
[0.774s] -- Found Python3: /usr/bin/python3 (found version "3.12.3") found components: Interpreter 
[1.012s] -- Found gz_sim_vendor: 0.0.8 (/opt/ros/jazzy/share/gz_sim_vendor/cmake)
[1.153s] -- Looking for gz-sim8 -- found version 8.9.0
[1.163s] -- Searching for dependencies of gz-sim8
[1.168s] -- Looking for sdformat14 -- found version 14.8.0
[1.168s] -- Searching for dependencies of sdformat14
[1.175s] -- Checking for module 'tinyxml2'
[1.199s] --   Found tinyxml2, version 10.0.0
[1.265s] -- Looking for gz-math7 -- found version 7.5.2
[1.265s] -- Searching for dependencies of gz-math7
[1.276s] -- Looking for gz-utils2 -- found version 2.2.1
[1.276s] -- Searching for dependencies of gz-utils2
[1.278s] -- Looking for gz-utils2 -- found version 2.2.1
[1.278s] -- Searching for dependencies of gz-utils2
[1.278s] -- Searching for <gz-utils2> component [cli]
[1.289s] -- Looking for gz-utils2-cli -- found version 2.2.1
[1.289s] -- Searching for dependencies of gz-utils2-cli
[1.300s] -- Looking for gz-plugin2 -- found version 2.0.4
[1.300s] -- Searching for dependencies of gz-plugin2
[1.301s] -- Looking for gz-utils2 -- found version 2.2.1
[1.301s] -- Searching for <gz-plugin2> component [loader]
[1.311s] -- Looking for gz-plugin2-loader -- found version 2.0.4
[1.311s] -- Searching for dependencies of gz-plugin2-loader
[1.311s] -- Searching for <gz-plugin2> component [register]
[1.321s] -- Looking for gz-plugin2-register -- found version 2.0.4
[1.321s] -- Searching for dependencies of gz-plugin2-register
[1.330s] -- Looking for gz-transport13 -- found version 13.4.1
[1.331s] -- Searching for dependencies of gz-transport13
[1.564s] -- Found Protobuf: /usr/lib/x86_64-linux-gnu/libprotobuf.so (found version "3.21.12") 
[1.601s] -- Config-file not installed for ZeroMQ -- checking for pkg-config
[1.607s] -- Checking for module 'libzmq >= 4'
[1.631s] --   Found libzmq, version 4.3.5
[1.715s] -- Found ZeroMQ: TRUE (Required is at least version "4") 
[1.722s] -- Checking for module 'uuid'
[1.744s] --   Found uuid, version 2.39.3
[1.796s] -- Found UUID: TRUE  
[1.796s] -- Looking for gz-utils2 -- found version 2.2.1
[1.809s] -- Looking for gz-msgs10 -- found version 10.3.2
[1.809s] -- Searching for dependencies of gz-msgs10
[1.857s] -- Looking for gz-utils2 -- found version 2.2.1
[1.857s] -- Looking for gz-math7 -- found version 7.5.2
[1.866s] -- Searching for <gz-transport13> component [log]
[1.878s] -- Looking for gz-transport13-log -- found version 13.4.1
[1.878s] -- Searching for dependencies of gz-transport13-log
[1.878s] -- Searching for <gz-transport13> component [parameters]
[1.890s] -- Looking for gz-transport13-parameters -- found version 13.4.1
[1.890s] -- Searching for dependencies of gz-transport13-parameters
[1.891s] -- Looking for gz-msgs10 -- found version 10.3.2
[1.904s] -- Looking for gz-common5 -- found version 5.7.1
[1.904s] -- Searching for dependencies of gz-common5
[1.905s] -- Looking for gz-utils2 -- found version 2.2.1
[1.906s] -- Looking for dlfcn.h - found
[1.908s] -- Looking for libdl - found
[1.910s] -- Found DL: TRUE  
[1.918s] -- Searching for <gz-common5> component [av]
[1.928s] -- Looking for gz-common5-av -- found version 5.7.1
[1.928s] -- Searching for dependencies of gz-common5-av
[1.935s] -- Checking for module 'libswscale'
[1.957s] --   Found libswscale, version 7.5.100
[2.017s] -- Found SWSCALE: TRUE  
[2.023s] -- Checking for module 'libavdevice >= 56.4.100'
[2.048s] --   Found libavdevice, version 60.3.100
[2.134s] -- Found AVDEVICE: TRUE (Required is at least version "56.4.100") 
[2.140s] -- Checking for module 'libavformat'
[2.166s] --   Found libavformat, version 60.16.100
[2.233s] -- Found AVFORMAT: TRUE  
[2.240s] -- Checking for module 'libavcodec'
[2.265s] --   Found libavcodec, version 60.31.102
[2.325s] -- Found AVCODEC: TRUE  
[2.331s] -- Checking for module 'libavutil'
[2.357s] --   Found libavutil, version 58.29.100
[2.414s] -- Found AVUTIL: TRUE  
[2.415s] -- Searching for <gz-common5> component [events]
[2.427s] -- Looking for gz-common5-events -- found version 5.7.1
[2.428s] -- Searching for dependencies of gz-common5-events
[2.428s] -- Looking for gz-math7 -- found version 7.5.2
[2.429s] -- Searching for <gz-common5> component [graphics]
[2.442s] -- Looking for gz-common5-graphics -- found version 5.7.1
[2.442s] -- Searching for dependencies of gz-common5-graphics
[2.442s] -- Looking for gz-math7 -- found version 7.5.2
[2.462s] -- Found GzAssimp: TRUE (found version "5.3.0") 
[2.462s] -- Searching for <gz-common5> component [io]
[2.474s] -- Looking for gz-common5-io -- found version 5.7.1
[2.475s] -- Searching for dependencies of gz-common5-io
[2.475s] -- Searching for <gz-common5> component [profiler]
[2.487s] -- Looking for gz-common5-profiler -- found version 5.7.1
[2.487s] -- Searching for dependencies of gz-common5-profiler
[2.499s] -- Looking for gz-fuel_tools9 -- found version 9.1.1
[2.499s] -- Searching for dependencies of gz-fuel_tools9
[2.637s] -- Found CURL: /usr/lib/x86_64-linux-gnu/libcurl.so (found version "8.5.0")  
[2.654s] -- Checking for module 'jsoncpp'
[2.679s] --   Found jsoncpp, version 1.9.5
[2.731s] -- Found JSONCPP: TRUE  
[2.792s] -- Checking for module 'yaml-0.1'
[2.809s] --   Found yaml-0.1, version 0.2.5
[2.849s] -- Found YAML: TRUE  
[2.856s] -- Checking for module 'libzip'
[2.879s] --   Found libzip, version 1.7.3
[2.933s] -- Found ZIP: TRUE  
[2.934s] -- Looking for gz-utils2 -- found version 2.2.1
[2.934s] -- Looking for gz-common5 -- found version 5.7.1
[2.934s] -- Searching for dependencies of gz-common5
[2.935s] -- Looking for gz-utils2 -- found version 2.2.1
[2.935s] -- Looking for dlfcn.h - found
[2.935s] -- Looking for libdl - found
[2.945s] -- Searching for <gz-common5> component [testing]
[2.958s] -- Looking for gz-common5-testing -- found version 5.7.1
[2.958s] -- Searching for dependencies of gz-common5-testing
[2.959s] -- Looking for gz-math7 -- found version 7.5.2
[2.960s] -- Looking for gz-msgs10 -- found version 10.3.2
[2.971s] -- Looking for gz-gui8 -- found version 8.4.0
[2.972s] -- Searching for dependencies of gz-gui8
[3.010s] -- Looking for gz-utils2 -- found version 2.2.1
[3.010s] -- Looking for gz-math7 -- found version 7.5.2
[3.011s] -- Looking for gz-common5 -- found version 5.7.1
[3.011s] -- Looking for gz-plugin2 -- found version 2.0.4
[3.012s] -- Looking for gz-transport13 -- found version 13.4.1
[3.022s] -- Looking for gz-rendering8 -- found version 8.2.2
[3.022s] -- Searching for dependencies of gz-rendering8
[3.022s] -- Looking for gz-math7 -- found version 7.5.2
[3.023s] -- Searching for dependencies of gz-math7
[3.023s] -- Looking for gz-utils2 -- found version 2.2.1
[3.023s] -- Searching for <gz-math7> component [eigen3]
[3.034s] -- Looking for gz-math7-eigen3 -- found version 7.5.2
[3.034s] -- Searching for dependencies of gz-math7-eigen3
[3.052s] -- Looking for gz-common5 -- found version 5.7.1
[3.053s] -- Searching for dependencies of gz-common5
[3.053s] -- Looking for gz-utils2 -- found version 2.2.1
[3.053s] -- Looking for dlfcn.h - found
[3.053s] -- Looking for libdl - found
[3.062s] -- Searching for <gz-common5> component [graphics]
[3.063s] -- Searching for <gz-common5> component [events]
[3.063s] -- Searching for <gz-common5> component [geospatial]
[3.068s] -- Looking for gz-common5-geospatial -- found version 5.7.1
[3.068s] -- Searching for dependencies of gz-common5-geospatial
[3.069s] -- Looking for gz-math7 -- found version 7.5.2
[3.069s] -- Looking for gz-common5 -- found version 5.7.1
[3.070s] -- Looking for gz-plugin2 -- found version 2.0.4
[3.070s] -- Searching for dependencies of gz-plugin2
[3.070s] -- Looking for gz-utils2 -- found version 2.2.1
[3.070s] -- Searching for <gz-plugin2> component [all]
[3.076s] -- Looking for all libraries of gz-plugin2 -- found version 2.0.4
[3.076s] -- Looking for gz-plugin2 -- found version 2.0.4
[3.077s] -- Looking for gz-utils2 -- found version 2.2.1
[3.091s] -- Found OpenGL: /usr/lib/x86_64-linux-gnu/libOpenGL.so  found components: OpenGL 
[3.092s] -- Looking for gz-msgs10 -- found version 10.3.2
[3.122s] -- Looking for gz-physics7 -- found version 7.5.0
[3.122s] -- Searching for dependencies of gz-physics7
[3.123s] -- Looking for gz-common5 -- found version 5.7.1
[3.123s] -- Looking for gz-math7 -- found version 7.5.2
[3.123s] -- Looking for gz-plugin2 -- found version 2.0.4
[3.123s] -- Looking for gz-utils2 -- found version 2.2.1
[3.124s] -- Searching for <gz-physics7> component [heightmap]
[3.129s] -- Looking for gz-physics7-heightmap -- found version 7.5.0
[3.129s] -- Searching for dependencies of gz-physics7-heightmap
[3.129s] -- Looking for gz-common5 -- found version 5.7.1
[3.130s] -- Searching for <gz-physics7> component [mesh]
[3.134s] -- Looking for gz-physics7-mesh -- found version 7.5.0
[3.134s] -- Searching for dependencies of gz-physics7-mesh
[3.135s] -- Looking for gz-common5 -- found version 5.7.1
[3.135s] -- Searching for <gz-physics7> component [sdf]
[3.139s] -- Looking for gz-physics7-sdf -- found version 7.5.0
[3.140s] -- Searching for dependencies of gz-physics7-sdf
[3.140s] -- Looking for sdformat14 -- found version 14.8.0
[3.145s] -- Looking for gz-sensors8 -- found version 8.2.2
[3.145s] -- Searching for dependencies of gz-sensors8
[3.171s] -- Looking for gz-math7 -- found version 7.5.2
[3.172s] -- Looking for gz-common5 -- found version 5.7.1
[3.172s] -- Looking for gz-transport13 -- found version 13.4.1
[3.172s] -- Looking for gz-rendering8 -- found version 8.2.2
[3.172s] -- Looking for gz-msgs10 -- found version 10.3.2
[3.173s] -- Looking for sdformat14 -- found version 14.8.0
[3.173s] -- Searching for <gz-sensors8> component [air_pressure]
[3.178s] -- Looking for gz-sensors8-air_pressure -- found version 8.2.2
[3.178s] -- Searching for dependencies of gz-sensors8-air_pressure
[3.178s] -- Searching for <gz-sensors8> component [air_speed]
[3.183s] -- Looking for gz-sensors8-air_speed -- found version 8.2.2
[3.183s] -- Searching for dependencies of gz-sensors8-air_speed
[3.183s] -- Searching for <gz-sensors8> component [altimeter]
[3.188s] -- Looking for gz-sensors8-altimeter -- found version 8.2.2
[3.188s] -- Searching for dependencies of gz-sensors8-altimeter
[3.189s] -- Searching for <gz-sensors8> component [imu]
[3.193s] -- Looking for gz-sensors8-imu -- found version 8.2.2
[3.193s] -- Searching for dependencies of gz-sensors8-imu
[3.194s] -- Searching for <gz-sensors8> component [force_torque]
[3.198s] -- Looking for gz-sensors8-force_torque -- found version 8.2.2
[3.198s] -- Searching for dependencies of gz-sensors8-force_torque
[3.199s] -- Searching for <gz-sensors8> component [logical_camera]
[3.203s] -- Looking for gz-sensors8-logical_camera -- found version 8.2.2
[3.203s] -- Searching for dependencies of gz-sensors8-logical_camera
[3.204s] -- Searching for <gz-sensors8> component [magnetometer]
[3.208s] -- Looking for gz-sensors8-magnetometer -- found version 8.2.2
[3.208s] -- Searching for dependencies of gz-sensors8-magnetometer
[3.209s] -- Searching for <gz-sensors8> component [navsat]
[3.213s] -- Looking for gz-sensors8-navsat -- found version 8.2.2
[3.213s] -- Searching for dependencies of gz-sensors8-navsat
[3.213s] -- Searching for <gz-sensors8> component [dvl]
[3.218s] -- Looking for gz-sensors8-dvl -- found version 8.2.2
[3.218s] -- Searching for dependencies of gz-sensors8-dvl
[3.218s] -- Looking for gz-sensors8 -- found version 8.2.2
[3.218s] -- Searching for dependencies of gz-sensors8
[3.245s] -- Looking for gz-math7 -- found version 7.5.2
[3.245s] -- Looking for gz-common5 -- found version 5.7.1
[3.245s] -- Looking for gz-transport13 -- found version 13.4.1
[3.246s] -- Looking for gz-rendering8 -- found version 8.2.2
[3.246s] -- Looking for gz-msgs10 -- found version 10.3.2
[3.246s] -- Looking for sdformat14 -- found version 14.8.0
[3.247s] -- Searching for <gz-sensors8> component [rendering]
[3.252s] -- Looking for gz-sensors8-rendering -- found version 8.2.2
[3.252s] -- Searching for dependencies of gz-sensors8-rendering
[3.253s] -- Searching for <gz-sensors8> component [rendering]
[3.253s] -- Searching for <gz-sensors8> component [lidar]
[3.258s] -- Looking for gz-sensors8-lidar -- found version 8.2.2
[3.258s] -- Searching for dependencies of gz-sensors8-lidar
[3.258s] -- Looking for gz-sensors8 -- found version 8.2.2
[3.259s] -- Searching for <gz-sensors8> component [gpu_lidar]
[3.263s] -- Looking for gz-sensors8-gpu_lidar -- found version 8.2.2
[3.263s] -- Searching for dependencies of gz-sensors8-gpu_lidar
[3.264s] -- Looking for gz-sensors8 -- found version 8.2.2
[3.264s] -- Searching for <gz-sensors8> component [camera]
[3.269s] -- Looking for gz-sensors8-camera -- found version 8.2.2
[3.269s] -- Searching for dependencies of gz-sensors8-camera
[3.270s] -- Looking for gz-sensors8 -- found version 8.2.2
[3.270s] -- Searching for <gz-sensors8> component [boundingbox_camera]
[3.275s] -- Looking for gz-sensors8-boundingbox_camera -- found version 8.2.2
[3.275s] -- Searching for dependencies of gz-sensors8-boundingbox_camera
[3.276s] -- Searching for <gz-sensors8> component [segmentation_camera]
[3.281s] -- Looking for gz-sensors8-segmentation_camera -- found version 8.2.2
[3.281s] -- Searching for dependencies of gz-sensors8-segmentation_camera
[3.281s] -- Searching for <gz-sensors8> component [depth_camera]
[3.286s] -- Looking for gz-sensors8-depth_camera -- found version 8.2.2
[3.286s] -- Searching for dependencies of gz-sensors8-depth_camera
[3.287s] -- Looking for gz-sensors8 -- found version 8.2.2
[3.287s] -- Searching for <gz-sensors8> component [rgbd_camera]
[3.292s] -- Looking for gz-sensors8-rgbd_camera -- found version 8.2.2
[3.292s] -- Searching for dependencies of gz-sensors8-rgbd_camera
[3.293s] -- Looking for gz-sensors8 -- found version 8.2.2
[3.293s] -- Searching for <gz-sensors8> component [thermal_camera]
[3.298s] -- Looking for gz-sensors8-thermal_camera -- found version 8.2.2
[3.298s] -- Searching for dependencies of gz-sensors8-thermal_camera
[3.298s] -- Looking for gz-sensors8 -- found version 8.2.2
[3.299s] -- Searching for <gz-sensors8> component [wide_angle_camera]
[3.304s] -- Looking for gz-sensors8-wide_angle_camera -- found version 8.2.2
[3.304s] -- Searching for dependencies of gz-sensors8-wide_angle_camera
[3.305s] -- Looking for gz-rendering8 -- found version 8.2.2
[3.305s] -- Looking for gz-math7 -- found version 7.5.2
[3.306s] -- Looking for gz-utils2 -- found version 2.2.1
[3.343s] -- Looking for gz-common5 -- found version 5.7.1
[3.348s] -- Looking for gz-fuel_tools9 -- found version 9.1.1
[3.358s] -- Looking for gz-math7 -- found version 7.5.2
[3.362s] -- Looking for gz-msgs10 -- found version 10.3.2
[3.365s] -- Looking for gz-transport13 -- found version 13.4.1
[3.369s] -- Looking for gz-plugin2 -- found version 2.0.4
[3.373s] -- Looking for gz-rendering8 -- found version 8.2.2
[3.376s] -- Looking for gz-sensors8 -- found version 8.2.2
[3.382s] -- Looking for gz-utils2 -- found version 2.2.1
[3.385s] -- Looking for sdformat14 -- found version 14.8.0
[3.399s] -- Found std_msgs: 5.3.6 (/opt/ros/jazzy/share/std_msgs/cmake)
[3.517s] -- Found rosidl_generator_c: 4.6.6 (/opt/ros/jazzy/share/rosidl_generator_c/cmake)
[3.554s] -- Found rosidl_generator_cpp: 4.6.6 (/opt/ros/jazzy/share/rosidl_generator_cpp/cmake)
[3.594s] -- Using all available rosidl_typesupport_c: rosidl_typesupport_fastrtps_c;rosidl_typesupport_introspection_c
[3.636s] -- Using all available rosidl_typesupport_cpp: rosidl_typesupport_fastrtps_cpp;rosidl_typesupport_introspection_cpp
[3.895s] -- Configuring done (3.9s)
[4.017s] -- Generating done (0.1s)
[4.036s] -- Build files have been written to: /home/user/data/drones_ship_ws/build/vrx_gz
[4.051s] Invoked command in '/home/user/data/drones_ship_ws/build/vrx_gz' returned '0': CMAKE_PREFIX_PATH=/home/user/data/drones_ship_ws/install/vrx_ros:/home/user/data/drones_ship_ws/install/wamv_gazebo:/home/user/data/drones_ship_ws/install/wamv_description:/home/user/data/drones_ship_ws/install/vrx_gz:/home/user/data/drones_ship_ws/install/aquabot_description:/home/user/data/drones_ship_ws/install/vrx_gazebo:/home/user/data/drones_ship_ws/install/ros_gz_crazyflie_bringup:/home/user/data/drones_ship_ws/install/ros_gz_crazyflie_gazebo:/home/user/data/drones_ship_ws/install/crazyflie_yolo:/home/user/data/drones_ship_ws/install/crazyflie_ekf:/home/user/data/drones_ship_ws/install/crazyflie_control:/home/user/data/drones_ship_ws/install/aquabot_motion:/home/user/data/drones_ship_ws/install/aquabot_gz:/home/user/data/drones_ship_ws/install/aquabot_ekf:/opt/ros/jazzy/opt/gz_sim_vendor:/opt/ros/jazzy/opt/gz_sensors_vendor:/opt/ros/jazzy/opt/gz_physics_vendor:/opt/ros/jazzy/opt/sdformat_vendor:/opt/ros/jazzy/opt/gz_gui_vendor:/opt/ros/jazzy/opt/gz_transport_vendor:/opt/ros/jazzy/opt/gz_rendering_vendor:/opt/ros/jazzy/opt/gz_plugin_vendor:/opt/ros/jazzy/opt/gz_fuel_tools_vendor:/opt/ros/jazzy/opt/gz_msgs_vendor:/opt/ros/jazzy/opt/gz_common_vendor:/opt/ros/jazzy/opt/gz_math_vendor:/opt/ros/jazzy/opt/gz_utils_vendor:/opt/ros/jazzy/opt/gz_tools_vendor:/opt/ros/jazzy/opt/gz_ogre_next_vendor:/opt/ros/jazzy/opt/gz_dartsim_vendor:/opt/ros/jazzy/opt/gz_cmake_vendor:/home/user/data/drones_ship_ws/install/ros_gz_crazyflie_control:/opt/ros/jazzy DEBUGINFOD_URLS=https://debuginfod.ubuntu.com /usr/bin/cmake /home/user/data/drones_ship_ws/src/drone_ship/vrx/vrx_gz -DCMAKE_INSTALL_PREFIX=/home/user/data/drones_ship_ws/install/vrx_gz
[4.052s] Invoking command in '/home/user/data/drones_ship_ws/build/vrx_gz': CMAKE_PREFIX_PATH=/home/user/data/drones_ship_ws/install/vrx_ros:/home/user/data/drones_ship_ws/install/wamv_gazebo:/home/user/data/drones_ship_ws/install/wamv_description:/home/user/data/drones_ship_ws/install/vrx_gz:/home/user/data/drones_ship_ws/install/aquabot_description:/home/user/data/drones_ship_ws/install/vrx_gazebo:/home/user/data/drones_ship_ws/install/ros_gz_crazyflie_bringup:/home/user/data/drones_ship_ws/install/ros_gz_crazyflie_gazebo:/home/user/data/drones_ship_ws/install/crazyflie_yolo:/home/user/data/drones_ship_ws/install/crazyflie_ekf:/home/user/data/drones_ship_ws/install/crazyflie_control:/home/user/data/drones_ship_ws/install/aquabot_motion:/home/user/data/drones_ship_ws/install/aquabot_gz:/home/user/data/drones_ship_ws/install/aquabot_ekf:/opt/ros/jazzy/opt/gz_sim_vendor:/opt/ros/jazzy/opt/gz_sensors_vendor:/opt/ros/jazzy/opt/gz_physics_vendor:/opt/ros/jazzy/opt/sdformat_vendor:/opt/ros/jazzy/opt/gz_gui_vendor:/opt/ros/jazzy/opt/gz_transport_vendor:/opt/ros/jazzy/opt/gz_rendering_vendor:/opt/ros/jazzy/opt/gz_plugin_vendor:/opt/ros/jazzy/opt/gz_fuel_tools_vendor:/opt/ros/jazzy/opt/gz_msgs_vendor:/opt/ros/jazzy/opt/gz_common_vendor:/opt/ros/jazzy/opt/gz_math_vendor:/opt/ros/jazzy/opt/gz_utils_vendor:/opt/ros/jazzy/opt/gz_tools_vendor:/opt/ros/jazzy/opt/gz_ogre_next_vendor:/opt/ros/jazzy/opt/gz_dartsim_vendor:/opt/ros/jazzy/opt/gz_cmake_vendor:/home/user/data/drones_ship_ws/install/ros_gz_crazyflie_control:/opt/ros/jazzy DEBUGINFOD_URLS=https://debuginfod.ubuntu.com /usr/bin/cmake --build /home/user/data/drones_ship_ws/build/vrx_gz -- -j20 -l20
[4.134s] [  2%] [32mBuilding CXX object CMakeFiles/ScoringPlugin.dir/src/ScoringPlugin.cc.o[0m
[4.142s] [  4%] [32mBuilding CXX object CMakeFiles/Waves.dir/src/Wavefield.cc.o[0m
[4.147s] [  4%] Built target ament_cmake_python_copy_vrx_gz
[4.446s] running egg_info
[4.466s] creating vrx_gz.egg-info
[4.466s] writing vrx_gz.egg-info/PKG-INFO
[4.466s] writing dependency_links to vrx_gz.egg-info/dependency_links.txt
[4.466s] writing top-level names to vrx_gz.egg-info/top_level.txt
[4.466s] writing manifest file 'vrx_gz.egg-info/SOURCES.txt'
[4.525s] reading manifest file 'vrx_gz.egg-info/SOURCES.txt'
[4.525s] writing manifest file 'vrx_gz.egg-info/SOURCES.txt'
[4.555s] [  4%] Built target ament_cmake_python_build_vrx_gz_egg
[6.915s] [  6%] [32m[1mLinking CXX shared library libWaves.so[0m
[7.152s] [  6%] Built target Waves
[7.190s] [  8%] [32mBuilding CXX object CMakeFiles/PolyhedraBuoyancyDrag.dir/src/PolyhedraBuoyancyDrag.cc.o[0m
[7.196s] [ 12%] [32mBuilding CXX object CMakeFiles/PolyhedraBuoyancyDrag.dir/src/ShapeVolume.cc.o[0m
[7.196s] [ 12%] [32mBuilding CXX object CMakeFiles/PolyhedraBuoyancyDrag.dir/src/PolyhedronVolume.cc.o[0m
[7.899s] [ 14%] [32m[1mLinking CXX shared library libScoringPlugin.so[0m
[8.129s] [ 14%] Built target ScoringPlugin
[8.170s] [ 16%] [32mBuilding CXX object CMakeFiles/StationkeepingScoringPlugin.dir/src/StationkeepingScoringPlugin.cc.o[0m
[8.171s] [ 18%] [32mBuilding CXX object CMakeFiles/PublisherPlugin.dir/src/PublisherPlugin.cc.o[0m
[8.172s] [ 20%] [32mBuilding CXX object CMakeFiles/AcousticTrackingScoringPlugin.dir/src/AcousticTrackingScoringPlugin.cc.o[0m
[8.172s] [ 22%] [32mBuilding CXX object CMakeFiles/GymkhanaScoringPlugin.dir/src/GymkhanaScoringPlugin.cc.o[0m
[8.172s] [ 25%] [32mBuilding CXX object CMakeFiles/AcousticPingerPlugin.dir/src/AcousticPingerPlugin.cc.o[0m
[8.174s] [ 27%] [32mBuilding CXX object CMakeFiles/AcousticPerceptionScoringPlugin.dir/src/AcousticPerceptionScoringPlugin.cc.o[0m
[8.176s] [ 29%] [32mBuilding CXX object CMakeFiles/PerceptionScoringPlugin.dir/src/PerceptionScoringPlugin.cc.o[0m
[8.177s] [ 31%] [32mBuilding CXX object CMakeFiles/USVWind.dir/src/USVWind.cc.o[0m
[8.179s] [ 33%] [32mBuilding CXX object CMakeFiles/ScanDockScoringPlugin.dir/src/ScanDockScoringPlugin.cc.o[0m
[8.185s] [ 35%] [32mBuilding CXX object CMakeFiles/Surface.dir/src/Surface.cc.o[0m
[8.190s] [ 37%] [32mBuilding CXX object CMakeFiles/WildlifeScoringPlugin.dir/src/WildlifeScoringPlugin.cc.o[0m
[8.190s] [ 39%] [32mBuilding CXX object CMakeFiles/NavigationScoringPlugin.dir/src/NavigationScoringPlugin.cc.o[0m
[8.192s] [ 41%] [32mBuilding CXX object CMakeFiles/WayfindingScoringPlugin.dir/src/WayfindingScoringPlugin.cc.o[0m
[8.192s] [ 43%] [32mBuilding CXX object CMakeFiles/PlacardPlugin.dir/src/PlacardPlugin.cc.o[0m
[8.192s] [ 47%] [32mBuilding CXX object CMakeFiles/WaveVisual.dir/src/WaveVisual.cc.o[0m
[8.193s] [ 50%] [32mBuilding CXX object CMakeFiles/SimpleHydrodynamics.dir/src/SimpleHydrodynamics.cc.o[0m
[8.193s] [ 45%] [32mBuilding CXX object CMakeFiles/LightBuoyPlugin.dir/src/LightBuoyPlugin.cc.o[0m
[8.195s] [ 52%] [32mBuilding CXX object CMakeFiles/BallShooterPlugin.dir/src/BallShooterPlugin.cc.o[0m
[9.191s] [ 54%] [32mBuilding CXX object CMakeFiles/WayfindingScoringPlugin.dir/src/WaypointMarkers.cc.o[0m
[13.129s] [ 56%] [32m[1mLinking CXX shared library libPublisherPlugin.so[0m
[13.435s] [ 56%] Built target PublisherPlugin
[13.470s] [ 58%] [32mBuilding CXX object CMakeFiles/AcousticPerceptionScoringPlugin.dir/src/WaypointMarkers.cc.o[0m
[14.165s] [ 60%] [32m[1mLinking CXX shared library libPolyhedraBuoyancyDrag.so[0m
[14.489s] [ 62%] [32m[1mLinking CXX shared library libSurface.so[0m
[14.543s] [ 62%] Built target PolyhedraBuoyancyDrag
[14.568s] [ 64%] [32mBuilding CXX object CMakeFiles/StationkeepingScoringPlugin.dir/src/WaypointMarkers.cc.o[0m
[14.766s] [ 66%] [32m[1mLinking CXX shared library libLightBuoyPlugin.so[0m
[14.872s] [ 66%] Built target Surface
[14.900s] [ 68%] [32mBuilding CXX object CMakeFiles/AcousticTrackingScoringPlugin.dir/src/WaypointMarkers.cc.o[0m
[14.978s] [ 70%] [32m[1mLinking CXX shared library libGymkhanaScoringPlugin.so[0m
[15.049s] [ 72%] [32m[1mLinking CXX shared library libPlacardPlugin.so[0m
[15.086s] [ 75%] [32m[1mLinking CXX shared library libSimpleHydrodynamics.so[0m
[15.106s] [ 75%] Built target LightBuoyPlugin
[15.368s] [ 75%] Built target GymkhanaScoringPlugin
[15.400s] [ 75%] Built target PlacardPlugin
[15.439s] [ 75%] Built target SimpleHydrodynamics
[15.724s] [ 77%] [32m[1mLinking CXX shared library libPerceptionScoringPlugin.so[0m
[15.979s] [ 77%] Built target PerceptionScoringPlugin
[16.171s] [ 79%] [32m[1mLinking CXX shared library libWildlifeScoringPlugin.so[0m
[16.349s] [ 81%] [32m[1mLinking CXX shared library libAcousticTrackingScoringPlugin.so[0m
[16.399s] [ 81%] Built target WildlifeScoringPlugin
[16.582s] [ 83%] [32m[1mLinking CXX shared library libNavigationScoringPlugin.so[0m
[16.599s] [ 83%] Built target AcousticTrackingScoringPlugin
[16.775s] [ 85%] [32m[1mLinking CXX shared library libUSVWind.so[0m
[16.784s] [ 85%] Built target NavigationScoringPlugin
[16.787s] [ 87%] [32m[1mLinking CXX shared library libAcousticPingerPlugin.so[0m
[16.989s] [ 87%] Built target USVWind
[17.043s] [ 87%] Built target AcousticPingerPlugin
[17.051s] [ 89%] [32m[1mLinking CXX shared library libStationkeepingScoringPlugin.so[0m
[17.286s] [ 89%] Built target StationkeepingScoringPlugin
[17.395s] [ 91%] [32m[1mLinking CXX shared library libScanDockScoringPlugin.so[0m
[17.606s] [ 91%] Built target ScanDockScoringPlugin
[17.665s] [ 93%] [32m[1mLinking CXX shared library libWaveVisual.so[0m
[17.699s] [ 95%] [32m[1mLinking CXX shared library libAcousticPerceptionScoringPlugin.so[0m
[17.702s] [ 97%] [32m[1mLinking CXX shared library libWayfindingScoringPlugin.so[0m
[17.879s] [ 97%] Built target WaveVisual
[17.918s] [ 97%] Built target AcousticPerceptionScoringPlugin
[17.929s] [100%] [32m[1mLinking CXX shared library libBallShooterPlugin.so[0m
[17.984s] [100%] Built target WayfindingScoringPlugin
[18.189s] [100%] Built target BallShooterPlugin
[18.208s] Invoked command in '/home/user/data/drones_ship_ws/build/vrx_gz' returned '0': CMAKE_PREFIX_PATH=/home/user/data/drones_ship_ws/install/vrx_ros:/home/user/data/drones_ship_ws/install/wamv_gazebo:/home/user/data/drones_ship_ws/install/wamv_description:/home/user/data/drones_ship_ws/install/vrx_gz:/home/user/data/drones_ship_ws/install/aquabot_description:/home/user/data/drones_ship_ws/install/vrx_gazebo:/home/user/data/drones_ship_ws/install/ros_gz_crazyflie_bringup:/home/user/data/drones_ship_ws/install/ros_gz_crazyflie_gazebo:/home/user/data/drones_ship_ws/install/crazyflie_yolo:/home/user/data/drones_ship_ws/install/crazyflie_ekf:/home/user/data/drones_ship_ws/install/crazyflie_control:/home/user/data/drones_ship_ws/install/aquabot_motion:/home/user/data/drones_ship_ws/install/aquabot_gz:/home/user/data/drones_ship_ws/install/aquabot_ekf:/opt/ros/jazzy/opt/gz_sim_vendor:/opt/ros/jazzy/opt/gz_sensors_vendor:/opt/ros/jazzy/opt/gz_physics_vendor:/opt/ros/jazzy/opt/sdformat_vendor:/opt/ros/jazzy/opt/gz_gui_vendor:/opt/ros/jazzy/opt/gz_transport_vendor:/opt/ros/jazzy/opt/gz_rendering_vendor:/opt/ros/jazzy/opt/gz_plugin_vendor:/opt/ros/jazzy/opt/gz_fuel_tools_vendor:/opt/ros/jazzy/opt/gz_msgs_vendor:/opt/ros/jazzy/opt/gz_common_vendor:/opt/ros/jazzy/opt/gz_math_vendor:/opt/ros/jazzy/opt/gz_utils_vendor:/opt/ros/jazzy/opt/gz_tools_vendor:/opt/ros/jazzy/opt/gz_ogre_next_vendor:/opt/ros/jazzy/opt/gz_dartsim_vendor:/opt/ros/jazzy/opt/gz_cmake_vendor:/home/user/data/drones_ship_ws/install/ros_gz_crazyflie_control:/opt/ros/jazzy DEBUGINFOD_URLS=https://debuginfod.ubuntu.com /usr/bin/cmake --build /home/user/data/drones_ship_ws/build/vrx_gz -- -j20 -l20
[18.209s] Invoking command in '/home/user/data/drones_ship_ws/build/vrx_gz': CMAKE_PREFIX_PATH=/home/user/data/drones_ship_ws/install/vrx_ros:/home/user/data/drones_ship_ws/install/wamv_gazebo:/home/user/data/drones_ship_ws/install/wamv_description:/home/user/data/drones_ship_ws/install/vrx_gz:/home/user/data/drones_ship_ws/install/aquabot_description:/home/user/data/drones_ship_ws/install/vrx_gazebo:/home/user/data/drones_ship_ws/install/ros_gz_crazyflie_bringup:/home/user/data/drones_ship_ws/install/ros_gz_crazyflie_gazebo:/home/user/data/drones_ship_ws/install/crazyflie_yolo:/home/user/data/drones_ship_ws/install/crazyflie_ekf:/home/user/data/drones_ship_ws/install/crazyflie_control:/home/user/data/drones_ship_ws/install/aquabot_motion:/home/user/data/drones_ship_ws/install/aquabot_gz:/home/user/data/drones_ship_ws/install/aquabot_ekf:/opt/ros/jazzy/opt/gz_sim_vendor:/opt/ros/jazzy/opt/gz_sensors_vendor:/opt/ros/jazzy/opt/gz_physics_vendor:/opt/ros/jazzy/opt/sdformat_vendor:/opt/ros/jazzy/opt/gz_gui_vendor:/opt/ros/jazzy/opt/gz_transport_vendor:/opt/ros/jazzy/opt/gz_rendering_vendor:/opt/ros/jazzy/opt/gz_plugin_vendor:/opt/ros/jazzy/opt/gz_fuel_tools_vendor:/opt/ros/jazzy/opt/gz_msgs_vendor:/opt/ros/jazzy/opt/gz_common_vendor:/opt/ros/jazzy/opt/gz_math_vendor:/opt/ros/jazzy/opt/gz_utils_vendor:/opt/ros/jazzy/opt/gz_tools_vendor:/opt/ros/jazzy/opt/gz_ogre_next_vendor:/opt/ros/jazzy/opt/gz_dartsim_vendor:/opt/ros/jazzy/opt/gz_cmake_vendor:/home/user/data/drones_ship_ws/install/ros_gz_crazyflie_control:/opt/ros/jazzy DEBUGINFOD_URLS=https://debuginfod.ubuntu.com /usr/bin/cmake --install /home/user/data/drones_ship_ws/build/vrx_gz
[18.225s] -- Install configuration: ""
[18.225s] -- Installing: /home/user/data/drones_ship_ws/install/vrx_gz/share/vrx_gz/environment/resource_paths.dsv
[18.225s] -- Installing: /home/user/data/drones_ship_ws/install/vrx_gz/share/vrx_gz/environment/resource_paths.sh
[18.226s] -- Installing: /home/user/data/drones_ship_ws/install/vrx_gz/lib/libWaves.so
[18.227s] -- Set non-toolchain portion of runtime path of "/home/user/data/drones_ship_ws/install/vrx_gz/lib/libWaves.so" to ""
[18.227s] -- Installing: /home/user/data/drones_ship_ws/install/vrx_gz/lib/libPolyhedraBuoyancyDrag.so
[18.228s] -- Set non-toolchain portion of runtime path of "/home/user/data/drones_ship_ws/install/vrx_gz/lib/libPolyhedraBuoyancyDrag.so" to ""
[18.228s] -- Installing: /home/user/data/drones_ship_ws/install/vrx_gz/lib/libScoringPlugin.so
[18.230s] -- Set non-toolchain portion of runtime path of "/home/user/data/drones_ship_ws/install/vrx_gz/lib/libScoringPlugin.so" to ""
[18.230s] -- Installing: /home/user/data/drones_ship_ws/install/vrx_gz/lib/libStationkeepingScoringPlugin.so
[18.232s] -- Set non-toolchain portion of runtime path of "/home/user/data/drones_ship_ws/install/vrx_gz/lib/libStationkeepingScoringPlugin.so" to ""
[18.232s] -- Installing: /home/user/data/drones_ship_ws/install/vrx_gz/lib/libWayfindingScoringPlugin.so
[18.233s] -- Set non-toolchain portion of runtime path of "/home/user/data/drones_ship_ws/install/vrx_gz/lib/libWayfindingScoringPlugin.so" to ""
[18.233s] -- Installing: /home/user/data/drones_ship_ws/install/vrx_gz/lib/libAcousticPerceptionScoringPlugin.so
[18.235s] -- Set non-toolchain portion of runtime path of "/home/user/data/drones_ship_ws/install/vrx_gz/lib/libAcousticPerceptionScoringPlugin.so" to ""
[18.235s] -- Installing: /home/user/data/drones_ship_ws/install/vrx_gz/lib/libAcousticTrackingScoringPlugin.so
[18.237s] -- Set non-toolchain portion of runtime path of "/home/user/data/drones_ship_ws/install/vrx_gz/lib/libAcousticTrackingScoringPlugin.so" to ""
[18.237s] -- Installing: /home/user/data/drones_ship_ws/install/vrx_gz/lib/libAcousticPingerPlugin.so
[18.239s] -- Set non-toolchain portion of runtime path of "/home/user/data/drones_ship_ws/install/vrx_gz/lib/libAcousticPingerPlugin.so" to ""
[18.239s] -- Installing: /home/user/data/drones_ship_ws/install/vrx_gz/lib/libBallShooterPlugin.so
[18.240s] -- Set non-toolchain portion of runtime path of "/home/user/data/drones_ship_ws/install/vrx_gz/lib/libBallShooterPlugin.so" to ""
[18.241s] -- Installing: /home/user/data/drones_ship_ws/install/vrx_gz/lib/libLightBuoyPlugin.so
[18.242s] -- Set non-toolchain portion of runtime path of "/home/user/data/drones_ship_ws/install/vrx_gz/lib/libLightBuoyPlugin.so" to ""
[18.242s] -- Installing: /home/user/data/drones_ship_ws/install/vrx_gz/lib/libNavigationScoringPlugin.so
[18.243s] -- Set non-toolchain portion of runtime path of "/home/user/data/drones_ship_ws/install/vrx_gz/lib/libNavigationScoringPlugin.so" to ""
[18.243s] -- Installing: /home/user/data/drones_ship_ws/install/vrx_gz/lib/libGymkhanaScoringPlugin.so
[18.245s] -- Set non-toolchain portion of runtime path of "/home/user/data/drones_ship_ws/install/vrx_gz/lib/libGymkhanaScoringPlugin.so" to ""
[18.245s] -- Installing: /home/user/data/drones_ship_ws/install/vrx_gz/lib/libPerceptionScoringPlugin.so
[18.246s] -- Set non-toolchain portion of runtime path of "/home/user/data/drones_ship_ws/install/vrx_gz/lib/libPerceptionScoringPlugin.so" to ""
[18.247s] -- Installing: /home/user/data/drones_ship_ws/install/vrx_gz/lib/libPlacardPlugin.so
[18.248s] -- Set non-toolchain portion of runtime path of "/home/user/data/drones_ship_ws/install/vrx_gz/lib/libPlacardPlugin.so" to ""
[18.248s] -- Installing: /home/user/data/drones_ship_ws/install/vrx_gz/lib/libPublisherPlugin.so
[18.249s] -- Set non-toolchain portion of runtime path of "/home/user/data/drones_ship_ws/install/vrx_gz/lib/libPublisherPlugin.so" to ""
[18.249s] -- Installing: /home/user/data/drones_ship_ws/install/vrx_gz/lib/libScanDockScoringPlugin.so
[18.251s] -- Set non-toolchain portion of runtime path of "/home/user/data/drones_ship_ws/install/vrx_gz/lib/libScanDockScoringPlugin.so" to ""
[18.251s] -- Installing: /home/user/data/drones_ship_ws/install/vrx_gz/lib/libSimpleHydrodynamics.so
[18.252s] -- Set non-toolchain portion of runtime path of "/home/user/data/drones_ship_ws/install/vrx_gz/lib/libSimpleHydrodynamics.so" to ""
[18.252s] -- Installing: /home/user/data/drones_ship_ws/install/vrx_gz/lib/libSurface.so
[18.253s] -- Set non-toolchain portion of runtime path of "/home/user/data/drones_ship_ws/install/vrx_gz/lib/libSurface.so" to ""
[18.253s] -- Installing: /home/user/data/drones_ship_ws/install/vrx_gz/lib/libUSVWind.so
[18.255s] -- Set non-toolchain portion of runtime path of "/home/user/data/drones_ship_ws/install/vrx_gz/lib/libUSVWind.so" to ""
[18.255s] -- Installing: /home/user/data/drones_ship_ws/install/vrx_gz/lib/libWaveVisual.so
[18.256s] -- Set non-toolchain portion of runtime path of "/home/user/data/drones_ship_ws/install/vrx_gz/lib/libWaveVisual.so" to ""
[18.257s] -- Installing: /home/user/data/drones_ship_ws/install/vrx_gz/lib/libWildlifeScoringPlugin.so
[18.258s] -- Set non-toolchain portion of runtime path of "/home/user/data/drones_ship_ws/install/vrx_gz/lib/libWildlifeScoringPlugin.so" to ""
[18.258s] -- Installing: /home/user/data/drones_ship_ws/install/vrx_gz/share/vrx_gz/environment/pythonpath.sh
[18.258s] -- Installing: /home/user/data/drones_ship_ws/install/vrx_gz/share/vrx_gz/environment/pythonpath.dsv
[18.258s] -- Installing: /home/user/data/drones_ship_ws/install/vrx_gz/lib/python3.12/site-packages/vrx_gz-0.0.0-py3.12.egg-info
[18.258s] -- Installing: /home/user/data/drones_ship_ws/install/vrx_gz/lib/python3.12/site-packages/vrx_gz-0.0.0-py3.12.egg-info/SOURCES.txt
[18.259s] -- Installing: /home/user/data/drones_ship_ws/install/vrx_gz/lib/python3.12/site-packages/vrx_gz-0.0.0-py3.12.egg-info/dependency_links.txt
[18.259s] -- Installing: /home/user/data/drones_ship_ws/install/vrx_gz/lib/python3.12/site-packages/vrx_gz-0.0.0-py3.12.egg-info/top_level.txt
[18.259s] -- Installing: /home/user/data/drones_ship_ws/install/vrx_gz/lib/python3.12/site-packages/vrx_gz-0.0.0-py3.12.egg-info/PKG-INFO
[18.259s] -- Installing: /home/user/data/drones_ship_ws/install/vrx_gz/lib/python3.12/site-packages/vrx_gz
[18.259s] -- Installing: /home/user/data/drones_ship_ws/install/vrx_gz/lib/python3.12/site-packages/vrx_gz/model.py
[18.259s] -- Installing: /home/user/data/drones_ship_ws/install/vrx_gz/lib/python3.12/site-packages/vrx_gz/launch.py
[18.259s] -- Installing: /home/user/data/drones_ship_ws/install/vrx_gz/lib/python3.12/site-packages/vrx_gz/bridge.py
[18.259s] -- Installing: /home/user/data/drones_ship_ws/install/vrx_gz/lib/python3.12/site-packages/vrx_gz/bridges.py
[18.260s] -- Installing: /home/user/data/drones_ship_ws/install/vrx_gz/lib/python3.12/site-packages/vrx_gz/__init__.py
[18.260s] -- Installing: /home/user/data/drones_ship_ws/install/vrx_gz/lib/python3.12/site-packages/vrx_gz/payload_bridges.py
[18.306s] Listing '/home/user/data/drones_ship_ws/install/vrx_gz/lib/python3.12/site-packages/vrx_gz'...
[18.306s] Compiling '/home/user/data/drones_ship_ws/install/vrx_gz/lib/python3.12/site-packages/vrx_gz/__init__.py'...
[18.306s] Compiling '/home/user/data/drones_ship_ws/install/vrx_gz/lib/python3.12/site-packages/vrx_gz/bridge.py'...
[18.306s] Compiling '/home/user/data/drones_ship_ws/install/vrx_gz/lib/python3.12/site-packages/vrx_gz/bridges.py'...
[18.306s] Compiling '/home/user/data/drones_ship_ws/install/vrx_gz/lib/python3.12/site-packages/vrx_gz/launch.py'...
[18.306s] Compiling '/home/user/data/drones_ship_ws/install/vrx_gz/lib/python3.12/site-packages/vrx_gz/model.py'...
[18.306s] Compiling '/home/user/data/drones_ship_ws/install/vrx_gz/lib/python3.12/site-packages/vrx_gz/payload_bridges.py'...
[18.312s] -- Installing: /home/user/data/drones_ship_ws/install/vrx_gz/share/vrx_gz/config
[18.312s] -- Installing: /home/user/data/drones_ship_ws/install/vrx_gz/share/vrx_gz/config/wamv.yaml
[18.314s] -- Installing: /home/user/data/drones_ship_ws/install/vrx_gz/share/vrx_gz/config/roboboat.yaml
[18.315s] -- Installing: /home/user/data/drones_ship_ws/install/vrx_gz/share/vrx_gz/launch
[18.315s] -- Installing: /home/user/data/drones_ship_ws/install/vrx_gz/share/vrx_gz/launch/spawn.launch.py
[18.316s] -- Installing: /home/user/data/drones_ship_ws/install/vrx_gz/share/vrx_gz/launch/vrx_environment.launch.py
[18.316s] -- Installing: /home/user/data/drones_ship_ws/install/vrx_gz/share/vrx_gz/launch/competition.launch.py
[18.317s] -- Installing: /home/user/data/drones_ship_ws/install/vrx_gz/share/vrx_gz/launch/spawn_config.launch.py
[18.318s] -- Installing: /home/user/data/drones_ship_ws/install/vrx_gz/share/vrx_gz/launch/usv_joy_teleop.py
[18.319s] -- Installing: /home/user/data/drones_ship_ws/install/vrx_gz/share/vrx_gz/models
[18.319s] -- Installing: /home/user/data/drones_ship_ws/install/vrx_gz/share/vrx_gz/models/placard_2022
[18.319s] -- Installing: /home/user/data/drones_ship_ws/install/vrx_gz/share/vrx_gz/models/placard_2022/materials
[18.322s] -- Installing: /home/user/data/drones_ship_ws/install/vrx_gz/share/vrx_gz/models/placard_2022/materials/textures
[18.322s] -- Installing: /home/user/data/drones_ship_ws/install/vrx_gz/share/vrx_gz/models/placard_2022/materials/textures/Placard.png
[18.322s] -- Installing: /home/user/data/drones_ship_ws/install/vrx_gz/share/vrx_gz/models/placard_2022/model.sdf
[18.323s] -- Installing: /home/user/data/drones_ship_ws/install/vrx_gz/share/vrx_gz/models/placard_2022/meshes
[18.323s] -- Installing: /home/user/data/drones_ship_ws/install/vrx_gz/share/vrx_gz/models/placard_2022/meshes/placard_2022.dae
[18.324s] -- Installing: /home/user/data/drones_ship_ws/install/vrx_gz/share/vrx_gz/models/placard_2022/model.config
[18.324s] -- Installing: /home/user/data/drones_ship_ws/install/vrx_gz/share/vrx_gz/models/roboboat02
[18.324s] -- Installing: /home/user/data/drones_ship_ws/install/vrx_gz/share/vrx_gz/models/roboboat02/materials
[18.324s] -- Installing: /home/user/data/drones_ship_ws/install/vrx_gz/share/vrx_gz/models/roboboat02/materials/textures
[18.325s] -- Installing: /home/user/data/drones_ship_ws/install/vrx_gz/share/vrx_gz/models/roboboat02/materials/textures/Boat02_Normal.png
[18.328s] -- Installing: /home/user/data/drones_ship_ws/install/vrx_gz/share/vrx_gz/models/roboboat02/materials/textures/Boat02_Metallic.png
[18.329s] -- Installing: /home/user/data/drones_ship_ws/install/vrx_gz/share/vrx_gz/models/roboboat02/materials/textures/Boat02_Roughness.png
[18.333s] -- Installing: /home/user/data/drones_ship_ws/install/vrx_gz/share/vrx_gz/models/roboboat02/materials/textures/Boat02_Albedo.png
[18.340s] -- Installing: /home/user/data/drones_ship_ws/install/vrx_gz/share/vrx_gz/models/roboboat02/materials/scripts
[18.340s] -- Installing: /home/user/data/drones_ship_ws/install/vrx_gz/share/vrx_gz/models/roboboat02/materials/scripts/model.material
[18.340s] -- Installing: /home/user/data/drones_ship_ws/install/vrx_gz/share/vrx_gz/models/roboboat02/model.sdf
[18.340s] -- Installing: /home/user/data/drones_ship_ws/install/vrx_gz/share/vrx_gz/models/roboboat02/meshes
[18.341s] -- Installing: /home/user/data/drones_ship_ws/install/vrx_gz/share/vrx_gz/models/roboboat02/meshes/roboboat02.dae
[18.343s] -- Installing: /home/user/data/drones_ship_ws/install/vrx_gz/share/vrx_gz/models/roboboat02/model.config
[18.343s] -- Installing: /home/user/data/drones_ship_ws/install/vrx_gz/share/vrx_gz/models/dock_2022_base
[18.343s] -- Installing: /home/user/data/drones_ship_ws/install/vrx_gz/share/vrx_gz/models/dock_2022_base/model.sdf
[18.343s] -- Installing: /home/user/data/drones_ship_ws/install/vrx_gz/share/vrx_gz/models/dock_2022_base/model.config
[18.344s] -- Installing: /home/user/data/drones_ship_ws/install/vrx_gz/share/vrx_gz/models/robotx_light_buoy_ybr
[18.344s] -- Installing: /home/user/data/drones_ship_ws/install/vrx_gz/share/vrx_gz/models/robotx_light_buoy_ybr/model.sdf
[18.344s] -- Installing: /home/user/data/drones_ship_ws/install/vrx_gz/share/vrx_gz/models/robotx_light_buoy_ybr/model.config
[18.344s] -- Installing: /home/user/data/drones_ship_ws/install/vrx_gz/share/vrx_gz/models/robotx_light_buoy_gbr
[18.344s] -- Installing: /home/user/data/drones_ship_ws/install/vrx_gz/share/vrx_gz/models/robotx_light_buoy_gbr/model.sdf
[18.345s] -- Installing: /home/user/data/drones_ship_ws/install/vrx_gz/share/vrx_gz/models/robotx_light_buoy_gbr/model.config
[18.345s] -- Installing: /home/user/data/drones_ship_ws/install/vrx_gz/share/vrx_gz/models/obstacle_course
[18.345s] -- Installing: /home/user/data/drones_ship_ws/install/vrx_gz/share/vrx_gz/models/obstacle_course/model.sdf
[18.345s] -- Installing: /home/user/data/drones_ship_ws/install/vrx_gz/share/vrx_gz/models/obstacle_course/model.config
[18.345s] -- Installing: /home/user/data/drones_ship_ws/install/vrx_gz/share/vrx_gz/models/robotx_light_buoy_ygb
[18.346s] -- Installing: /home/user/data/drones_ship_ws/install/vrx_gz/share/vrx_gz/models/robotx_light_buoy_ygb/model.sdf
[18.346s] -- Installing: /home/user/data/drones_ship_ws/install/vrx_gz/share/vrx_gz/models/robotx_light_buoy_ygb/model.config
[18.346s] -- Installing: /home/user/data/drones_ship_ws/install/vrx_gz/share/vrx_gz/models/coast_waves
[18.346s] -- Installing: /home/user/data/drones_ship_ws/install/vrx_gz/share/vrx_gz/models/coast_waves/materials
[18.346s] -- Installing: /home/user/data/drones_ship_ws/install/vrx_gz/share/vrx_gz/models/coast_waves/materials/textures
[18.347s] -- Installing: /home/user/data/drones_ship_ws/install/vrx_gz/share/vrx_gz/models/coast_waves/materials/textures/skybox_lowres.dds
[18.348s] -- Installing: /home/user/data/drones_ship_ws/install/vrx_gz/share/vrx_gz/models/coast_waves/materials/textures/wave_normals.dds
[18.349s] -- Installing: /home/user/data/drones_ship_ws/install/vrx_gz/share/vrx_gz/models/coast_waves/materials/programs
[18.349s] -- Installing: /home/user/data/drones_ship_ws/install/vrx_gz/share/vrx_gz/models/coast_waves/materials/programs/GerstnerWaves_fs_330.glsl
[18.350s] -- Installing: /home/user/data/drones_ship_ws/install/vrx_gz/share/vrx_gz/models/coast_waves/materials/programs/GerstnerWaves_vs_330.glsl
[18.350s] -- Installing: /home/user/data/drones_ship_ws/install/vrx_gz/share/vrx_gz/models/coast_waves/model.sdf
[18.350s] -- Installing: /home/user/data/drones_ship_ws/install/vrx_gz/share/vrx_gz/models/coast_waves/meshes
[18.350s] -- Installing: /home/user/data/drones_ship_ws/install/vrx_gz/share/vrx_gz/models/coast_waves/meshes/waterlow.dae
[18.364s] -- Installing: /home/user/data/drones_ship_ws/install/vrx_gz/share/vrx_gz/models/coast_waves/model.config
[18.365s] -- Installing: /home/user/data/drones_ship_ws/install/vrx_gz/share/vrx_gz/models/short_navigation_course_1
[18.365s] -- Installing: /home/user/data/drones_ship_ws/install/vrx_gz/share/vrx_gz/models/short_navigation_course_1/model.sdf
[18.365s] -- Installing: /home/user/data/drones_ship_ws/install/vrx_gz/share/vrx_gz/models/short_navigation_course_1/model.config
[18.366s] -- Installing: /home/user/data/drones_ship_ws/install/vrx_gz/share/vrx_gz/models/symbol_triangle
[18.366s] -- Installing: /home/user/data/drones_ship_ws/install/vrx_gz/share/vrx_gz/models/symbol_triangle/mesh
[18.366s] -- Installing: /home/user/data/drones_ship_ws/install/vrx_gz/share/vrx_gz/models/symbol_triangle/mesh/triangle.dae
[18.366s] -- Installing: /home/user/data/drones_ship_ws/install/vrx_gz/share/vrx_gz/models/symbol_triangle/model.sdf
[18.366s] -- Installing: /home/user/data/drones_ship_ws/install/vrx_gz/share/vrx_gz/models/symbol_triangle/model.config
[18.367s] -- Installing: /home/user/data/drones_ship_ws/install/vrx_gz/share/vrx_gz/models/dock_2022
[18.367s] -- Installing: /home/user/data/drones_ship_ws/install/vrx_gz/share/vrx_gz/models/dock_2022/model.sdf
[18.367s] -- Installing: /home/user/data/drones_ship_ws/install/vrx_gz/share/vrx_gz/models/dock_2022/model.config
[18.367s] -- Installing: /home/user/data/drones_ship_ws/install/vrx_gz/share/vrx_gz/models/entrance_exit
[18.368s] -- Installing: /home/user/data/drones_ship_ws/install/vrx_gz/share/vrx_gz/models/entrance_exit/model.sdf
[18.368s] -- Installing: /home/user/data/drones_ship_ws/install/vrx_gz/share/vrx_gz/models/entrance_exit/model.config
[18.368s] -- Installing: /home/user/data/drones_ship_ws/install/vrx_gz/share/vrx_gz/models/short_navigation_course_3
[18.368s] -- Installing: /home/user/data/drones_ship_ws/install/vrx_gz/share/vrx_gz/models/short_navigation_course_3/model.sdf
[18.368s] -- Installing: /home/user/data/drones_ship_ws/install/vrx_gz/share/vrx_gz/models/short_navigation_course_3/model.config
[18.369s] -- Installing: /home/user/data/drones_ship_ws/install/vrx_gz/share/vrx_gz/models/robotx_light_buoy_rgb
[18.369s] -- Installing: /home/user/data/drones_ship_ws/install/vrx_gz/share/vrx_gz/models/robotx_light_buoy_rgb/mesh
[18.369s] -- Installing: /home/user/data/drones_ship_ws/install/vrx_gz/share/vrx_gz/models/robotx_light_buoy_rgb/mesh/LightTower_Metalness.png
[18.369s] -- Installing: /home/user/data/drones_ship_ws/install/vrx_gz/share/vrx_gz/models/robotx_light_buoy_rgb/mesh/LightTower_Albedo.png
[18.373s] -- Installing: /home/user/data/drones_ship_ws/install/vrx_gz/share/vrx_gz/models/robotx_light_buoy_rgb/mesh/LightTower_Opacity.png
[18.373s] -- Installing: /home/user/data/drones_ship_ws/install/vrx_gz/share/vrx_gz/models/robotx_light_buoy_rgb/mesh/LightTower_Normal.png
[18.377s] -- Installing: /home/user/data/drones_ship_ws/install/vrx_gz/share/vrx_gz/models/robotx_light_buoy_rgb/mesh/robotx_light_buoy.dae
[18.380s] -- Installing: /home/user/data/drones_ship_ws/install/vrx_gz/share/vrx_gz/models/robotx_light_buoy_rgb/mesh/LightTower_Roughness.png
[18.382s] -- Installing: /home/user/data/drones_ship_ws/install/vrx_gz/share/vrx_gz/models/robotx_light_buoy_rgb/model.sdf
[18.382s] -- Installing: /home/user/data/drones_ship_ws/install/vrx_gz/share/vrx_gz/models/robotx_light_buoy_rgb/model.config
[18.382s] -- Installing: /home/user/data/drones_ship_ws/install/vrx_gz/share/vrx_gz/models/robotx_light_buoy_bgr
[18.383s] -- Installing: /home/user/data/drones_ship_ws/install/vrx_gz/share/vrx_gz/models/robotx_light_buoy_bgr/model.sdf
[18.383s] -- Installing: /home/user/data/drones_ship_ws/install/vrx_gz/share/vrx_gz/models/robotx_light_buoy_bgr/model.config
[18.383s] -- Installing: /home/user/data/drones_ship_ws/install/vrx_gz/share/vrx_gz/models/robotx_light_buoy_bgy
[18.383s] -- Installing: /home/user/data/drones_ship_ws/install/vrx_gz/share/vrx_gz/models/robotx_light_buoy_bgy/model.sdf
[18.384s] -- Installing: /home/user/data/drones_ship_ws/install/vrx_gz/share/vrx_gz/models/robotx_light_buoy_bgy/model.config
[18.384s] -- Installing: /home/user/data/drones_ship_ws/install/vrx_gz/share/vrx_gz/models/short_navigation_course_0
[18.384s] -- Installing: /home/user/data/drones_ship_ws/install/vrx_gz/share/vrx_gz/models/short_navigation_course_0/model.sdf
[18.384s] -- Installing: /home/user/data/drones_ship_ws/install/vrx_gz/share/vrx_gz/models/short_navigation_course_0/model.config
[18.385s] -- Installing: /home/user/data/drones_ship_ws/install/vrx_gz/share/vrx_gz/models/short_navigation_course_4
[18.385s] -- Installing: /home/user/data/drones_ship_ws/install/vrx_gz/share/vrx_gz/models/short_navigation_course_4/model.sdf
[18.385s] -- Installing: /home/user/data/drones_ship_ws/install/vrx_gz/share/vrx_gz/models/short_navigation_course_4/model.config
[18.385s] -- Installing: /home/user/data/drones_ship_ws/install/vrx_gz/share/vrx_gz/models/robotx_light_buoy_rbg
[18.385s] -- Installing: /home/user/data/drones_ship_ws/install/vrx_gz/share/vrx_gz/models/robotx_light_buoy_rbg/model.sdf
[18.386s] -- Installing: /home/user/data/drones_ship_ws/install/vrx_gz/share/vrx_gz/models/robotx_light_buoy_rbg/model.config
[18.386s] -- Installing: /home/user/data/drones_ship_ws/install/vrx_gz/share/vrx_gz/models/robotx_light_buoy_rgy
[18.386s] -- Installing: /home/user/data/drones_ship_ws/install/vrx_gz/share/vrx_gz/models/robotx_light_buoy_rgy/model.sdf
[18.386s] -- Installing: /home/user/data/drones_ship_ws/install/vrx_gz/share/vrx_gz/models/robotx_light_buoy_rgy/model.config
[18.386s] -- Installing: /home/user/data/drones_ship_ws/install/vrx_gz/share/vrx_gz/models/short_course_2023_phase3_2
[18.387s] -- Installing: /home/user/data/drones_ship_ws/install/vrx_gz/share/vrx_gz/models/short_course_2023_phase3_2/model.sdf
[18.387s] -- Installing: /home/user/data/drones_ship_ws/install/vrx_gz/share/vrx_gz/models/short_course_2023_phase3_2/model.config
[18.387s] -- Installing: /home/user/data/drones_ship_ws/install/vrx_gz/share/vrx_gz/models/dock_block_4x4
[18.387s] -- Installing: /home/user/data/drones_ship_ws/install/vrx_gz/share/vrx_gz/models/dock_block_4x4/mesh
[18.387s] -- Installing: /home/user/data/drones_ship_ws/install/vrx_gz/share/vrx_gz/models/dock_block_4x4/mesh/DockCubes_Roughness.png
[18.389s] -- Installing: /home/user/data/drones_ship_ws/install/vrx_gz/share/vrx_gz/models/dock_block_4x4/mesh/DockCubes_Normal.png
[18.417s] -- Installing: /home/user/data/drones_ship_ws/install/vrx_gz/share/vrx_gz/models/dock_block_4x4/mesh/DockCubes_Albedo.png
[18.418s] -- Installing: /home/user/data/drones_ship_ws/install/vrx_gz/share/vrx_gz/models/dock_block_4x4/mesh/DockCubes_Metalness.png
[18.419s] -- Installing: /home/user/data/drones_ship_ws/install/vrx_gz/share/vrx_gz/models/dock_block_4x4/mesh/dock_block_4x4.dae
[18.421s] -- Installing: /home/user/data/drones_ship_ws/install/vrx_gz/share/vrx_gz/models/dock_block_4x4/model.sdf
[18.422s] -- Installing: /home/user/data/drones_ship_ws/install/vrx_gz/share/vrx_gz/models/dock_block_4x4/model.config
[18.422s] -- Installing: /home/user/data/drones_ship_ws/install/vrx_gz/share/vrx_gz/models/platform
[18.422s] -- Installing: /home/user/data/drones_ship_ws/install/vrx_gz/share/vrx_gz/models/platform/model.sdf
[18.422s] -- Installing: /home/user/data/drones_ship_ws/install/vrx_gz/share/vrx_gz/models/platform/model.config
[18.422s] -- Installing: /home/user/data/drones_ship_ws/install/vrx_gz/share/vrx_gz/models/articulated_platform
[18.423s] -- Installing: /home/user/data/drones_ship_ws/install/vrx_gz/share/vrx_gz/models/articulated_platform/model.sdf
[18.423s] -- Installing: /home/user/data/drones_ship_ws/install/vrx_gz/share/vrx_gz/models/articulated_platform/model.config
[18.423s] -- Installing: /home/user/data/drones_ship_ws/install/vrx_gz/share/vrx_gz/models/short_navigation_course_5
[18.423s] -- Installing: /home/user/data/drones_ship_ws/install/vrx_gz/share/vrx_gz/models/short_navigation_course_5/model.sdf
[18.424s] -- Installing: /home/user/data/drones_ship_ws/install/vrx_gz/share/vrx_gz/models/short_navigation_course_5/model.config
[18.424s] -- Installing: /home/user/data/drones_ship_ws/install/vrx_gz/share/vrx_gz/models/short_course_2023_phase3_1
[18.424s] -- Installing: /home/user/data/drones_ship_ws/install/vrx_gz/share/vrx_gz/models/short_course_2023_phase3_1/model.sdf
[18.424s] -- Installing: /home/user/data/drones_ship_ws/install/vrx_gz/share/vrx_gz/models/short_course_2023_phase3_1/model.config
[18.425s] -- Installing: /home/user/data/drones_ship_ws/install/vrx_gz/share/vrx_gz/models/robotx_light_buoy_yrg
[18.425s] -- Installing: /home/user/data/drones_ship_ws/install/vrx_gz/share/vrx_gz/models/robotx_light_buoy_yrg/model.sdf
[18.425s] -- Installing: /home/user/data/drones_ship_ws/install/vrx_gz/share/vrx_gz/models/robotx_light_buoy_yrg/model.config
[18.425s] -- Installing: /home/user/data/drones_ship_ws/install/vrx_gz/share/vrx_gz/models/roboboat_cpubox
[18.425s] -- Installing: /home/user/data/drones_ship_ws/install/vrx_gz/share/vrx_gz/models/roboboat_cpubox/materials
[18.426s] -- Installing: /home/user/data/drones_ship_ws/install/vrx_gz/share/vrx_gz/models/roboboat_cpubox/materials/textures
[18.426s] -- Installing: /home/user/data/drones_ship_ws/install/vrx_gz/share/vrx_gz/models/roboboat_cpubox/materials/textures/DryBox_Albedo.png
[18.434s] -- Installing: /home/user/data/drones_ship_ws/install/vrx_gz/share/vrx_gz/models/roboboat_cpubox/materials/textures/DryBox_Roughness.png
[18.447s] -- Installing: /home/user/data/drones_ship_ws/install/vrx_gz/share/vrx_gz/models/roboboat_cpubox/model.sdf
[18.447s] -- Installing: /home/user/data/drones_ship_ws/install/vrx_gz/share/vrx_gz/models/roboboat_cpubox/meshes
[18.447s] -- Installing: /home/user/data/drones_ship_ws/install/vrx_gz/share/vrx_gz/models/roboboat_cpubox/meshes/drybox.dae
[18.448s] -- Installing: /home/user/data/drones_ship_ws/install/vrx_gz/share/vrx_gz/models/roboboat_cpubox/model.config
[18.449s] -- Installing: /home/user/data/drones_ship_ws/install/vrx_gz/share/vrx_gz/models/short_navigation_course_2
[18.449s] -- Installing: /home/user/data/drones_ship_ws/install/vrx_gz/share/vrx_gz/models/short_navigation_course_2/model.sdf
[18.449s] -- Installing: /home/user/data/drones_ship_ws/install/vrx_gz/share/vrx_gz/models/short_navigation_course_2/model.config
[18.450s] -- Installing: /home/user/data/drones_ship_ws/install/vrx_gz/share/vrx_gz/models/roboboat01
[18.450s] -- Installing: /home/user/data/drones_ship_ws/install/vrx_gz/share/vrx_gz/models/roboboat01/materials
[18.450s] -- Installing: /home/user/data/drones_ship_ws/install/vrx_gz/share/vrx_gz/models/roboboat01/materials/textures
[18.450s] -- Installing: /home/user/data/drones_ship_ws/install/vrx_gz/share/vrx_gz/models/roboboat01/materials/textures/Boat01_Albedo.png
[18.458s] -- Installing: /home/user/data/drones_ship_ws/install/vrx_gz/share/vrx_gz/models/roboboat01/materials/textures/Boat01_Roughness.png
[18.463s] -- Installing: /home/user/data/drones_ship_ws/install/vrx_gz/share/vrx_gz/models/roboboat01/materials/textures/Boat01_Metallic.png
[18.463s] -- Installing: /home/user/data/drones_ship_ws/install/vrx_gz/share/vrx_gz/models/roboboat01/materials/textures/Thruster_Albedo.png
[18.465s] -- Installing: /home/user/data/drones_ship_ws/install/vrx_gz/share/vrx_gz/models/roboboat01/materials/textures/Thruster_Roughness.png
[18.467s] -- Installing: /home/user/data/drones_ship_ws/install/vrx_gz/share/vrx_gz/models/roboboat01/materials/textures/Boat01_Normal.png
[18.468s] -- Installing: /home/user/data/drones_ship_ws/install/vrx_gz/share/vrx_gz/models/roboboat01/materials/scripts
[18.468s] -- Installing: /home/user/data/drones_ship_ws/install/vrx_gz/share/vrx_gz/models/roboboat01/materials/scripts/model.material
[18.468s] -- Installing: /home/user/data/drones_ship_ws/install/vrx_gz/share/vrx_gz/models/roboboat01/model.sdf
[18.469s] -- Installing: /home/user/data/drones_ship_ws/install/vrx_gz/share/vrx_gz/models/roboboat01/meshes
[18.469s] -- Installing: /home/user/data/drones_ship_ws/install/vrx_gz/share/vrx_gz/models/roboboat01/meshes/housing.dae
[18.470s] -- Installing: /home/user/data/drones_ship_ws/install/vrx_gz/share/vrx_gz/models/roboboat01/meshes/mount.dae
[18.470s] -- Installing: /home/user/data/drones_ship_ws/install/vrx_gz/share/vrx_gz/models/roboboat01/meshes/prop.dae
[18.470s] -- Installing: /home/user/data/drones_ship_ws/install/vrx_gz/share/vrx_gz/models/roboboat01/meshes/roboboat01.dae
[18.472s] -- Installing: /home/user/data/drones_ship_ws/install/vrx_gz/share/vrx_gz/models/roboboat01/model.config
[18.472s] -- Installing: /home/user/data/drones_ship_ws/install/vrx_gz/share/vrx_gz/worlds
[18.472s] -- Installing: /home/user/data/drones_ship_ws/install/vrx_gz/share/vrx_gz/worlds/gymkhana_task.sdf
[18.472s] -- Installing: /home/user/data/drones_ship_ws/install/vrx_gz/share/vrx_gz/worlds/acoustic_perception_task.sdf
[18.473s] -- Installing: /home/user/data/drones_ship_ws/install/vrx_gz/share/vrx_gz/worlds/wayfinding_task.sdf
[18.473s] -- Installing: /home/user/data/drones_ship_ws/install/vrx_gz/share/vrx_gz/worlds/stationkeeping_task.sdf
[18.473s] -- Installing: /home/user/data/drones_ship_ws/install/vrx_gz/share/vrx_gz/worlds/nbpark.sdf
[18.473s] -- Installing: /home/user/data/drones_ship_ws/install/vrx_gz/share/vrx_gz/worlds/wildlife_task.sdf
[18.474s] -- Installing: /home/user/data/drones_ship_ws/install/vrx_gz/share/vrx_gz/worlds/navigation_task.sdf
[18.474s] -- Installing: /home/user/data/drones_ship_ws/install/vrx_gz/share/vrx_gz/worlds/acoustic_tracking_task.sdf
[18.474s] -- Installing: /home/user/data/drones_ship_ws/install/vrx_gz/share/vrx_gz/worlds/sydney_regatta.sdf
[18.475s] -- Installing: /home/user/data/drones_ship_ws/install/vrx_gz/share/vrx_gz/worlds/2023_practice
[18.475s] -- Installing: /home/user/data/drones_ship_ws/install/vrx_gz/share/vrx_gz/worlds/2023_practice/practice_2023_wayfinding1_task.sdf
[18.475s] -- Installing: /home/user/data/drones_ship_ws/install/vrx_gz/share/vrx_gz/worlds/2023_practice/practice_2023_scan_dock_deliver1_task.sdf
[18.475s] -- Installing: /home/user/data/drones_ship_ws/install/vrx_gz/share/vrx_gz/worlds/2023_practice/practice_2023_perception2_task.sdf
[18.475s] -- Installing: /home/user/data/drones_ship_ws/install/vrx_gz/share/vrx_gz/worlds/2023_practice/practice_2023_scan_dock_deliver0_task.sdf
[18.476s] -- Installing: /home/user/data/drones_ship_ws/install/vrx_gz/share/vrx_gz/worlds/2023_practice/practice_2023_follow_path1_task.sdf
[18.476s] -- Installing: /home/user/data/drones_ship_ws/install/vrx_gz/share/vrx_gz/worlds/2023_practice/practice_2023_stationkeeping2_task.sdf
[18.476s] -- Installing: /home/user/data/drones_ship_ws/install/vrx_gz/share/vrx_gz/worlds/2023_practice/practice_2023_acoustic_tracking0_task.sdf
[18.477s] -- Installing: /home/user/data/drones_ship_ws/install/vrx_gz/share/vrx_gz/worlds/2023_practice/practice_2023_wildlife0_task.sdf
[18.477s] -- Installing: /home/user/data/drones_ship_ws/install/vrx_gz/share/vrx_gz/worlds/2023_practice/practice_2023_follow_path0_task.sdf
[18.477s] -- Installing: /home/user/data/drones_ship_ws/install/vrx_gz/share/vrx_gz/worlds/2023_practice/practice_2023_acoustic_tracking1_task.sdf
[18.477s] -- Installing: /home/user/data/drones_ship_ws/install/vrx_gz/share/vrx_gz/worlds/2023_practice/practice_2023_acoustic_perception1_task.sdf
[18.478s] -- Installing: /home/user/data/drones_ship_ws/install/vrx_gz/share/vrx_gz/worlds/2023_practice/practice_2023_follow_path2_task.sdf
[18.478s] -- Installing: /home/user/data/drones_ship_ws/install/vrx_gz/share/vrx_gz/worlds/2023_practice/practice_2023_acoustic_perception0_task.sdf
[18.478s] -- Installing: /home/user/data/drones_ship_ws/install/vrx_gz/share/vrx_gz/worlds/2023_practice/practice_2023_wayfinding2_task.sdf
[18.478s] -- Installing: /home/user/data/drones_ship_ws/install/vrx_gz/share/vrx_gz/worlds/2023_practice/practice_2023_stationkeeping1_task.sdf
[18.479s] -- Installing: /home/user/data/drones_ship_ws/install/vrx_gz/share/vrx_gz/worlds/2023_practice/practice_2023_wayfinding0_task.sdf
[18.479s] -- Installing: /home/user/data/drones_ship_ws/install/vrx_gz/share/vrx_gz/worlds/2023_practice/practice_2023_acoustic_perception2_task.sdf
[18.479s] -- Installing: /home/user/data/drones_ship_ws/install/vrx_gz/share/vrx_gz/worlds/2023_practice/practice_2023_perception0_task.sdf
[18.479s] -- Installing: /home/user/data/drones_ship_ws/install/vrx_gz/share/vrx_gz/worlds/2023_practice/practice_2023_wildlife2_task.sdf
[18.480s] -- Installing: /home/user/data/drones_ship_ws/install/vrx_gz/share/vrx_gz/worlds/2023_practice/practice_2023_acoustic_tracking2_task.sdf
[18.480s] -- Installing: /home/user/data/drones_ship_ws/install/vrx_gz/share/vrx_gz/worlds/2023_practice/practice_2023_wildlife1_task.sdf
[18.481s] -- Installing: /home/user/data/drones_ship_ws/install/vrx_gz/share/vrx_gz/worlds/2023_practice/practice_2023_perception1_task.sdf
[18.481s] -- Installing: /home/user/data/drones_ship_ws/install/vrx_gz/share/vrx_gz/worlds/2023_practice/practice_2023_stationkeeping0_task.sdf
[18.481s] -- Installing: /home/user/data/drones_ship_ws/install/vrx_gz/share/vrx_gz/worlds/2023_practice/practice_2023_scan_dock_deliver2_task.sdf
[18.481s] -- Installing: /home/user/data/drones_ship_ws/install/vrx_gz/share/vrx_gz/worlds/scan_dock_deliver_task.sdf
[18.482s] -- Installing: /home/user/data/drones_ship_ws/install/vrx_gz/share/vrx_gz/worlds/follow_path_task.sdf
[18.482s] -- Installing: /home/user/data/drones_ship_ws/install/vrx_gz/share/vrx_gz/worlds/perception_task.sdf
[18.482s] -- Installing: /home/user/data/drones_ship_ws/install/vrx_gz/share/ament_index/resource_index/package_run_dependencies/vrx_gz
[18.482s] -- Installing: /home/user/data/drones_ship_ws/install/vrx_gz/share/ament_index/resource_index/parent_prefix_path/vrx_gz
[18.483s] -- Installing: /home/user/data/drones_ship_ws/install/vrx_gz/share/vrx_gz/environment/ament_prefix_path.sh
[18.483s] -- Installing: /home/user/data/drones_ship_ws/install/vrx_gz/share/vrx_gz/environment/ament_prefix_path.dsv
[18.483s] -- Installing: /home/user/data/drones_ship_ws/install/vrx_gz/share/vrx_gz/environment/path.sh
[18.483s] -- Installing: /home/user/data/drones_ship_ws/install/vrx_gz/share/vrx_gz/environment/path.dsv
[18.483s] -- Installing: /home/user/data/drones_ship_ws/install/vrx_gz/share/vrx_gz/local_setup.bash
[18.483s] -- Installing: /home/user/data/drones_ship_ws/install/vrx_gz/share/vrx_gz/local_setup.sh
[18.483s] -- Installing: /home/user/data/drones_ship_ws/install/vrx_gz/share/vrx_gz/local_setup.zsh
[18.483s] -- Installing: /home/user/data/drones_ship_ws/install/vrx_gz/share/vrx_gz/local_setup.dsv
[18.483s] -- Installing: /home/user/data/drones_ship_ws/install/vrx_gz/share/vrx_gz/package.dsv
[18.484s] -- Installing: /home/user/data/drones_ship_ws/install/vrx_gz/share/ament_index/resource_index/packages/vrx_gz
[18.484s] -- Installing: /home/user/data/drones_ship_ws/install/vrx_gz/share/vrx_gz/cmake/vrx_gzConfig.cmake
[18.484s] -- Installing: /home/user/data/drones_ship_ws/install/vrx_gz/share/vrx_gz/cmake/vrx_gzConfig-version.cmake
[18.484s] -- Installing: /home/user/data/drones_ship_ws/install/vrx_gz/share/vrx_gz/package.xml
[18.486s] Invoked command in '/home/user/data/drones_ship_ws/build/vrx_gz' returned '0': CMAKE_PREFIX_PATH=/home/user/data/drones_ship_ws/install/vrx_ros:/home/user/data/drones_ship_ws/install/wamv_gazebo:/home/user/data/drones_ship_ws/install/wamv_description:/home/user/data/drones_ship_ws/install/vrx_gz:/home/user/data/drones_ship_ws/install/aquabot_description:/home/user/data/drones_ship_ws/install/vrx_gazebo:/home/user/data/drones_ship_ws/install/ros_gz_crazyflie_bringup:/home/user/data/drones_ship_ws/install/ros_gz_crazyflie_gazebo:/home/user/data/drones_ship_ws/install/crazyflie_yolo:/home/user/data/drones_ship_ws/install/crazyflie_ekf:/home/user/data/drones_ship_ws/install/crazyflie_control:/home/user/data/drones_ship_ws/install/aquabot_motion:/home/user/data/drones_ship_ws/install/aquabot_gz:/home/user/data/drones_ship_ws/install/aquabot_ekf:/opt/ros/jazzy/opt/gz_sim_vendor:/opt/ros/jazzy/opt/gz_sensors_vendor:/opt/ros/jazzy/opt/gz_physics_vendor:/opt/ros/jazzy/opt/sdformat_vendor:/opt/ros/jazzy/opt/gz_gui_vendor:/opt/ros/jazzy/opt/gz_transport_vendor:/opt/ros/jazzy/opt/gz_rendering_vendor:/opt/ros/jazzy/opt/gz_plugin_vendor:/opt/ros/jazzy/opt/gz_fuel_tools_vendor:/opt/ros/jazzy/opt/gz_msgs_vendor:/opt/ros/jazzy/opt/gz_common_vendor:/opt/ros/jazzy/opt/gz_math_vendor:/opt/ros/jazzy/opt/gz_utils_vendor:/opt/ros/jazzy/opt/gz_tools_vendor:/opt/ros/jazzy/opt/gz_ogre_next_vendor:/opt/ros/jazzy/opt/gz_dartsim_vendor:/opt/ros/jazzy/opt/gz_cmake_vendor:/home/user/data/drones_ship_ws/install/ros_gz_crazyflie_control:/opt/ros/jazzy DEBUGINFOD_URLS=https://debuginfod.ubuntu.com /usr/bin/cmake --install /home/user/data/drones_ship_ws/build/vrx_gz
