[0.056s] Invoking command in '/home/user/data/drones_ship_ws/build/vrx_ros': CMAKE_PREFIX_PATH=${CMAKE_PREFIX_PATH}:/home/user/data/drones_ship_ws/install/ros_gz_crazyflie_control:/opt/ros/jazzy DEBUGINFOD_URLS=https://debuginfod.ubuntu.com /usr/bin/cmake --build /home/user/data/drones_ship_ws/build/vrx_ros -- -j20 -l20
[0.148s] [ 50%] Built target optical_frame_publisher
[0.155s] [100%] Built target pose_tf_broadcaster
[0.346s] Invoked command in '/home/user/data/drones_ship_ws/build/vrx_ros' returned '0': CMAKE_PREFIX_PATH=${CMAKE_PREFIX_PATH}:/home/user/data/drones_ship_ws/install/ros_gz_crazyflie_control:/opt/ros/jazzy DEBUGINFOD_URLS=https://debuginfod.ubuntu.com /usr/bin/cmake --build /home/user/data/drones_ship_ws/build/vrx_ros -- -j20 -l20
[0.347s] Invoking command in '/home/user/data/drones_ship_ws/build/vrx_ros': CMAKE_PREFIX_PATH=${CMAKE_PREFIX_PATH}:/home/user/data/drones_ship_ws/install/ros_gz_crazyflie_control:/opt/ros/jazzy DEBUGINFOD_URLS=https://debuginfod.ubuntu.com /usr/bin/cmake --install /home/user/data/drones_ship_ws/build/vrx_ros
[0.360s] -- Install configuration: ""
[0.360s] -- Up-to-date: /home/user/data/drones_ship_ws/install/vrx_ros/lib/vrx_ros/optical_frame_publisher
[0.361s] -- Up-to-date: /home/user/data/drones_ship_ws/install/vrx_ros/lib/vrx_ros/pose_tf_broadcaster
[0.362s] -- Up-to-date: /home/user/data/drones_ship_ws/install/vrx_ros/share/vrx_ros/launch
[0.363s] -- Up-to-date: /home/user/data/drones_ship_ws/install/vrx_ros/share/vrx_ros/launch/monitor_sim.py
[0.363s] -- Up-to-date: /home/user/data/drones_ship_ws/install/vrx_ros/share/ament_index/resource_index/package_run_dependencies/vrx_ros
[0.363s] -- Up-to-date: /home/user/data/drones_ship_ws/install/vrx_ros/share/ament_index/resource_index/parent_prefix_path/vrx_ros
[0.363s] -- Up-to-date: /home/user/data/drones_ship_ws/install/vrx_ros/share/vrx_ros/environment/ament_prefix_path.sh
[0.363s] -- Up-to-date: /home/user/data/drones_ship_ws/install/vrx_ros/share/vrx_ros/environment/ament_prefix_path.dsv
[0.363s] -- Up-to-date: /home/user/data/drones_ship_ws/install/vrx_ros/share/vrx_ros/environment/path.sh
[0.363s] -- Up-to-date: /home/user/data/drones_ship_ws/install/vrx_ros/share/vrx_ros/environment/path.dsv
[0.363s] -- Up-to-date: /home/user/data/drones_ship_ws/install/vrx_ros/share/vrx_ros/local_setup.bash
[0.364s] -- Up-to-date: /home/user/data/drones_ship_ws/install/vrx_ros/share/vrx_ros/local_setup.sh
[0.364s] -- Up-to-date: /home/user/data/drones_ship_ws/install/vrx_ros/share/vrx_ros/local_setup.zsh
[0.364s] -- Up-to-date: /home/user/data/drones_ship_ws/install/vrx_ros/share/vrx_ros/local_setup.dsv
[0.364s] -- Installing: /home/user/data/drones_ship_ws/install/vrx_ros/share/vrx_ros/package.dsv
[0.364s] -- Up-to-date: /home/user/data/drones_ship_ws/install/vrx_ros/share/ament_index/resource_index/packages/vrx_ros
[0.364s] -- Up-to-date: /home/user/data/drones_ship_ws/install/vrx_ros/share/vrx_ros/cmake/vrx_rosConfig.cmake
[0.364s] -- Up-to-date: /home/user/data/drones_ship_ws/install/vrx_ros/share/vrx_ros/cmake/vrx_rosConfig-version.cmake
[0.364s] -- Up-to-date: /home/user/data/drones_ship_ws/install/vrx_ros/share/vrx_ros/package.xml
[0.503s] Invoked command in '/home/user/data/drones_ship_ws/build/vrx_ros' returned '0': CMAKE_PREFIX_PATH=${CMAKE_PREFIX_PATH}:/home/user/data/drones_ship_ws/install/ros_gz_crazyflie_control:/opt/ros/jazzy DEBUGINFOD_URLS=https://debuginfod.ubuntu.com /usr/bin/cmake --install /home/user/data/drones_ship_ws/build/vrx_ros
