-- The C compiler identification is GNU 13.3.0
-- The CXX compiler identification is GNU 13.3.0
-- Detecting C compiler ABI info
-- Detecting C compiler ABI info - done
-- Check for working C compiler: /usr/lib/ccache/cc - skipped
-- Detecting C compile features
-- Detecting C compile features - done
-- Detecting CXX compiler ABI info
-- Detecting CXX compiler ABI info - done
-- Check for working CXX compiler: /usr/lib/ccache/c++ - skipped
-- Detecting CXX compile features
-- Detecting CXX compile features - done
-- Found ament_cmake: 2.5.4 (/opt/ros/jazzy/share/ament_cmake/cmake)
-- Found Python3: /usr/bin/python3 (found version "3.12.3") found components: Interpreter 
-- Found rosidl_default_generators: 1.6.0 (/opt/ros/jazzy/share/rosidl_default_generators/cmake)
-- Using all available rosidl_typesupport_c: rosidl_typesupport_fastrtps_c;rosidl_typesupport_introspection_c
-- Using all available rosidl_typesupport_cpp: rosidl_typesupport_fastrtps_cpp;rosidl_typesupport_introspection_cpp
-- Found rosidl_adapter: 4.6.6 (/opt/ros/jazzy/share/rosidl_adapter/cmake)
-- Found geometry_msgs: 5.3.6 (/opt/ros/jazzy/share/geometry_msgs/cmake)
-- Found rclcpp: 28.1.11 (/opt/ros/jazzy/share/rclcpp/cmake)
-- Found rmw_implementation_cmake: 7.3.2 (/opt/ros/jazzy/share/rmw_implementation_cmake/cmake)
-- Found rmw_fastrtps_cpp: 8.4.3 (/opt/ros/jazzy/share/rmw_fastrtps_cpp/cmake)
-- Found OpenSSL: /usr/lib/x86_64-linux-gnu/libcrypto.so (found version "3.0.13")  
-- Found FastRTPS: /opt/ros/jazzy/include (Required is at least version "2.13") 
-- Using RMW implementation 'rmw_fastrtps_cpp' as default
-- Found sensor_msgs: 5.3.6 (/opt/ros/jazzy/share/sensor_msgs/cmake)
-- Found vision_msgs: 4.1.1 (/opt/ros/jazzy/share/vision_msgs/cmake)
-- Found cv_bridge: 4.1.0 (/opt/ros/jazzy/share/cv_bridge/cmake)
-- Found image_transport: 5.1.7 (/opt/ros/jazzy/share/image_transport/cmake)
-- Found OpenCV: /usr/local (found version "4.8.0") 
-- Found visualization_msgs: 5.3.6 (/opt/ros/jazzy/share/visualization_msgs/cmake)
-- Found tf2: 0.36.14 (/opt/ros/jazzy/share/tf2/cmake)
-- Found tf2_ros: 0.36.14 (/opt/ros/jazzy/share/tf2_ros/cmake)
-- Found tf2_geometry_msgs: 0.36.14 (/opt/ros/jazzy/share/tf2_geometry_msgs/cmake)
-- Found eigen3_cmake_module: 0.3.0 (/opt/ros/jazzy/share/eigen3_cmake_module/cmake)
-- Found Eigen3: TRUE (found version "3.4.0") 
-- Ensuring Eigen3 include directory is part of orocos-kdl CMake target
-- The CUDA compiler identification is NVIDIA 12.0.140
-- Detecting CUDA compiler ABI info
-- Detecting CUDA compiler ABI info - done
-- Check for working CUDA compiler: /usr/lib/ccache/nvcc - skipped
-- Detecting CUDA compile features
-- Detecting CUDA compile features - done
-- Found ament_cmake_ros: 0.12.0 (/opt/ros/jazzy/share/ament_cmake_ros/cmake)
-- Using all available rosidl_typesupport_c: rosidl_typesupport_fastrtps_c;rosidl_typesupport_introspection_c
-- Using all available rosidl_typesupport_cpp: rosidl_typesupport_fastrtps_cpp;rosidl_typesupport_introspection_cpp
-- Found python_cmake_module: 0.11.1 (/opt/ros/jazzy/share/python_cmake_module/cmake)
-- Found PythonExtra: /usr/bin/python3  
-- Found Python3: /usr/bin/python3 (found version "3.12.3") found components: Interpreter Development NumPy Development.Module Development.Embed 
-- Found ament_lint_auto: 0.17.3 (/opt/ros/jazzy/share/ament_lint_auto/cmake)
-- Added test 'cppcheck' to perform static code analysis on C / C++ code
-- Configured cppcheck include dirs: /home/user/data/drones_ship_ws/src/drone_ship/crazyflie_yolo/include
-- Configured cppcheck exclude dirs and/or files: 
-- Added test 'flake8' to check Python code syntax and style conventions
-- Configured 'flake8' exclude dirs and/or files: 
-- Added test 'lint_cmake' to check CMake code style
-- Added test 'pep257' to check Python code against some of the docstring style conventions in PEP 257
-- Added test 'uncrustify' to check C / C++ code style
-- Configured uncrustify additional arguments: 
-- Added test 'xmllint' to check XML markup files
-- Configuring done (6.5s)
-- Generating done (0.1s)
-- Build files have been written to: /home/user/data/drones_ship_ws/build/crazyflie_yolo
[  1%] [34m[1mGenerating type hashes for ROS interfaces[0m
[  3%] [32mBuilding CXX object CMakeFiles/stereo_depth_node.dir/src/stereo_depth_node.cpp.o[0m
[  5%] [32mBuilding CXX object CMakeFiles/container_localizer_node.dir/src/container_localizer_node.cpp.o[0m
[  5%] Built target ament_cmake_python_copy_crazyflie_yolo
[  5%] Built target crazyflie_yolo__rosidl_generator_type_description
[  7%] [34m[1mGenerating C code for ROS interfaces[0m
[  9%] [34m[1mGenerating C++ code for ROS interfaces[0m
running egg_info
creating crazyflie_yolo.egg-info
writing crazyflie_yolo.egg-info/PKG-INFO
writing dependency_links to crazyflie_yolo.egg-info/dependency_links.txt
writing top-level names to crazyflie_yolo.egg-info/top_level.txt
writing manifest file 'crazyflie_yolo.egg-info/SOURCES.txt'
reading manifest file 'crazyflie_yolo.egg-info/SOURCES.txt'
writing manifest file 'crazyflie_yolo.egg-info/SOURCES.txt'
[  9%] Built target ament_cmake_python_build_crazyflie_yolo_egg
[  9%] Built target crazyflie_yolo__cpp
[ 11%] [32mBuilding C object CMakeFiles/crazyflie_yolo__rosidl_generator_c.dir/rosidl_generator_c/crazyflie_yolo/msg/detail/tracked_obstacle__description.c.o[0m
[ 12%] [32mBuilding C object CMakeFiles/crazyflie_yolo__rosidl_generator_c.dir/rosidl_generator_c/crazyflie_yolo/msg/detail/tracked_obstacle_array__description.c.o[0m
[ 14%] [32mBuilding C object CMakeFiles/crazyflie_yolo__rosidl_generator_c.dir/rosidl_generator_c/crazyflie_yolo/msg/detail/tracked_obstacle__type_support.c.o[0m
[ 16%] [32mBuilding C object CMakeFiles/crazyflie_yolo__rosidl_generator_c.dir/rosidl_generator_c/crazyflie_yolo/msg/detail/tracked_obstacle__functions.c.o[0m
[ 18%] [32mBuilding C object CMakeFiles/crazyflie_yolo__rosidl_generator_c.dir/rosidl_generator_c/crazyflie_yolo/msg/detail/tracked_obstacle_array__functions.c.o[0m
[ 20%] [32mBuilding C object CMakeFiles/crazyflie_yolo__rosidl_generator_c.dir/rosidl_generator_c/crazyflie_yolo/msg/detail/tracked_obstacle_array__type_support.c.o[0m
[ 22%] [32m[1mLinking C shared library libcrazyflie_yolo__rosidl_generator_c.so[0m
[ 22%] Built target crazyflie_yolo__rosidl_generator_c
[ 24%] [34m[1mGenerating C type support for eProsima Fast-RTPS[0m
[ 25%] [34m[1mGenerating C++ type support dispatch for ROS interfaces[0m
[ 27%] [34m[1mGenerating C++ introspection for ROS interfaces[0m
[ 29%] [34m[1mGenerating C++ type support for eProsima Fast-RTPS[0m
[ 31%] [34m[1mGenerating C introspection for ROS interfaces[0m
[ 33%] [34m[1mGenerating C type support dispatch for ROS interfaces[0m
[ 35%] [32mBuilding CXX object CMakeFiles/crazyflie_yolo__rosidl_typesupport_cpp.dir/rosidl_typesupport_cpp/crazyflie_yolo/msg/tracked_obstacle_array__type_support.cpp.o[0m
[ 37%] [32mBuilding CXX object CMakeFiles/crazyflie_yolo__rosidl_typesupport_fastrtps_c.dir/rosidl_typesupport_fastrtps_c/crazyflie_yolo/msg/detail/tracked_obstacle__type_support_c.cpp.o[0m
[ 38%] [32mBuilding CXX object CMakeFiles/crazyflie_yolo__rosidl_typesupport_introspection_cpp.dir/rosidl_typesupport_introspection_cpp/crazyflie_yolo/msg/detail/tracked_obstacle__type_support.cpp.o[0m
[ 40%] [32mBuilding CXX object CMakeFiles/crazyflie_yolo__rosidl_typesupport_fastrtps_c.dir/rosidl_typesupport_fastrtps_c/crazyflie_yolo/msg/detail/tracked_obstacle_array__type_support_c.cpp.o[0m
[ 42%] [32mBuilding CXX object CMakeFiles/crazyflie_yolo__rosidl_typesupport_introspection_cpp.dir/rosidl_typesupport_introspection_cpp/crazyflie_yolo/msg/detail/tracked_obstacle_array__type_support.cpp.o[0m
[ 44%] [32mBuilding CXX object CMakeFiles/crazyflie_yolo__rosidl_typesupport_cpp.dir/rosidl_typesupport_cpp/crazyflie_yolo/msg/tracked_obstacle__type_support.cpp.o[0m
[ 46%] [32mBuilding CXX object CMakeFiles/crazyflie_yolo__rosidl_typesupport_c.dir/rosidl_typesupport_c/crazyflie_yolo/msg/tracked_obstacle_array__type_support.cpp.o[0m
[ 48%] [32mBuilding CXX object CMakeFiles/crazyflie_yolo__rosidl_typesupport_fastrtps_cpp.dir/rosidl_typesupport_fastrtps_cpp/crazyflie_yolo/msg/detail/dds_fastrtps/tracked_obstacle_array__type_support.cpp.o[0m
[ 50%] [32mBuilding CXX object CMakeFiles/crazyflie_yolo__rosidl_typesupport_fastrtps_cpp.dir/rosidl_typesupport_fastrtps_cpp/crazyflie_yolo/msg/detail/dds_fastrtps/tracked_obstacle__type_support.cpp.o[0m
[ 51%] [32mBuilding CXX object CMakeFiles/crazyflie_yolo__rosidl_typesupport_c.dir/rosidl_typesupport_c/crazyflie_yolo/msg/tracked_obstacle__type_support.cpp.o[0m
[ 53%] [32mBuilding C object CMakeFiles/crazyflie_yolo__rosidl_typesupport_introspection_c.dir/rosidl_typesupport_introspection_c/crazyflie_yolo/msg/detail/tracked_obstacle__type_support.c.o[0m
[ 55%] [32mBuilding C object CMakeFiles/crazyflie_yolo__rosidl_typesupport_introspection_c.dir/rosidl_typesupport_introspection_c/crazyflie_yolo/msg/detail/tracked_obstacle_array__type_support.c.o[0m
[ 57%] [32m[1mLinking C shared library libcrazyflie_yolo__rosidl_typesupport_introspection_c.so[0m
[ 59%] [32m[1mLinking CXX shared library libcrazyflie_yolo__rosidl_typesupport_c.so[0m
[ 59%] Built target crazyflie_yolo__rosidl_typesupport_introspection_c
[ 59%] Built target crazyflie_yolo__rosidl_typesupport_c
[ 61%] [32m[1mLinking CXX shared library libcrazyflie_yolo__rosidl_typesupport_cpp.so[0m
[ 61%] Built target crazyflie_yolo__rosidl_typesupport_cpp
[ 62%] [32m[1mLinking CXX shared library libcrazyflie_yolo__rosidl_typesupport_introspection_cpp.so[0m
[ 64%] [32mBuilding CXX object CMakeFiles/multi_obstacle_tracker_node.dir/src/multi_obstacle_tracker.cpp.o[0m
[ 66%] [32mBuilding CXX object CMakeFiles/multi_drone_fusion_node.dir/src/multi_drone_fusion_node.cpp.o[0m
[ 68%] [32mBuilding CXX object CMakeFiles/multi_obstacle_tracker_ekf_node.dir/src/multi_obstacle_tracker_EKF.cpp.o[0m
[ 70%] [32m[1mLinking CXX shared library libcrazyflie_yolo__rosidl_typesupport_fastrtps_c.so[0m
[ 70%] Built target crazyflie_yolo__rosidl_typesupport_introspection_cpp
[ 70%] Built target crazyflie_yolo__rosidl_typesupport_fastrtps_c
[ 72%] [32m[1mLinking CXX shared library libcrazyflie_yolo__rosidl_typesupport_fastrtps_cpp.so[0m
[ 72%] Built target crazyflie_yolo__rosidl_typesupport_fastrtps_cpp
[ 72%] Built target crazyflie_yolo
[ 74%] [34m[1mGenerating Python code for ROS interfaces[0m
[ 74%] Built target crazyflie_yolo__py
[ 75%] [32mBuilding C object CMakeFiles/crazyflie_yolo__rosidl_generator_py.dir/rosidl_generator_py/crazyflie_yolo/msg/_tracked_obstacle_s.c.o[0m
[ 77%] [32mBuilding C object CMakeFiles/crazyflie_yolo__rosidl_generator_py.dir/rosidl_generator_py/crazyflie_yolo/msg/_tracked_obstacle_array_s.c.o[0m
[ 79%] [32m[1mLinking CXX executable container_localizer_node[0m
[ 81%] [32m[1mLinking C shared library libcrazyflie_yolo__rosidl_generator_py.so[0m
[ 81%] Built target crazyflie_yolo__rosidl_generator_py
[ 81%] Built target container_localizer_node
[ 83%] [32mBuilding C object CMakeFiles/crazyflie_yolo_s__rosidl_typesupport_fastrtps_c.dir/rosidl_generator_py/crazyflie_yolo/_crazyflie_yolo_s.ep.rosidl_typesupport_fastrtps_c.c.o[0m
[ 85%] [32mBuilding C object CMakeFiles/crazyflie_yolo_s__rosidl_typesupport_introspection_c.dir/rosidl_generator_py/crazyflie_yolo/_crazyflie_yolo_s.ep.rosidl_typesupport_introspection_c.c.o[0m
[ 87%] [32mBuilding C object CMakeFiles/crazyflie_yolo_s__rosidl_typesupport_c.dir/rosidl_generator_py/crazyflie_yolo/_crazyflie_yolo_s.ep.rosidl_typesupport_c.c.o[0m
[ 88%] [32m[1mLinking C shared module rosidl_generator_py/crazyflie_yolo/crazyflie_yolo_s__rosidl_typesupport_introspection_c.so[0m
[ 90%] [32m[1mLinking C shared module rosidl_generator_py/crazyflie_yolo/crazyflie_yolo_s__rosidl_typesupport_c.so[0m
[ 92%] [32m[1mLinking C shared module rosidl_generator_py/crazyflie_yolo/crazyflie_yolo_s__rosidl_typesupport_fastrtps_c.so[0m
[ 92%] Built target crazyflie_yolo_s__rosidl_typesupport_introspection_c
[ 92%] Built target crazyflie_yolo_s__rosidl_typesupport_c
[ 92%] Built target crazyflie_yolo_s__rosidl_typesupport_fastrtps_c
[ 94%] [32m[1mLinking CXX executable multi_drone_fusion_node[0m
[ 94%] Built target multi_drone_fusion_node
[ 96%] [32m[1mLinking CXX executable multi_obstacle_tracker_ekf_node[0m
[ 96%] Built target multi_obstacle_tracker_ekf_node
[ 98%] [32m[1mLinking CXX executable stereo_depth_node[0m
[100%] [32m[1mLinking CXX executable multi_obstacle_tracker_node[0m
[100%] Built target multi_obstacle_tracker_node
[100%] Built target stereo_depth_node
-- Install configuration: ""
-- Installing: /home/user/data/drones_ship_ws/install/crazyflie_yolo/share/ament_index/resource_index/rosidl_interfaces/crazyflie_yolo
-- Installing: /home/user/data/drones_ship_ws/install/crazyflie_yolo/share/crazyflie_yolo/msg/TrackedObstacle.json
-- Installing: /home/user/data/drones_ship_ws/install/crazyflie_yolo/share/crazyflie_yolo/msg/TrackedObstacleArray.json
-- Installing: /home/user/data/drones_ship_ws/install/crazyflie_yolo/include/crazyflie_yolo/crazyflie_yolo
-- Installing: /home/user/data/drones_ship_ws/install/crazyflie_yolo/include/crazyflie_yolo/crazyflie_yolo/msg
-- Installing: /home/user/data/drones_ship_ws/install/crazyflie_yolo/include/crazyflie_yolo/crazyflie_yolo/msg/detail
-- Installing: /home/user/data/drones_ship_ws/install/crazyflie_yolo/include/crazyflie_yolo/crazyflie_yolo/msg/detail/tracked_obstacle_array__functions.c
-- Installing: /home/user/data/drones_ship_ws/install/crazyflie_yolo/include/crazyflie_yolo/crazyflie_yolo/msg/detail/tracked_obstacle__description.c
-- Installing: /home/user/data/drones_ship_ws/install/crazyflie_yolo/include/crazyflie_yolo/crazyflie_yolo/msg/detail/tracked_obstacle__functions.c
-- Installing: /home/user/data/drones_ship_ws/install/crazyflie_yolo/include/crazyflie_yolo/crazyflie_yolo/msg/detail/tracked_obstacle_array__type_support.c
-- Installing: /home/user/data/drones_ship_ws/install/crazyflie_yolo/include/crazyflie_yolo/crazyflie_yolo/msg/detail/tracked_obstacle__functions.h
-- Installing: /home/user/data/drones_ship_ws/install/crazyflie_yolo/include/crazyflie_yolo/crazyflie_yolo/msg/detail/tracked_obstacle_array__description.c
-- Installing: /home/user/data/drones_ship_ws/install/crazyflie_yolo/include/crazyflie_yolo/crazyflie_yolo/msg/detail/tracked_obstacle_array__struct.h
-- Installing: /home/user/data/drones_ship_ws/install/crazyflie_yolo/include/crazyflie_yolo/crazyflie_yolo/msg/detail/tracked_obstacle_array__functions.h
-- Installing: /home/user/data/drones_ship_ws/install/crazyflie_yolo/include/crazyflie_yolo/crazyflie_yolo/msg/detail/tracked_obstacle__type_support.c
-- Installing: /home/user/data/drones_ship_ws/install/crazyflie_yolo/include/crazyflie_yolo/crazyflie_yolo/msg/detail/tracked_obstacle__type_support.h
-- Installing: /home/user/data/drones_ship_ws/install/crazyflie_yolo/include/crazyflie_yolo/crazyflie_yolo/msg/detail/tracked_obstacle_array__type_support.h
-- Installing: /home/user/data/drones_ship_ws/install/crazyflie_yolo/include/crazyflie_yolo/crazyflie_yolo/msg/detail/tracked_obstacle__struct.h
-- Installing: /home/user/data/drones_ship_ws/install/crazyflie_yolo/include/crazyflie_yolo/crazyflie_yolo/msg/tracked_obstacle.h
-- Installing: /home/user/data/drones_ship_ws/install/crazyflie_yolo/include/crazyflie_yolo/crazyflie_yolo/msg/rosidl_generator_c__visibility_control.h
-- Installing: /home/user/data/drones_ship_ws/install/crazyflie_yolo/include/crazyflie_yolo/crazyflie_yolo/msg/tracked_obstacle_array.h
-- Installing: /home/user/data/drones_ship_ws/install/crazyflie_yolo/share/crazyflie_yolo/environment/library_path.sh
-- Installing: /home/user/data/drones_ship_ws/install/crazyflie_yolo/share/crazyflie_yolo/environment/library_path.dsv
-- Installing: /home/user/data/drones_ship_ws/install/crazyflie_yolo/lib/libcrazyflie_yolo__rosidl_generator_c.so
-- Set non-toolchain portion of runtime path of "/home/user/data/drones_ship_ws/install/crazyflie_yolo/lib/libcrazyflie_yolo__rosidl_generator_c.so" to ""
-- Up-to-date: /home/user/data/drones_ship_ws/install/crazyflie_yolo/include/crazyflie_yolo/crazyflie_yolo
-- Up-to-date: /home/user/data/drones_ship_ws/install/crazyflie_yolo/include/crazyflie_yolo/crazyflie_yolo/msg
-- Up-to-date: /home/user/data/drones_ship_ws/install/crazyflie_yolo/include/crazyflie_yolo/crazyflie_yolo/msg/detail
-- Installing: /home/user/data/drones_ship_ws/install/crazyflie_yolo/include/crazyflie_yolo/crazyflie_yolo/msg/detail/tracked_obstacle_array__rosidl_typesupport_fastrtps_c.h
-- Installing: /home/user/data/drones_ship_ws/install/crazyflie_yolo/include/crazyflie_yolo/crazyflie_yolo/msg/detail/tracked_obstacle__rosidl_typesupport_fastrtps_c.h
-- Installing: /home/user/data/drones_ship_ws/install/crazyflie_yolo/include/crazyflie_yolo/crazyflie_yolo/msg/rosidl_typesupport_fastrtps_c__visibility_control.h
-- Installing: /home/user/data/drones_ship_ws/install/crazyflie_yolo/lib/libcrazyflie_yolo__rosidl_typesupport_fastrtps_c.so
-- Set non-toolchain portion of runtime path of "/home/user/data/drones_ship_ws/install/crazyflie_yolo/lib/libcrazyflie_yolo__rosidl_typesupport_fastrtps_c.so" to ""
-- Up-to-date: /home/user/data/drones_ship_ws/install/crazyflie_yolo/include/crazyflie_yolo/crazyflie_yolo
-- Up-to-date: /home/user/data/drones_ship_ws/install/crazyflie_yolo/include/crazyflie_yolo/crazyflie_yolo/msg
-- Up-to-date: /home/user/data/drones_ship_ws/install/crazyflie_yolo/include/crazyflie_yolo/crazyflie_yolo/msg/detail
-- Installing: /home/user/data/drones_ship_ws/install/crazyflie_yolo/include/crazyflie_yolo/crazyflie_yolo/msg/detail/tracked_obstacle__rosidl_typesupport_introspection_c.h
-- Installing: /home/user/data/drones_ship_ws/install/crazyflie_yolo/include/crazyflie_yolo/crazyflie_yolo/msg/detail/tracked_obstacle_array__type_support.c
-- Installing: /home/user/data/drones_ship_ws/install/crazyflie_yolo/include/crazyflie_yolo/crazyflie_yolo/msg/detail/tracked_obstacle__type_support.c
-- Installing: /home/user/data/drones_ship_ws/install/crazyflie_yolo/include/crazyflie_yolo/crazyflie_yolo/msg/detail/tracked_obstacle_array__rosidl_typesupport_introspection_c.h
-- Installing: /home/user/data/drones_ship_ws/install/crazyflie_yolo/include/crazyflie_yolo/crazyflie_yolo/msg/rosidl_typesupport_introspection_c__visibility_control.h
-- Installing: /home/user/data/drones_ship_ws/install/crazyflie_yolo/lib/libcrazyflie_yolo__rosidl_typesupport_introspection_c.so
-- Set non-toolchain portion of runtime path of "/home/user/data/drones_ship_ws/install/crazyflie_yolo/lib/libcrazyflie_yolo__rosidl_typesupport_introspection_c.so" to ""
-- Installing: /home/user/data/drones_ship_ws/install/crazyflie_yolo/lib/libcrazyflie_yolo__rosidl_typesupport_c.so
-- Set non-toolchain portion of runtime path of "/home/user/data/drones_ship_ws/install/crazyflie_yolo/lib/libcrazyflie_yolo__rosidl_typesupport_c.so" to ""
-- Up-to-date: /home/user/data/drones_ship_ws/install/crazyflie_yolo/include/crazyflie_yolo/crazyflie_yolo
-- Up-to-date: /home/user/data/drones_ship_ws/install/crazyflie_yolo/include/crazyflie_yolo/crazyflie_yolo/msg
-- Up-to-date: /home/user/data/drones_ship_ws/install/crazyflie_yolo/include/crazyflie_yolo/crazyflie_yolo/msg/detail
-- Installing: /home/user/data/drones_ship_ws/install/crazyflie_yolo/include/crazyflie_yolo/crazyflie_yolo/msg/detail/tracked_obstacle_array__builder.hpp
-- Installing: /home/user/data/drones_ship_ws/install/crazyflie_yolo/include/crazyflie_yolo/crazyflie_yolo/msg/detail/tracked_obstacle_array__struct.hpp
-- Installing: /home/user/data/drones_ship_ws/install/crazyflie_yolo/include/crazyflie_yolo/crazyflie_yolo/msg/detail/tracked_obstacle__traits.hpp
-- Installing: /home/user/data/drones_ship_ws/install/crazyflie_yolo/include/crazyflie_yolo/crazyflie_yolo/msg/detail/tracked_obstacle_array__type_support.hpp
-- Installing: /home/user/data/drones_ship_ws/install/crazyflie_yolo/include/crazyflie_yolo/crazyflie_yolo/msg/detail/tracked_obstacle__type_support.hpp
-- Installing: /home/user/data/drones_ship_ws/install/crazyflie_yolo/include/crazyflie_yolo/crazyflie_yolo/msg/detail/tracked_obstacle__builder.hpp
-- Installing: /home/user/data/drones_ship_ws/install/crazyflie_yolo/include/crazyflie_yolo/crazyflie_yolo/msg/detail/tracked_obstacle_array__traits.hpp
-- Installing: /home/user/data/drones_ship_ws/install/crazyflie_yolo/include/crazyflie_yolo/crazyflie_yolo/msg/detail/tracked_obstacle__struct.hpp
-- Installing: /home/user/data/drones_ship_ws/install/crazyflie_yolo/include/crazyflie_yolo/crazyflie_yolo/msg/rosidl_generator_cpp__visibility_control.hpp
-- Installing: /home/user/data/drones_ship_ws/install/crazyflie_yolo/include/crazyflie_yolo/crazyflie_yolo/msg/tracked_obstacle_array.hpp
-- Installing: /home/user/data/drones_ship_ws/install/crazyflie_yolo/include/crazyflie_yolo/crazyflie_yolo/msg/tracked_obstacle.hpp
-- Up-to-date: /home/user/data/drones_ship_ws/install/crazyflie_yolo/include/crazyflie_yolo/crazyflie_yolo
-- Up-to-date: /home/user/data/drones_ship_ws/install/crazyflie_yolo/include/crazyflie_yolo/crazyflie_yolo/msg
-- Up-to-date: /home/user/data/drones_ship_ws/install/crazyflie_yolo/include/crazyflie_yolo/crazyflie_yolo/msg/detail
-- Installing: /home/user/data/drones_ship_ws/install/crazyflie_yolo/include/crazyflie_yolo/crazyflie_yolo/msg/detail/tracked_obstacle__rosidl_typesupport_fastrtps_cpp.hpp
-- Installing: /home/user/data/drones_ship_ws/install/crazyflie_yolo/include/crazyflie_yolo/crazyflie_yolo/msg/detail/tracked_obstacle_array__rosidl_typesupport_fastrtps_cpp.hpp
-- Installing: /home/user/data/drones_ship_ws/install/crazyflie_yolo/include/crazyflie_yolo/crazyflie_yolo/msg/detail/dds_fastrtps
-- Installing: /home/user/data/drones_ship_ws/install/crazyflie_yolo/include/crazyflie_yolo/crazyflie_yolo/msg/rosidl_typesupport_fastrtps_cpp__visibility_control.h
-- Installing: /home/user/data/drones_ship_ws/install/crazyflie_yolo/lib/libcrazyflie_yolo__rosidl_typesupport_fastrtps_cpp.so
-- Set non-toolchain portion of runtime path of "/home/user/data/drones_ship_ws/install/crazyflie_yolo/lib/libcrazyflie_yolo__rosidl_typesupport_fastrtps_cpp.so" to ""
-- Up-to-date: /home/user/data/drones_ship_ws/install/crazyflie_yolo/include/crazyflie_yolo/crazyflie_yolo
-- Up-to-date: /home/user/data/drones_ship_ws/install/crazyflie_yolo/include/crazyflie_yolo/crazyflie_yolo/msg
-- Up-to-date: /home/user/data/drones_ship_ws/install/crazyflie_yolo/include/crazyflie_yolo/crazyflie_yolo/msg/detail
-- Installing: /home/user/data/drones_ship_ws/install/crazyflie_yolo/include/crazyflie_yolo/crazyflie_yolo/msg/detail/tracked_obstacle__rosidl_typesupport_introspection_cpp.hpp
-- Installing: /home/user/data/drones_ship_ws/install/crazyflie_yolo/include/crazyflie_yolo/crazyflie_yolo/msg/detail/tracked_obstacle_array__rosidl_typesupport_introspection_cpp.hpp
-- Installing: /home/user/data/drones_ship_ws/install/crazyflie_yolo/include/crazyflie_yolo/crazyflie_yolo/msg/detail/tracked_obstacle_array__type_support.cpp
-- Installing: /home/user/data/drones_ship_ws/install/crazyflie_yolo/include/crazyflie_yolo/crazyflie_yolo/msg/detail/tracked_obstacle__type_support.cpp
-- Installing: /home/user/data/drones_ship_ws/install/crazyflie_yolo/lib/libcrazyflie_yolo__rosidl_typesupport_introspection_cpp.so
-- Set non-toolchain portion of runtime path of "/home/user/data/drones_ship_ws/install/crazyflie_yolo/lib/libcrazyflie_yolo__rosidl_typesupport_introspection_cpp.so" to ""
-- Installing: /home/user/data/drones_ship_ws/install/crazyflie_yolo/lib/libcrazyflie_yolo__rosidl_typesupport_cpp.so
-- Set non-toolchain portion of runtime path of "/home/user/data/drones_ship_ws/install/crazyflie_yolo/lib/libcrazyflie_yolo__rosidl_typesupport_cpp.so" to ""
-- Installing: /home/user/data/drones_ship_ws/install/crazyflie_yolo/share/crazyflie_yolo/environment/pythonpath.sh
-- Installing: /home/user/data/drones_ship_ws/install/crazyflie_yolo/share/crazyflie_yolo/environment/pythonpath.dsv
-- Installing: /home/user/data/drones_ship_ws/install/crazyflie_yolo/lib/python3.12/site-packages/crazyflie_yolo-0.0.1-py3.12.egg-info
-- Installing: /home/user/data/drones_ship_ws/install/crazyflie_yolo/lib/python3.12/site-packages/crazyflie_yolo-0.0.1-py3.12.egg-info/SOURCES.txt
-- Installing: /home/user/data/drones_ship_ws/install/crazyflie_yolo/lib/python3.12/site-packages/crazyflie_yolo-0.0.1-py3.12.egg-info/dependency_links.txt
-- Installing: /home/user/data/drones_ship_ws/install/crazyflie_yolo/lib/python3.12/site-packages/crazyflie_yolo-0.0.1-py3.12.egg-info/top_level.txt
-- Installing: /home/user/data/drones_ship_ws/install/crazyflie_yolo/lib/python3.12/site-packages/crazyflie_yolo-0.0.1-py3.12.egg-info/PKG-INFO
-- Installing: /home/user/data/drones_ship_ws/install/crazyflie_yolo/lib/python3.12/site-packages/crazyflie_yolo
-- Installing: /home/user/data/drones_ship_ws/install/crazyflie_yolo/lib/python3.12/site-packages/crazyflie_yolo/msg
-- Installing: /home/user/data/drones_ship_ws/install/crazyflie_yolo/lib/python3.12/site-packages/crazyflie_yolo/msg/_tracked_obstacle_array.py
-- Installing: /home/user/data/drones_ship_ws/install/crazyflie_yolo/lib/python3.12/site-packages/crazyflie_yolo/msg/_tracked_obstacle_array_s.c
-- Installing: /home/user/data/drones_ship_ws/install/crazyflie_yolo/lib/python3.12/site-packages/crazyflie_yolo/msg/_tracked_obstacle.py
-- Installing: /home/user/data/drones_ship_ws/install/crazyflie_yolo/lib/python3.12/site-packages/crazyflie_yolo/msg/__init__.py
-- Installing: /home/user/data/drones_ship_ws/install/crazyflie_yolo/lib/python3.12/site-packages/crazyflie_yolo/msg/_tracked_obstacle_s.c
-- Installing: /home/user/data/drones_ship_ws/install/crazyflie_yolo/lib/python3.12/site-packages/crazyflie_yolo/_crazyflie_yolo_s.ep.rosidl_typesupport_fastrtps_c.c
-- Installing: /home/user/data/drones_ship_ws/install/crazyflie_yolo/lib/python3.12/site-packages/crazyflie_yolo/_crazyflie_yolo_s.ep.rosidl_typesupport_c.c
-- Installing: /home/user/data/drones_ship_ws/install/crazyflie_yolo/lib/python3.12/site-packages/crazyflie_yolo/_crazyflie_yolo_s.ep.rosidl_typesupport_introspection_c.c
-- Installing: /home/user/data/drones_ship_ws/install/crazyflie_yolo/lib/python3.12/site-packages/crazyflie_yolo/__init__.py
-- Installing: /home/user/data/drones_ship_ws/install/crazyflie_yolo/lib/python3.12/site-packages/crazyflie_yolo/crazyflie_yolo_s__rosidl_typesupport_introspection_c.so
-- Installing: /home/user/data/drones_ship_ws/install/crazyflie_yolo/lib/python3.12/site-packages/crazyflie_yolo/crazyflie_yolo_s__rosidl_typesupport_fastrtps_c.so
-- Installing: /home/user/data/drones_ship_ws/install/crazyflie_yolo/lib/python3.12/site-packages/crazyflie_yolo/crazyflie_yolo_s__rosidl_typesupport_c.so
Listing '/home/user/data/drones_ship_ws/install/crazyflie_yolo/lib/python3.12/site-packages/crazyflie_yolo'...
Compiling '/home/user/data/drones_ship_ws/install/crazyflie_yolo/lib/python3.12/site-packages/crazyflie_yolo/__init__.py'...
Listing '/home/user/data/drones_ship_ws/install/crazyflie_yolo/lib/python3.12/site-packages/crazyflie_yolo/msg'...
Compiling '/home/user/data/drones_ship_ws/install/crazyflie_yolo/lib/python3.12/site-packages/crazyflie_yolo/msg/__init__.py'...
Compiling '/home/user/data/drones_ship_ws/install/crazyflie_yolo/lib/python3.12/site-packages/crazyflie_yolo/msg/_tracked_obstacle.py'...
Compiling '/home/user/data/drones_ship_ws/install/crazyflie_yolo/lib/python3.12/site-packages/crazyflie_yolo/msg/_tracked_obstacle_array.py'...
-- Installing: /home/user/data/drones_ship_ws/install/crazyflie_yolo/lib/python3.12/site-packages/crazyflie_yolo/crazyflie_yolo_s__rosidl_typesupport_fastrtps_c.so
-- Set non-toolchain portion of runtime path of "/home/user/data/drones_ship_ws/install/crazyflie_yolo/lib/python3.12/site-packages/crazyflie_yolo/crazyflie_yolo_s__rosidl_typesupport_fastrtps_c.so" to ""
-- Installing: /home/user/data/drones_ship_ws/install/crazyflie_yolo/lib/python3.12/site-packages/crazyflie_yolo/crazyflie_yolo_s__rosidl_typesupport_introspection_c.so
-- Set non-toolchain portion of runtime path of "/home/user/data/drones_ship_ws/install/crazyflie_yolo/lib/python3.12/site-packages/crazyflie_yolo/crazyflie_yolo_s__rosidl_typesupport_introspection_c.so" to ""
-- Installing: /home/user/data/drones_ship_ws/install/crazyflie_yolo/lib/python3.12/site-packages/crazyflie_yolo/crazyflie_yolo_s__rosidl_typesupport_c.so
-- Set non-toolchain portion of runtime path of "/home/user/data/drones_ship_ws/install/crazyflie_yolo/lib/python3.12/site-packages/crazyflie_yolo/crazyflie_yolo_s__rosidl_typesupport_c.so" to ""
-- Installing: /home/user/data/drones_ship_ws/install/crazyflie_yolo/lib/libcrazyflie_yolo__rosidl_generator_py.so
-- Set non-toolchain portion of runtime path of "/home/user/data/drones_ship_ws/install/crazyflie_yolo/lib/libcrazyflie_yolo__rosidl_generator_py.so" to ""
-- Installing: /home/user/data/drones_ship_ws/install/crazyflie_yolo/share/crazyflie_yolo/msg/TrackedObstacle.idl
-- Installing: /home/user/data/drones_ship_ws/install/crazyflie_yolo/share/crazyflie_yolo/msg/TrackedObstacleArray.idl
-- Installing: /home/user/data/drones_ship_ws/install/crazyflie_yolo/share/crazyflie_yolo/msg/TrackedObstacle.msg
-- Installing: /home/user/data/drones_ship_ws/install/crazyflie_yolo/share/crazyflie_yolo/msg/TrackedObstacleArray.msg
-- Installing: /home/user/data/drones_ship_ws/install/crazyflie_yolo/lib/crazyflie_yolo/yolo_detector_node.py
-- Installing: /home/user/data/drones_ship_ws/install/crazyflie_yolo/lib/crazyflie_yolo/crazyflie_segmentation_yolo_node.py
-- Installing: /home/user/data/drones_ship_ws/install/crazyflie_yolo/share/crazyflie_yolo/launch
-- Installing: /home/user/data/drones_ship_ws/install/crazyflie_yolo/share/crazyflie_yolo/launch/crazyflie_stereo_track.launch.py
-- Installing: /home/user/data/drones_ship_ws/install/crazyflie_yolo/share/crazyflie_yolo/launch/all_drones_yolo_stereo_track.launch.py
-- Installing: /home/user/data/drones_ship_ws/install/crazyflie_yolo/share/crazyflie_yolo/launch/multi_drone_fusion.launch.py
-- Installing: /home/user/data/drones_ship_ws/install/crazyflie_yolo/lib/crazyflie_yolo/stereo_depth_node
-- Set non-toolchain portion of runtime path of "/home/user/data/drones_ship_ws/install/crazyflie_yolo/lib/crazyflie_yolo/stereo_depth_node" to ""
-- Installing: /home/user/data/drones_ship_ws/install/crazyflie_yolo/lib/crazyflie_yolo/container_localizer_node
-- Set non-toolchain portion of runtime path of "/home/user/data/drones_ship_ws/install/crazyflie_yolo/lib/crazyflie_yolo/container_localizer_node" to ""
-- Installing: /home/user/data/drones_ship_ws/install/crazyflie_yolo/lib/crazyflie_yolo/multi_obstacle_tracker_node
-- Set non-toolchain portion of runtime path of "/home/user/data/drones_ship_ws/install/crazyflie_yolo/lib/crazyflie_yolo/multi_obstacle_tracker_node" to ""
-- Installing: /home/user/data/drones_ship_ws/install/crazyflie_yolo/lib/crazyflie_yolo/multi_drone_fusion_node
-- Set non-toolchain portion of runtime path of "/home/user/data/drones_ship_ws/install/crazyflie_yolo/lib/crazyflie_yolo/multi_drone_fusion_node" to ""
-- Installing: /home/user/data/drones_ship_ws/install/crazyflie_yolo/lib/crazyflie_yolo/multi_obstacle_tracker_ekf_node
-- Set non-toolchain portion of runtime path of "/home/user/data/drones_ship_ws/install/crazyflie_yolo/lib/crazyflie_yolo/multi_obstacle_tracker_ekf_node" to ""
-- Installing: /home/user/data/drones_ship_ws/install/crazyflie_yolo/share/ament_index/resource_index/package_run_dependencies/crazyflie_yolo
-- Installing: /home/user/data/drones_ship_ws/install/crazyflie_yolo/share/ament_index/resource_index/parent_prefix_path/crazyflie_yolo
-- Installing: /home/user/data/drones_ship_ws/install/crazyflie_yolo/share/crazyflie_yolo/environment/ament_prefix_path.sh
-- Installing: /home/user/data/drones_ship_ws/install/crazyflie_yolo/share/crazyflie_yolo/environment/ament_prefix_path.dsv
-- Installing: /home/user/data/drones_ship_ws/install/crazyflie_yolo/share/crazyflie_yolo/environment/path.sh
-- Installing: /home/user/data/drones_ship_ws/install/crazyflie_yolo/share/crazyflie_yolo/environment/path.dsv
-- Installing: /home/user/data/drones_ship_ws/install/crazyflie_yolo/share/crazyflie_yolo/local_setup.bash
-- Installing: /home/user/data/drones_ship_ws/install/crazyflie_yolo/share/crazyflie_yolo/local_setup.sh
-- Installing: /home/user/data/drones_ship_ws/install/crazyflie_yolo/share/crazyflie_yolo/local_setup.zsh
-- Installing: /home/user/data/drones_ship_ws/install/crazyflie_yolo/share/crazyflie_yolo/local_setup.dsv
-- Installing: /home/user/data/drones_ship_ws/install/crazyflie_yolo/share/crazyflie_yolo/package.dsv
-- Installing: /home/user/data/drones_ship_ws/install/crazyflie_yolo/share/ament_index/resource_index/packages/crazyflie_yolo
-- Installing: /home/user/data/drones_ship_ws/install/crazyflie_yolo/share/crazyflie_yolo/cmake/export_crazyflie_yolo__rosidl_generator_cExport.cmake
-- Installing: /home/user/data/drones_ship_ws/install/crazyflie_yolo/share/crazyflie_yolo/cmake/export_crazyflie_yolo__rosidl_generator_cExport-noconfig.cmake
-- Installing: /home/user/data/drones_ship_ws/install/crazyflie_yolo/share/crazyflie_yolo/cmake/export_crazyflie_yolo__rosidl_typesupport_fastrtps_cExport.cmake
-- Installing: /home/user/data/drones_ship_ws/install/crazyflie_yolo/share/crazyflie_yolo/cmake/export_crazyflie_yolo__rosidl_typesupport_fastrtps_cExport-noconfig.cmake
-- Installing: /home/user/data/drones_ship_ws/install/crazyflie_yolo/share/crazyflie_yolo/cmake/crazyflie_yolo__rosidl_typesupport_introspection_cExport.cmake
-- Installing: /home/user/data/drones_ship_ws/install/crazyflie_yolo/share/crazyflie_yolo/cmake/crazyflie_yolo__rosidl_typesupport_introspection_cExport-noconfig.cmake
-- Installing: /home/user/data/drones_ship_ws/install/crazyflie_yolo/share/crazyflie_yolo/cmake/crazyflie_yolo__rosidl_typesupport_cExport.cmake
-- Installing: /home/user/data/drones_ship_ws/install/crazyflie_yolo/share/crazyflie_yolo/cmake/crazyflie_yolo__rosidl_typesupport_cExport-noconfig.cmake
-- Installing: /home/user/data/drones_ship_ws/install/crazyflie_yolo/share/crazyflie_yolo/cmake/export_crazyflie_yolo__rosidl_generator_cppExport.cmake
-- Installing: /home/user/data/drones_ship_ws/install/crazyflie_yolo/share/crazyflie_yolo/cmake/export_crazyflie_yolo__rosidl_typesupport_fastrtps_cppExport.cmake
-- Installing: /home/user/data/drones_ship_ws/install/crazyflie_yolo/share/crazyflie_yolo/cmake/export_crazyflie_yolo__rosidl_typesupport_fastrtps_cppExport-noconfig.cmake
-- Installing: /home/user/data/drones_ship_ws/install/crazyflie_yolo/share/crazyflie_yolo/cmake/crazyflie_yolo__rosidl_typesupport_introspection_cppExport.cmake
-- Installing: /home/user/data/drones_ship_ws/install/crazyflie_yolo/share/crazyflie_yolo/cmake/crazyflie_yolo__rosidl_typesupport_introspection_cppExport-noconfig.cmake
-- Installing: /home/user/data/drones_ship_ws/install/crazyflie_yolo/share/crazyflie_yolo/cmake/crazyflie_yolo__rosidl_typesupport_cppExport.cmake
-- Installing: /home/user/data/drones_ship_ws/install/crazyflie_yolo/share/crazyflie_yolo/cmake/crazyflie_yolo__rosidl_typesupport_cppExport-noconfig.cmake
-- Installing: /home/user/data/drones_ship_ws/install/crazyflie_yolo/share/crazyflie_yolo/cmake/export_crazyflie_yolo__rosidl_generator_pyExport.cmake
-- Installing: /home/user/data/drones_ship_ws/install/crazyflie_yolo/share/crazyflie_yolo/cmake/export_crazyflie_yolo__rosidl_generator_pyExport-noconfig.cmake
-- Installing: /home/user/data/drones_ship_ws/install/crazyflie_yolo/share/crazyflie_yolo/cmake/rosidl_cmake-extras.cmake
-- Installing: /home/user/data/drones_ship_ws/install/crazyflie_yolo/share/crazyflie_yolo/cmake/ament_cmake_export_dependencies-extras.cmake
-- Installing: /home/user/data/drones_ship_ws/install/crazyflie_yolo/share/crazyflie_yolo/cmake/ament_cmake_export_include_directories-extras.cmake
-- Installing: /home/user/data/drones_ship_ws/install/crazyflie_yolo/share/crazyflie_yolo/cmake/ament_cmake_export_libraries-extras.cmake
-- Installing: /home/user/data/drones_ship_ws/install/crazyflie_yolo/share/crazyflie_yolo/cmake/ament_cmake_export_targets-extras.cmake
-- Installing: /home/user/data/drones_ship_ws/install/crazyflie_yolo/share/crazyflie_yolo/cmake/rosidl_cmake_export_typesupport_targets-extras.cmake
-- Installing: /home/user/data/drones_ship_ws/install/crazyflie_yolo/share/crazyflie_yolo/cmake/rosidl_cmake_export_typesupport_libraries-extras.cmake
-- Installing: /home/user/data/drones_ship_ws/install/crazyflie_yolo/share/crazyflie_yolo/cmake/crazyflie_yoloConfig.cmake
-- Installing: /home/user/data/drones_ship_ws/install/crazyflie_yolo/share/crazyflie_yolo/cmake/crazyflie_yoloConfig-version.cmake
-- Installing: /home/user/data/drones_ship_ws/install/crazyflie_yolo/share/crazyflie_yolo/package.xml
