[0.037s] Invoking command in '/home/user/data/drones_ship_ws/build/crazyflie_yolo': CMAKE_PREFIX_PATH=${CMAKE_PREFIX_PATH}:/home/user/data/drones_ship_ws/install/ros_gz_crazyflie_control:/opt/ros/jazzy DEBUGINFOD_URLS=https://debuginfod.ubuntu.com /usr/bin/cmake /home/user/data/drones_ship_ws/src/drone_ship/crazyflie_yolo -DCMAKE_INSTALL_PREFIX=/home/user/data/drones_ship_ws/install/crazyflie_yolo
[0.141s] -- The C compiler identification is GNU 13.3.0
[0.230s] -- The CXX compiler identification is GNU 13.3.0
[0.258s] -- Detecting C compiler ABI info
[0.358s] -- Detecting C compiler ABI info - done
[0.369s] -- Check for working C compiler: /usr/lib/ccache/cc - skipped
[0.369s] -- Detecting C compile features
[0.370s] -- Detecting C compile features - done
[0.384s] -- Detecting CXX compiler ABI info
[0.486s] -- Detecting CXX compiler ABI info - done
[0.498s] -- Check for working CXX compiler: /usr/lib/ccache/c++ - skipped
[0.499s] -- Detecting CXX compile features
[0.499s] -- Detecting CXX compile features - done
[0.513s] -- Found ament_cmake: 2.5.4 (/opt/ros/jazzy/share/ament_cmake/cmake)
[0.685s] -- Found Python3: /usr/bin/python3 (found version "3.12.3") found components: Interpreter 
[0.866s] -- Found rosidl_default_generators: 1.6.0 (/opt/ros/jazzy/share/rosidl_default_generators/cmake)
[0.881s] -- Using all available rosidl_typesupport_c: rosidl_typesupport_fastrtps_c;rosidl_typesupport_introspection_c
[1.028s] -- Using all available rosidl_typesupport_cpp: rosidl_typesupport_fastrtps_cpp;rosidl_typesupport_introspection_cpp
[1.143s] -- Found rosidl_adapter: 4.6.6 (/opt/ros/jazzy/share/rosidl_adapter/cmake)
[1.151s] -- Found geometry_msgs: 5.3.6 (/opt/ros/jazzy/share/geometry_msgs/cmake)
[1.210s] -- Found rclcpp: 28.1.11 (/opt/ros/jazzy/share/rclcpp/cmake)
[1.287s] -- Found rmw_implementation_cmake: 7.3.2 (/opt/ros/jazzy/share/rmw_implementation_cmake/cmake)
[1.293s] -- Found rmw_fastrtps_cpp: 8.4.3 (/opt/ros/jazzy/share/rmw_fastrtps_cpp/cmake)
[1.418s] -- Found OpenSSL: /usr/lib/x86_64-linux-gnu/libcrypto.so (found version "3.0.13")  
[1.452s] -- Found FastRTPS: /opt/ros/jazzy/include (Required is at least version "2.13") 
[1.484s] -- Using RMW implementation 'rmw_fastrtps_cpp' as default
[1.650s] -- Found sensor_msgs: 5.3.6 (/opt/ros/jazzy/share/sensor_msgs/cmake)
[1.701s] -- Found vision_msgs: 4.1.1 (/opt/ros/jazzy/share/vision_msgs/cmake)
[1.734s] -- Found cv_bridge: 4.1.0 (/opt/ros/jazzy/share/cv_bridge/cmake)
[1.760s] -- Found image_transport: 5.1.7 (/opt/ros/jazzy/share/image_transport/cmake)
[1.840s] -- Found OpenCV: /usr/local (found version "4.8.0") 
[1.851s] -- Found visualization_msgs: 5.3.6 (/opt/ros/jazzy/share/visualization_msgs/cmake)
[1.885s] -- Found tf2: 0.36.14 (/opt/ros/jazzy/share/tf2/cmake)
[1.893s] -- Found tf2_ros: 0.36.14 (/opt/ros/jazzy/share/tf2_ros/cmake)
[2.119s] -- Found tf2_geometry_msgs: 0.36.14 (/opt/ros/jazzy/share/tf2_geometry_msgs/cmake)
[2.170s] -- Found eigen3_cmake_module: 0.3.0 (/opt/ros/jazzy/share/eigen3_cmake_module/cmake)
[2.171s] -- Found Eigen3: TRUE (found version "3.4.0") 
[2.171s] -- Ensuring Eigen3 include directory is part of orocos-kdl CMake target
[3.308s] -- The CUDA compiler identification is NVIDIA 12.0.140
[3.316s] -- Detecting CUDA compiler ABI info
[3.444s] -- Detecting CUDA compiler ABI info - done
[3.466s] -- Check for working CUDA compiler: /usr/lib/ccache/nvcc - skipped
[3.672s] -- Detecting CUDA compile features
[3.673s] -- Detecting CUDA compile features - done
[4.336s] -- Found ament_cmake_ros: 0.12.0 (/opt/ros/jazzy/share/ament_cmake_ros/cmake)
[4.804s] -- Using all available rosidl_typesupport_c: rosidl_typesupport_fastrtps_c;rosidl_typesupport_introspection_c
[5.518s] -- Using all available rosidl_typesupport_cpp: rosidl_typesupport_fastrtps_cpp;rosidl_typesupport_introspection_cpp
[5.532s] -- Found python_cmake_module: 0.11.1 (/opt/ros/jazzy/share/python_cmake_module/cmake)
[5.719s] -- Found PythonExtra: /usr/bin/python3  
[6.330s] -- Found Python3: /usr/bin/python3 (found version "3.12.3") found components: Interpreter Development NumPy Development.Module Development.Embed 
[6.454s] -- Found ament_lint_auto: 0.17.3 (/opt/ros/jazzy/share/ament_lint_auto/cmake)
[6.565s] -- Added test 'cppcheck' to perform static code analysis on C / C++ code
[6.568s] -- Configured cppcheck include dirs: /home/user/data/drones_ship_ws/src/drone_ship/crazyflie_yolo/include
[6.568s] -- Configured cppcheck exclude dirs and/or files: 
[6.570s] -- Added test 'flake8' to check Python code syntax and style conventions
[6.570s] -- Configured 'flake8' exclude dirs and/or files: 
[6.572s] -- Added test 'lint_cmake' to check CMake code style
[6.573s] -- Added test 'pep257' to check Python code against some of the docstring style conventions in PEP 257
[6.576s] -- Added test 'uncrustify' to check C / C++ code style
[6.576s] -- Configured uncrustify additional arguments: 
[6.578s] -- Added test 'xmllint' to check XML markup files
[6.583s] -- Configuring done (6.5s)
[6.685s] -- Generating done (0.1s)
[6.716s] -- Build files have been written to: /home/user/data/drones_ship_ws/build/crazyflie_yolo
[6.734s] Invoked command in '/home/user/data/drones_ship_ws/build/crazyflie_yolo' returned '0': CMAKE_PREFIX_PATH=${CMAKE_PREFIX_PATH}:/home/user/data/drones_ship_ws/install/ros_gz_crazyflie_control:/opt/ros/jazzy DEBUGINFOD_URLS=https://debuginfod.ubuntu.com /usr/bin/cmake /home/user/data/drones_ship_ws/src/drone_ship/crazyflie_yolo -DCMAKE_INSTALL_PREFIX=/home/user/data/drones_ship_ws/install/crazyflie_yolo
[6.735s] Invoking command in '/home/user/data/drones_ship_ws/build/crazyflie_yolo': CMAKE_PREFIX_PATH=${CMAKE_PREFIX_PATH}:/home/user/data/drones_ship_ws/install/ros_gz_crazyflie_control:/opt/ros/jazzy DEBUGINFOD_URLS=https://debuginfod.ubuntu.com /usr/bin/cmake --build /home/user/data/drones_ship_ws/build/crazyflie_yolo -- -j20 -l20
[6.844s] [  1%] [34m[1mGenerating type hashes for ROS interfaces[0m
[6.845s] [  3%] [32mBuilding CXX object CMakeFiles/stereo_depth_node.dir/src/stereo_depth_node.cpp.o[0m
[6.849s] [  5%] [32mBuilding CXX object CMakeFiles/container_localizer_node.dir/src/container_localizer_node.cpp.o[0m
[6.863s] [  5%] Built target ament_cmake_python_copy_crazyflie_yolo
[7.186s] [  5%] Built target crazyflie_yolo__rosidl_generator_type_description
[7.209s] [  7%] [34m[1mGenerating C code for ROS interfaces[0m
[7.233s] [  9%] [34m[1mGenerating C++ code for ROS interfaces[0m
[7.286s] running egg_info
[7.336s] creating crazyflie_yolo.egg-info
[7.336s] writing crazyflie_yolo.egg-info/PKG-INFO
[7.337s] writing dependency_links to crazyflie_yolo.egg-info/dependency_links.txt
[7.337s] writing top-level names to crazyflie_yolo.egg-info/top_level.txt
[7.337s] writing manifest file 'crazyflie_yolo.egg-info/SOURCES.txt'
[7.485s] reading manifest file 'crazyflie_yolo.egg-info/SOURCES.txt'
[7.486s] writing manifest file 'crazyflie_yolo.egg-info/SOURCES.txt'
[7.545s] [  9%] Built target ament_cmake_python_build_crazyflie_yolo_egg
[7.709s] [  9%] Built target crazyflie_yolo__cpp
[7.755s] [ 11%] [32mBuilding C object CMakeFiles/crazyflie_yolo__rosidl_generator_c.dir/rosidl_generator_c/crazyflie_yolo/msg/detail/tracked_obstacle__description.c.o[0m
[7.755s] [ 12%] [32mBuilding C object CMakeFiles/crazyflie_yolo__rosidl_generator_c.dir/rosidl_generator_c/crazyflie_yolo/msg/detail/tracked_obstacle_array__description.c.o[0m
[7.759s] [ 14%] [32mBuilding C object CMakeFiles/crazyflie_yolo__rosidl_generator_c.dir/rosidl_generator_c/crazyflie_yolo/msg/detail/tracked_obstacle__type_support.c.o[0m
[7.759s] [ 16%] [32mBuilding C object CMakeFiles/crazyflie_yolo__rosidl_generator_c.dir/rosidl_generator_c/crazyflie_yolo/msg/detail/tracked_obstacle__functions.c.o[0m
[7.762s] [ 18%] [32mBuilding C object CMakeFiles/crazyflie_yolo__rosidl_generator_c.dir/rosidl_generator_c/crazyflie_yolo/msg/detail/tracked_obstacle_array__functions.c.o[0m
[7.806s] [ 20%] [32mBuilding C object CMakeFiles/crazyflie_yolo__rosidl_generator_c.dir/rosidl_generator_c/crazyflie_yolo/msg/detail/tracked_obstacle_array__type_support.c.o[0m
[7.930s] [ 22%] [32m[1mLinking C shared library libcrazyflie_yolo__rosidl_generator_c.so[0m
[8.008s] [ 22%] Built target crazyflie_yolo__rosidl_generator_c
[8.033s] [ 24%] [34m[1mGenerating C type support for eProsima Fast-RTPS[0m
[8.036s] [ 25%] [34m[1mGenerating C++ type support dispatch for ROS interfaces[0m
[8.045s] [ 27%] [34m[1mGenerating C++ introspection for ROS interfaces[0m
[8.050s] [ 29%] [34m[1mGenerating C++ type support for eProsima Fast-RTPS[0m
[8.101s] [ 31%] [34m[1mGenerating C introspection for ROS interfaces[0m
[8.105s] [ 33%] [34m[1mGenerating C type support dispatch for ROS interfaces[0m
[8.536s] [ 35%] [32mBuilding CXX object CMakeFiles/crazyflie_yolo__rosidl_typesupport_cpp.dir/rosidl_typesupport_cpp/crazyflie_yolo/msg/tracked_obstacle_array__type_support.cpp.o[0m
[8.575s] [ 37%] [32mBuilding CXX object CMakeFiles/crazyflie_yolo__rosidl_typesupport_fastrtps_c.dir/rosidl_typesupport_fastrtps_c/crazyflie_yolo/msg/detail/tracked_obstacle__type_support_c.cpp.o[0m
[8.577s] [ 38%] [32mBuilding CXX object CMakeFiles/crazyflie_yolo__rosidl_typesupport_introspection_cpp.dir/rosidl_typesupport_introspection_cpp/crazyflie_yolo/msg/detail/tracked_obstacle__type_support.cpp.o[0m
[8.577s] [ 40%] [32mBuilding CXX object CMakeFiles/crazyflie_yolo__rosidl_typesupport_fastrtps_c.dir/rosidl_typesupport_fastrtps_c/crazyflie_yolo/msg/detail/tracked_obstacle_array__type_support_c.cpp.o[0m
[8.579s] [ 42%] [32mBuilding CXX object CMakeFiles/crazyflie_yolo__rosidl_typesupport_introspection_cpp.dir/rosidl_typesupport_introspection_cpp/crazyflie_yolo/msg/detail/tracked_obstacle_array__type_support.cpp.o[0m
[8.648s] [ 44%] [32mBuilding CXX object CMakeFiles/crazyflie_yolo__rosidl_typesupport_cpp.dir/rosidl_typesupport_cpp/crazyflie_yolo/msg/tracked_obstacle__type_support.cpp.o[0m
[8.722s] [ 46%] [32mBuilding CXX object CMakeFiles/crazyflie_yolo__rosidl_typesupport_c.dir/rosidl_typesupport_c/crazyflie_yolo/msg/tracked_obstacle_array__type_support.cpp.o[0m
[8.741s] [ 48%] [32mBuilding CXX object CMakeFiles/crazyflie_yolo__rosidl_typesupport_fastrtps_cpp.dir/rosidl_typesupport_fastrtps_cpp/crazyflie_yolo/msg/detail/dds_fastrtps/tracked_obstacle_array__type_support.cpp.o[0m
[8.741s] [ 50%] [32mBuilding CXX object CMakeFiles/crazyflie_yolo__rosidl_typesupport_fastrtps_cpp.dir/rosidl_typesupport_fastrtps_cpp/crazyflie_yolo/msg/detail/dds_fastrtps/tracked_obstacle__type_support.cpp.o[0m
[8.814s] [ 51%] [32mBuilding CXX object CMakeFiles/crazyflie_yolo__rosidl_typesupport_c.dir/rosidl_typesupport_c/crazyflie_yolo/msg/tracked_obstacle__type_support.cpp.o[0m
[8.838s] [ 53%] [32mBuilding C object CMakeFiles/crazyflie_yolo__rosidl_typesupport_introspection_c.dir/rosidl_typesupport_introspection_c/crazyflie_yolo/msg/detail/tracked_obstacle__type_support.c.o[0m
[8.852s] [ 55%] [32mBuilding C object CMakeFiles/crazyflie_yolo__rosidl_typesupport_introspection_c.dir/rosidl_typesupport_introspection_c/crazyflie_yolo/msg/detail/tracked_obstacle_array__type_support.c.o[0m
[9.105s] [ 57%] [32m[1mLinking C shared library libcrazyflie_yolo__rosidl_typesupport_introspection_c.so[0m
[9.126s] [ 59%] [32m[1mLinking CXX shared library libcrazyflie_yolo__rosidl_typesupport_c.so[0m
[9.252s] [ 59%] Built target crazyflie_yolo__rosidl_typesupport_introspection_c
[9.295s] [ 59%] Built target crazyflie_yolo__rosidl_typesupport_c
[9.501s] [ 61%] [32m[1mLinking CXX shared library libcrazyflie_yolo__rosidl_typesupport_cpp.so[0m
[9.669s] [ 61%] Built target crazyflie_yolo__rosidl_typesupport_cpp
[9.680s] [ 62%] [32m[1mLinking CXX shared library libcrazyflie_yolo__rosidl_typesupport_introspection_cpp.so[0m
[9.783s] [ 64%] [32mBuilding CXX object CMakeFiles/multi_obstacle_tracker_node.dir/src/multi_obstacle_tracker.cpp.o[0m
[9.783s] [ 66%] [32mBuilding CXX object CMakeFiles/multi_drone_fusion_node.dir/src/multi_drone_fusion_node.cpp.o[0m
[9.787s] [ 68%] [32mBuilding CXX object CMakeFiles/multi_obstacle_tracker_ekf_node.dir/src/multi_obstacle_tracker_EKF.cpp.o[0m
[9.853s] [ 70%] [32m[1mLinking CXX shared library libcrazyflie_yolo__rosidl_typesupport_fastrtps_c.so[0m
[9.856s] [ 70%] Built target crazyflie_yolo__rosidl_typesupport_introspection_cpp
[9.983s] [ 70%] Built target crazyflie_yolo__rosidl_typesupport_fastrtps_c
[10.071s] [ 72%] [32m[1mLinking CXX shared library libcrazyflie_yolo__rosidl_typesupport_fastrtps_cpp.so[0m
[10.214s] [ 72%] Built target crazyflie_yolo__rosidl_typesupport_fastrtps_cpp
[10.267s] [ 72%] Built target crazyflie_yolo
[10.322s] [ 74%] [34m[1mGenerating Python code for ROS interfaces[0m
[11.056s] [ 74%] Built target crazyflie_yolo__py
[11.112s] [ 75%] [32mBuilding C object CMakeFiles/crazyflie_yolo__rosidl_generator_py.dir/rosidl_generator_py/crazyflie_yolo/msg/_tracked_obstacle_s.c.o[0m
[11.124s] [ 77%] [32mBuilding C object CMakeFiles/crazyflie_yolo__rosidl_generator_py.dir/rosidl_generator_py/crazyflie_yolo/msg/_tracked_obstacle_array_s.c.o[0m
[11.369s] [ 79%] [32m[1mLinking CXX executable container_localizer_node[0m
[11.650s] [ 81%] [32m[1mLinking C shared library libcrazyflie_yolo__rosidl_generator_py.so[0m
[11.751s] [ 81%] Built target crazyflie_yolo__rosidl_generator_py
[11.763s] [ 81%] Built target container_localizer_node
[11.811s] [ 83%] [32mBuilding C object CMakeFiles/crazyflie_yolo_s__rosidl_typesupport_fastrtps_c.dir/rosidl_generator_py/crazyflie_yolo/_crazyflie_yolo_s.ep.rosidl_typesupport_fastrtps_c.c.o[0m
[11.817s] [ 85%] [32mBuilding C object CMakeFiles/crazyflie_yolo_s__rosidl_typesupport_introspection_c.dir/rosidl_generator_py/crazyflie_yolo/_crazyflie_yolo_s.ep.rosidl_typesupport_introspection_c.c.o[0m
[11.822s] [ 87%] [32mBuilding C object CMakeFiles/crazyflie_yolo_s__rosidl_typesupport_c.dir/rosidl_generator_py/crazyflie_yolo/_crazyflie_yolo_s.ep.rosidl_typesupport_c.c.o[0m
[12.164s] [ 88%] [32m[1mLinking C shared module rosidl_generator_py/crazyflie_yolo/crazyflie_yolo_s__rosidl_typesupport_introspection_c.so[0m
[12.168s] [ 90%] [32m[1mLinking C shared module rosidl_generator_py/crazyflie_yolo/crazyflie_yolo_s__rosidl_typesupport_c.so[0m
[12.226s] [ 92%] [32m[1mLinking C shared module rosidl_generator_py/crazyflie_yolo/crazyflie_yolo_s__rosidl_typesupport_fastrtps_c.so[0m
[12.235s] [ 92%] Built target crazyflie_yolo_s__rosidl_typesupport_introspection_c
[12.235s] [ 92%] Built target crazyflie_yolo_s__rosidl_typesupport_c
[12.304s] [ 92%] Built target crazyflie_yolo_s__rosidl_typesupport_fastrtps_c
[19.362s] [ 94%] [32m[1mLinking CXX executable multi_drone_fusion_node[0m
[19.639s] [ 94%] Built target multi_drone_fusion_node
[22.493s] [01m[K/home/user/data/drones_ship_ws/src/drone_ship/crazyflie_yolo/src/multi_obstacle_tracker_EKF.cpp:[m[K In member function ‘[01m[Kvoid MultiObstacleTrackerEKF::[01;32m[KcreateTrack[m[K(const Eigen::Vector3d&, const rclcpp::Time&)[m[K’:
[22.493s] [01m[K/home/user/data/drones_ship_ws/src/drone_ship/crazyflie_yolo/src/multi_obstacle_tracker_EKF.cpp:223:72:[m[K [01;35m[Kwarning: [m[Kunused parameter ‘[01m[Kstamp[m[K’ [[01;35m[K-Wunused-parameter[m[K]
[22.493s]   223 |   void createTrack(const Eigen::Vector3d &z_world, [01;35m[Kconst rclcpp::Time &stamp[m[K)
[22.493s]       |                                                    [01;35m[K~~~~~~~~~~~~~~~~~~~~^~~~~[m[K
[22.519s] [ 96%] [32m[1mLinking CXX executable multi_obstacle_tracker_ekf_node[0m
[23.013s] [ 96%] Built target multi_obstacle_tracker_ekf_node
[24.897s] [ 98%] [32m[1mLinking CXX executable stereo_depth_node[0m
[24.898s] [100%] [32m[1mLinking CXX executable multi_obstacle_tracker_node[0m
[25.733s] [100%] Built target multi_obstacle_tracker_node
[25.983s] /usr/bin/ld: warning: libopencv_imgproc.so.406, needed by /opt/ros/jazzy/lib/libcv_bridge.so, may conflict with libopencv_imgproc.so.408
[25.985s] /usr/bin/ld: warning: libopencv_core.so.406, needed by /opt/ros/jazzy/lib/libcv_bridge.so, may conflict with libopencv_core.so.408
[26.767s] [100%] Built target stereo_depth_node
[26.799s] Invoked command in '/home/user/data/drones_ship_ws/build/crazyflie_yolo' returned '0': CMAKE_PREFIX_PATH=${CMAKE_PREFIX_PATH}:/home/user/data/drones_ship_ws/install/ros_gz_crazyflie_control:/opt/ros/jazzy DEBUGINFOD_URLS=https://debuginfod.ubuntu.com /usr/bin/cmake --build /home/user/data/drones_ship_ws/build/crazyflie_yolo -- -j20 -l20
[26.801s] Invoking command in '/home/user/data/drones_ship_ws/build/crazyflie_yolo': CMAKE_PREFIX_PATH=${CMAKE_PREFIX_PATH}:/home/user/data/drones_ship_ws/install/ros_gz_crazyflie_control:/opt/ros/jazzy DEBUGINFOD_URLS=https://debuginfod.ubuntu.com /usr/bin/cmake --install /home/user/data/drones_ship_ws/build/crazyflie_yolo
[26.854s] -- Install configuration: ""
[26.854s] -- Installing: /home/user/data/drones_ship_ws/install/crazyflie_yolo/share/ament_index/resource_index/rosidl_interfaces/crazyflie_yolo
[26.858s] -- Installing: /home/user/data/drones_ship_ws/install/crazyflie_yolo/share/crazyflie_yolo/msg/TrackedObstacle.json
[26.858s] -- Installing: /home/user/data/drones_ship_ws/install/crazyflie_yolo/share/crazyflie_yolo/msg/TrackedObstacleArray.json
[26.859s] -- Installing: /home/user/data/drones_ship_ws/install/crazyflie_yolo/include/crazyflie_yolo/crazyflie_yolo
[26.859s] -- Installing: /home/user/data/drones_ship_ws/install/crazyflie_yolo/include/crazyflie_yolo/crazyflie_yolo/msg
[26.859s] -- Installing: /home/user/data/drones_ship_ws/install/crazyflie_yolo/include/crazyflie_yolo/crazyflie_yolo/msg/detail
[26.859s] -- Installing: /home/user/data/drones_ship_ws/install/crazyflie_yolo/include/crazyflie_yolo/crazyflie_yolo/msg/detail/tracked_obstacle_array__functions.c
[26.860s] -- Installing: /home/user/data/drones_ship_ws/install/crazyflie_yolo/include/crazyflie_yolo/crazyflie_yolo/msg/detail/tracked_obstacle__description.c
[26.860s] -- Installing: /home/user/data/drones_ship_ws/install/crazyflie_yolo/include/crazyflie_yolo/crazyflie_yolo/msg/detail/tracked_obstacle__functions.c
[26.860s] -- Installing: /home/user/data/drones_ship_ws/install/crazyflie_yolo/include/crazyflie_yolo/crazyflie_yolo/msg/detail/tracked_obstacle_array__type_support.c
[26.861s] -- Installing: /home/user/data/drones_ship_ws/install/crazyflie_yolo/include/crazyflie_yolo/crazyflie_yolo/msg/detail/tracked_obstacle__functions.h
[26.863s] -- Installing: /home/user/data/drones_ship_ws/install/crazyflie_yolo/include/crazyflie_yolo/crazyflie_yolo/msg/detail/tracked_obstacle_array__description.c
[26.864s] -- Installing: /home/user/data/drones_ship_ws/install/crazyflie_yolo/include/crazyflie_yolo/crazyflie_yolo/msg/detail/tracked_obstacle_array__struct.h
[26.864s] -- Installing: /home/user/data/drones_ship_ws/install/crazyflie_yolo/include/crazyflie_yolo/crazyflie_yolo/msg/detail/tracked_obstacle_array__functions.h
[26.865s] -- Installing: /home/user/data/drones_ship_ws/install/crazyflie_yolo/include/crazyflie_yolo/crazyflie_yolo/msg/detail/tracked_obstacle__type_support.c
[26.866s] -- Installing: /home/user/data/drones_ship_ws/install/crazyflie_yolo/include/crazyflie_yolo/crazyflie_yolo/msg/detail/tracked_obstacle__type_support.h
[26.866s] -- Installing: /home/user/data/drones_ship_ws/install/crazyflie_yolo/include/crazyflie_yolo/crazyflie_yolo/msg/detail/tracked_obstacle_array__type_support.h
[26.866s] -- Installing: /home/user/data/drones_ship_ws/install/crazyflie_yolo/include/crazyflie_yolo/crazyflie_yolo/msg/detail/tracked_obstacle__struct.h
[26.868s] -- Installing: /home/user/data/drones_ship_ws/install/crazyflie_yolo/include/crazyflie_yolo/crazyflie_yolo/msg/tracked_obstacle.h
[26.869s] -- Installing: /home/user/data/drones_ship_ws/install/crazyflie_yolo/include/crazyflie_yolo/crazyflie_yolo/msg/rosidl_generator_c__visibility_control.h
[26.869s] -- Installing: /home/user/data/drones_ship_ws/install/crazyflie_yolo/include/crazyflie_yolo/crazyflie_yolo/msg/tracked_obstacle_array.h
[26.869s] -- Installing: /home/user/data/drones_ship_ws/install/crazyflie_yolo/share/crazyflie_yolo/environment/library_path.sh
[26.869s] -- Installing: /home/user/data/drones_ship_ws/install/crazyflie_yolo/share/crazyflie_yolo/environment/library_path.dsv
[26.869s] -- Installing: /home/user/data/drones_ship_ws/install/crazyflie_yolo/lib/libcrazyflie_yolo__rosidl_generator_c.so
[26.869s] -- Set non-toolchain portion of runtime path of "/home/user/data/drones_ship_ws/install/crazyflie_yolo/lib/libcrazyflie_yolo__rosidl_generator_c.so" to ""
[26.869s] -- Up-to-date: /home/user/data/drones_ship_ws/install/crazyflie_yolo/include/crazyflie_yolo/crazyflie_yolo
[26.870s] -- Up-to-date: /home/user/data/drones_ship_ws/install/crazyflie_yolo/include/crazyflie_yolo/crazyflie_yolo/msg
[26.870s] -- Up-to-date: /home/user/data/drones_ship_ws/install/crazyflie_yolo/include/crazyflie_yolo/crazyflie_yolo/msg/detail
[26.870s] -- Installing: /home/user/data/drones_ship_ws/install/crazyflie_yolo/include/crazyflie_yolo/crazyflie_yolo/msg/detail/tracked_obstacle_array__rosidl_typesupport_fastrtps_c.h
[26.870s] -- Installing: /home/user/data/drones_ship_ws/install/crazyflie_yolo/include/crazyflie_yolo/crazyflie_yolo/msg/detail/tracked_obstacle__rosidl_typesupport_fastrtps_c.h
[26.873s] -- Installing: /home/user/data/drones_ship_ws/install/crazyflie_yolo/include/crazyflie_yolo/crazyflie_yolo/msg/rosidl_typesupport_fastrtps_c__visibility_control.h
[26.874s] -- Installing: /home/user/data/drones_ship_ws/install/crazyflie_yolo/lib/libcrazyflie_yolo__rosidl_typesupport_fastrtps_c.so
[26.874s] -- Set non-toolchain portion of runtime path of "/home/user/data/drones_ship_ws/install/crazyflie_yolo/lib/libcrazyflie_yolo__rosidl_typesupport_fastrtps_c.so" to ""
[26.874s] -- Up-to-date: /home/user/data/drones_ship_ws/install/crazyflie_yolo/include/crazyflie_yolo/crazyflie_yolo
[26.875s] -- Up-to-date: /home/user/data/drones_ship_ws/install/crazyflie_yolo/include/crazyflie_yolo/crazyflie_yolo/msg
[26.875s] -- Up-to-date: /home/user/data/drones_ship_ws/install/crazyflie_yolo/include/crazyflie_yolo/crazyflie_yolo/msg/detail
[26.875s] -- Installing: /home/user/data/drones_ship_ws/install/crazyflie_yolo/include/crazyflie_yolo/crazyflie_yolo/msg/detail/tracked_obstacle__rosidl_typesupport_introspection_c.h
[26.875s] -- Installing: /home/user/data/drones_ship_ws/install/crazyflie_yolo/include/crazyflie_yolo/crazyflie_yolo/msg/detail/tracked_obstacle_array__type_support.c
[26.875s] -- Installing: /home/user/data/drones_ship_ws/install/crazyflie_yolo/include/crazyflie_yolo/crazyflie_yolo/msg/detail/tracked_obstacle__type_support.c
[26.876s] -- Installing: /home/user/data/drones_ship_ws/install/crazyflie_yolo/include/crazyflie_yolo/crazyflie_yolo/msg/detail/tracked_obstacle_array__rosidl_typesupport_introspection_c.h
[26.876s] -- Installing: /home/user/data/drones_ship_ws/install/crazyflie_yolo/include/crazyflie_yolo/crazyflie_yolo/msg/rosidl_typesupport_introspection_c__visibility_control.h
[26.876s] -- Installing: /home/user/data/drones_ship_ws/install/crazyflie_yolo/lib/libcrazyflie_yolo__rosidl_typesupport_introspection_c.so
[26.879s] -- Set non-toolchain portion of runtime path of "/home/user/data/drones_ship_ws/install/crazyflie_yolo/lib/libcrazyflie_yolo__rosidl_typesupport_introspection_c.so" to ""
[26.879s] -- Installing: /home/user/data/drones_ship_ws/install/crazyflie_yolo/lib/libcrazyflie_yolo__rosidl_typesupport_c.so
[26.879s] -- Set non-toolchain portion of runtime path of "/home/user/data/drones_ship_ws/install/crazyflie_yolo/lib/libcrazyflie_yolo__rosidl_typesupport_c.so" to ""
[26.880s] -- Up-to-date: /home/user/data/drones_ship_ws/install/crazyflie_yolo/include/crazyflie_yolo/crazyflie_yolo
[26.880s] -- Up-to-date: /home/user/data/drones_ship_ws/install/crazyflie_yolo/include/crazyflie_yolo/crazyflie_yolo/msg
[26.880s] -- Up-to-date: /home/user/data/drones_ship_ws/install/crazyflie_yolo/include/crazyflie_yolo/crazyflie_yolo/msg/detail
[26.882s] -- Installing: /home/user/data/drones_ship_ws/install/crazyflie_yolo/include/crazyflie_yolo/crazyflie_yolo/msg/detail/tracked_obstacle_array__builder.hpp
[26.882s] -- Installing: /home/user/data/drones_ship_ws/install/crazyflie_yolo/include/crazyflie_yolo/crazyflie_yolo/msg/detail/tracked_obstacle_array__struct.hpp
[26.884s] -- Installing: /home/user/data/drones_ship_ws/install/crazyflie_yolo/include/crazyflie_yolo/crazyflie_yolo/msg/detail/tracked_obstacle__traits.hpp
[26.885s] -- Installing: /home/user/data/drones_ship_ws/install/crazyflie_yolo/include/crazyflie_yolo/crazyflie_yolo/msg/detail/tracked_obstacle_array__type_support.hpp
[26.885s] -- Installing: /home/user/data/drones_ship_ws/install/crazyflie_yolo/include/crazyflie_yolo/crazyflie_yolo/msg/detail/tracked_obstacle__type_support.hpp
[26.885s] -- Installing: /home/user/data/drones_ship_ws/install/crazyflie_yolo/include/crazyflie_yolo/crazyflie_yolo/msg/detail/tracked_obstacle__builder.hpp
[26.885s] -- Installing: /home/user/data/drones_ship_ws/install/crazyflie_yolo/include/crazyflie_yolo/crazyflie_yolo/msg/detail/tracked_obstacle_array__traits.hpp
[26.886s] -- Installing: /home/user/data/drones_ship_ws/install/crazyflie_yolo/include/crazyflie_yolo/crazyflie_yolo/msg/detail/tracked_obstacle__struct.hpp
[26.887s] -- Installing: /home/user/data/drones_ship_ws/install/crazyflie_yolo/include/crazyflie_yolo/crazyflie_yolo/msg/rosidl_generator_cpp__visibility_control.hpp
[26.887s] -- Installing: /home/user/data/drones_ship_ws/install/crazyflie_yolo/include/crazyflie_yolo/crazyflie_yolo/msg/tracked_obstacle_array.hpp
[26.887s] -- Installing: /home/user/data/drones_ship_ws/install/crazyflie_yolo/include/crazyflie_yolo/crazyflie_yolo/msg/tracked_obstacle.hpp
[26.888s] -- Up-to-date: /home/user/data/drones_ship_ws/install/crazyflie_yolo/include/crazyflie_yolo/crazyflie_yolo
[26.888s] -- Up-to-date: /home/user/data/drones_ship_ws/install/crazyflie_yolo/include/crazyflie_yolo/crazyflie_yolo/msg
[26.888s] -- Up-to-date: /home/user/data/drones_ship_ws/install/crazyflie_yolo/include/crazyflie_yolo/crazyflie_yolo/msg/detail
[26.888s] -- Installing: /home/user/data/drones_ship_ws/install/crazyflie_yolo/include/crazyflie_yolo/crazyflie_yolo/msg/detail/tracked_obstacle__rosidl_typesupport_fastrtps_cpp.hpp
[26.888s] -- Installing: /home/user/data/drones_ship_ws/install/crazyflie_yolo/include/crazyflie_yolo/crazyflie_yolo/msg/detail/tracked_obstacle_array__rosidl_typesupport_fastrtps_cpp.hpp
[26.888s] -- Installing: /home/user/data/drones_ship_ws/install/crazyflie_yolo/include/crazyflie_yolo/crazyflie_yolo/msg/detail/dds_fastrtps
[26.888s] -- Installing: /home/user/data/drones_ship_ws/install/crazyflie_yolo/include/crazyflie_yolo/crazyflie_yolo/msg/rosidl_typesupport_fastrtps_cpp__visibility_control.h
[26.890s] -- Installing: /home/user/data/drones_ship_ws/install/crazyflie_yolo/lib/libcrazyflie_yolo__rosidl_typesupport_fastrtps_cpp.so
[26.893s] -- Set non-toolchain portion of runtime path of "/home/user/data/drones_ship_ws/install/crazyflie_yolo/lib/libcrazyflie_yolo__rosidl_typesupport_fastrtps_cpp.so" to ""
[26.894s] -- Up-to-date: /home/user/data/drones_ship_ws/install/crazyflie_yolo/include/crazyflie_yolo/crazyflie_yolo
[26.894s] -- Up-to-date: /home/user/data/drones_ship_ws/install/crazyflie_yolo/include/crazyflie_yolo/crazyflie_yolo/msg
[26.894s] -- Up-to-date: /home/user/data/drones_ship_ws/install/crazyflie_yolo/include/crazyflie_yolo/crazyflie_yolo/msg/detail
[26.894s] -- Installing: /home/user/data/drones_ship_ws/install/crazyflie_yolo/include/crazyflie_yolo/crazyflie_yolo/msg/detail/tracked_obstacle__rosidl_typesupport_introspection_cpp.hpp
[26.894s] -- Installing: /home/user/data/drones_ship_ws/install/crazyflie_yolo/include/crazyflie_yolo/crazyflie_yolo/msg/detail/tracked_obstacle_array__rosidl_typesupport_introspection_cpp.hpp
[26.894s] -- Installing: /home/user/data/drones_ship_ws/install/crazyflie_yolo/include/crazyflie_yolo/crazyflie_yolo/msg/detail/tracked_obstacle_array__type_support.cpp
[26.895s] -- Installing: /home/user/data/drones_ship_ws/install/crazyflie_yolo/include/crazyflie_yolo/crazyflie_yolo/msg/detail/tracked_obstacle__type_support.cpp
[26.895s] -- Installing: /home/user/data/drones_ship_ws/install/crazyflie_yolo/lib/libcrazyflie_yolo__rosidl_typesupport_introspection_cpp.so
[26.896s] -- Set non-toolchain portion of runtime path of "/home/user/data/drones_ship_ws/install/crazyflie_yolo/lib/libcrazyflie_yolo__rosidl_typesupport_introspection_cpp.so" to ""
[26.896s] -- Installing: /home/user/data/drones_ship_ws/install/crazyflie_yolo/lib/libcrazyflie_yolo__rosidl_typesupport_cpp.so
[26.899s] -- Set non-toolchain portion of runtime path of "/home/user/data/drones_ship_ws/install/crazyflie_yolo/lib/libcrazyflie_yolo__rosidl_typesupport_cpp.so" to ""
[26.900s] -- Installing: /home/user/data/drones_ship_ws/install/crazyflie_yolo/share/crazyflie_yolo/environment/pythonpath.sh
[26.900s] -- Installing: /home/user/data/drones_ship_ws/install/crazyflie_yolo/share/crazyflie_yolo/environment/pythonpath.dsv
[26.900s] -- Installing: /home/user/data/drones_ship_ws/install/crazyflie_yolo/lib/python3.12/site-packages/crazyflie_yolo-0.0.1-py3.12.egg-info
[26.900s] -- Installing: /home/user/data/drones_ship_ws/install/crazyflie_yolo/lib/python3.12/site-packages/crazyflie_yolo-0.0.1-py3.12.egg-info/SOURCES.txt
[26.901s] -- Installing: /home/user/data/drones_ship_ws/install/crazyflie_yolo/lib/python3.12/site-packages/crazyflie_yolo-0.0.1-py3.12.egg-info/dependency_links.txt
[26.901s] -- Installing: /home/user/data/drones_ship_ws/install/crazyflie_yolo/lib/python3.12/site-packages/crazyflie_yolo-0.0.1-py3.12.egg-info/top_level.txt
[26.901s] -- Installing: /home/user/data/drones_ship_ws/install/crazyflie_yolo/lib/python3.12/site-packages/crazyflie_yolo-0.0.1-py3.12.egg-info/PKG-INFO
[26.902s] -- Installing: /home/user/data/drones_ship_ws/install/crazyflie_yolo/lib/python3.12/site-packages/crazyflie_yolo
[26.902s] -- Installing: /home/user/data/drones_ship_ws/install/crazyflie_yolo/lib/python3.12/site-packages/crazyflie_yolo/msg
[26.902s] -- Installing: /home/user/data/drones_ship_ws/install/crazyflie_yolo/lib/python3.12/site-packages/crazyflie_yolo/msg/_tracked_obstacle_array.py
[26.905s] -- Installing: /home/user/data/drones_ship_ws/install/crazyflie_yolo/lib/python3.12/site-packages/crazyflie_yolo/msg/_tracked_obstacle_array_s.c
[26.906s] -- Installing: /home/user/data/drones_ship_ws/install/crazyflie_yolo/lib/python3.12/site-packages/crazyflie_yolo/msg/_tracked_obstacle.py
[26.906s] -- Installing: /home/user/data/drones_ship_ws/install/crazyflie_yolo/lib/python3.12/site-packages/crazyflie_yolo/msg/__init__.py
[26.906s] -- Installing: /home/user/data/drones_ship_ws/install/crazyflie_yolo/lib/python3.12/site-packages/crazyflie_yolo/msg/_tracked_obstacle_s.c
[26.906s] -- Installing: /home/user/data/drones_ship_ws/install/crazyflie_yolo/lib/python3.12/site-packages/crazyflie_yolo/_crazyflie_yolo_s.ep.rosidl_typesupport_fastrtps_c.c
[26.906s] -- Installing: /home/user/data/drones_ship_ws/install/crazyflie_yolo/lib/python3.12/site-packages/crazyflie_yolo/_crazyflie_yolo_s.ep.rosidl_typesupport_c.c
[26.907s] -- Installing: /home/user/data/drones_ship_ws/install/crazyflie_yolo/lib/python3.12/site-packages/crazyflie_yolo/_crazyflie_yolo_s.ep.rosidl_typesupport_introspection_c.c
[26.908s] -- Installing: /home/user/data/drones_ship_ws/install/crazyflie_yolo/lib/python3.12/site-packages/crazyflie_yolo/__init__.py
[26.908s] -- Installing: /home/user/data/drones_ship_ws/install/crazyflie_yolo/lib/python3.12/site-packages/crazyflie_yolo/crazyflie_yolo_s__rosidl_typesupport_introspection_c.so
[26.908s] -- Installing: /home/user/data/drones_ship_ws/install/crazyflie_yolo/lib/python3.12/site-packages/crazyflie_yolo/crazyflie_yolo_s__rosidl_typesupport_fastrtps_c.so
[26.908s] -- Installing: /home/user/data/drones_ship_ws/install/crazyflie_yolo/lib/python3.12/site-packages/crazyflie_yolo/crazyflie_yolo_s__rosidl_typesupport_c.so
[26.996s] Listing '/home/user/data/drones_ship_ws/install/crazyflie_yolo/lib/python3.12/site-packages/crazyflie_yolo'...
[26.997s] Compiling '/home/user/data/drones_ship_ws/install/crazyflie_yolo/lib/python3.12/site-packages/crazyflie_yolo/__init__.py'...
[26.997s] Listing '/home/user/data/drones_ship_ws/install/crazyflie_yolo/lib/python3.12/site-packages/crazyflie_yolo/msg'...
[26.997s] Compiling '/home/user/data/drones_ship_ws/install/crazyflie_yolo/lib/python3.12/site-packages/crazyflie_yolo/msg/__init__.py'...
[26.997s] Compiling '/home/user/data/drones_ship_ws/install/crazyflie_yolo/lib/python3.12/site-packages/crazyflie_yolo/msg/_tracked_obstacle.py'...
[26.997s] Compiling '/home/user/data/drones_ship_ws/install/crazyflie_yolo/lib/python3.12/site-packages/crazyflie_yolo/msg/_tracked_obstacle_array.py'...
[27.001s] -- Installing: /home/user/data/drones_ship_ws/install/crazyflie_yolo/lib/python3.12/site-packages/crazyflie_yolo/crazyflie_yolo_s__rosidl_typesupport_fastrtps_c.so
[27.002s] -- Set non-toolchain portion of runtime path of "/home/user/data/drones_ship_ws/install/crazyflie_yolo/lib/python3.12/site-packages/crazyflie_yolo/crazyflie_yolo_s__rosidl_typesupport_fastrtps_c.so" to ""
[27.002s] -- Installing: /home/user/data/drones_ship_ws/install/crazyflie_yolo/lib/python3.12/site-packages/crazyflie_yolo/crazyflie_yolo_s__rosidl_typesupport_introspection_c.so
[27.003s] -- Set non-toolchain portion of runtime path of "/home/user/data/drones_ship_ws/install/crazyflie_yolo/lib/python3.12/site-packages/crazyflie_yolo/crazyflie_yolo_s__rosidl_typesupport_introspection_c.so" to ""
[27.004s] -- Installing: /home/user/data/drones_ship_ws/install/crazyflie_yolo/lib/python3.12/site-packages/crazyflie_yolo/crazyflie_yolo_s__rosidl_typesupport_c.so
[27.004s] -- Set non-toolchain portion of runtime path of "/home/user/data/drones_ship_ws/install/crazyflie_yolo/lib/python3.12/site-packages/crazyflie_yolo/crazyflie_yolo_s__rosidl_typesupport_c.so" to ""
[27.005s] -- Installing: /home/user/data/drones_ship_ws/install/crazyflie_yolo/lib/libcrazyflie_yolo__rosidl_generator_py.so
[27.005s] -- Set non-toolchain portion of runtime path of "/home/user/data/drones_ship_ws/install/crazyflie_yolo/lib/libcrazyflie_yolo__rosidl_generator_py.so" to ""
[27.005s] -- Installing: /home/user/data/drones_ship_ws/install/crazyflie_yolo/share/crazyflie_yolo/msg/TrackedObstacle.idl
[27.006s] -- Installing: /home/user/data/drones_ship_ws/install/crazyflie_yolo/share/crazyflie_yolo/msg/TrackedObstacleArray.idl
[27.006s] -- Installing: /home/user/data/drones_ship_ws/install/crazyflie_yolo/share/crazyflie_yolo/msg/TrackedObstacle.msg
[27.006s] -- Installing: /home/user/data/drones_ship_ws/install/crazyflie_yolo/share/crazyflie_yolo/msg/TrackedObstacleArray.msg
[27.007s] -- Installing: /home/user/data/drones_ship_ws/install/crazyflie_yolo/lib/crazyflie_yolo/yolo_detector_node.py
[27.021s] -- Installing: /home/user/data/drones_ship_ws/install/crazyflie_yolo/lib/crazyflie_yolo/crazyflie_segmentation_yolo_node.py
[27.021s] -- Installing: /home/user/data/drones_ship_ws/install/crazyflie_yolo/share/crazyflie_yolo/launch
[27.021s] -- Installing: /home/user/data/drones_ship_ws/install/crazyflie_yolo/share/crazyflie_yolo/launch/crazyflie_stereo_track.launch.py
[27.024s] -- Installing: /home/user/data/drones_ship_ws/install/crazyflie_yolo/share/crazyflie_yolo/launch/all_drones_yolo_stereo_track.launch.py
[27.025s] -- Installing: /home/user/data/drones_ship_ws/install/crazyflie_yolo/share/crazyflie_yolo/launch/multi_drone_fusion.launch.py
[27.025s] -- Installing: /home/user/data/drones_ship_ws/install/crazyflie_yolo/lib/crazyflie_yolo/stereo_depth_node
[27.040s] -- Set non-toolchain portion of runtime path of "/home/user/data/drones_ship_ws/install/crazyflie_yolo/lib/crazyflie_yolo/stereo_depth_node" to ""
[27.042s] -- Installing: /home/user/data/drones_ship_ws/install/crazyflie_yolo/lib/crazyflie_yolo/container_localizer_node
[27.046s] -- Set non-toolchain portion of runtime path of "/home/user/data/drones_ship_ws/install/crazyflie_yolo/lib/crazyflie_yolo/container_localizer_node" to ""
[27.047s] -- Installing: /home/user/data/drones_ship_ws/install/crazyflie_yolo/lib/crazyflie_yolo/multi_obstacle_tracker_node
[27.059s] -- Set non-toolchain portion of runtime path of "/home/user/data/drones_ship_ws/install/crazyflie_yolo/lib/crazyflie_yolo/multi_obstacle_tracker_node" to ""
[27.060s] -- Installing: /home/user/data/drones_ship_ws/install/crazyflie_yolo/lib/crazyflie_yolo/multi_drone_fusion_node
[27.067s] -- Set non-toolchain portion of runtime path of "/home/user/data/drones_ship_ws/install/crazyflie_yolo/lib/crazyflie_yolo/multi_drone_fusion_node" to ""
[27.067s] -- Installing: /home/user/data/drones_ship_ws/install/crazyflie_yolo/lib/crazyflie_yolo/multi_obstacle_tracker_ekf_node
[27.080s] -- Set non-toolchain portion of runtime path of "/home/user/data/drones_ship_ws/install/crazyflie_yolo/lib/crazyflie_yolo/multi_obstacle_tracker_ekf_node" to ""
[27.080s] -- Installing: /home/user/data/drones_ship_ws/install/crazyflie_yolo/share/ament_index/resource_index/package_run_dependencies/crazyflie_yolo
[27.081s] -- Installing: /home/user/data/drones_ship_ws/install/crazyflie_yolo/share/ament_index/resource_index/parent_prefix_path/crazyflie_yolo
[27.081s] -- Installing: /home/user/data/drones_ship_ws/install/crazyflie_yolo/share/crazyflie_yolo/environment/ament_prefix_path.sh
[27.081s] -- Installing: /home/user/data/drones_ship_ws/install/crazyflie_yolo/share/crazyflie_yolo/environment/ament_prefix_path.dsv
[27.081s] -- Installing: /home/user/data/drones_ship_ws/install/crazyflie_yolo/share/crazyflie_yolo/environment/path.sh
[27.082s] -- Installing: /home/user/data/drones_ship_ws/install/crazyflie_yolo/share/crazyflie_yolo/environment/path.dsv
[27.082s] -- Installing: /home/user/data/drones_ship_ws/install/crazyflie_yolo/share/crazyflie_yolo/local_setup.bash
[27.082s] -- Installing: /home/user/data/drones_ship_ws/install/crazyflie_yolo/share/crazyflie_yolo/local_setup.sh
[27.082s] -- Installing: /home/user/data/drones_ship_ws/install/crazyflie_yolo/share/crazyflie_yolo/local_setup.zsh
[27.085s] -- Installing: /home/user/data/drones_ship_ws/install/crazyflie_yolo/share/crazyflie_yolo/local_setup.dsv
[27.087s] -- Installing: /home/user/data/drones_ship_ws/install/crazyflie_yolo/share/crazyflie_yolo/package.dsv
[27.087s] -- Installing: /home/user/data/drones_ship_ws/install/crazyflie_yolo/share/ament_index/resource_index/packages/crazyflie_yolo
[27.087s] -- Installing: /home/user/data/drones_ship_ws/install/crazyflie_yolo/share/crazyflie_yolo/cmake/export_crazyflie_yolo__rosidl_generator_cExport.cmake
[27.088s] -- Installing: /home/user/data/drones_ship_ws/install/crazyflie_yolo/share/crazyflie_yolo/cmake/export_crazyflie_yolo__rosidl_generator_cExport-noconfig.cmake
[27.088s] -- Installing: /home/user/data/drones_ship_ws/install/crazyflie_yolo/share/crazyflie_yolo/cmake/export_crazyflie_yolo__rosidl_typesupport_fastrtps_cExport.cmake
[27.088s] -- Installing: /home/user/data/drones_ship_ws/install/crazyflie_yolo/share/crazyflie_yolo/cmake/export_crazyflie_yolo__rosidl_typesupport_fastrtps_cExport-noconfig.cmake
[27.088s] -- Installing: /home/user/data/drones_ship_ws/install/crazyflie_yolo/share/crazyflie_yolo/cmake/crazyflie_yolo__rosidl_typesupport_introspection_cExport.cmake
[27.088s] -- Installing: /home/user/data/drones_ship_ws/install/crazyflie_yolo/share/crazyflie_yolo/cmake/crazyflie_yolo__rosidl_typesupport_introspection_cExport-noconfig.cmake
[27.089s] -- Installing: /home/user/data/drones_ship_ws/install/crazyflie_yolo/share/crazyflie_yolo/cmake/crazyflie_yolo__rosidl_typesupport_cExport.cmake
[27.089s] -- Installing: /home/user/data/drones_ship_ws/install/crazyflie_yolo/share/crazyflie_yolo/cmake/crazyflie_yolo__rosidl_typesupport_cExport-noconfig.cmake
[27.089s] -- Installing: /home/user/data/drones_ship_ws/install/crazyflie_yolo/share/crazyflie_yolo/cmake/export_crazyflie_yolo__rosidl_generator_cppExport.cmake
[27.094s] -- Installing: /home/user/data/drones_ship_ws/install/crazyflie_yolo/share/crazyflie_yolo/cmake/export_crazyflie_yolo__rosidl_typesupport_fastrtps_cppExport.cmake
[27.094s] -- Installing: /home/user/data/drones_ship_ws/install/crazyflie_yolo/share/crazyflie_yolo/cmake/export_crazyflie_yolo__rosidl_typesupport_fastrtps_cppExport-noconfig.cmake
[27.095s] -- Installing: /home/user/data/drones_ship_ws/install/crazyflie_yolo/share/crazyflie_yolo/cmake/crazyflie_yolo__rosidl_typesupport_introspection_cppExport.cmake
[27.095s] -- Installing: /home/user/data/drones_ship_ws/install/crazyflie_yolo/share/crazyflie_yolo/cmake/crazyflie_yolo__rosidl_typesupport_introspection_cppExport-noconfig.cmake
[27.095s] -- Installing: /home/user/data/drones_ship_ws/install/crazyflie_yolo/share/crazyflie_yolo/cmake/crazyflie_yolo__rosidl_typesupport_cppExport.cmake
[27.096s] -- Installing: /home/user/data/drones_ship_ws/install/crazyflie_yolo/share/crazyflie_yolo/cmake/crazyflie_yolo__rosidl_typesupport_cppExport-noconfig.cmake
[27.096s] -- Installing: /home/user/data/drones_ship_ws/install/crazyflie_yolo/share/crazyflie_yolo/cmake/export_crazyflie_yolo__rosidl_generator_pyExport.cmake
[27.096s] -- Installing: /home/user/data/drones_ship_ws/install/crazyflie_yolo/share/crazyflie_yolo/cmake/export_crazyflie_yolo__rosidl_generator_pyExport-noconfig.cmake
[27.096s] -- Installing: /home/user/data/drones_ship_ws/install/crazyflie_yolo/share/crazyflie_yolo/cmake/rosidl_cmake-extras.cmake
[27.096s] -- Installing: /home/user/data/drones_ship_ws/install/crazyflie_yolo/share/crazyflie_yolo/cmake/ament_cmake_export_dependencies-extras.cmake
[27.097s] -- Installing: /home/user/data/drones_ship_ws/install/crazyflie_yolo/share/crazyflie_yolo/cmake/ament_cmake_export_include_directories-extras.cmake
[27.097s] -- Installing: /home/user/data/drones_ship_ws/install/crazyflie_yolo/share/crazyflie_yolo/cmake/ament_cmake_export_libraries-extras.cmake
[27.097s] -- Installing: /home/user/data/drones_ship_ws/install/crazyflie_yolo/share/crazyflie_yolo/cmake/ament_cmake_export_targets-extras.cmake
[27.100s] -- Installing: /home/user/data/drones_ship_ws/install/crazyflie_yolo/share/crazyflie_yolo/cmake/rosidl_cmake_export_typesupport_targets-extras.cmake
[27.100s] -- Installing: /home/user/data/drones_ship_ws/install/crazyflie_yolo/share/crazyflie_yolo/cmake/rosidl_cmake_export_typesupport_libraries-extras.cmake
[27.101s] -- Installing: /home/user/data/drones_ship_ws/install/crazyflie_yolo/share/crazyflie_yolo/cmake/crazyflie_yoloConfig.cmake
[27.101s] -- Installing: /home/user/data/drones_ship_ws/install/crazyflie_yolo/share/crazyflie_yolo/cmake/crazyflie_yoloConfig-version.cmake
[27.101s] -- Installing: /home/user/data/drones_ship_ws/install/crazyflie_yolo/share/crazyflie_yolo/package.xml
[27.105s] Invoked command in '/home/user/data/drones_ship_ws/build/crazyflie_yolo' returned '0': CMAKE_PREFIX_PATH=${CMAKE_PREFIX_PATH}:/home/user/data/drones_ship_ws/install/ros_gz_crazyflie_control:/opt/ros/jazzy DEBUGINFOD_URLS=https://debuginfod.ubuntu.com /usr/bin/cmake --install /home/user/data/drones_ship_ws/build/crazyflie_yolo
