-- The C compiler identification is GNU 13.3.0
-- The CXX compiler identification is GNU 13.3.0
-- Detecting C compiler ABI info
-- Detecting C compiler ABI info - done
-- Check for working C compiler: /usr/lib/ccache/cc - skipped
-- Detecting C compile features
-- Detecting C compile features - done
-- Detecting CXX compiler ABI info
-- Detecting CXX compiler ABI info - done
-- Check for working CXX compiler: /usr/lib/ccache/c++ - skipped
-- Detecting CXX compile features
-- Detecting CXX compile features - done
-- Found ament_cmake: 2.5.3 (/opt/ros/jazzy/share/ament_cmake/cmake)
-- Found Python3: /usr/bin/python3 (found version "3.12.3") found components: Interpreter 
-- Compiling against Gazebo Harmonic
-- Looking for gz-msgs10 -- found version 10.3.2
-- Searching for dependencies of gz-msgs10
-- Found Protobuf: /usr/lib/x86_64-linux-gnu/libprotobuf.so (found version "3.21.12") 
-- Looking for gz-utils2 -- found version 2.2.1
-- Searching for dependencies of gz-utils2
-- Looking for gz-math7 -- found version 7.5.2
-- Searching for dependencies of gz-math7
-- Looking for gz-utils2 -- found version 2.2.1
-- Checking for module 'tinyxml2'
--   Found tinyxml2, version 10.0.0
-- Looking for gz-transport13 -- found version 13.4.1
-- Searching for dependencies of gz-transport13
-- Config-file not installed for ZeroMQ -- checking for pkg-config
-- Checking for module 'libzmq >= 4'
--   Found libzmq, version 4.3.5
-- Found ZeroMQ: TRUE (Required is at least version "4") 
-- Checking for module 'uuid'
--   Found uuid, version 2.39.3
-- Found UUID: TRUE  
-- Looking for gz-utils2 -- found version 2.2.1
-- Searching for dependencies of gz-utils2
-- Searching for <gz-utils2> component [cli]
-- Looking for gz-utils2-cli -- found version 2.2.1
-- Searching for dependencies of gz-utils2-cli
-- Looking for gz-msgs10 -- found version 10.3.2
-- Looking for gz-plugin2 -- found version 2.0.4
-- Searching for dependencies of gz-plugin2
-- Looking for gz-utils2 -- found version 2.2.1
-- Looking for gz-sim8 -- found version 8.9.0
-- Searching for dependencies of gz-sim8
-- Looking for sdformat14 -- found version 14.7.0
-- Searching for dependencies of sdformat14
-- Looking for gz-math7 -- found version 7.5.2
-- Looking for gz-utils2 -- found version 2.2.1
-- Looking for gz-plugin2 -- found version 2.0.4
-- Searching for dependencies of gz-plugin2
-- Looking for gz-utils2 -- found version 2.2.1
-- Searching for <gz-plugin2> component [loader]
-- Looking for gz-plugin2-loader -- found version 2.0.4
-- Searching for dependencies of gz-plugin2-loader
-- Searching for <gz-plugin2> component [register]
-- Looking for gz-plugin2-register -- found version 2.0.4
-- Searching for dependencies of gz-plugin2-register
-- Looking for gz-transport13 -- found version 13.4.1
-- Searching for dependencies of gz-transport13
-- Config-file not installed for ZeroMQ -- checking for pkg-config
-- Checking for module 'libzmq >= 4'
--   Found libzmq, version 4.3.5
-- Looking for gz-utils2 -- found version 2.2.1
-- Looking for gz-msgs10 -- found version 10.3.2
-- Searching for <gz-transport13> component [log]
-- Looking for gz-transport13-log -- found version 13.4.1
-- Searching for dependencies of gz-transport13-log
-- Searching for <gz-transport13> component [parameters]
-- Looking for gz-transport13-parameters -- found version 13.4.1
-- Searching for dependencies of gz-transport13-parameters
-- Looking for gz-msgs10 -- found version 10.3.2
-- Looking for gz-common5 -- found version 5.7.1
-- Searching for dependencies of gz-common5
-- Looking for gz-utils2 -- found version 2.2.1
-- Looking for dlfcn.h - found
-- Looking for libdl - found
-- Found DL: TRUE  
-- Searching for <gz-common5> component [av]
-- Looking for gz-common5-av -- found version 5.7.1
-- Searching for dependencies of gz-common5-av
-- Checking for module 'libswscale'
--   Found libswscale, version 7.5.100
-- Found SWSCALE: TRUE  
-- Checking for module 'libavdevice >= 56.4.100'
--   Found libavdevice, version 60.3.100
-- Found AVDEVICE: TRUE (Required is at least version "56.4.100") 
-- Checking for module 'libavformat'
--   Found libavformat, version 60.16.100
-- Found AVFORMAT: TRUE  
-- Checking for module 'libavcodec'
--   Found libavcodec, version 60.31.102
-- Found AVCODEC: TRUE  
-- Checking for module 'libavutil'
--   Found libavutil, version 58.29.100
-- Found AVUTIL: TRUE  
-- Searching for <gz-common5> component [events]
-- Looking for gz-common5-events -- found version 5.7.1
-- Searching for dependencies of gz-common5-events
-- Looking for gz-math7 -- found version 7.5.2
-- Searching for <gz-common5> component [graphics]
-- Looking for gz-common5-graphics -- found version 5.7.1
-- Searching for dependencies of gz-common5-graphics
-- Looking for gz-math7 -- found version 7.5.2
-- Found GzAssimp: TRUE (found version "5.3.0") 
-- Searching for <gz-common5> component [io]
-- Looking for gz-common5-io -- found version 5.7.1
-- Searching for dependencies of gz-common5-io
-- Searching for <gz-common5> component [profiler]
-- Looking for gz-common5-profiler -- found version 5.7.1
-- Searching for dependencies of gz-common5-profiler
-- Looking for gz-fuel_tools9 -- found version 9.1.1
-- Searching for dependencies of gz-fuel_tools9
-- Found CURL: /usr/lib/x86_64-linux-gnu/libcurl.so (found version "8.5.0")  
-- Checking for module 'jsoncpp'
--   Found jsoncpp, version 1.9.5
-- Found JSONCPP: TRUE  
-- Checking for module 'yaml-0.1'
--   Found yaml-0.1, version 0.2.5
-- Found YAML: TRUE  
-- Checking for module 'libzip'
--   Found libzip, version 1.7.3
-- Found ZIP: TRUE  
-- Looking for gz-utils2 -- found version 2.2.1
-- Looking for gz-common5 -- found version 5.7.1
-- Searching for dependencies of gz-common5
-- Looking for gz-utils2 -- found version 2.2.1
-- Looking for dlfcn.h - found
-- Looking for libdl - found
-- Searching for <gz-common5> component [testing]
-- Looking for gz-common5-testing -- found version 5.7.1
-- Searching for dependencies of gz-common5-testing
-- Looking for gz-math7 -- found version 7.5.2
-- Looking for gz-msgs10 -- found version 10.3.2
-- Looking for gz-gui8 -- found version 8.4.0
-- Searching for dependencies of gz-gui8
-- Looking for gz-utils2 -- found version 2.2.1
-- Looking for gz-math7 -- found version 7.5.2
-- Looking for gz-common5 -- found version 5.7.1
-- Looking for gz-plugin2 -- found version 2.0.4
-- Looking for gz-transport13 -- found version 13.4.1
-- Looking for gz-rendering8 -- found version 8.2.2
-- Searching for dependencies of gz-rendering8
-- Looking for gz-math7 -- found version 7.5.2
-- Searching for dependencies of gz-math7
-- Looking for gz-utils2 -- found version 2.2.1
-- Searching for <gz-math7> component [eigen3]
-- Looking for gz-math7-eigen3 -- found version 7.5.2
-- Searching for dependencies of gz-math7-eigen3
-- Looking for gz-common5 -- found version 5.7.1
-- Searching for dependencies of gz-common5
-- Looking for gz-utils2 -- found version 2.2.1
-- Looking for dlfcn.h - found
-- Looking for libdl - found
-- Searching for <gz-common5> component [graphics]
-- Searching for <gz-common5> component [events]
-- Searching for <gz-common5> component [geospatial]
-- Looking for gz-common5-geospatial -- found version 5.7.1
-- Searching for dependencies of gz-common5-geospatial
-- Looking for gz-math7 -- found version 7.5.2
-- Looking for gz-common5 -- found version 5.7.1
-- Looking for gz-plugin2 -- found version 2.0.4
-- Searching for dependencies of gz-plugin2
-- Looking for gz-utils2 -- found version 2.2.1
-- Searching for <gz-plugin2> component [all]
-- Looking for all libraries of gz-plugin2 -- found version 2.0.4
-- Looking for gz-plugin2 -- found version 2.0.4
-- Looking for gz-utils2 -- found version 2.2.1
-- Found OpenGL: /usr/lib/x86_64-linux-gnu/libOpenGL.so  found components: OpenGL 
-- Looking for gz-msgs10 -- found version 10.3.2
-- Looking for gz-physics7 -- found version 7.5.0
-- Searching for dependencies of gz-physics7
-- Looking for gz-common5 -- found version 5.7.1
-- Looking for gz-math7 -- found version 7.5.2
-- Looking for gz-plugin2 -- found version 2.0.4
-- Looking for gz-utils2 -- found version 2.2.1
-- Searching for <gz-physics7> component [heightmap]
-- Looking for gz-physics7-heightmap -- found version 7.5.0
-- Searching for dependencies of gz-physics7-heightmap
-- Looking for gz-common5 -- found version 5.7.1
-- Searching for <gz-physics7> component [mesh]
-- Looking for gz-physics7-mesh -- found version 7.5.0
-- Searching for dependencies of gz-physics7-mesh
-- Looking for gz-common5 -- found version 5.7.1
-- Searching for <gz-physics7> component [sdf]
-- Looking for gz-physics7-sdf -- found version 7.5.0
-- Searching for dependencies of gz-physics7-sdf
-- Looking for sdformat14 -- found version 14.7.0
-- Looking for gz-sensors8 -- found version 8.2.2
-- Searching for dependencies of gz-sensors8
-- Looking for gz-math7 -- found version 7.5.2
-- Looking for gz-common5 -- found version 5.7.1
-- Looking for gz-transport13 -- found version 13.4.1
-- Looking for gz-rendering8 -- found version 8.2.2
-- Looking for gz-msgs10 -- found version 10.3.2
-- Looking for sdformat14 -- found version 14.7.0
-- Searching for <gz-sensors8> component [air_pressure]
-- Looking for gz-sensors8-air_pressure -- found version 8.2.2
-- Searching for dependencies of gz-sensors8-air_pressure
-- Searching for <gz-sensors8> component [air_speed]
-- Looking for gz-sensors8-air_speed -- found version 8.2.2
-- Searching for dependencies of gz-sensors8-air_speed
-- Searching for <gz-sensors8> component [altimeter]
-- Looking for gz-sensors8-altimeter -- found version 8.2.2
-- Searching for dependencies of gz-sensors8-altimeter
-- Searching for <gz-sensors8> component [imu]
-- Looking for gz-sensors8-imu -- found version 8.2.2
-- Searching for dependencies of gz-sensors8-imu
-- Searching for <gz-sensors8> component [force_torque]
-- Looking for gz-sensors8-force_torque -- found version 8.2.2
-- Searching for dependencies of gz-sensors8-force_torque
-- Searching for <gz-sensors8> component [logical_camera]
-- Looking for gz-sensors8-logical_camera -- found version 8.2.2
-- Searching for dependencies of gz-sensors8-logical_camera
-- Searching for <gz-sensors8> component [magnetometer]
-- Looking for gz-sensors8-magnetometer -- found version 8.2.2
-- Searching for dependencies of gz-sensors8-magnetometer
-- Searching for <gz-sensors8> component [navsat]
-- Looking for gz-sensors8-navsat -- found version 8.2.2
-- Searching for dependencies of gz-sensors8-navsat
-- Searching for <gz-sensors8> component [dvl]
-- Looking for gz-sensors8-dvl -- found version 8.2.2
-- Searching for dependencies of gz-sensors8-dvl
-- Looking for gz-sensors8 -- found version 8.2.2
-- Searching for dependencies of gz-sensors8
-- Looking for gz-math7 -- found version 7.5.2
-- Looking for gz-common5 -- found version 5.7.1
-- Looking for gz-transport13 -- found version 13.4.1
-- Looking for gz-rendering8 -- found version 8.2.2
-- Looking for gz-msgs10 -- found version 10.3.2
-- Looking for sdformat14 -- found version 14.7.0
-- Searching for <gz-sensors8> component [rendering]
-- Looking for gz-sensors8-rendering -- found version 8.2.2
-- Searching for dependencies of gz-sensors8-rendering
-- Searching for <gz-sensors8> component [rendering]
-- Searching for <gz-sensors8> component [lidar]
-- Looking for gz-sensors8-lidar -- found version 8.2.2
-- Searching for dependencies of gz-sensors8-lidar
-- Looking for gz-sensors8 -- found version 8.2.2
-- Searching for <gz-sensors8> component [gpu_lidar]
-- Looking for gz-sensors8-gpu_lidar -- found version 8.2.2
-- Searching for dependencies of gz-sensors8-gpu_lidar
-- Looking for gz-sensors8 -- found version 8.2.2
-- Searching for <gz-sensors8> component [camera]
-- Looking for gz-sensors8-camera -- found version 8.2.2
-- Searching for dependencies of gz-sensors8-camera
-- Looking for gz-sensors8 -- found version 8.2.2
-- Searching for <gz-sensors8> component [boundingbox_camera]
-- Looking for gz-sensors8-boundingbox_camera -- found version 8.2.2
-- Searching for dependencies of gz-sensors8-boundingbox_camera
-- Searching for <gz-sensors8> component [segmentation_camera]
-- Looking for gz-sensors8-segmentation_camera -- found version 8.2.2
-- Searching for dependencies of gz-sensors8-segmentation_camera
-- Searching for <gz-sensors8> component [depth_camera]
-- Looking for gz-sensors8-depth_camera -- found version 8.2.2
-- Searching for dependencies of gz-sensors8-depth_camera
-- Looking for gz-sensors8 -- found version 8.2.2
-- Searching for <gz-sensors8> component [rgbd_camera]
-- Looking for gz-sensors8-rgbd_camera -- found version 8.2.2
-- Searching for dependencies of gz-sensors8-rgbd_camera
-- Looking for gz-sensors8 -- found version 8.2.2
-- Searching for <gz-sensors8> component [thermal_camera]
-- Looking for gz-sensors8-thermal_camera -- found version 8.2.2
-- Searching for dependencies of gz-sensors8-thermal_camera
-- Looking for gz-sensors8 -- found version 8.2.2
-- Searching for <gz-sensors8> component [wide_angle_camera]
-- Looking for gz-sensors8-wide_angle_camera -- found version 8.2.2
-- Searching for dependencies of gz-sensors8-wide_angle_camera
-- Looking for gz-rendering8 -- found version 8.2.2
-- Looking for gz-math7 -- found version 7.5.2
-- Looking for gz-utils2 -- found version 2.2.1
-- Looking for gz-common5 -- found version 5.7.1
-- Looking for gz-math7 -- found version 7.5.2
-- Looking for gz-rendering8 -- found version 8.2.2
-- Looking for gz-sensors8 -- found version 8.2.2
-- Looking for gz-utils2 -- found version 2.2.1
-- Looking for gz-fuel_tools9 -- found version 9.1.1
-- Found std_msgs: 5.3.6 (/opt/ros/jazzy/share/std_msgs/cmake)
-- Found rosidl_generator_c: 4.6.5 (/opt/ros/jazzy/share/rosidl_generator_c/cmake)
-- Found rosidl_generator_cpp: 4.6.5 (/opt/ros/jazzy/share/rosidl_generator_cpp/cmake)
-- Using all available rosidl_typesupport_c: rosidl_typesupport_fastrtps_c;rosidl_typesupport_introspection_c
-- Using all available rosidl_typesupport_cpp: rosidl_typesupport_fastrtps_cpp;rosidl_typesupport_introspection_cpp
-- Configuring done (6.6s)
-- Generating done (0.1s)
-- Build files have been written to: /home/user/data/ros2_ws/src/drone_ship/aquabot_gz/build/aquabot_gz
[  5%] [32mBuilding CXX object CMakeFiles/ScoringPlugin.dir/src/vrx/ScoringPlugin.cc.o[0m
[ 10%] [32mBuilding CXX object CMakeFiles/Waves.dir/src/vrx/Wavefield.cc.o[0m
[ 15%] [32m[1mLinking CXX shared library libScoringPlugin.so[0m
[ 21%] [32m[1mLinking CXX shared library libWaves.so[0m
[ 21%] Built target Waves
[ 21%] Built target ScoringPlugin
[ 36%] [32mBuilding CXX object CMakeFiles/USVWind.dir/src/vrx/USVWind.cc.o[0m
[ 36%] [32mBuilding CXX object CMakeFiles/Surface.dir/src/vrx/Surface.cc.o[0m
[ 31%] [32mBuilding CXX object CMakeFiles/WaveVisual.dir/src/vrx/WaveVisual.cc.o[0m
[ 42%] [32mBuilding CXX object CMakeFiles/WindturbinesInspectionScoringPlugin.dir/src/vrx/WaypointMarkers.cc.o[0m
[ 52%] [32mBuilding CXX object CMakeFiles/AcousticPingerPlugin.dir/src/vrx/AcousticPingerPlugin.cc.o[0m
[ 52%] [32mBuilding CXX object CMakeFiles/PublisherPlugin.dir/src/vrx/PublisherPlugin.cc.o[0m
[ 57%] [32mBuilding CXX object CMakeFiles/SimpleHydrodynamics.dir/src/vrx/SimpleHydrodynamics.cc.o[0m
[ 63%] [32m[1mLinking CXX shared library libSurface.so[0m
[ 68%] [32m[1mLinking CXX shared library libWaveVisual.so[0m
[ 73%] [32m[1mLinking CXX shared library libUSVWind.so[0m
[ 78%] [32mBuilding CXX object CMakeFiles/WindturbinesInspectionScoringPlugin.dir/src/WindturbinesInspectionScoringPlugin.cc.o[0m
[ 84%] [32m[1mLinking CXX shared library libAcousticPingerPlugin.so[0m
[ 89%] [32m[1mLinking CXX shared library libPublisherPlugin.so[0m
[ 94%] [32m[1mLinking CXX shared library libWindturbinesInspectionScoringPlugin.so[0m
[100%] [32m[1mLinking CXX shared library libSimpleHydrodynamics.so[0m
[100%] Built target USVWind
[100%] Built target WaveVisual
[100%] Built target PublisherPlugin
[100%] Built target SimpleHydrodynamics
[100%] Built target Surface
[100%] Built target AcousticPingerPlugin
[100%] Built target WindturbinesInspectionScoringPlugin
-- Install configuration: ""
-- Installing: /home/user/data/ros2_ws/src/drone_ship/aquabot_gz/install/aquabot_gz/share/aquabot_gz/environment/resource_paths.dsv
-- Installing: /home/user/data/ros2_ws/src/drone_ship/aquabot_gz/install/aquabot_gz/lib/libWaves.so
-- Set non-toolchain portion of runtime path of "/home/user/data/ros2_ws/src/drone_ship/aquabot_gz/install/aquabot_gz/lib/libWaves.so" to ""
-- Installing: /home/user/data/ros2_ws/src/drone_ship/aquabot_gz/install/aquabot_gz/lib/libScoringPlugin.so
-- Set non-toolchain portion of runtime path of "/home/user/data/ros2_ws/src/drone_ship/aquabot_gz/install/aquabot_gz/lib/libScoringPlugin.so" to ""
-- Installing: /home/user/data/ros2_ws/src/drone_ship/aquabot_gz/install/aquabot_gz/share/aquabot_gz/rviz
-- Installing: /home/user/data/ros2_ws/src/drone_ship/aquabot_gz/install/aquabot_gz/share/aquabot_gz/rviz/aquabot.rviz
-- Installing: /home/user/data/ros2_ws/src/drone_ship/aquabot_gz/install/aquabot_gz/lib/libPublisherPlugin.so
-- Set non-toolchain portion of runtime path of "/home/user/data/ros2_ws/src/drone_ship/aquabot_gz/install/aquabot_gz/lib/libPublisherPlugin.so" to ""
-- Installing: /home/user/data/ros2_ws/src/drone_ship/aquabot_gz/install/aquabot_gz/lib/libAcousticPingerPlugin.so
-- Set non-toolchain portion of runtime path of "/home/user/data/ros2_ws/src/drone_ship/aquabot_gz/install/aquabot_gz/lib/libAcousticPingerPlugin.so" to ""
-- Installing: /home/user/data/ros2_ws/src/drone_ship/aquabot_gz/install/aquabot_gz/lib/libSimpleHydrodynamics.so
-- Set non-toolchain portion of runtime path of "/home/user/data/ros2_ws/src/drone_ship/aquabot_gz/install/aquabot_gz/lib/libSimpleHydrodynamics.so" to ""
-- Installing: /home/user/data/ros2_ws/src/drone_ship/aquabot_gz/install/aquabot_gz/lib/libSurface.so
-- Set non-toolchain portion of runtime path of "/home/user/data/ros2_ws/src/drone_ship/aquabot_gz/install/aquabot_gz/lib/libSurface.so" to ""
-- Installing: /home/user/data/ros2_ws/src/drone_ship/aquabot_gz/install/aquabot_gz/lib/libUSVWind.so
-- Set non-toolchain portion of runtime path of "/home/user/data/ros2_ws/src/drone_ship/aquabot_gz/install/aquabot_gz/lib/libUSVWind.so" to ""
-- Installing: /home/user/data/ros2_ws/src/drone_ship/aquabot_gz/install/aquabot_gz/lib/libWaveVisual.so
-- Set non-toolchain portion of runtime path of "/home/user/data/ros2_ws/src/drone_ship/aquabot_gz/install/aquabot_gz/lib/libWaveVisual.so" to ""
-- Installing: /home/user/data/ros2_ws/src/drone_ship/aquabot_gz/install/aquabot_gz/lib/libWindturbinesInspectionScoringPlugin.so
-- Set non-toolchain portion of runtime path of "/home/user/data/ros2_ws/src/drone_ship/aquabot_gz/install/aquabot_gz/lib/libWindturbinesInspectionScoringPlugin.so" to ""
-- Installing: /home/user/data/ros2_ws/src/drone_ship/aquabot_gz/install/aquabot_gz/share/aquabot_gz/launch
-- Installing: /home/user/data/ros2_ws/src/drone_ship/aquabot_gz/install/aquabot_gz/share/aquabot_gz/launch/turbines_launch.py
-- Installing: /home/user/data/ros2_ws/src/drone_ship/aquabot_gz/install/aquabot_gz/share/aquabot_gz/models
-- Installing: /home/user/data/ros2_ws/src/drone_ship/aquabot_gz/install/aquabot_gz/share/aquabot_gz/models/aquabot_marker_1_KO
-- Installing: /home/user/data/ros2_ws/src/drone_ship/aquabot_gz/install/aquabot_gz/share/aquabot_gz/models/aquabot_marker_1_KO/materials
-- Installing: /home/user/data/ros2_ws/src/drone_ship/aquabot_gz/install/aquabot_gz/share/aquabot_gz/models/aquabot_marker_1_KO/materials/textures
-- Installing: /home/user/data/ros2_ws/src/drone_ship/aquabot_gz/install/aquabot_gz/share/aquabot_gz/models/aquabot_marker_1_KO/materials/textures/aquabot_marker_1_KO.png
-- Installing: /home/user/data/ros2_ws/src/drone_ship/aquabot_gz/install/aquabot_gz/share/aquabot_gz/models/aquabot_marker_1_KO/materials/textures/Marker0.png
-- Installing: /home/user/data/ros2_ws/src/drone_ship/aquabot_gz/install/aquabot_gz/share/aquabot_gz/models/aquabot_marker_1_KO/model.sdf
-- Installing: /home/user/data/ros2_ws/src/drone_ship/aquabot_gz/install/aquabot_gz/share/aquabot_gz/models/aquabot_marker_1_KO/meshes
-- Installing: /home/user/data/ros2_ws/src/drone_ship/aquabot_gz/install/aquabot_gz/share/aquabot_gz/models/aquabot_marker_1_KO/meshes/Marker0.dae
-- Installing: /home/user/data/ros2_ws/src/drone_ship/aquabot_gz/install/aquabot_gz/share/aquabot_gz/models/aquabot_marker_1_KO/model.config
-- Installing: /home/user/data/ros2_ws/src/drone_ship/aquabot_gz/install/aquabot_gz/share/aquabot_gz/models/aquabot_windturbine_rotor
-- Installing: /home/user/data/ros2_ws/src/drone_ship/aquabot_gz/install/aquabot_gz/share/aquabot_gz/models/aquabot_windturbine_rotor/mesh
-- Installing: /home/user/data/ros2_ws/src/drone_ship/aquabot_gz/install/aquabot_gz/share/aquabot_gz/models/aquabot_windturbine_rotor/mesh/rotor.dae
-- Installing: /home/user/data/ros2_ws/src/drone_ship/aquabot_gz/install/aquabot_gz/share/aquabot_gz/models/aquabot_windturbine_rotor/model.sdf
-- Installing: /home/user/data/ros2_ws/src/drone_ship/aquabot_gz/install/aquabot_gz/share/aquabot_gz/models/aquabot_windturbine_rotor/model.config
-- Installing: /home/user/data/ros2_ws/src/drone_ship/aquabot_gz/install/aquabot_gz/share/aquabot_gz/models/aquabot_marker_7_KO
-- Installing: /home/user/data/ros2_ws/src/drone_ship/aquabot_gz/install/aquabot_gz/share/aquabot_gz/models/aquabot_marker_7_KO/materials
-- Installing: /home/user/data/ros2_ws/src/drone_ship/aquabot_gz/install/aquabot_gz/share/aquabot_gz/models/aquabot_marker_7_KO/materials/textures
-- Installing: /home/user/data/ros2_ws/src/drone_ship/aquabot_gz/install/aquabot_gz/share/aquabot_gz/models/aquabot_marker_7_KO/materials/textures/aquabot_marker_7_KO.png
-- Installing: /home/user/data/ros2_ws/src/drone_ship/aquabot_gz/install/aquabot_gz/share/aquabot_gz/models/aquabot_marker_7_KO/materials/textures/Marker0.png
-- Installing: /home/user/data/ros2_ws/src/drone_ship/aquabot_gz/install/aquabot_gz/share/aquabot_gz/models/aquabot_marker_7_KO/model.sdf
-- Installing: /home/user/data/ros2_ws/src/drone_ship/aquabot_gz/install/aquabot_gz/share/aquabot_gz/models/aquabot_marker_7_KO/meshes
-- Installing: /home/user/data/ros2_ws/src/drone_ship/aquabot_gz/install/aquabot_gz/share/aquabot_gz/models/aquabot_marker_7_KO/meshes/Marker0.dae
-- Installing: /home/user/data/ros2_ws/src/drone_ship/aquabot_gz/install/aquabot_gz/share/aquabot_gz/models/aquabot_marker_7_KO/model.config
-- Installing: /home/user/data/ros2_ws/src/drone_ship/aquabot_gz/install/aquabot_gz/share/aquabot_gz/models/aquabot_greenboat
-- Installing: /home/user/data/ros2_ws/src/drone_ship/aquabot_gz/install/aquabot_gz/share/aquabot_gz/models/aquabot_greenboat/mesh
-- Installing: /home/user/data/ros2_ws/src/drone_ship/aquabot_gz/install/aquabot_gz/share/aquabot_gz/models/aquabot_greenboat/mesh/greenboat.dae
-- Installing: /home/user/data/ros2_ws/src/drone_ship/aquabot_gz/install/aquabot_gz/share/aquabot_gz/models/aquabot_greenboat/model.sdf
-- Installing: /home/user/data/ros2_ws/src/drone_ship/aquabot_gz/install/aquabot_gz/share/aquabot_gz/models/aquabot_greenboat/model.config
-- Installing: /home/user/data/ros2_ws/src/drone_ship/aquabot_gz/install/aquabot_gz/share/aquabot_gz/models/aquabot_marker_9_KO
-- Installing: /home/user/data/ros2_ws/src/drone_ship/aquabot_gz/install/aquabot_gz/share/aquabot_gz/models/aquabot_marker_9_KO/materials
-- Installing: /home/user/data/ros2_ws/src/drone_ship/aquabot_gz/install/aquabot_gz/share/aquabot_gz/models/aquabot_marker_9_KO/materials/textures
-- Installing: /home/user/data/ros2_ws/src/drone_ship/aquabot_gz/install/aquabot_gz/share/aquabot_gz/models/aquabot_marker_9_KO/materials/textures/Marker0.png
-- Installing: /home/user/data/ros2_ws/src/drone_ship/aquabot_gz/install/aquabot_gz/share/aquabot_gz/models/aquabot_marker_9_KO/materials/textures/aquabot_marker_9_KO.png
-- Installing: /home/user/data/ros2_ws/src/drone_ship/aquabot_gz/install/aquabot_gz/share/aquabot_gz/models/aquabot_marker_9_KO/model.sdf
-- Installing: /home/user/data/ros2_ws/src/drone_ship/aquabot_gz/install/aquabot_gz/share/aquabot_gz/models/aquabot_marker_9_KO/meshes
-- Installing: /home/user/data/ros2_ws/src/drone_ship/aquabot_gz/install/aquabot_gz/share/aquabot_gz/models/aquabot_marker_9_KO/meshes/Marker0.dae
-- Installing: /home/user/data/ros2_ws/src/drone_ship/aquabot_gz/install/aquabot_gz/share/aquabot_gz/models/aquabot_marker_9_KO/model.config
-- Installing: /home/user/data/ros2_ws/src/drone_ship/aquabot_gz/install/aquabot_gz/share/aquabot_gz/models/aquabot_lighthouse_island
-- Installing: /home/user/data/ros2_ws/src/drone_ship/aquabot_gz/install/aquabot_gz/share/aquabot_gz/models/aquabot_lighthouse_island/model.sdf
-- Installing: /home/user/data/ros2_ws/src/drone_ship/aquabot_gz/install/aquabot_gz/share/aquabot_gz/models/aquabot_lighthouse_island/model.config
-- Installing: /home/user/data/ros2_ws/src/drone_ship/aquabot_gz/install/aquabot_gz/share/aquabot_gz/models/aquabot_rock_island_1
-- Installing: /home/user/data/ros2_ws/src/drone_ship/aquabot_gz/install/aquabot_gz/share/aquabot_gz/models/aquabot_rock_island_1/model.sdf
-- Installing: /home/user/data/ros2_ws/src/drone_ship/aquabot_gz/install/aquabot_gz/share/aquabot_gz/models/aquabot_rock_island_1/model.config
-- Installing: /home/user/data/ros2_ws/src/drone_ship/aquabot_gz/install/aquabot_gz/share/aquabot_gz/models/aquabot_marker_8_KO
-- Installing: /home/user/data/ros2_ws/src/drone_ship/aquabot_gz/install/aquabot_gz/share/aquabot_gz/models/aquabot_marker_8_KO/materials
-- Installing: /home/user/data/ros2_ws/src/drone_ship/aquabot_gz/install/aquabot_gz/share/aquabot_gz/models/aquabot_marker_8_KO/materials/textures
-- Installing: /home/user/data/ros2_ws/src/drone_ship/aquabot_gz/install/aquabot_gz/share/aquabot_gz/models/aquabot_marker_8_KO/materials/textures/Marker0.png
-- Installing: /home/user/data/ros2_ws/src/drone_ship/aquabot_gz/install/aquabot_gz/share/aquabot_gz/models/aquabot_marker_8_KO/materials/textures/aquabot_marker_8_KO.png
-- Installing: /home/user/data/ros2_ws/src/drone_ship/aquabot_gz/install/aquabot_gz/share/aquabot_gz/models/aquabot_marker_8_KO/model.sdf
-- Installing: /home/user/data/ros2_ws/src/drone_ship/aquabot_gz/install/aquabot_gz/share/aquabot_gz/models/aquabot_marker_8_KO/meshes
-- Installing: /home/user/data/ros2_ws/src/drone_ship/aquabot_gz/install/aquabot_gz/share/aquabot_gz/models/aquabot_marker_8_KO/meshes/Marker0.dae
-- Installing: /home/user/data/ros2_ws/src/drone_ship/aquabot_gz/install/aquabot_gz/share/aquabot_gz/models/aquabot_marker_8_KO/model.config
-- Installing: /home/user/data/ros2_ws/src/drone_ship/aquabot_gz/install/aquabot_gz/share/aquabot_gz/models/coast_waves
-- Installing: /home/user/data/ros2_ws/src/drone_ship/aquabot_gz/install/aquabot_gz/share/aquabot_gz/models/coast_waves/materials
-- Installing: /home/user/data/ros2_ws/src/drone_ship/aquabot_gz/install/aquabot_gz/share/aquabot_gz/models/coast_waves/materials/textures
-- Installing: /home/user/data/ros2_ws/src/drone_ship/aquabot_gz/install/aquabot_gz/share/aquabot_gz/models/coast_waves/materials/textures/skybox_lowres.dds
-- Installing: /home/user/data/ros2_ws/src/drone_ship/aquabot_gz/install/aquabot_gz/share/aquabot_gz/models/coast_waves/materials/textures/wave_normals.dds
-- Installing: /home/user/data/ros2_ws/src/drone_ship/aquabot_gz/install/aquabot_gz/share/aquabot_gz/models/coast_waves/materials/programs
-- Installing: /home/user/data/ros2_ws/src/drone_ship/aquabot_gz/install/aquabot_gz/share/aquabot_gz/models/coast_waves/materials/programs/GerstnerWaves_fs_330.glsl
-- Installing: /home/user/data/ros2_ws/src/drone_ship/aquabot_gz/install/aquabot_gz/share/aquabot_gz/models/coast_waves/materials/programs/GerstnerWaves_vs_330.glsl
-- Installing: /home/user/data/ros2_ws/src/drone_ship/aquabot_gz/install/aquabot_gz/share/aquabot_gz/models/coast_waves/model.sdf
-- Installing: /home/user/data/ros2_ws/src/drone_ship/aquabot_gz/install/aquabot_gz/share/aquabot_gz/models/coast_waves/meshes
-- Installing: /home/user/data/ros2_ws/src/drone_ship/aquabot_gz/install/aquabot_gz/share/aquabot_gz/models/coast_waves/meshes/waterlow.dae
-- Installing: /home/user/data/ros2_ws/src/drone_ship/aquabot_gz/install/aquabot_gz/share/aquabot_gz/models/coast_waves/model.config
-- Installing: /home/user/data/ros2_ws/src/drone_ship/aquabot_gz/install/aquabot_gz/share/aquabot_gz/models/aquabot_grass
-- Installing: /home/user/data/ros2_ws/src/drone_ship/aquabot_gz/install/aquabot_gz/share/aquabot_gz/models/aquabot_grass/mesh
-- Installing: /home/user/data/ros2_ws/src/drone_ship/aquabot_gz/install/aquabot_gz/share/aquabot_gz/models/aquabot_grass/mesh/grass.dae
-- Installing: /home/user/data/ros2_ws/src/drone_ship/aquabot_gz/install/aquabot_gz/share/aquabot_gz/models/aquabot_grass/model.sdf
-- Installing: /home/user/data/ros2_ws/src/drone_ship/aquabot_gz/install/aquabot_gz/share/aquabot_gz/models/aquabot_grass/model.config
-- Installing: /home/user/data/ros2_ws/src/drone_ship/aquabot_gz/install/aquabot_gz/share/aquabot_gz/models/aquabot_island
-- Installing: /home/user/data/ros2_ws/src/drone_ship/aquabot_gz/install/aquabot_gz/share/aquabot_gz/models/aquabot_island/model.sdf
-- Installing: /home/user/data/ros2_ws/src/drone_ship/aquabot_gz/install/aquabot_gz/share/aquabot_gz/models/aquabot_island/model.config
-- Installing: /home/user/data/ros2_ws/src/drone_ship/aquabot_gz/install/aquabot_gz/share/aquabot_gz/models/aquabot_regatta_no_obstacles_world
-- Installing: /home/user/data/ros2_ws/src/drone_ship/aquabot_gz/install/aquabot_gz/share/aquabot_gz/models/aquabot_regatta_no_obstacles_world/model.sdf
-- Installing: /home/user/data/ros2_ws/src/drone_ship/aquabot_gz/install/aquabot_gz/share/aquabot_gz/models/aquabot_regatta_no_obstacles_world/model.config
-- Installing: /home/user/data/ros2_ws/src/drone_ship/aquabot_gz/install/aquabot_gz/share/aquabot_gz/models/aquabot_marker_4_KO
-- Installing: /home/user/data/ros2_ws/src/drone_ship/aquabot_gz/install/aquabot_gz/share/aquabot_gz/models/aquabot_marker_4_KO/materials
-- Installing: /home/user/data/ros2_ws/src/drone_ship/aquabot_gz/install/aquabot_gz/share/aquabot_gz/models/aquabot_marker_4_KO/materials/textures
-- Installing: /home/user/data/ros2_ws/src/drone_ship/aquabot_gz/install/aquabot_gz/share/aquabot_gz/models/aquabot_marker_4_KO/materials/textures/aquabot_marker_4_KO.png
-- Installing: /home/user/data/ros2_ws/src/drone_ship/aquabot_gz/install/aquabot_gz/share/aquabot_gz/models/aquabot_marker_4_KO/materials/textures/Marker0.png
-- Installing: /home/user/data/ros2_ws/src/drone_ship/aquabot_gz/install/aquabot_gz/share/aquabot_gz/models/aquabot_marker_4_KO/model.sdf
-- Installing: /home/user/data/ros2_ws/src/drone_ship/aquabot_gz/install/aquabot_gz/share/aquabot_gz/models/aquabot_marker_4_KO/meshes
-- Installing: /home/user/data/ros2_ws/src/drone_ship/aquabot_gz/install/aquabot_gz/share/aquabot_gz/models/aquabot_marker_4_KO/meshes/Marker0.dae
-- Installing: /home/user/data/ros2_ws/src/drone_ship/aquabot_gz/install/aquabot_gz/share/aquabot_gz/models/aquabot_marker_4_KO/model.config
-- Installing: /home/user/data/ros2_ws/src/drone_ship/aquabot_gz/install/aquabot_gz/share/aquabot_gz/models/aquabot_marker_2_OK
-- Installing: /home/user/data/ros2_ws/src/drone_ship/aquabot_gz/install/aquabot_gz/share/aquabot_gz/models/aquabot_marker_2_OK/materials
-- Installing: /home/user/data/ros2_ws/src/drone_ship/aquabot_gz/install/aquabot_gz/share/aquabot_gz/models/aquabot_marker_2_OK/materials/textures
-- Installing: /home/user/data/ros2_ws/src/drone_ship/aquabot_gz/install/aquabot_gz/share/aquabot_gz/models/aquabot_marker_2_OK/materials/textures/aquabot_marker_2_OK.png
-- Installing: /home/user/data/ros2_ws/src/drone_ship/aquabot_gz/install/aquabot_gz/share/aquabot_gz/models/aquabot_marker_2_OK/materials/textures/Marker0.png
-- Installing: /home/user/data/ros2_ws/src/drone_ship/aquabot_gz/install/aquabot_gz/share/aquabot_gz/models/aquabot_marker_2_OK/model.sdf
-- Installing: /home/user/data/ros2_ws/src/drone_ship/aquabot_gz/install/aquabot_gz/share/aquabot_gz/models/aquabot_marker_2_OK/meshes
-- Installing: /home/user/data/ros2_ws/src/drone_ship/aquabot_gz/install/aquabot_gz/share/aquabot_gz/models/aquabot_marker_2_OK/meshes/Marker0.dae
-- Installing: /home/user/data/ros2_ws/src/drone_ship/aquabot_gz/install/aquabot_gz/share/aquabot_gz/models/aquabot_marker_2_OK/model.config
-- Installing: /home/user/data/ros2_ws/src/drone_ship/aquabot_gz/install/aquabot_gz/share/aquabot_gz/models/aquabot_marker_2_KO
-- Installing: /home/user/data/ros2_ws/src/drone_ship/aquabot_gz/install/aquabot_gz/share/aquabot_gz/models/aquabot_marker_2_KO/materials
-- Installing: /home/user/data/ros2_ws/src/drone_ship/aquabot_gz/install/aquabot_gz/share/aquabot_gz/models/aquabot_marker_2_KO/materials/textures
-- Installing: /home/user/data/ros2_ws/src/drone_ship/aquabot_gz/install/aquabot_gz/share/aquabot_gz/models/aquabot_marker_2_KO/materials/textures/aquabot_marker_2_KO.png
-- Installing: /home/user/data/ros2_ws/src/drone_ship/aquabot_gz/install/aquabot_gz/share/aquabot_gz/models/aquabot_marker_2_KO/materials/textures/Marker0.png
-- Installing: /home/user/data/ros2_ws/src/drone_ship/aquabot_gz/install/aquabot_gz/share/aquabot_gz/models/aquabot_marker_2_KO/model.sdf
-- Installing: /home/user/data/ros2_ws/src/drone_ship/aquabot_gz/install/aquabot_gz/share/aquabot_gz/models/aquabot_marker_2_KO/meshes
-- Installing: /home/user/data/ros2_ws/src/drone_ship/aquabot_gz/install/aquabot_gz/share/aquabot_gz/models/aquabot_marker_2_KO/meshes/Marker0.dae
-- Installing: /home/user/data/ros2_ws/src/drone_ship/aquabot_gz/install/aquabot_gz/share/aquabot_gz/models/aquabot_marker_2_KO/model.config
-- Installing: /home/user/data/ros2_ws/src/drone_ship/aquabot_gz/install/aquabot_gz/share/aquabot_gz/models/aquabot_sapling
-- Installing: /home/user/data/ros2_ws/src/drone_ship/aquabot_gz/install/aquabot_gz/share/aquabot_gz/models/aquabot_sapling/mesh
-- Installing: /home/user/data/ros2_ws/src/drone_ship/aquabot_gz/install/aquabot_gz/share/aquabot_gz/models/aquabot_sapling/mesh/sapling.dae
-- Installing: /home/user/data/ros2_ws/src/drone_ship/aquabot_gz/install/aquabot_gz/share/aquabot_gz/models/aquabot_sapling/model.sdf
-- Installing: /home/user/data/ros2_ws/src/drone_ship/aquabot_gz/install/aquabot_gz/share/aquabot_gz/models/aquabot_sapling/model.config
-- Installing: /home/user/data/ros2_ws/src/drone_ship/aquabot_gz/install/aquabot_gz/share/aquabot_gz/models/aquabot_marker_4_OK
-- Installing: /home/user/data/ros2_ws/src/drone_ship/aquabot_gz/install/aquabot_gz/share/aquabot_gz/models/aquabot_marker_4_OK/materials
-- Installing: /home/user/data/ros2_ws/src/drone_ship/aquabot_gz/install/aquabot_gz/share/aquabot_gz/models/aquabot_marker_4_OK/materials/textures
-- Installing: /home/user/data/ros2_ws/src/drone_ship/aquabot_gz/install/aquabot_gz/share/aquabot_gz/models/aquabot_marker_4_OK/materials/textures/aquabot_marker_4_OK.png
-- Installing: /home/user/data/ros2_ws/src/drone_ship/aquabot_gz/install/aquabot_gz/share/aquabot_gz/models/aquabot_marker_4_OK/materials/textures/Marker0.png
-- Installing: /home/user/data/ros2_ws/src/drone_ship/aquabot_gz/install/aquabot_gz/share/aquabot_gz/models/aquabot_marker_4_OK/model.sdf
-- Installing: /home/user/data/ros2_ws/src/drone_ship/aquabot_gz/install/aquabot_gz/share/aquabot_gz/models/aquabot_marker_4_OK/meshes
-- Installing: /home/user/data/ros2_ws/src/drone_ship/aquabot_gz/install/aquabot_gz/share/aquabot_gz/models/aquabot_marker_4_OK/meshes/Marker0.dae
-- Installing: /home/user/data/ros2_ws/src/drone_ship/aquabot_gz/install/aquabot_gz/share/aquabot_gz/models/aquabot_marker_4_OK/model.config
-- Installing: /home/user/data/ros2_ws/src/drone_ship/aquabot_gz/install/aquabot_gz/share/aquabot_gz/models/aquabot_sonar_buoy
-- Installing: /home/user/data/ros2_ws/src/drone_ship/aquabot_gz/install/aquabot_gz/share/aquabot_gz/models/aquabot_sonar_buoy/mesh
-- Installing: /home/user/data/ros2_ws/src/drone_ship/aquabot_gz/install/aquabot_gz/share/aquabot_gz/models/aquabot_sonar_buoy/mesh/sonar_buoy.dae
-- Installing: /home/user/data/ros2_ws/src/drone_ship/aquabot_gz/install/aquabot_gz/share/aquabot_gz/models/aquabot_sonar_buoy/model.sdf
-- Installing: /home/user/data/ros2_ws/src/drone_ship/aquabot_gz/install/aquabot_gz/share/aquabot_gz/models/aquabot_sonar_buoy/model.config
-- Installing: /home/user/data/ros2_ws/src/drone_ship/aquabot_gz/install/aquabot_gz/share/aquabot_gz/models/aquabot_rock
-- Installing: /home/user/data/ros2_ws/src/drone_ship/aquabot_gz/install/aquabot_gz/share/aquabot_gz/models/aquabot_rock/mesh
-- Installing: /home/user/data/ros2_ws/src/drone_ship/aquabot_gz/install/aquabot_gz/share/aquabot_gz/models/aquabot_rock/mesh/rock.dae
-- Installing: /home/user/data/ros2_ws/src/drone_ship/aquabot_gz/install/aquabot_gz/share/aquabot_gz/models/aquabot_rock/model.sdf
-- Installing: /home/user/data/ros2_ws/src/drone_ship/aquabot_gz/install/aquabot_gz/share/aquabot_gz/models/aquabot_rock/model.config
-- Installing: /home/user/data/ros2_ws/src/drone_ship/aquabot_gz/install/aquabot_gz/share/aquabot_gz/models/aquabot_marker_8_OK
-- Installing: /home/user/data/ros2_ws/src/drone_ship/aquabot_gz/install/aquabot_gz/share/aquabot_gz/models/aquabot_marker_8_OK/materials
-- Installing: /home/user/data/ros2_ws/src/drone_ship/aquabot_gz/install/aquabot_gz/share/aquabot_gz/models/aquabot_marker_8_OK/materials/textures
-- Installing: /home/user/data/ros2_ws/src/drone_ship/aquabot_gz/install/aquabot_gz/share/aquabot_gz/models/aquabot_marker_8_OK/materials/textures/Marker0.png
-- Installing: /home/user/data/ros2_ws/src/drone_ship/aquabot_gz/install/aquabot_gz/share/aquabot_gz/models/aquabot_marker_8_OK/materials/textures/aquabot_marker_8_OK.png
-- Installing: /home/user/data/ros2_ws/src/drone_ship/aquabot_gz/install/aquabot_gz/share/aquabot_gz/models/aquabot_marker_8_OK/model.sdf
-- Installing: /home/user/data/ros2_ws/src/drone_ship/aquabot_gz/install/aquabot_gz/share/aquabot_gz/models/aquabot_marker_8_OK/meshes
-- Installing: /home/user/data/ros2_ws/src/drone_ship/aquabot_gz/install/aquabot_gz/share/aquabot_gz/models/aquabot_marker_8_OK/meshes/Marker0.dae
-- Installing: /home/user/data/ros2_ws/src/drone_ship/aquabot_gz/install/aquabot_gz/share/aquabot_gz/models/aquabot_marker_8_OK/model.config
-- Installing: /home/user/data/ros2_ws/src/drone_ship/aquabot_gz/install/aquabot_gz/share/aquabot_gz/models/aquabot_marker_6_KO
-- Installing: /home/user/data/ros2_ws/src/drone_ship/aquabot_gz/install/aquabot_gz/share/aquabot_gz/models/aquabot_marker_6_KO/materials
-- Installing: /home/user/data/ros2_ws/src/drone_ship/aquabot_gz/install/aquabot_gz/share/aquabot_gz/models/aquabot_marker_6_KO/materials/textures
-- Installing: /home/user/data/ros2_ws/src/drone_ship/aquabot_gz/install/aquabot_gz/share/aquabot_gz/models/aquabot_marker_6_KO/materials/textures/aquabot_marker_6_KO.png
-- Installing: /home/user/data/ros2_ws/src/drone_ship/aquabot_gz/install/aquabot_gz/share/aquabot_gz/models/aquabot_marker_6_KO/materials/textures/Marker0.png
-- Installing: /home/user/data/ros2_ws/src/drone_ship/aquabot_gz/install/aquabot_gz/share/aquabot_gz/models/aquabot_marker_6_KO/model.sdf
-- Installing: /home/user/data/ros2_ws/src/drone_ship/aquabot_gz/install/aquabot_gz/share/aquabot_gz/models/aquabot_marker_6_KO/meshes
-- Installing: /home/user/data/ros2_ws/src/drone_ship/aquabot_gz/install/aquabot_gz/share/aquabot_gz/models/aquabot_marker_6_KO/meshes/Marker0.dae
-- Installing: /home/user/data/ros2_ws/src/drone_ship/aquabot_gz/install/aquabot_gz/share/aquabot_gz/models/aquabot_marker_6_KO/model.config
-- Installing: /home/user/data/ros2_ws/src/drone_ship/aquabot_gz/install/aquabot_gz/share/aquabot_gz/models/aquabot_marker_0_KO
-- Installing: /home/user/data/ros2_ws/src/drone_ship/aquabot_gz/install/aquabot_gz/share/aquabot_gz/models/aquabot_marker_0_KO/materials
-- Installing: /home/user/data/ros2_ws/src/drone_ship/aquabot_gz/install/aquabot_gz/share/aquabot_gz/models/aquabot_marker_0_KO/materials/textures
-- Installing: /home/user/data/ros2_ws/src/drone_ship/aquabot_gz/install/aquabot_gz/share/aquabot_gz/models/aquabot_marker_0_KO/materials/textures/aquabot_marker_0_KO.png
-- Installing: /home/user/data/ros2_ws/src/drone_ship/aquabot_gz/install/aquabot_gz/share/aquabot_gz/models/aquabot_marker_0_KO/materials/textures/Marker0.png
-- Installing: /home/user/data/ros2_ws/src/drone_ship/aquabot_gz/install/aquabot_gz/share/aquabot_gz/models/aquabot_marker_0_KO/model.sdf
-- Installing: /home/user/data/ros2_ws/src/drone_ship/aquabot_gz/install/aquabot_gz/share/aquabot_gz/models/aquabot_marker_0_KO/meshes
-- Installing: /home/user/data/ros2_ws/src/drone_ship/aquabot_gz/install/aquabot_gz/share/aquabot_gz/models/aquabot_marker_0_KO/meshes/Marker0.dae
-- Installing: /home/user/data/ros2_ws/src/drone_ship/aquabot_gz/install/aquabot_gz/share/aquabot_gz/models/aquabot_marker_0_KO/model.config
-- Installing: /home/user/data/ros2_ws/src/drone_ship/aquabot_gz/install/aquabot_gz/share/aquabot_gz/models/aquabot_tree
-- Installing: /home/user/data/ros2_ws/src/drone_ship/aquabot_gz/install/aquabot_gz/share/aquabot_gz/models/aquabot_tree/mesh
-- Installing: /home/user/data/ros2_ws/src/drone_ship/aquabot_gz/install/aquabot_gz/share/aquabot_gz/models/aquabot_tree/mesh/tree.dae
-- Installing: /home/user/data/ros2_ws/src/drone_ship/aquabot_gz/install/aquabot_gz/share/aquabot_gz/models/aquabot_tree/model.sdf
-- Installing: /home/user/data/ros2_ws/src/drone_ship/aquabot_gz/install/aquabot_gz/share/aquabot_gz/models/aquabot_tree/model.config
-- Installing: /home/user/data/ros2_ws/src/drone_ship/aquabot_gz/install/aquabot_gz/share/aquabot_gz/models/aquabot_marker_1_OK
-- Installing: /home/user/data/ros2_ws/src/drone_ship/aquabot_gz/install/aquabot_gz/share/aquabot_gz/models/aquabot_marker_1_OK/materials
-- Installing: /home/user/data/ros2_ws/src/drone_ship/aquabot_gz/install/aquabot_gz/share/aquabot_gz/models/aquabot_marker_1_OK/materials/textures
-- Installing: /home/user/data/ros2_ws/src/drone_ship/aquabot_gz/install/aquabot_gz/share/aquabot_gz/models/aquabot_marker_1_OK/materials/textures/aquabot_marker_1_OK.png
-- Installing: /home/user/data/ros2_ws/src/drone_ship/aquabot_gz/install/aquabot_gz/share/aquabot_gz/models/aquabot_marker_1_OK/materials/textures/Marker0.png
-- Installing: /home/user/data/ros2_ws/src/drone_ship/aquabot_gz/install/aquabot_gz/share/aquabot_gz/models/aquabot_marker_1_OK/model.sdf
-- Installing: /home/user/data/ros2_ws/src/drone_ship/aquabot_gz/install/aquabot_gz/share/aquabot_gz/models/aquabot_marker_1_OK/meshes
-- Installing: /home/user/data/ros2_ws/src/drone_ship/aquabot_gz/install/aquabot_gz/share/aquabot_gz/models/aquabot_marker_1_OK/meshes/Marker0.dae
-- Installing: /home/user/data/ros2_ws/src/drone_ship/aquabot_gz/install/aquabot_gz/share/aquabot_gz/models/aquabot_marker_1_OK/model.config
-- Installing: /home/user/data/ros2_ws/src/drone_ship/aquabot_gz/install/aquabot_gz/share/aquabot_gz/models/aquabot_regatta_world
-- Installing: /home/user/data/ros2_ws/src/drone_ship/aquabot_gz/install/aquabot_gz/share/aquabot_gz/models/aquabot_regatta_world/model.sdf
-- Installing: /home/user/data/ros2_ws/src/drone_ship/aquabot_gz/install/aquabot_gz/share/aquabot_gz/models/aquabot_regatta_world/model.config
-- Installing: /home/user/data/ros2_ws/src/drone_ship/aquabot_gz/install/aquabot_gz/share/aquabot_gz/models/aquabot_marker_0_OK
-- Installing: /home/user/data/ros2_ws/src/drone_ship/aquabot_gz/install/aquabot_gz/share/aquabot_gz/models/aquabot_marker_0_OK/materials
-- Installing: /home/user/data/ros2_ws/src/drone_ship/aquabot_gz/install/aquabot_gz/share/aquabot_gz/models/aquabot_marker_0_OK/materials/textures
-- Installing: /home/user/data/ros2_ws/src/drone_ship/aquabot_gz/install/aquabot_gz/share/aquabot_gz/models/aquabot_marker_0_OK/materials/textures/aquabot_marker_0_OK.png
-- Installing: /home/user/data/ros2_ws/src/drone_ship/aquabot_gz/install/aquabot_gz/share/aquabot_gz/models/aquabot_marker_0_OK/materials/textures/Marker0.png
-- Installing: /home/user/data/ros2_ws/src/drone_ship/aquabot_gz/install/aquabot_gz/share/aquabot_gz/models/aquabot_marker_0_OK/model.sdf
-- Installing: /home/user/data/ros2_ws/src/drone_ship/aquabot_gz/install/aquabot_gz/share/aquabot_gz/models/aquabot_marker_0_OK/meshes
-- Installing: /home/user/data/ros2_ws/src/drone_ship/aquabot_gz/install/aquabot_gz/share/aquabot_gz/models/aquabot_marker_0_OK/meshes/Marker0.dae
-- Installing: /home/user/data/ros2_ws/src/drone_ship/aquabot_gz/install/aquabot_gz/share/aquabot_gz/models/aquabot_marker_0_OK/model.config
-- Installing: /home/user/data/ros2_ws/src/drone_ship/aquabot_gz/install/aquabot_gz/share/aquabot_gz/models/aquabot_marker_5_KO
-- Installing: /home/user/data/ros2_ws/src/drone_ship/aquabot_gz/install/aquabot_gz/share/aquabot_gz/models/aquabot_marker_5_KO/materials
-- Installing: /home/user/data/ros2_ws/src/drone_ship/aquabot_gz/install/aquabot_gz/share/aquabot_gz/models/aquabot_marker_5_KO/materials/textures
-- Installing: /home/user/data/ros2_ws/src/drone_ship/aquabot_gz/install/aquabot_gz/share/aquabot_gz/models/aquabot_marker_5_KO/materials/textures/Marker0.png
-- Installing: /home/user/data/ros2_ws/src/drone_ship/aquabot_gz/install/aquabot_gz/share/aquabot_gz/models/aquabot_marker_5_KO/materials/textures/aquabot_marker_5_KO.png
-- Installing: /home/user/data/ros2_ws/src/drone_ship/aquabot_gz/install/aquabot_gz/share/aquabot_gz/models/aquabot_marker_5_KO/model.sdf
-- Installing: /home/user/data/ros2_ws/src/drone_ship/aquabot_gz/install/aquabot_gz/share/aquabot_gz/models/aquabot_marker_5_KO/meshes
-- Installing: /home/user/data/ros2_ws/src/drone_ship/aquabot_gz/install/aquabot_gz/share/aquabot_gz/models/aquabot_marker_5_KO/meshes/Marker0.dae
-- Installing: /home/user/data/ros2_ws/src/drone_ship/aquabot_gz/install/aquabot_gz/share/aquabot_gz/models/aquabot_marker_5_KO/model.config
-- Installing: /home/user/data/ros2_ws/src/drone_ship/aquabot_gz/install/aquabot_gz/share/aquabot_gz/models/aquabot_windturbine_main
-- Installing: /home/user/data/ros2_ws/src/drone_ship/aquabot_gz/install/aquabot_gz/share/aquabot_gz/models/aquabot_windturbine_main/mesh
-- Installing: /home/user/data/ros2_ws/src/drone_ship/aquabot_gz/install/aquabot_gz/share/aquabot_gz/models/aquabot_windturbine_main/mesh/main.dae
-- Installing: /home/user/data/ros2_ws/src/drone_ship/aquabot_gz/install/aquabot_gz/share/aquabot_gz/models/aquabot_windturbine_main/model.sdf
-- Installing: /home/user/data/ros2_ws/src/drone_ship/aquabot_gz/install/aquabot_gz/share/aquabot_gz/models/aquabot_windturbine_main/model.config
-- Installing: /home/user/data/ros2_ws/src/drone_ship/aquabot_gz/install/aquabot_gz/share/aquabot_gz/models/aquabot_marker_7_OK
-- Installing: /home/user/data/ros2_ws/src/drone_ship/aquabot_gz/install/aquabot_gz/share/aquabot_gz/models/aquabot_marker_7_OK/materials
-- Installing: /home/user/data/ros2_ws/src/drone_ship/aquabot_gz/install/aquabot_gz/share/aquabot_gz/models/aquabot_marker_7_OK/materials/textures
-- Installing: /home/user/data/ros2_ws/src/drone_ship/aquabot_gz/install/aquabot_gz/share/aquabot_gz/models/aquabot_marker_7_OK/materials/textures/aquabot_marker_7_OK.png
-- Installing: /home/user/data/ros2_ws/src/drone_ship/aquabot_gz/install/aquabot_gz/share/aquabot_gz/models/aquabot_marker_7_OK/materials/textures/Marker0.png
-- Installing: /home/user/data/ros2_ws/src/drone_ship/aquabot_gz/install/aquabot_gz/share/aquabot_gz/models/aquabot_marker_7_OK/model.sdf
-- Installing: /home/user/data/ros2_ws/src/drone_ship/aquabot_gz/install/aquabot_gz/share/aquabot_gz/models/aquabot_marker_7_OK/meshes
-- Installing: /home/user/data/ros2_ws/src/drone_ship/aquabot_gz/install/aquabot_gz/share/aquabot_gz/models/aquabot_marker_7_OK/meshes/Marker0.dae
-- Installing: /home/user/data/ros2_ws/src/drone_ship/aquabot_gz/install/aquabot_gz/share/aquabot_gz/models/aquabot_marker_7_OK/model.config
-- Installing: /home/user/data/ros2_ws/src/drone_ship/aquabot_gz/install/aquabot_gz/share/aquabot_gz/models/aquabot_lighthouse
-- Installing: /home/user/data/ros2_ws/src/drone_ship/aquabot_gz/install/aquabot_gz/share/aquabot_gz/models/aquabot_lighthouse/mesh
-- Installing: /home/user/data/ros2_ws/src/drone_ship/aquabot_gz/install/aquabot_gz/share/aquabot_gz/models/aquabot_lighthouse/mesh/lighthouse.dae
-- Installing: /home/user/data/ros2_ws/src/drone_ship/aquabot_gz/install/aquabot_gz/share/aquabot_gz/models/aquabot_lighthouse/model.sdf
-- Installing: /home/user/data/ros2_ws/src/drone_ship/aquabot_gz/install/aquabot_gz/share/aquabot_gz/models/aquabot_lighthouse/model.config
-- Installing: /home/user/data/ros2_ws/src/drone_ship/aquabot_gz/install/aquabot_gz/share/aquabot_gz/models/aquabot_marker_3_KO
-- Installing: /home/user/data/ros2_ws/src/drone_ship/aquabot_gz/install/aquabot_gz/share/aquabot_gz/models/aquabot_marker_3_KO/materials
-- Installing: /home/user/data/ros2_ws/src/drone_ship/aquabot_gz/install/aquabot_gz/share/aquabot_gz/models/aquabot_marker_3_KO/materials/textures
-- Installing: /home/user/data/ros2_ws/src/drone_ship/aquabot_gz/install/aquabot_gz/share/aquabot_gz/models/aquabot_marker_3_KO/materials/textures/aquabot_marker_3_KO.png
-- Installing: /home/user/data/ros2_ws/src/drone_ship/aquabot_gz/install/aquabot_gz/share/aquabot_gz/models/aquabot_marker_3_KO/materials/textures/Marker0.png
-- Installing: /home/user/data/ros2_ws/src/drone_ship/aquabot_gz/install/aquabot_gz/share/aquabot_gz/models/aquabot_marker_3_KO/model.sdf
-- Installing: /home/user/data/ros2_ws/src/drone_ship/aquabot_gz/install/aquabot_gz/share/aquabot_gz/models/aquabot_marker_3_KO/meshes
-- Installing: /home/user/data/ros2_ws/src/drone_ship/aquabot_gz/install/aquabot_gz/share/aquabot_gz/models/aquabot_marker_3_KO/meshes/Marker0.dae
-- Installing: /home/user/data/ros2_ws/src/drone_ship/aquabot_gz/install/aquabot_gz/share/aquabot_gz/models/aquabot_marker_3_KO/model.config
-- Installing: /home/user/data/ros2_ws/src/drone_ship/aquabot_gz/install/aquabot_gz/share/aquabot_gz/models/aquabot_marker_3_OK
-- Installing: /home/user/data/ros2_ws/src/drone_ship/aquabot_gz/install/aquabot_gz/share/aquabot_gz/models/aquabot_marker_3_OK/materials
-- Installing: /home/user/data/ros2_ws/src/drone_ship/aquabot_gz/install/aquabot_gz/share/aquabot_gz/models/aquabot_marker_3_OK/materials/textures
-- Installing: /home/user/data/ros2_ws/src/drone_ship/aquabot_gz/install/aquabot_gz/share/aquabot_gz/models/aquabot_marker_3_OK/materials/textures/aquabot_marker_3_OK.png
-- Installing: /home/user/data/ros2_ws/src/drone_ship/aquabot_gz/install/aquabot_gz/share/aquabot_gz/models/aquabot_marker_3_OK/materials/textures/Marker0.png
-- Installing: /home/user/data/ros2_ws/src/drone_ship/aquabot_gz/install/aquabot_gz/share/aquabot_gz/models/aquabot_marker_3_OK/model.sdf
-- Installing: /home/user/data/ros2_ws/src/drone_ship/aquabot_gz/install/aquabot_gz/share/aquabot_gz/models/aquabot_marker_3_OK/meshes
-- Installing: /home/user/data/ros2_ws/src/drone_ship/aquabot_gz/install/aquabot_gz/share/aquabot_gz/models/aquabot_marker_3_OK/meshes/Marker0.dae
-- Installing: /home/user/data/ros2_ws/src/drone_ship/aquabot_gz/install/aquabot_gz/share/aquabot_gz/models/aquabot_marker_3_OK/model.config
-- Installing: /home/user/data/ros2_ws/src/drone_ship/aquabot_gz/install/aquabot_gz/share/aquabot_gz/models/aquabot_redboat
-- Installing: /home/user/data/ros2_ws/src/drone_ship/aquabot_gz/install/aquabot_gz/share/aquabot_gz/models/aquabot_redboat/mesh
-- Installing: /home/user/data/ros2_ws/src/drone_ship/aquabot_gz/install/aquabot_gz/share/aquabot_gz/models/aquabot_redboat/mesh/redboat.dae
-- Installing: /home/user/data/ros2_ws/src/drone_ship/aquabot_gz/install/aquabot_gz/share/aquabot_gz/models/aquabot_redboat/model.sdf
-- Installing: /home/user/data/ros2_ws/src/drone_ship/aquabot_gz/install/aquabot_gz/share/aquabot_gz/models/aquabot_redboat/model.config
-- Installing: /home/user/data/ros2_ws/src/drone_ship/aquabot_gz/install/aquabot_gz/share/aquabot_gz/models/aquabot_marker_6_OK
-- Installing: /home/user/data/ros2_ws/src/drone_ship/aquabot_gz/install/aquabot_gz/share/aquabot_gz/models/aquabot_marker_6_OK/materials
-- Installing: /home/user/data/ros2_ws/src/drone_ship/aquabot_gz/install/aquabot_gz/share/aquabot_gz/models/aquabot_marker_6_OK/materials/textures
-- Installing: /home/user/data/ros2_ws/src/drone_ship/aquabot_gz/install/aquabot_gz/share/aquabot_gz/models/aquabot_marker_6_OK/materials/textures/aquabot_marker_6_OK.png
-- Installing: /home/user/data/ros2_ws/src/drone_ship/aquabot_gz/install/aquabot_gz/share/aquabot_gz/models/aquabot_marker_6_OK/materials/textures/Marker0.png
-- Installing: /home/user/data/ros2_ws/src/drone_ship/aquabot_gz/install/aquabot_gz/share/aquabot_gz/models/aquabot_marker_6_OK/model.sdf
-- Installing: /home/user/data/ros2_ws/src/drone_ship/aquabot_gz/install/aquabot_gz/share/aquabot_gz/models/aquabot_marker_6_OK/meshes
-- Installing: /home/user/data/ros2_ws/src/drone_ship/aquabot_gz/install/aquabot_gz/share/aquabot_gz/models/aquabot_marker_6_OK/meshes/Marker0.dae
-- Installing: /home/user/data/ros2_ws/src/drone_ship/aquabot_gz/install/aquabot_gz/share/aquabot_gz/models/aquabot_marker_6_OK/model.config
-- Installing: /home/user/data/ros2_ws/src/drone_ship/aquabot_gz/install/aquabot_gz/share/aquabot_gz/models/aquabot_marker_9_OK
-- Installing: /home/user/data/ros2_ws/src/drone_ship/aquabot_gz/install/aquabot_gz/share/aquabot_gz/models/aquabot_marker_9_OK/materials
-- Installing: /home/user/data/ros2_ws/src/drone_ship/aquabot_gz/install/aquabot_gz/share/aquabot_gz/models/aquabot_marker_9_OK/materials/textures
-- Installing: /home/user/data/ros2_ws/src/drone_ship/aquabot_gz/install/aquabot_gz/share/aquabot_gz/models/aquabot_marker_9_OK/materials/textures/aquabot_marker_9_OK.png
-- Installing: /home/user/data/ros2_ws/src/drone_ship/aquabot_gz/install/aquabot_gz/share/aquabot_gz/models/aquabot_marker_9_OK/materials/textures/Marker0.png
-- Installing: /home/user/data/ros2_ws/src/drone_ship/aquabot_gz/install/aquabot_gz/share/aquabot_gz/models/aquabot_marker_9_OK/model.sdf
-- Installing: /home/user/data/ros2_ws/src/drone_ship/aquabot_gz/install/aquabot_gz/share/aquabot_gz/models/aquabot_marker_9_OK/meshes
-- Installing: /home/user/data/ros2_ws/src/drone_ship/aquabot_gz/install/aquabot_gz/share/aquabot_gz/models/aquabot_marker_9_OK/meshes/Marker0.dae
-- Installing: /home/user/data/ros2_ws/src/drone_ship/aquabot_gz/install/aquabot_gz/share/aquabot_gz/models/aquabot_marker_9_OK/model.config
-- Installing: /home/user/data/ros2_ws/src/drone_ship/aquabot_gz/install/aquabot_gz/share/aquabot_gz/models/aquabot_marker_5_OK
-- Installing: /home/user/data/ros2_ws/src/drone_ship/aquabot_gz/install/aquabot_gz/share/aquabot_gz/models/aquabot_marker_5_OK/materials
-- Installing: /home/user/data/ros2_ws/src/drone_ship/aquabot_gz/install/aquabot_gz/share/aquabot_gz/models/aquabot_marker_5_OK/materials/textures
-- Installing: /home/user/data/ros2_ws/src/drone_ship/aquabot_gz/install/aquabot_gz/share/aquabot_gz/models/aquabot_marker_5_OK/materials/textures/aquabot_marker_5_OK.png
-- Installing: /home/user/data/ros2_ws/src/drone_ship/aquabot_gz/install/aquabot_gz/share/aquabot_gz/models/aquabot_marker_5_OK/materials/textures/Marker0.png
-- Installing: /home/user/data/ros2_ws/src/drone_ship/aquabot_gz/install/aquabot_gz/share/aquabot_gz/models/aquabot_marker_5_OK/model.sdf
-- Installing: /home/user/data/ros2_ws/src/drone_ship/aquabot_gz/install/aquabot_gz/share/aquabot_gz/models/aquabot_marker_5_OK/meshes
-- Installing: /home/user/data/ros2_ws/src/drone_ship/aquabot_gz/install/aquabot_gz/share/aquabot_gz/models/aquabot_marker_5_OK/meshes/Marker0.dae
-- Installing: /home/user/data/ros2_ws/src/drone_ship/aquabot_gz/install/aquabot_gz/share/aquabot_gz/models/aquabot_marker_5_OK/model.config
-- Installing: /home/user/data/ros2_ws/src/drone_ship/aquabot_gz/install/aquabot_gz/share/aquabot_gz/worlds
-- Installing: /home/user/data/ros2_ws/src/drone_ship/aquabot_gz/install/aquabot_gz/share/aquabot_gz/worlds/aquabot_windturbines_hard.sdf
-- Installing: /home/user/data/ros2_ws/src/drone_ship/aquabot_gz/install/aquabot_gz/share/aquabot_gz/worlds/aquabot_windturbines_easy.sdf
-- Installing: /home/user/data/ros2_ws/src/drone_ship/aquabot_gz/install/aquabot_gz/share/aquabot_gz/worlds/aquabot_windturbines_medium.sdf
-- Installing: /home/user/data/ros2_ws/src/drone_ship/aquabot_gz/install/aquabot_gz/share/ament_index/resource_index/package_run_dependencies/aquabot_gz
-- Installing: /home/user/data/ros2_ws/src/drone_ship/aquabot_gz/install/aquabot_gz/share/ament_index/resource_index/parent_prefix_path/aquabot_gz
-- Installing: /home/user/data/ros2_ws/src/drone_ship/aquabot_gz/install/aquabot_gz/share/aquabot_gz/environment/ament_prefix_path.sh
-- Installing: /home/user/data/ros2_ws/src/drone_ship/aquabot_gz/install/aquabot_gz/share/aquabot_gz/environment/ament_prefix_path.dsv
-- Installing: /home/user/data/ros2_ws/src/drone_ship/aquabot_gz/install/aquabot_gz/share/aquabot_gz/environment/path.sh
-- Installing: /home/user/data/ros2_ws/src/drone_ship/aquabot_gz/install/aquabot_gz/share/aquabot_gz/environment/path.dsv
-- Installing: /home/user/data/ros2_ws/src/drone_ship/aquabot_gz/install/aquabot_gz/share/aquabot_gz/local_setup.bash
-- Installing: /home/user/data/ros2_ws/src/drone_ship/aquabot_gz/install/aquabot_gz/share/aquabot_gz/local_setup.sh
-- Installing: /home/user/data/ros2_ws/src/drone_ship/aquabot_gz/install/aquabot_gz/share/aquabot_gz/local_setup.zsh
-- Installing: /home/user/data/ros2_ws/src/drone_ship/aquabot_gz/install/aquabot_gz/share/aquabot_gz/local_setup.dsv
-- Installing: /home/user/data/ros2_ws/src/drone_ship/aquabot_gz/install/aquabot_gz/share/aquabot_gz/package.dsv
-- Installing: /home/user/data/ros2_ws/src/drone_ship/aquabot_gz/install/aquabot_gz/share/ament_index/resource_index/packages/aquabot_gz
-- Installing: /home/user/data/ros2_ws/src/drone_ship/aquabot_gz/install/aquabot_gz/share/aquabot_gz/cmake/aquabot_gzConfig.cmake
-- Installing: /home/user/data/ros2_ws/src/drone_ship/aquabot_gz/install/aquabot_gz/share/aquabot_gz/cmake/aquabot_gzConfig-version.cmake
-- Installing: /home/user/data/ros2_ws/src/drone_ship/aquabot_gz/install/aquabot_gz/share/aquabot_gz/package.xml
