[0.017s] Invoking command in '/home/user/data/ros2_ws/src/drone_ship/aquabot_gz/build/aquabot_gz': CMAKE_PREFIX_PATH=${CMAKE_PREFIX_PATH}:/home/user/data/ros2_ws/install/rosbot_utils:/home/user/data/ros2_ws/install/rosbot_gazebo:/home/user/data/ros2_ws/install/rosbot_bringup:/home/user/data/ros2_ws/install/rosbot_controller:/home/user/data/ros2_ws/install/ros_gz_crazyflie_control:/home/user/data/ros2_ws/install/opencv_tests:/home/user/data/ros2_ws/install/nav2_simple_commander:/home/user/data/ros2_ws/install/nav2_loopback_sim:/home/user/data/ros2_ws/install/crazyflie_ros2_multiranger_wall_following:/home/user/data/ros2_ws/install/crazyflie_ros2_multiranger_simple_mapper:/home/user/data/ros2_ws/install/crazyflie_py:/opt/ros/jazzy DEBUGINFOD_URLS=https://debuginfod.ubuntu.com /usr/bin/cmake /home/user/data/ros2_ws/src/drone_ship/aquabot_gz -DCMAKE_INSTALL_PREFIX=/home/user/data/ros2_ws/src/drone_ship/aquabot_gz/install/aquabot_gz
[0.123s] -- The C compiler identification is GNU 13.3.0
[0.207s] -- The CXX compiler identification is GNU 13.3.0
[0.251s] -- Detecting C compiler ABI info
[0.477s] -- Detecting C compiler ABI info - done
[0.488s] -- Check for working C compiler: /usr/lib/ccache/cc - skipped
[0.488s] -- Detecting C compile features
[0.489s] -- Detecting C compile features - done
[0.512s] -- Detecting CXX compiler ABI info
[0.737s] -- Detecting CXX compiler ABI info - done
[0.747s] -- Check for working CXX compiler: /usr/lib/ccache/c++ - skipped
[0.747s] -- Detecting CXX compile features
[0.748s] -- Detecting CXX compile features - done
[0.785s] -- Found ament_cmake: 2.5.3 (/opt/ros/jazzy/share/ament_cmake/cmake)
[1.099s] -- Found Python3: /usr/bin/python3 (found version "3.12.3") found components: Interpreter 
[1.545s] -- Compiling against Gazebo Harmonic
[1.568s] -- Looking for gz-msgs10 -- found version 10.3.2
[1.596s] -- Searching for dependencies of gz-msgs10
[1.940s] -- Found Protobuf: /usr/lib/x86_64-linux-gnu/libprotobuf.so (found version "3.21.12") 
[1.966s] -- Looking for gz-utils2 -- found version 2.2.1
[1.966s] -- Searching for dependencies of gz-utils2
[1.989s] -- Looking for gz-math7 -- found version 7.5.2
[1.989s] -- Searching for dependencies of gz-math7
[1.990s] -- Looking for gz-utils2 -- found version 2.2.1
[2.000s] -- Checking for module 'tinyxml2'
[2.032s] --   Found tinyxml2, version 10.0.0
[2.125s] -- Looking for gz-transport13 -- found version 13.4.1
[2.125s] -- Searching for dependencies of gz-transport13
[2.229s] -- Config-file not installed for ZeroMQ -- checking for pkg-config
[2.236s] -- Checking for module 'libzmq >= 4'
[2.268s] --   Found libzmq, version 4.3.5
[2.366s] -- Found ZeroMQ: TRUE (Required is at least version "4") 
[2.375s] -- Checking for module 'uuid'
[2.407s] --   Found uuid, version 2.39.3
[2.474s] -- Found UUID: TRUE  
[2.475s] -- Looking for gz-utils2 -- found version 2.2.1
[2.475s] -- Searching for dependencies of gz-utils2
[2.475s] -- Searching for <gz-utils2> component [cli]
[2.504s] -- Looking for gz-utils2-cli -- found version 2.2.1
[2.504s] -- Searching for dependencies of gz-utils2-cli
[2.505s] -- Looking for gz-msgs10 -- found version 10.3.2
[2.532s] -- Looking for gz-plugin2 -- found version 2.0.4
[2.532s] -- Searching for dependencies of gz-plugin2
[2.533s] -- Looking for gz-utils2 -- found version 2.2.1
[2.557s] -- Looking for gz-sim8 -- found version 8.9.0
[2.558s] -- Searching for dependencies of gz-sim8
[2.583s] -- Looking for sdformat14 -- found version 14.7.0
[2.583s] -- Searching for dependencies of sdformat14
[2.591s] -- Looking for gz-math7 -- found version 7.5.2
[2.591s] -- Looking for gz-utils2 -- found version 2.2.1
[2.592s] -- Looking for gz-plugin2 -- found version 2.0.4
[2.592s] -- Searching for dependencies of gz-plugin2
[2.593s] -- Looking for gz-utils2 -- found version 2.2.1
[2.593s] -- Searching for <gz-plugin2> component [loader]
[2.613s] -- Looking for gz-plugin2-loader -- found version 2.0.4
[2.613s] -- Searching for dependencies of gz-plugin2-loader
[2.613s] -- Searching for <gz-plugin2> component [register]
[2.633s] -- Looking for gz-plugin2-register -- found version 2.0.4
[2.633s] -- Searching for dependencies of gz-plugin2-register
[2.634s] -- Looking for gz-transport13 -- found version 13.4.1
[2.634s] -- Searching for dependencies of gz-transport13
[2.740s] -- Config-file not installed for ZeroMQ -- checking for pkg-config
[2.748s] -- Checking for module 'libzmq >= 4'
[2.783s] --   Found libzmq, version 4.3.5
[2.891s] -- Looking for gz-utils2 -- found version 2.2.1
[2.892s] -- Looking for gz-msgs10 -- found version 10.3.2
[2.892s] -- Searching for <gz-transport13> component [log]
[2.920s] -- Looking for gz-transport13-log -- found version 13.4.1
[2.920s] -- Searching for dependencies of gz-transport13-log
[2.921s] -- Searching for <gz-transport13> component [parameters]
[2.947s] -- Looking for gz-transport13-parameters -- found version 13.4.1
[2.947s] -- Searching for dependencies of gz-transport13-parameters
[2.948s] -- Looking for gz-msgs10 -- found version 10.3.2
[2.975s] -- Looking for gz-common5 -- found version 5.7.1
[2.975s] -- Searching for dependencies of gz-common5
[2.975s] -- Looking for gz-utils2 -- found version 2.2.1
[2.977s] -- Looking for dlfcn.h - found
[2.979s] -- Looking for libdl - found
[2.981s] -- Found DL: TRUE  
[2.989s] -- Searching for <gz-common5> component [av]
[3.016s] -- Looking for gz-common5-av -- found version 5.7.1
[3.016s] -- Searching for dependencies of gz-common5-av
[3.023s] -- Checking for module 'libswscale'
[3.056s] --   Found libswscale, version 7.5.100
[3.130s] -- Found SWSCALE: TRUE  
[3.139s] -- Checking for module 'libavdevice >= 56.4.100'
[3.182s] --   Found libavdevice, version 60.3.100
[3.293s] -- Found AVDEVICE: TRUE (Required is at least version "56.4.100") 
[3.302s] -- Checking for module 'libavformat'
[3.343s] --   Found libavformat, version 60.16.100
[3.451s] -- Found AVFORMAT: TRUE  
[3.459s] -- Checking for module 'libavcodec'
[3.496s] --   Found libavcodec, version 60.31.102
[3.585s] -- Found AVCODEC: TRUE  
[3.592s] -- Checking for module 'libavutil'
[3.629s] --   Found libavutil, version 58.29.100
[3.733s] -- Found AVUTIL: TRUE  
[3.733s] -- Searching for <gz-common5> component [events]
[3.754s] -- Looking for gz-common5-events -- found version 5.7.1
[3.754s] -- Searching for dependencies of gz-common5-events
[3.754s] -- Looking for gz-math7 -- found version 7.5.2
[3.755s] -- Searching for <gz-common5> component [graphics]
[3.777s] -- Looking for gz-common5-graphics -- found version 5.7.1
[3.777s] -- Searching for dependencies of gz-common5-graphics
[3.777s] -- Looking for gz-math7 -- found version 7.5.2
[3.809s] -- Found GzAssimp: TRUE (found version "5.3.0") 
[3.809s] -- Searching for <gz-common5> component [io]
[3.832s] -- Looking for gz-common5-io -- found version 5.7.1
[3.832s] -- Searching for dependencies of gz-common5-io
[3.833s] -- Searching for <gz-common5> component [profiler]
[3.855s] -- Looking for gz-common5-profiler -- found version 5.7.1
[3.855s] -- Searching for dependencies of gz-common5-profiler
[3.878s] -- Looking for gz-fuel_tools9 -- found version 9.1.1
[3.878s] -- Searching for dependencies of gz-fuel_tools9
[4.064s] -- Found CURL: /usr/lib/x86_64-linux-gnu/libcurl.so (found version "8.5.0")  
[4.091s] -- Checking for module 'jsoncpp'
[4.123s] --   Found jsoncpp, version 1.9.5
[4.198s] -- Found JSONCPP: TRUE  
[4.248s] -- Checking for module 'yaml-0.1'
[4.280s] --   Found yaml-0.1, version 0.2.5
[4.360s] -- Found YAML: TRUE  
[4.367s] -- Checking for module 'libzip'
[4.401s] --   Found libzip, version 1.7.3
[4.468s] -- Found ZIP: TRUE  
[4.469s] -- Looking for gz-utils2 -- found version 2.2.1
[4.469s] -- Looking for gz-common5 -- found version 5.7.1
[4.469s] -- Searching for dependencies of gz-common5
[4.470s] -- Looking for gz-utils2 -- found version 2.2.1
[4.470s] -- Looking for dlfcn.h - found
[4.470s] -- Looking for libdl - found
[4.479s] -- Searching for <gz-common5> component [testing]
[4.506s] -- Looking for gz-common5-testing -- found version 5.7.1
[4.506s] -- Searching for dependencies of gz-common5-testing
[4.507s] -- Looking for gz-math7 -- found version 7.5.2
[4.508s] -- Looking for gz-msgs10 -- found version 10.3.2
[4.534s] -- Looking for gz-gui8 -- found version 8.4.0
[4.534s] -- Searching for dependencies of gz-gui8
[4.606s] -- Looking for gz-utils2 -- found version 2.2.1
[4.606s] -- Looking for gz-math7 -- found version 7.5.2
[4.606s] -- Looking for gz-common5 -- found version 5.7.1
[4.607s] -- Looking for gz-plugin2 -- found version 2.0.4
[4.607s] -- Looking for gz-transport13 -- found version 13.4.1
[4.632s] -- Looking for gz-rendering8 -- found version 8.2.2
[4.632s] -- Searching for dependencies of gz-rendering8
[4.633s] -- Looking for gz-math7 -- found version 7.5.2
[4.633s] -- Searching for dependencies of gz-math7
[4.633s] -- Looking for gz-utils2 -- found version 2.2.1
[4.633s] -- Searching for <gz-math7> component [eigen3]
[4.661s] -- Looking for gz-math7-eigen3 -- found version 7.5.2
[4.661s] -- Searching for dependencies of gz-math7-eigen3
[4.704s] -- Looking for gz-common5 -- found version 5.7.1
[4.704s] -- Searching for dependencies of gz-common5
[4.704s] -- Looking for gz-utils2 -- found version 2.2.1
[4.704s] -- Looking for dlfcn.h - found
[4.704s] -- Looking for libdl - found
[4.714s] -- Searching for <gz-common5> component [graphics]
[4.714s] -- Searching for <gz-common5> component [events]
[4.714s] -- Searching for <gz-common5> component [geospatial]
[4.741s] -- Looking for gz-common5-geospatial -- found version 5.7.1
[4.741s] -- Searching for dependencies of gz-common5-geospatial
[4.741s] -- Looking for gz-math7 -- found version 7.5.2
[4.742s] -- Looking for gz-common5 -- found version 5.7.1
[4.743s] -- Looking for gz-plugin2 -- found version 2.0.4
[4.743s] -- Searching for dependencies of gz-plugin2
[4.743s] -- Looking for gz-utils2 -- found version 2.2.1
[4.743s] -- Searching for <gz-plugin2> component [all]
[4.770s] -- Looking for all libraries of gz-plugin2 -- found version 2.0.4
[4.771s] -- Looking for gz-plugin2 -- found version 2.0.4
[4.772s] -- Looking for gz-utils2 -- found version 2.2.1
[4.802s] -- Found OpenGL: /usr/lib/x86_64-linux-gnu/libOpenGL.so  found components: OpenGL 
[4.803s] -- Looking for gz-msgs10 -- found version 10.3.2
[4.887s] -- Looking for gz-physics7 -- found version 7.5.0
[4.887s] -- Searching for dependencies of gz-physics7
[4.888s] -- Looking for gz-common5 -- found version 5.7.1
[4.888s] -- Looking for gz-math7 -- found version 7.5.2
[4.888s] -- Looking for gz-plugin2 -- found version 2.0.4
[4.889s] -- Looking for gz-utils2 -- found version 2.2.1
[4.890s] -- Searching for <gz-physics7> component [heightmap]
[4.915s] -- Looking for gz-physics7-heightmap -- found version 7.5.0
[4.915s] -- Searching for dependencies of gz-physics7-heightmap
[4.915s] -- Looking for gz-common5 -- found version 5.7.1
[4.916s] -- Searching for <gz-physics7> component [mesh]
[4.942s] -- Looking for gz-physics7-mesh -- found version 7.5.0
[4.942s] -- Searching for dependencies of gz-physics7-mesh
[4.942s] -- Looking for gz-common5 -- found version 5.7.1
[4.943s] -- Searching for <gz-physics7> component [sdf]
[4.968s] -- Looking for gz-physics7-sdf -- found version 7.5.0
[4.968s] -- Searching for dependencies of gz-physics7-sdf
[4.968s] -- Looking for sdformat14 -- found version 14.7.0
[4.993s] -- Looking for gz-sensors8 -- found version 8.2.2
[4.994s] -- Searching for dependencies of gz-sensors8
[5.056s] -- Looking for gz-math7 -- found version 7.5.2
[5.056s] -- Looking for gz-common5 -- found version 5.7.1
[5.056s] -- Looking for gz-transport13 -- found version 13.4.1
[5.057s] -- Looking for gz-rendering8 -- found version 8.2.2
[5.057s] -- Looking for gz-msgs10 -- found version 10.3.2
[5.057s] -- Looking for sdformat14 -- found version 14.7.0
[5.058s] -- Searching for <gz-sensors8> component [air_pressure]
[5.083s] -- Looking for gz-sensors8-air_pressure -- found version 8.2.2
[5.083s] -- Searching for dependencies of gz-sensors8-air_pressure
[5.084s] -- Searching for <gz-sensors8> component [air_speed]
[5.109s] -- Looking for gz-sensors8-air_speed -- found version 8.2.2
[5.109s] -- Searching for dependencies of gz-sensors8-air_speed
[5.110s] -- Searching for <gz-sensors8> component [altimeter]
[5.138s] -- Looking for gz-sensors8-altimeter -- found version 8.2.2
[5.138s] -- Searching for dependencies of gz-sensors8-altimeter
[5.138s] -- Searching for <gz-sensors8> component [imu]
[5.167s] -- Looking for gz-sensors8-imu -- found version 8.2.2
[5.168s] -- Searching for dependencies of gz-sensors8-imu
[5.168s] -- Searching for <gz-sensors8> component [force_torque]
[5.197s] -- Looking for gz-sensors8-force_torque -- found version 8.2.2
[5.197s] -- Searching for dependencies of gz-sensors8-force_torque
[5.198s] -- Searching for <gz-sensors8> component [logical_camera]
[5.227s] -- Looking for gz-sensors8-logical_camera -- found version 8.2.2
[5.227s] -- Searching for dependencies of gz-sensors8-logical_camera
[5.228s] -- Searching for <gz-sensors8> component [magnetometer]
[5.258s] -- Looking for gz-sensors8-magnetometer -- found version 8.2.2
[5.258s] -- Searching for dependencies of gz-sensors8-magnetometer
[5.258s] -- Searching for <gz-sensors8> component [navsat]
[5.281s] -- Looking for gz-sensors8-navsat -- found version 8.2.2
[5.281s] -- Searching for dependencies of gz-sensors8-navsat
[5.282s] -- Searching for <gz-sensors8> component [dvl]
[5.295s] -- Looking for gz-sensors8-dvl -- found version 8.2.2
[5.295s] -- Searching for dependencies of gz-sensors8-dvl
[5.296s] -- Looking for gz-sensors8 -- found version 8.2.2
[5.296s] -- Searching for dependencies of gz-sensors8
[5.334s] -- Looking for gz-math7 -- found version 7.5.2
[5.335s] -- Looking for gz-common5 -- found version 5.7.1
[5.335s] -- Looking for gz-transport13 -- found version 13.4.1
[5.335s] -- Looking for gz-rendering8 -- found version 8.2.2
[5.336s] -- Looking for gz-msgs10 -- found version 10.3.2
[5.336s] -- Looking for sdformat14 -- found version 14.7.0
[5.336s] -- Searching for <gz-sensors8> component [rendering]
[5.360s] -- Looking for gz-sensors8-rendering -- found version 8.2.2
[5.360s] -- Searching for dependencies of gz-sensors8-rendering
[5.361s] -- Searching for <gz-sensors8> component [rendering]
[5.361s] -- Searching for <gz-sensors8> component [lidar]
[5.388s] -- Looking for gz-sensors8-lidar -- found version 8.2.2
[5.388s] -- Searching for dependencies of gz-sensors8-lidar
[5.388s] -- Looking for gz-sensors8 -- found version 8.2.2
[5.389s] -- Searching for <gz-sensors8> component [gpu_lidar]
[5.415s] -- Looking for gz-sensors8-gpu_lidar -- found version 8.2.2
[5.415s] -- Searching for dependencies of gz-sensors8-gpu_lidar
[5.416s] -- Looking for gz-sensors8 -- found version 8.2.2
[5.416s] -- Searching for <gz-sensors8> component [camera]
[5.442s] -- Looking for gz-sensors8-camera -- found version 8.2.2
[5.442s] -- Searching for dependencies of gz-sensors8-camera
[5.442s] -- Looking for gz-sensors8 -- found version 8.2.2
[5.443s] -- Searching for <gz-sensors8> component [boundingbox_camera]
[5.468s] -- Looking for gz-sensors8-boundingbox_camera -- found version 8.2.2
[5.468s] -- Searching for dependencies of gz-sensors8-boundingbox_camera
[5.469s] -- Searching for <gz-sensors8> component [segmentation_camera]
[5.494s] -- Looking for gz-sensors8-segmentation_camera -- found version 8.2.2
[5.494s] -- Searching for dependencies of gz-sensors8-segmentation_camera
[5.495s] -- Searching for <gz-sensors8> component [depth_camera]
[5.521s] -- Looking for gz-sensors8-depth_camera -- found version 8.2.2
[5.521s] -- Searching for dependencies of gz-sensors8-depth_camera
[5.522s] -- Looking for gz-sensors8 -- found version 8.2.2
[5.522s] -- Searching for <gz-sensors8> component [rgbd_camera]
[5.548s] -- Looking for gz-sensors8-rgbd_camera -- found version 8.2.2
[5.549s] -- Searching for dependencies of gz-sensors8-rgbd_camera
[5.549s] -- Looking for gz-sensors8 -- found version 8.2.2
[5.550s] -- Searching for <gz-sensors8> component [thermal_camera]
[5.575s] -- Looking for gz-sensors8-thermal_camera -- found version 8.2.2
[5.575s] -- Searching for dependencies of gz-sensors8-thermal_camera
[5.575s] -- Looking for gz-sensors8 -- found version 8.2.2
[5.576s] -- Searching for <gz-sensors8> component [wide_angle_camera]
[5.602s] -- Looking for gz-sensors8-wide_angle_camera -- found version 8.2.2
[5.602s] -- Searching for dependencies of gz-sensors8-wide_angle_camera
[5.603s] -- Looking for gz-rendering8 -- found version 8.2.2
[5.603s] -- Looking for gz-math7 -- found version 7.5.2
[5.604s] -- Looking for gz-utils2 -- found version 2.2.1
[5.669s] -- Looking for gz-common5 -- found version 5.7.1
[5.669s] -- Looking for gz-math7 -- found version 7.5.2
[5.669s] -- Looking for gz-rendering8 -- found version 8.2.2
[5.670s] -- Looking for gz-sensors8 -- found version 8.2.2
[5.670s] -- Looking for gz-utils2 -- found version 2.2.1
[5.670s] -- Looking for gz-fuel_tools9 -- found version 9.1.1
[5.705s] -- Found std_msgs: 5.3.6 (/opt/ros/jazzy/share/std_msgs/cmake)
[6.061s] -- Found rosidl_generator_c: 4.6.5 (/opt/ros/jazzy/share/rosidl_generator_c/cmake)
[6.189s] -- Found rosidl_generator_cpp: 4.6.5 (/opt/ros/jazzy/share/rosidl_generator_cpp/cmake)
[6.311s] -- Using all available rosidl_typesupport_c: rosidl_typesupport_fastrtps_c;rosidl_typesupport_introspection_c
[6.434s] -- Using all available rosidl_typesupport_cpp: rosidl_typesupport_fastrtps_cpp;rosidl_typesupport_introspection_cpp
[6.686s] -- Configuring done (6.6s)
[6.757s] -- Generating done (0.1s)
[6.772s] -- Build files have been written to: /home/user/data/ros2_ws/src/drone_ship/aquabot_gz/build/aquabot_gz
[6.784s] Invoked command in '/home/user/data/ros2_ws/src/drone_ship/aquabot_gz/build/aquabot_gz' returned '0': CMAKE_PREFIX_PATH=${CMAKE_PREFIX_PATH}:/home/user/data/ros2_ws/install/rosbot_utils:/home/user/data/ros2_ws/install/rosbot_gazebo:/home/user/data/ros2_ws/install/rosbot_bringup:/home/user/data/ros2_ws/install/rosbot_controller:/home/user/data/ros2_ws/install/ros_gz_crazyflie_control:/home/user/data/ros2_ws/install/opencv_tests:/home/user/data/ros2_ws/install/nav2_simple_commander:/home/user/data/ros2_ws/install/nav2_loopback_sim:/home/user/data/ros2_ws/install/crazyflie_ros2_multiranger_wall_following:/home/user/data/ros2_ws/install/crazyflie_ros2_multiranger_simple_mapper:/home/user/data/ros2_ws/install/crazyflie_py:/opt/ros/jazzy DEBUGINFOD_URLS=https://debuginfod.ubuntu.com /usr/bin/cmake /home/user/data/ros2_ws/src/drone_ship/aquabot_gz -DCMAKE_INSTALL_PREFIX=/home/user/data/ros2_ws/src/drone_ship/aquabot_gz/install/aquabot_gz
[6.785s] Invoking command in '/home/user/data/ros2_ws/src/drone_ship/aquabot_gz/build/aquabot_gz': CMAKE_PREFIX_PATH=${CMAKE_PREFIX_PATH}:/home/user/data/ros2_ws/install/rosbot_utils:/home/user/data/ros2_ws/install/rosbot_gazebo:/home/user/data/ros2_ws/install/rosbot_bringup:/home/user/data/ros2_ws/install/rosbot_controller:/home/user/data/ros2_ws/install/ros_gz_crazyflie_control:/home/user/data/ros2_ws/install/opencv_tests:/home/user/data/ros2_ws/install/nav2_simple_commander:/home/user/data/ros2_ws/install/nav2_loopback_sim:/home/user/data/ros2_ws/install/crazyflie_ros2_multiranger_wall_following:/home/user/data/ros2_ws/install/crazyflie_ros2_multiranger_simple_mapper:/home/user/data/ros2_ws/install/crazyflie_py:/opt/ros/jazzy DEBUGINFOD_URLS=https://debuginfod.ubuntu.com /usr/bin/cmake --build /home/user/data/ros2_ws/src/drone_ship/aquabot_gz/build/aquabot_gz -- -j20 -l20
[6.990s] [  5%] [32mBuilding CXX object CMakeFiles/ScoringPlugin.dir/src/vrx/ScoringPlugin.cc.o[0m
[6.990s] [ 10%] [32mBuilding CXX object CMakeFiles/Waves.dir/src/vrx/Wavefield.cc.o[0m
[7.028s] [ 15%] [32m[1mLinking CXX shared library libScoringPlugin.so[0m
[7.037s] [ 21%] [32m[1mLinking CXX shared library libWaves.so[0m
[7.287s] [ 21%] Built target Waves
[7.300s] [ 21%] Built target ScoringPlugin
[7.335s] [ 36%] [32mBuilding CXX object CMakeFiles/USVWind.dir/src/vrx/USVWind.cc.o[0m
[7.335s] [ 36%] [32mBuilding CXX object CMakeFiles/Surface.dir/src/vrx/Surface.cc.o[0m
[7.335s] [ 31%] [32mBuilding CXX object CMakeFiles/WaveVisual.dir/src/vrx/WaveVisual.cc.o[0m
[7.361s] [ 42%] [32mBuilding CXX object CMakeFiles/WindturbinesInspectionScoringPlugin.dir/src/vrx/WaypointMarkers.cc.o[0m
[7.361s] [ 52%] [32mBuilding CXX object CMakeFiles/AcousticPingerPlugin.dir/src/vrx/AcousticPingerPlugin.cc.o[0m
[7.361s] [ 52%] [32mBuilding CXX object CMakeFiles/PublisherPlugin.dir/src/vrx/PublisherPlugin.cc.o[0m
[7.363s] [ 57%] [32mBuilding CXX object CMakeFiles/SimpleHydrodynamics.dir/src/vrx/SimpleHydrodynamics.cc.o[0m
[7.366s] [ 63%] [32m[1mLinking CXX shared library libSurface.so[0m
[7.367s] [ 68%] [32m[1mLinking CXX shared library libWaveVisual.so[0m
[7.368s] [ 73%] [32m[1mLinking CXX shared library libUSVWind.so[0m
[7.373s] [ 78%] [32mBuilding CXX object CMakeFiles/WindturbinesInspectionScoringPlugin.dir/src/WindturbinesInspectionScoringPlugin.cc.o[0m
[7.393s] [ 84%] [32m[1mLinking CXX shared library libAcousticPingerPlugin.so[0m
[7.403s] [ 89%] [32m[1mLinking CXX shared library libPublisherPlugin.so[0m
[7.408s] [ 94%] [32m[1mLinking CXX shared library libWindturbinesInspectionScoringPlugin.so[0m
[7.409s] [100%] [32m[1mLinking CXX shared library libSimpleHydrodynamics.so[0m
[7.601s] [100%] Built target USVWind
[7.618s] [100%] Built target WaveVisual
[7.623s] [100%] Built target PublisherPlugin
[7.637s] [100%] Built target SimpleHydrodynamics
[7.694s] [100%] Built target Surface
[7.708s] [100%] Built target AcousticPingerPlugin
[7.712s] [100%] Built target WindturbinesInspectionScoringPlugin
[7.747s] Invoked command in '/home/user/data/ros2_ws/src/drone_ship/aquabot_gz/build/aquabot_gz' returned '0': CMAKE_PREFIX_PATH=${CMAKE_PREFIX_PATH}:/home/user/data/ros2_ws/install/rosbot_utils:/home/user/data/ros2_ws/install/rosbot_gazebo:/home/user/data/ros2_ws/install/rosbot_bringup:/home/user/data/ros2_ws/install/rosbot_controller:/home/user/data/ros2_ws/install/ros_gz_crazyflie_control:/home/user/data/ros2_ws/install/opencv_tests:/home/user/data/ros2_ws/install/nav2_simple_commander:/home/user/data/ros2_ws/install/nav2_loopback_sim:/home/user/data/ros2_ws/install/crazyflie_ros2_multiranger_wall_following:/home/user/data/ros2_ws/install/crazyflie_ros2_multiranger_simple_mapper:/home/user/data/ros2_ws/install/crazyflie_py:/opt/ros/jazzy DEBUGINFOD_URLS=https://debuginfod.ubuntu.com /usr/bin/cmake --build /home/user/data/ros2_ws/src/drone_ship/aquabot_gz/build/aquabot_gz -- -j20 -l20
[7.778s] Invoking command in '/home/user/data/ros2_ws/src/drone_ship/aquabot_gz/build/aquabot_gz': CMAKE_PREFIX_PATH=${CMAKE_PREFIX_PATH}:/home/user/data/ros2_ws/install/rosbot_utils:/home/user/data/ros2_ws/install/rosbot_gazebo:/home/user/data/ros2_ws/install/rosbot_bringup:/home/user/data/ros2_ws/install/rosbot_controller:/home/user/data/ros2_ws/install/ros_gz_crazyflie_control:/home/user/data/ros2_ws/install/opencv_tests:/home/user/data/ros2_ws/install/nav2_simple_commander:/home/user/data/ros2_ws/install/nav2_loopback_sim:/home/user/data/ros2_ws/install/crazyflie_ros2_multiranger_wall_following:/home/user/data/ros2_ws/install/crazyflie_ros2_multiranger_simple_mapper:/home/user/data/ros2_ws/install/crazyflie_py:/opt/ros/jazzy DEBUGINFOD_URLS=https://debuginfod.ubuntu.com /usr/bin/cmake --install /home/user/data/ros2_ws/src/drone_ship/aquabot_gz/build/aquabot_gz
[7.809s] -- Install configuration: ""
[7.809s] -- Installing: /home/user/data/ros2_ws/src/drone_ship/aquabot_gz/install/aquabot_gz/share/aquabot_gz/environment/resource_paths.dsv
[7.809s] -- Installing: /home/user/data/ros2_ws/src/drone_ship/aquabot_gz/install/aquabot_gz/lib/libWaves.so
[7.810s] -- Set non-toolchain portion of runtime path of "/home/user/data/ros2_ws/src/drone_ship/aquabot_gz/install/aquabot_gz/lib/libWaves.so" to ""
[7.810s] -- Installing: /home/user/data/ros2_ws/src/drone_ship/aquabot_gz/install/aquabot_gz/lib/libScoringPlugin.so
[7.812s] -- Set non-toolchain portion of runtime path of "/home/user/data/ros2_ws/src/drone_ship/aquabot_gz/install/aquabot_gz/lib/libScoringPlugin.so" to ""
[7.812s] -- Installing: /home/user/data/ros2_ws/src/drone_ship/aquabot_gz/install/aquabot_gz/share/aquabot_gz/rviz
[7.812s] -- Installing: /home/user/data/ros2_ws/src/drone_ship/aquabot_gz/install/aquabot_gz/share/aquabot_gz/rviz/aquabot.rviz
[7.812s] -- Installing: /home/user/data/ros2_ws/src/drone_ship/aquabot_gz/install/aquabot_gz/lib/libPublisherPlugin.so
[7.813s] -- Set non-toolchain portion of runtime path of "/home/user/data/ros2_ws/src/drone_ship/aquabot_gz/install/aquabot_gz/lib/libPublisherPlugin.so" to ""
[7.813s] -- Installing: /home/user/data/ros2_ws/src/drone_ship/aquabot_gz/install/aquabot_gz/lib/libAcousticPingerPlugin.so
[7.815s] -- Set non-toolchain portion of runtime path of "/home/user/data/ros2_ws/src/drone_ship/aquabot_gz/install/aquabot_gz/lib/libAcousticPingerPlugin.so" to ""
[7.815s] -- Installing: /home/user/data/ros2_ws/src/drone_ship/aquabot_gz/install/aquabot_gz/lib/libSimpleHydrodynamics.so
[7.816s] -- Set non-toolchain portion of runtime path of "/home/user/data/ros2_ws/src/drone_ship/aquabot_gz/install/aquabot_gz/lib/libSimpleHydrodynamics.so" to ""
[7.816s] -- Installing: /home/user/data/ros2_ws/src/drone_ship/aquabot_gz/install/aquabot_gz/lib/libSurface.so
[7.818s] -- Set non-toolchain portion of runtime path of "/home/user/data/ros2_ws/src/drone_ship/aquabot_gz/install/aquabot_gz/lib/libSurface.so" to ""
[7.818s] -- Installing: /home/user/data/ros2_ws/src/drone_ship/aquabot_gz/install/aquabot_gz/lib/libUSVWind.so
[7.819s] -- Set non-toolchain portion of runtime path of "/home/user/data/ros2_ws/src/drone_ship/aquabot_gz/install/aquabot_gz/lib/libUSVWind.so" to ""
[7.819s] -- Installing: /home/user/data/ros2_ws/src/drone_ship/aquabot_gz/install/aquabot_gz/lib/libWaveVisual.so
[7.821s] -- Set non-toolchain portion of runtime path of "/home/user/data/ros2_ws/src/drone_ship/aquabot_gz/install/aquabot_gz/lib/libWaveVisual.so" to ""
[7.821s] -- Installing: /home/user/data/ros2_ws/src/drone_ship/aquabot_gz/install/aquabot_gz/lib/libWindturbinesInspectionScoringPlugin.so
[7.823s] -- Set non-toolchain portion of runtime path of "/home/user/data/ros2_ws/src/drone_ship/aquabot_gz/install/aquabot_gz/lib/libWindturbinesInspectionScoringPlugin.so" to ""
[7.824s] -- Installing: /home/user/data/ros2_ws/src/drone_ship/aquabot_gz/install/aquabot_gz/share/aquabot_gz/launch
[7.824s] -- Installing: /home/user/data/ros2_ws/src/drone_ship/aquabot_gz/install/aquabot_gz/share/aquabot_gz/launch/turbines_launch.py
[7.824s] -- Installing: /home/user/data/ros2_ws/src/drone_ship/aquabot_gz/install/aquabot_gz/share/aquabot_gz/models
[7.824s] -- Installing: /home/user/data/ros2_ws/src/drone_ship/aquabot_gz/install/aquabot_gz/share/aquabot_gz/models/aquabot_marker_1_KO
[7.824s] -- Installing: /home/user/data/ros2_ws/src/drone_ship/aquabot_gz/install/aquabot_gz/share/aquabot_gz/models/aquabot_marker_1_KO/materials
[7.824s] -- Installing: /home/user/data/ros2_ws/src/drone_ship/aquabot_gz/install/aquabot_gz/share/aquabot_gz/models/aquabot_marker_1_KO/materials/textures
[7.824s] -- Installing: /home/user/data/ros2_ws/src/drone_ship/aquabot_gz/install/aquabot_gz/share/aquabot_gz/models/aquabot_marker_1_KO/materials/textures/aquabot_marker_1_KO.png
[7.825s] -- Installing: /home/user/data/ros2_ws/src/drone_ship/aquabot_gz/install/aquabot_gz/share/aquabot_gz/models/aquabot_marker_1_KO/materials/textures/Marker0.png
[7.825s] -- Installing: /home/user/data/ros2_ws/src/drone_ship/aquabot_gz/install/aquabot_gz/share/aquabot_gz/models/aquabot_marker_1_KO/model.sdf
[7.825s] -- Installing: /home/user/data/ros2_ws/src/drone_ship/aquabot_gz/install/aquabot_gz/share/aquabot_gz/models/aquabot_marker_1_KO/meshes
[7.825s] -- Installing: /home/user/data/ros2_ws/src/drone_ship/aquabot_gz/install/aquabot_gz/share/aquabot_gz/models/aquabot_marker_1_KO/meshes/Marker0.dae
[7.825s] -- Installing: /home/user/data/ros2_ws/src/drone_ship/aquabot_gz/install/aquabot_gz/share/aquabot_gz/models/aquabot_marker_1_KO/model.config
[7.825s] -- Installing: /home/user/data/ros2_ws/src/drone_ship/aquabot_gz/install/aquabot_gz/share/aquabot_gz/models/aquabot_windturbine_rotor
[7.825s] -- Installing: /home/user/data/ros2_ws/src/drone_ship/aquabot_gz/install/aquabot_gz/share/aquabot_gz/models/aquabot_windturbine_rotor/mesh
[7.825s] -- Installing: /home/user/data/ros2_ws/src/drone_ship/aquabot_gz/install/aquabot_gz/share/aquabot_gz/models/aquabot_windturbine_rotor/mesh/rotor.dae
[7.825s] -- Installing: /home/user/data/ros2_ws/src/drone_ship/aquabot_gz/install/aquabot_gz/share/aquabot_gz/models/aquabot_windturbine_rotor/model.sdf
[7.825s] -- Installing: /home/user/data/ros2_ws/src/drone_ship/aquabot_gz/install/aquabot_gz/share/aquabot_gz/models/aquabot_windturbine_rotor/model.config
[7.825s] -- Installing: /home/user/data/ros2_ws/src/drone_ship/aquabot_gz/install/aquabot_gz/share/aquabot_gz/models/aquabot_marker_7_KO
[7.826s] -- Installing: /home/user/data/ros2_ws/src/drone_ship/aquabot_gz/install/aquabot_gz/share/aquabot_gz/models/aquabot_marker_7_KO/materials
[7.826s] -- Installing: /home/user/data/ros2_ws/src/drone_ship/aquabot_gz/install/aquabot_gz/share/aquabot_gz/models/aquabot_marker_7_KO/materials/textures
[7.826s] -- Installing: /home/user/data/ros2_ws/src/drone_ship/aquabot_gz/install/aquabot_gz/share/aquabot_gz/models/aquabot_marker_7_KO/materials/textures/aquabot_marker_7_KO.png
[7.826s] -- Installing: /home/user/data/ros2_ws/src/drone_ship/aquabot_gz/install/aquabot_gz/share/aquabot_gz/models/aquabot_marker_7_KO/materials/textures/Marker0.png
[7.826s] -- Installing: /home/user/data/ros2_ws/src/drone_ship/aquabot_gz/install/aquabot_gz/share/aquabot_gz/models/aquabot_marker_7_KO/model.sdf
[7.826s] -- Installing: /home/user/data/ros2_ws/src/drone_ship/aquabot_gz/install/aquabot_gz/share/aquabot_gz/models/aquabot_marker_7_KO/meshes
[7.826s] -- Installing: /home/user/data/ros2_ws/src/drone_ship/aquabot_gz/install/aquabot_gz/share/aquabot_gz/models/aquabot_marker_7_KO/meshes/Marker0.dae
[7.826s] -- Installing: /home/user/data/ros2_ws/src/drone_ship/aquabot_gz/install/aquabot_gz/share/aquabot_gz/models/aquabot_marker_7_KO/model.config
[7.826s] -- Installing: /home/user/data/ros2_ws/src/drone_ship/aquabot_gz/install/aquabot_gz/share/aquabot_gz/models/aquabot_greenboat
[7.826s] -- Installing: /home/user/data/ros2_ws/src/drone_ship/aquabot_gz/install/aquabot_gz/share/aquabot_gz/models/aquabot_greenboat/mesh
[7.826s] -- Installing: /home/user/data/ros2_ws/src/drone_ship/aquabot_gz/install/aquabot_gz/share/aquabot_gz/models/aquabot_greenboat/mesh/greenboat.dae
[7.827s] -- Installing: /home/user/data/ros2_ws/src/drone_ship/aquabot_gz/install/aquabot_gz/share/aquabot_gz/models/aquabot_greenboat/model.sdf
[7.827s] -- Installing: /home/user/data/ros2_ws/src/drone_ship/aquabot_gz/install/aquabot_gz/share/aquabot_gz/models/aquabot_greenboat/model.config
[7.827s] -- Installing: /home/user/data/ros2_ws/src/drone_ship/aquabot_gz/install/aquabot_gz/share/aquabot_gz/models/aquabot_marker_9_KO
[7.827s] -- Installing: /home/user/data/ros2_ws/src/drone_ship/aquabot_gz/install/aquabot_gz/share/aquabot_gz/models/aquabot_marker_9_KO/materials
[7.827s] -- Installing: /home/user/data/ros2_ws/src/drone_ship/aquabot_gz/install/aquabot_gz/share/aquabot_gz/models/aquabot_marker_9_KO/materials/textures
[7.827s] -- Installing: /home/user/data/ros2_ws/src/drone_ship/aquabot_gz/install/aquabot_gz/share/aquabot_gz/models/aquabot_marker_9_KO/materials/textures/Marker0.png
[7.827s] -- Installing: /home/user/data/ros2_ws/src/drone_ship/aquabot_gz/install/aquabot_gz/share/aquabot_gz/models/aquabot_marker_9_KO/materials/textures/aquabot_marker_9_KO.png
[7.828s] -- Installing: /home/user/data/ros2_ws/src/drone_ship/aquabot_gz/install/aquabot_gz/share/aquabot_gz/models/aquabot_marker_9_KO/model.sdf
[7.828s] -- Installing: /home/user/data/ros2_ws/src/drone_ship/aquabot_gz/install/aquabot_gz/share/aquabot_gz/models/aquabot_marker_9_KO/meshes
[7.828s] -- Installing: /home/user/data/ros2_ws/src/drone_ship/aquabot_gz/install/aquabot_gz/share/aquabot_gz/models/aquabot_marker_9_KO/meshes/Marker0.dae
[7.828s] -- Installing: /home/user/data/ros2_ws/src/drone_ship/aquabot_gz/install/aquabot_gz/share/aquabot_gz/models/aquabot_marker_9_KO/model.config
[7.828s] -- Installing: /home/user/data/ros2_ws/src/drone_ship/aquabot_gz/install/aquabot_gz/share/aquabot_gz/models/aquabot_lighthouse_island
[7.828s] -- Installing: /home/user/data/ros2_ws/src/drone_ship/aquabot_gz/install/aquabot_gz/share/aquabot_gz/models/aquabot_lighthouse_island/model.sdf
[7.828s] -- Installing: /home/user/data/ros2_ws/src/drone_ship/aquabot_gz/install/aquabot_gz/share/aquabot_gz/models/aquabot_lighthouse_island/model.config
[7.828s] -- Installing: /home/user/data/ros2_ws/src/drone_ship/aquabot_gz/install/aquabot_gz/share/aquabot_gz/models/aquabot_rock_island_1
[7.828s] -- Installing: /home/user/data/ros2_ws/src/drone_ship/aquabot_gz/install/aquabot_gz/share/aquabot_gz/models/aquabot_rock_island_1/model.sdf
[7.829s] -- Installing: /home/user/data/ros2_ws/src/drone_ship/aquabot_gz/install/aquabot_gz/share/aquabot_gz/models/aquabot_rock_island_1/model.config
[7.829s] -- Installing: /home/user/data/ros2_ws/src/drone_ship/aquabot_gz/install/aquabot_gz/share/aquabot_gz/models/aquabot_marker_8_KO
[7.829s] -- Installing: /home/user/data/ros2_ws/src/drone_ship/aquabot_gz/install/aquabot_gz/share/aquabot_gz/models/aquabot_marker_8_KO/materials
[7.829s] -- Installing: /home/user/data/ros2_ws/src/drone_ship/aquabot_gz/install/aquabot_gz/share/aquabot_gz/models/aquabot_marker_8_KO/materials/textures
[7.829s] -- Installing: /home/user/data/ros2_ws/src/drone_ship/aquabot_gz/install/aquabot_gz/share/aquabot_gz/models/aquabot_marker_8_KO/materials/textures/Marker0.png
[7.829s] -- Installing: /home/user/data/ros2_ws/src/drone_ship/aquabot_gz/install/aquabot_gz/share/aquabot_gz/models/aquabot_marker_8_KO/materials/textures/aquabot_marker_8_KO.png
[7.829s] -- Installing: /home/user/data/ros2_ws/src/drone_ship/aquabot_gz/install/aquabot_gz/share/aquabot_gz/models/aquabot_marker_8_KO/model.sdf
[7.829s] -- Installing: /home/user/data/ros2_ws/src/drone_ship/aquabot_gz/install/aquabot_gz/share/aquabot_gz/models/aquabot_marker_8_KO/meshes
[7.829s] -- Installing: /home/user/data/ros2_ws/src/drone_ship/aquabot_gz/install/aquabot_gz/share/aquabot_gz/models/aquabot_marker_8_KO/meshes/Marker0.dae
[7.830s] -- Installing: /home/user/data/ros2_ws/src/drone_ship/aquabot_gz/install/aquabot_gz/share/aquabot_gz/models/aquabot_marker_8_KO/model.config
[7.830s] -- Installing: /home/user/data/ros2_ws/src/drone_ship/aquabot_gz/install/aquabot_gz/share/aquabot_gz/models/coast_waves
[7.830s] -- Installing: /home/user/data/ros2_ws/src/drone_ship/aquabot_gz/install/aquabot_gz/share/aquabot_gz/models/coast_waves/materials
[7.830s] -- Installing: /home/user/data/ros2_ws/src/drone_ship/aquabot_gz/install/aquabot_gz/share/aquabot_gz/models/coast_waves/materials/textures
[7.830s] -- Installing: /home/user/data/ros2_ws/src/drone_ship/aquabot_gz/install/aquabot_gz/share/aquabot_gz/models/coast_waves/materials/textures/skybox_lowres.dds
[7.831s] -- Installing: /home/user/data/ros2_ws/src/drone_ship/aquabot_gz/install/aquabot_gz/share/aquabot_gz/models/coast_waves/materials/textures/wave_normals.dds
[7.831s] -- Installing: /home/user/data/ros2_ws/src/drone_ship/aquabot_gz/install/aquabot_gz/share/aquabot_gz/models/coast_waves/materials/programs
[7.831s] -- Installing: /home/user/data/ros2_ws/src/drone_ship/aquabot_gz/install/aquabot_gz/share/aquabot_gz/models/coast_waves/materials/programs/GerstnerWaves_fs_330.glsl
[7.831s] -- Installing: /home/user/data/ros2_ws/src/drone_ship/aquabot_gz/install/aquabot_gz/share/aquabot_gz/models/coast_waves/materials/programs/GerstnerWaves_vs_330.glsl
[7.832s] -- Installing: /home/user/data/ros2_ws/src/drone_ship/aquabot_gz/install/aquabot_gz/share/aquabot_gz/models/coast_waves/model.sdf
[7.832s] -- Installing: /home/user/data/ros2_ws/src/drone_ship/aquabot_gz/install/aquabot_gz/share/aquabot_gz/models/coast_waves/meshes
[7.832s] -- Installing: /home/user/data/ros2_ws/src/drone_ship/aquabot_gz/install/aquabot_gz/share/aquabot_gz/models/coast_waves/meshes/waterlow.dae
[7.842s] -- Installing: /home/user/data/ros2_ws/src/drone_ship/aquabot_gz/install/aquabot_gz/share/aquabot_gz/models/coast_waves/model.config
[7.842s] -- Installing: /home/user/data/ros2_ws/src/drone_ship/aquabot_gz/install/aquabot_gz/share/aquabot_gz/models/aquabot_grass
[7.842s] -- Installing: /home/user/data/ros2_ws/src/drone_ship/aquabot_gz/install/aquabot_gz/share/aquabot_gz/models/aquabot_grass/mesh
[7.842s] -- Installing: /home/user/data/ros2_ws/src/drone_ship/aquabot_gz/install/aquabot_gz/share/aquabot_gz/models/aquabot_grass/mesh/grass.dae
[7.842s] -- Installing: /home/user/data/ros2_ws/src/drone_ship/aquabot_gz/install/aquabot_gz/share/aquabot_gz/models/aquabot_grass/model.sdf
[7.843s] -- Installing: /home/user/data/ros2_ws/src/drone_ship/aquabot_gz/install/aquabot_gz/share/aquabot_gz/models/aquabot_grass/model.config
[7.843s] -- Installing: /home/user/data/ros2_ws/src/drone_ship/aquabot_gz/install/aquabot_gz/share/aquabot_gz/models/aquabot_island
[7.843s] -- Installing: /home/user/data/ros2_ws/src/drone_ship/aquabot_gz/install/aquabot_gz/share/aquabot_gz/models/aquabot_island/model.sdf
[7.843s] -- Installing: /home/user/data/ros2_ws/src/drone_ship/aquabot_gz/install/aquabot_gz/share/aquabot_gz/models/aquabot_island/model.config
[7.843s] -- Installing: /home/user/data/ros2_ws/src/drone_ship/aquabot_gz/install/aquabot_gz/share/aquabot_gz/models/aquabot_regatta_no_obstacles_world
[7.843s] -- Installing: /home/user/data/ros2_ws/src/drone_ship/aquabot_gz/install/aquabot_gz/share/aquabot_gz/models/aquabot_regatta_no_obstacles_world/model.sdf
[7.843s] -- Installing: /home/user/data/ros2_ws/src/drone_ship/aquabot_gz/install/aquabot_gz/share/aquabot_gz/models/aquabot_regatta_no_obstacles_world/model.config
[7.843s] -- Installing: /home/user/data/ros2_ws/src/drone_ship/aquabot_gz/install/aquabot_gz/share/aquabot_gz/models/aquabot_marker_4_KO
[7.843s] -- Installing: /home/user/data/ros2_ws/src/drone_ship/aquabot_gz/install/aquabot_gz/share/aquabot_gz/models/aquabot_marker_4_KO/materials
[7.843s] -- Installing: /home/user/data/ros2_ws/src/drone_ship/aquabot_gz/install/aquabot_gz/share/aquabot_gz/models/aquabot_marker_4_KO/materials/textures
[7.844s] -- Installing: /home/user/data/ros2_ws/src/drone_ship/aquabot_gz/install/aquabot_gz/share/aquabot_gz/models/aquabot_marker_4_KO/materials/textures/aquabot_marker_4_KO.png
[7.844s] -- Installing: /home/user/data/ros2_ws/src/drone_ship/aquabot_gz/install/aquabot_gz/share/aquabot_gz/models/aquabot_marker_4_KO/materials/textures/Marker0.png
[7.844s] -- Installing: /home/user/data/ros2_ws/src/drone_ship/aquabot_gz/install/aquabot_gz/share/aquabot_gz/models/aquabot_marker_4_KO/model.sdf
[7.844s] -- Installing: /home/user/data/ros2_ws/src/drone_ship/aquabot_gz/install/aquabot_gz/share/aquabot_gz/models/aquabot_marker_4_KO/meshes
[7.844s] -- Installing: /home/user/data/ros2_ws/src/drone_ship/aquabot_gz/install/aquabot_gz/share/aquabot_gz/models/aquabot_marker_4_KO/meshes/Marker0.dae
[7.844s] -- Installing: /home/user/data/ros2_ws/src/drone_ship/aquabot_gz/install/aquabot_gz/share/aquabot_gz/models/aquabot_marker_4_KO/model.config
[7.844s] -- Installing: /home/user/data/ros2_ws/src/drone_ship/aquabot_gz/install/aquabot_gz/share/aquabot_gz/models/aquabot_marker_2_OK
[7.844s] -- Installing: /home/user/data/ros2_ws/src/drone_ship/aquabot_gz/install/aquabot_gz/share/aquabot_gz/models/aquabot_marker_2_OK/materials
[7.844s] -- Installing: /home/user/data/ros2_ws/src/drone_ship/aquabot_gz/install/aquabot_gz/share/aquabot_gz/models/aquabot_marker_2_OK/materials/textures
[7.844s] -- Installing: /home/user/data/ros2_ws/src/drone_ship/aquabot_gz/install/aquabot_gz/share/aquabot_gz/models/aquabot_marker_2_OK/materials/textures/aquabot_marker_2_OK.png
[7.845s] -- Installing: /home/user/data/ros2_ws/src/drone_ship/aquabot_gz/install/aquabot_gz/share/aquabot_gz/models/aquabot_marker_2_OK/materials/textures/Marker0.png
[7.845s] -- Installing: /home/user/data/ros2_ws/src/drone_ship/aquabot_gz/install/aquabot_gz/share/aquabot_gz/models/aquabot_marker_2_OK/model.sdf
[7.845s] -- Installing: /home/user/data/ros2_ws/src/drone_ship/aquabot_gz/install/aquabot_gz/share/aquabot_gz/models/aquabot_marker_2_OK/meshes
[7.845s] -- Installing: /home/user/data/ros2_ws/src/drone_ship/aquabot_gz/install/aquabot_gz/share/aquabot_gz/models/aquabot_marker_2_OK/meshes/Marker0.dae
[7.845s] -- Installing: /home/user/data/ros2_ws/src/drone_ship/aquabot_gz/install/aquabot_gz/share/aquabot_gz/models/aquabot_marker_2_OK/model.config
[7.845s] -- Installing: /home/user/data/ros2_ws/src/drone_ship/aquabot_gz/install/aquabot_gz/share/aquabot_gz/models/aquabot_marker_2_KO
[7.845s] -- Installing: /home/user/data/ros2_ws/src/drone_ship/aquabot_gz/install/aquabot_gz/share/aquabot_gz/models/aquabot_marker_2_KO/materials
[7.845s] -- Installing: /home/user/data/ros2_ws/src/drone_ship/aquabot_gz/install/aquabot_gz/share/aquabot_gz/models/aquabot_marker_2_KO/materials/textures
[7.845s] -- Installing: /home/user/data/ros2_ws/src/drone_ship/aquabot_gz/install/aquabot_gz/share/aquabot_gz/models/aquabot_marker_2_KO/materials/textures/aquabot_marker_2_KO.png
[7.845s] -- Installing: /home/user/data/ros2_ws/src/drone_ship/aquabot_gz/install/aquabot_gz/share/aquabot_gz/models/aquabot_marker_2_KO/materials/textures/Marker0.png
[7.846s] -- Installing: /home/user/data/ros2_ws/src/drone_ship/aquabot_gz/install/aquabot_gz/share/aquabot_gz/models/aquabot_marker_2_KO/model.sdf
[7.846s] -- Installing: /home/user/data/ros2_ws/src/drone_ship/aquabot_gz/install/aquabot_gz/share/aquabot_gz/models/aquabot_marker_2_KO/meshes
[7.846s] -- Installing: /home/user/data/ros2_ws/src/drone_ship/aquabot_gz/install/aquabot_gz/share/aquabot_gz/models/aquabot_marker_2_KO/meshes/Marker0.dae
[7.846s] -- Installing: /home/user/data/ros2_ws/src/drone_ship/aquabot_gz/install/aquabot_gz/share/aquabot_gz/models/aquabot_marker_2_KO/model.config
[7.846s] -- Installing: /home/user/data/ros2_ws/src/drone_ship/aquabot_gz/install/aquabot_gz/share/aquabot_gz/models/aquabot_sapling
[7.846s] -- Installing: /home/user/data/ros2_ws/src/drone_ship/aquabot_gz/install/aquabot_gz/share/aquabot_gz/models/aquabot_sapling/mesh
[7.846s] -- Installing: /home/user/data/ros2_ws/src/drone_ship/aquabot_gz/install/aquabot_gz/share/aquabot_gz/models/aquabot_sapling/mesh/sapling.dae
[7.846s] -- Installing: /home/user/data/ros2_ws/src/drone_ship/aquabot_gz/install/aquabot_gz/share/aquabot_gz/models/aquabot_sapling/model.sdf
[7.846s] -- Installing: /home/user/data/ros2_ws/src/drone_ship/aquabot_gz/install/aquabot_gz/share/aquabot_gz/models/aquabot_sapling/model.config
[7.846s] -- Installing: /home/user/data/ros2_ws/src/drone_ship/aquabot_gz/install/aquabot_gz/share/aquabot_gz/models/aquabot_marker_4_OK
[7.847s] -- Installing: /home/user/data/ros2_ws/src/drone_ship/aquabot_gz/install/aquabot_gz/share/aquabot_gz/models/aquabot_marker_4_OK/materials
[7.847s] -- Installing: /home/user/data/ros2_ws/src/drone_ship/aquabot_gz/install/aquabot_gz/share/aquabot_gz/models/aquabot_marker_4_OK/materials/textures
[7.847s] -- Installing: /home/user/data/ros2_ws/src/drone_ship/aquabot_gz/install/aquabot_gz/share/aquabot_gz/models/aquabot_marker_4_OK/materials/textures/aquabot_marker_4_OK.png
[7.847s] -- Installing: /home/user/data/ros2_ws/src/drone_ship/aquabot_gz/install/aquabot_gz/share/aquabot_gz/models/aquabot_marker_4_OK/materials/textures/Marker0.png
[7.847s] -- Installing: /home/user/data/ros2_ws/src/drone_ship/aquabot_gz/install/aquabot_gz/share/aquabot_gz/models/aquabot_marker_4_OK/model.sdf
[7.847s] -- Installing: /home/user/data/ros2_ws/src/drone_ship/aquabot_gz/install/aquabot_gz/share/aquabot_gz/models/aquabot_marker_4_OK/meshes
[7.847s] -- Installing: /home/user/data/ros2_ws/src/drone_ship/aquabot_gz/install/aquabot_gz/share/aquabot_gz/models/aquabot_marker_4_OK/meshes/Marker0.dae
[7.847s] -- Installing: /home/user/data/ros2_ws/src/drone_ship/aquabot_gz/install/aquabot_gz/share/aquabot_gz/models/aquabot_marker_4_OK/model.config
[7.847s] -- Installing: /home/user/data/ros2_ws/src/drone_ship/aquabot_gz/install/aquabot_gz/share/aquabot_gz/models/aquabot_sonar_buoy
[7.847s] -- Installing: /home/user/data/ros2_ws/src/drone_ship/aquabot_gz/install/aquabot_gz/share/aquabot_gz/models/aquabot_sonar_buoy/mesh
[7.848s] -- Installing: /home/user/data/ros2_ws/src/drone_ship/aquabot_gz/install/aquabot_gz/share/aquabot_gz/models/aquabot_sonar_buoy/mesh/sonar_buoy.dae
[7.848s] -- Installing: /home/user/data/ros2_ws/src/drone_ship/aquabot_gz/install/aquabot_gz/share/aquabot_gz/models/aquabot_sonar_buoy/model.sdf
[7.848s] -- Installing: /home/user/data/ros2_ws/src/drone_ship/aquabot_gz/install/aquabot_gz/share/aquabot_gz/models/aquabot_sonar_buoy/model.config
[7.848s] -- Installing: /home/user/data/ros2_ws/src/drone_ship/aquabot_gz/install/aquabot_gz/share/aquabot_gz/models/aquabot_rock
[7.849s] -- Installing: /home/user/data/ros2_ws/src/drone_ship/aquabot_gz/install/aquabot_gz/share/aquabot_gz/models/aquabot_rock/mesh
[7.849s] -- Installing: /home/user/data/ros2_ws/src/drone_ship/aquabot_gz/install/aquabot_gz/share/aquabot_gz/models/aquabot_rock/mesh/rock.dae
[7.849s] -- Installing: /home/user/data/ros2_ws/src/drone_ship/aquabot_gz/install/aquabot_gz/share/aquabot_gz/models/aquabot_rock/model.sdf
[7.849s] -- Installing: /home/user/data/ros2_ws/src/drone_ship/aquabot_gz/install/aquabot_gz/share/aquabot_gz/models/aquabot_rock/model.config
[7.849s] -- Installing: /home/user/data/ros2_ws/src/drone_ship/aquabot_gz/install/aquabot_gz/share/aquabot_gz/models/aquabot_marker_8_OK
[7.849s] -- Installing: /home/user/data/ros2_ws/src/drone_ship/aquabot_gz/install/aquabot_gz/share/aquabot_gz/models/aquabot_marker_8_OK/materials
[7.849s] -- Installing: /home/user/data/ros2_ws/src/drone_ship/aquabot_gz/install/aquabot_gz/share/aquabot_gz/models/aquabot_marker_8_OK/materials/textures
[7.849s] -- Installing: /home/user/data/ros2_ws/src/drone_ship/aquabot_gz/install/aquabot_gz/share/aquabot_gz/models/aquabot_marker_8_OK/materials/textures/Marker0.png
[7.849s] -- Installing: /home/user/data/ros2_ws/src/drone_ship/aquabot_gz/install/aquabot_gz/share/aquabot_gz/models/aquabot_marker_8_OK/materials/textures/aquabot_marker_8_OK.png
[7.850s] -- Installing: /home/user/data/ros2_ws/src/drone_ship/aquabot_gz/install/aquabot_gz/share/aquabot_gz/models/aquabot_marker_8_OK/model.sdf
[7.850s] -- Installing: /home/user/data/ros2_ws/src/drone_ship/aquabot_gz/install/aquabot_gz/share/aquabot_gz/models/aquabot_marker_8_OK/meshes
[7.850s] -- Installing: /home/user/data/ros2_ws/src/drone_ship/aquabot_gz/install/aquabot_gz/share/aquabot_gz/models/aquabot_marker_8_OK/meshes/Marker0.dae
[7.850s] -- Installing: /home/user/data/ros2_ws/src/drone_ship/aquabot_gz/install/aquabot_gz/share/aquabot_gz/models/aquabot_marker_8_OK/model.config
[7.850s] -- Installing: /home/user/data/ros2_ws/src/drone_ship/aquabot_gz/install/aquabot_gz/share/aquabot_gz/models/aquabot_marker_6_KO
[7.850s] -- Installing: /home/user/data/ros2_ws/src/drone_ship/aquabot_gz/install/aquabot_gz/share/aquabot_gz/models/aquabot_marker_6_KO/materials
[7.850s] -- Installing: /home/user/data/ros2_ws/src/drone_ship/aquabot_gz/install/aquabot_gz/share/aquabot_gz/models/aquabot_marker_6_KO/materials/textures
[7.850s] -- Installing: /home/user/data/ros2_ws/src/drone_ship/aquabot_gz/install/aquabot_gz/share/aquabot_gz/models/aquabot_marker_6_KO/materials/textures/aquabot_marker_6_KO.png
[7.850s] -- Installing: /home/user/data/ros2_ws/src/drone_ship/aquabot_gz/install/aquabot_gz/share/aquabot_gz/models/aquabot_marker_6_KO/materials/textures/Marker0.png
[7.850s] -- Installing: /home/user/data/ros2_ws/src/drone_ship/aquabot_gz/install/aquabot_gz/share/aquabot_gz/models/aquabot_marker_6_KO/model.sdf
[7.851s] -- Installing: /home/user/data/ros2_ws/src/drone_ship/aquabot_gz/install/aquabot_gz/share/aquabot_gz/models/aquabot_marker_6_KO/meshes
[7.851s] -- Installing: /home/user/data/ros2_ws/src/drone_ship/aquabot_gz/install/aquabot_gz/share/aquabot_gz/models/aquabot_marker_6_KO/meshes/Marker0.dae
[7.851s] -- Installing: /home/user/data/ros2_ws/src/drone_ship/aquabot_gz/install/aquabot_gz/share/aquabot_gz/models/aquabot_marker_6_KO/model.config
[7.851s] -- Installing: /home/user/data/ros2_ws/src/drone_ship/aquabot_gz/install/aquabot_gz/share/aquabot_gz/models/aquabot_marker_0_KO
[7.851s] -- Installing: /home/user/data/ros2_ws/src/drone_ship/aquabot_gz/install/aquabot_gz/share/aquabot_gz/models/aquabot_marker_0_KO/materials
[7.851s] -- Installing: /home/user/data/ros2_ws/src/drone_ship/aquabot_gz/install/aquabot_gz/share/aquabot_gz/models/aquabot_marker_0_KO/materials/textures
[7.851s] -- Installing: /home/user/data/ros2_ws/src/drone_ship/aquabot_gz/install/aquabot_gz/share/aquabot_gz/models/aquabot_marker_0_KO/materials/textures/aquabot_marker_0_KO.png
[7.851s] -- Installing: /home/user/data/ros2_ws/src/drone_ship/aquabot_gz/install/aquabot_gz/share/aquabot_gz/models/aquabot_marker_0_KO/materials/textures/Marker0.png
[7.851s] -- Installing: /home/user/data/ros2_ws/src/drone_ship/aquabot_gz/install/aquabot_gz/share/aquabot_gz/models/aquabot_marker_0_KO/model.sdf
[7.852s] -- Installing: /home/user/data/ros2_ws/src/drone_ship/aquabot_gz/install/aquabot_gz/share/aquabot_gz/models/aquabot_marker_0_KO/meshes
[7.852s] -- Installing: /home/user/data/ros2_ws/src/drone_ship/aquabot_gz/install/aquabot_gz/share/aquabot_gz/models/aquabot_marker_0_KO/meshes/Marker0.dae
[7.852s] -- Installing: /home/user/data/ros2_ws/src/drone_ship/aquabot_gz/install/aquabot_gz/share/aquabot_gz/models/aquabot_marker_0_KO/model.config
[7.852s] -- Installing: /home/user/data/ros2_ws/src/drone_ship/aquabot_gz/install/aquabot_gz/share/aquabot_gz/models/aquabot_tree
[7.852s] -- Installing: /home/user/data/ros2_ws/src/drone_ship/aquabot_gz/install/aquabot_gz/share/aquabot_gz/models/aquabot_tree/mesh
[7.852s] -- Installing: /home/user/data/ros2_ws/src/drone_ship/aquabot_gz/install/aquabot_gz/share/aquabot_gz/models/aquabot_tree/mesh/tree.dae
[7.852s] -- Installing: /home/user/data/ros2_ws/src/drone_ship/aquabot_gz/install/aquabot_gz/share/aquabot_gz/models/aquabot_tree/model.sdf
[7.852s] -- Installing: /home/user/data/ros2_ws/src/drone_ship/aquabot_gz/install/aquabot_gz/share/aquabot_gz/models/aquabot_tree/model.config
[7.853s] -- Installing: /home/user/data/ros2_ws/src/drone_ship/aquabot_gz/install/aquabot_gz/share/aquabot_gz/models/aquabot_marker_1_OK
[7.853s] -- Installing: /home/user/data/ros2_ws/src/drone_ship/aquabot_gz/install/aquabot_gz/share/aquabot_gz/models/aquabot_marker_1_OK/materials
[7.853s] -- Installing: /home/user/data/ros2_ws/src/drone_ship/aquabot_gz/install/aquabot_gz/share/aquabot_gz/models/aquabot_marker_1_OK/materials/textures
[7.853s] -- Installing: /home/user/data/ros2_ws/src/drone_ship/aquabot_gz/install/aquabot_gz/share/aquabot_gz/models/aquabot_marker_1_OK/materials/textures/aquabot_marker_1_OK.png
[7.853s] -- Installing: /home/user/data/ros2_ws/src/drone_ship/aquabot_gz/install/aquabot_gz/share/aquabot_gz/models/aquabot_marker_1_OK/materials/textures/Marker0.png
[7.853s] -- Installing: /home/user/data/ros2_ws/src/drone_ship/aquabot_gz/install/aquabot_gz/share/aquabot_gz/models/aquabot_marker_1_OK/model.sdf
[7.853s] -- Installing: /home/user/data/ros2_ws/src/drone_ship/aquabot_gz/install/aquabot_gz/share/aquabot_gz/models/aquabot_marker_1_OK/meshes
[7.853s] -- Installing: /home/user/data/ros2_ws/src/drone_ship/aquabot_gz/install/aquabot_gz/share/aquabot_gz/models/aquabot_marker_1_OK/meshes/Marker0.dae
[7.853s] -- Installing: /home/user/data/ros2_ws/src/drone_ship/aquabot_gz/install/aquabot_gz/share/aquabot_gz/models/aquabot_marker_1_OK/model.config
[7.854s] -- Installing: /home/user/data/ros2_ws/src/drone_ship/aquabot_gz/install/aquabot_gz/share/aquabot_gz/models/aquabot_regatta_world
[7.854s] -- Installing: /home/user/data/ros2_ws/src/drone_ship/aquabot_gz/install/aquabot_gz/share/aquabot_gz/models/aquabot_regatta_world/model.sdf
[7.854s] -- Installing: /home/user/data/ros2_ws/src/drone_ship/aquabot_gz/install/aquabot_gz/share/aquabot_gz/models/aquabot_regatta_world/model.config
[7.854s] -- Installing: /home/user/data/ros2_ws/src/drone_ship/aquabot_gz/install/aquabot_gz/share/aquabot_gz/models/aquabot_marker_0_OK
[7.854s] -- Installing: /home/user/data/ros2_ws/src/drone_ship/aquabot_gz/install/aquabot_gz/share/aquabot_gz/models/aquabot_marker_0_OK/materials
[7.854s] -- Installing: /home/user/data/ros2_ws/src/drone_ship/aquabot_gz/install/aquabot_gz/share/aquabot_gz/models/aquabot_marker_0_OK/materials/textures
[7.854s] -- Installing: /home/user/data/ros2_ws/src/drone_ship/aquabot_gz/install/aquabot_gz/share/aquabot_gz/models/aquabot_marker_0_OK/materials/textures/aquabot_marker_0_OK.png
[7.854s] -- Installing: /home/user/data/ros2_ws/src/drone_ship/aquabot_gz/install/aquabot_gz/share/aquabot_gz/models/aquabot_marker_0_OK/materials/textures/Marker0.png
[7.854s] -- Installing: /home/user/data/ros2_ws/src/drone_ship/aquabot_gz/install/aquabot_gz/share/aquabot_gz/models/aquabot_marker_0_OK/model.sdf
[7.854s] -- Installing: /home/user/data/ros2_ws/src/drone_ship/aquabot_gz/install/aquabot_gz/share/aquabot_gz/models/aquabot_marker_0_OK/meshes
[7.855s] -- Installing: /home/user/data/ros2_ws/src/drone_ship/aquabot_gz/install/aquabot_gz/share/aquabot_gz/models/aquabot_marker_0_OK/meshes/Marker0.dae
[7.855s] -- Installing: /home/user/data/ros2_ws/src/drone_ship/aquabot_gz/install/aquabot_gz/share/aquabot_gz/models/aquabot_marker_0_OK/model.config
[7.855s] -- Installing: /home/user/data/ros2_ws/src/drone_ship/aquabot_gz/install/aquabot_gz/share/aquabot_gz/models/aquabot_marker_5_KO
[7.855s] -- Installing: /home/user/data/ros2_ws/src/drone_ship/aquabot_gz/install/aquabot_gz/share/aquabot_gz/models/aquabot_marker_5_KO/materials
[7.855s] -- Installing: /home/user/data/ros2_ws/src/drone_ship/aquabot_gz/install/aquabot_gz/share/aquabot_gz/models/aquabot_marker_5_KO/materials/textures
[7.855s] -- Installing: /home/user/data/ros2_ws/src/drone_ship/aquabot_gz/install/aquabot_gz/share/aquabot_gz/models/aquabot_marker_5_KO/materials/textures/Marker0.png
[7.855s] -- Installing: /home/user/data/ros2_ws/src/drone_ship/aquabot_gz/install/aquabot_gz/share/aquabot_gz/models/aquabot_marker_5_KO/materials/textures/aquabot_marker_5_KO.png
[7.855s] -- Installing: /home/user/data/ros2_ws/src/drone_ship/aquabot_gz/install/aquabot_gz/share/aquabot_gz/models/aquabot_marker_5_KO/model.sdf
[7.855s] -- Installing: /home/user/data/ros2_ws/src/drone_ship/aquabot_gz/install/aquabot_gz/share/aquabot_gz/models/aquabot_marker_5_KO/meshes
[7.855s] -- Installing: /home/user/data/ros2_ws/src/drone_ship/aquabot_gz/install/aquabot_gz/share/aquabot_gz/models/aquabot_marker_5_KO/meshes/Marker0.dae
[7.856s] -- Installing: /home/user/data/ros2_ws/src/drone_ship/aquabot_gz/install/aquabot_gz/share/aquabot_gz/models/aquabot_marker_5_KO/model.config
[7.856s] -- Installing: /home/user/data/ros2_ws/src/drone_ship/aquabot_gz/install/aquabot_gz/share/aquabot_gz/models/aquabot_windturbine_main
[7.856s] -- Installing: /home/user/data/ros2_ws/src/drone_ship/aquabot_gz/install/aquabot_gz/share/aquabot_gz/models/aquabot_windturbine_main/mesh
[7.856s] -- Installing: /home/user/data/ros2_ws/src/drone_ship/aquabot_gz/install/aquabot_gz/share/aquabot_gz/models/aquabot_windturbine_main/mesh/main.dae
[7.856s] -- Installing: /home/user/data/ros2_ws/src/drone_ship/aquabot_gz/install/aquabot_gz/share/aquabot_gz/models/aquabot_windturbine_main/model.sdf
[7.856s] -- Installing: /home/user/data/ros2_ws/src/drone_ship/aquabot_gz/install/aquabot_gz/share/aquabot_gz/models/aquabot_windturbine_main/model.config
[7.856s] -- Installing: /home/user/data/ros2_ws/src/drone_ship/aquabot_gz/install/aquabot_gz/share/aquabot_gz/models/aquabot_marker_7_OK
[7.856s] -- Installing: /home/user/data/ros2_ws/src/drone_ship/aquabot_gz/install/aquabot_gz/share/aquabot_gz/models/aquabot_marker_7_OK/materials
[7.856s] -- Installing: /home/user/data/ros2_ws/src/drone_ship/aquabot_gz/install/aquabot_gz/share/aquabot_gz/models/aquabot_marker_7_OK/materials/textures
[7.857s] -- Installing: /home/user/data/ros2_ws/src/drone_ship/aquabot_gz/install/aquabot_gz/share/aquabot_gz/models/aquabot_marker_7_OK/materials/textures/aquabot_marker_7_OK.png
[7.857s] -- Installing: /home/user/data/ros2_ws/src/drone_ship/aquabot_gz/install/aquabot_gz/share/aquabot_gz/models/aquabot_marker_7_OK/materials/textures/Marker0.png
[7.857s] -- Installing: /home/user/data/ros2_ws/src/drone_ship/aquabot_gz/install/aquabot_gz/share/aquabot_gz/models/aquabot_marker_7_OK/model.sdf
[7.857s] -- Installing: /home/user/data/ros2_ws/src/drone_ship/aquabot_gz/install/aquabot_gz/share/aquabot_gz/models/aquabot_marker_7_OK/meshes
[7.857s] -- Installing: /home/user/data/ros2_ws/src/drone_ship/aquabot_gz/install/aquabot_gz/share/aquabot_gz/models/aquabot_marker_7_OK/meshes/Marker0.dae
[7.857s] -- Installing: /home/user/data/ros2_ws/src/drone_ship/aquabot_gz/install/aquabot_gz/share/aquabot_gz/models/aquabot_marker_7_OK/model.config
[7.857s] -- Installing: /home/user/data/ros2_ws/src/drone_ship/aquabot_gz/install/aquabot_gz/share/aquabot_gz/models/aquabot_lighthouse
[7.857s] -- Installing: /home/user/data/ros2_ws/src/drone_ship/aquabot_gz/install/aquabot_gz/share/aquabot_gz/models/aquabot_lighthouse/mesh
[7.857s] -- Installing: /home/user/data/ros2_ws/src/drone_ship/aquabot_gz/install/aquabot_gz/share/aquabot_gz/models/aquabot_lighthouse/mesh/lighthouse.dae
[7.858s] -- Installing: /home/user/data/ros2_ws/src/drone_ship/aquabot_gz/install/aquabot_gz/share/aquabot_gz/models/aquabot_lighthouse/model.sdf
[7.858s] -- Installing: /home/user/data/ros2_ws/src/drone_ship/aquabot_gz/install/aquabot_gz/share/aquabot_gz/models/aquabot_lighthouse/model.config
[7.858s] -- Installing: /home/user/data/ros2_ws/src/drone_ship/aquabot_gz/install/aquabot_gz/share/aquabot_gz/models/aquabot_marker_3_KO
[7.858s] -- Installing: /home/user/data/ros2_ws/src/drone_ship/aquabot_gz/install/aquabot_gz/share/aquabot_gz/models/aquabot_marker_3_KO/materials
[7.858s] -- Installing: /home/user/data/ros2_ws/src/drone_ship/aquabot_gz/install/aquabot_gz/share/aquabot_gz/models/aquabot_marker_3_KO/materials/textures
[7.858s] -- Installing: /home/user/data/ros2_ws/src/drone_ship/aquabot_gz/install/aquabot_gz/share/aquabot_gz/models/aquabot_marker_3_KO/materials/textures/aquabot_marker_3_KO.png
[7.859s] -- Installing: /home/user/data/ros2_ws/src/drone_ship/aquabot_gz/install/aquabot_gz/share/aquabot_gz/models/aquabot_marker_3_KO/materials/textures/Marker0.png
[7.859s] -- Installing: /home/user/data/ros2_ws/src/drone_ship/aquabot_gz/install/aquabot_gz/share/aquabot_gz/models/aquabot_marker_3_KO/model.sdf
[7.859s] -- Installing: /home/user/data/ros2_ws/src/drone_ship/aquabot_gz/install/aquabot_gz/share/aquabot_gz/models/aquabot_marker_3_KO/meshes
[7.859s] -- Installing: /home/user/data/ros2_ws/src/drone_ship/aquabot_gz/install/aquabot_gz/share/aquabot_gz/models/aquabot_marker_3_KO/meshes/Marker0.dae
[7.859s] -- Installing: /home/user/data/ros2_ws/src/drone_ship/aquabot_gz/install/aquabot_gz/share/aquabot_gz/models/aquabot_marker_3_KO/model.config
[7.859s] -- Installing: /home/user/data/ros2_ws/src/drone_ship/aquabot_gz/install/aquabot_gz/share/aquabot_gz/models/aquabot_marker_3_OK
[7.859s] -- Installing: /home/user/data/ros2_ws/src/drone_ship/aquabot_gz/install/aquabot_gz/share/aquabot_gz/models/aquabot_marker_3_OK/materials
[7.859s] -- Installing: /home/user/data/ros2_ws/src/drone_ship/aquabot_gz/install/aquabot_gz/share/aquabot_gz/models/aquabot_marker_3_OK/materials/textures
[7.859s] -- Installing: /home/user/data/ros2_ws/src/drone_ship/aquabot_gz/install/aquabot_gz/share/aquabot_gz/models/aquabot_marker_3_OK/materials/textures/aquabot_marker_3_OK.png
[7.860s] -- Installing: /home/user/data/ros2_ws/src/drone_ship/aquabot_gz/install/aquabot_gz/share/aquabot_gz/models/aquabot_marker_3_OK/materials/textures/Marker0.png
[7.860s] -- Installing: /home/user/data/ros2_ws/src/drone_ship/aquabot_gz/install/aquabot_gz/share/aquabot_gz/models/aquabot_marker_3_OK/model.sdf
[7.860s] -- Installing: /home/user/data/ros2_ws/src/drone_ship/aquabot_gz/install/aquabot_gz/share/aquabot_gz/models/aquabot_marker_3_OK/meshes
[7.860s] -- Installing: /home/user/data/ros2_ws/src/drone_ship/aquabot_gz/install/aquabot_gz/share/aquabot_gz/models/aquabot_marker_3_OK/meshes/Marker0.dae
[7.860s] -- Installing: /home/user/data/ros2_ws/src/drone_ship/aquabot_gz/install/aquabot_gz/share/aquabot_gz/models/aquabot_marker_3_OK/model.config
[7.860s] -- Installing: /home/user/data/ros2_ws/src/drone_ship/aquabot_gz/install/aquabot_gz/share/aquabot_gz/models/aquabot_redboat
[7.860s] -- Installing: /home/user/data/ros2_ws/src/drone_ship/aquabot_gz/install/aquabot_gz/share/aquabot_gz/models/aquabot_redboat/mesh
[7.860s] -- Installing: /home/user/data/ros2_ws/src/drone_ship/aquabot_gz/install/aquabot_gz/share/aquabot_gz/models/aquabot_redboat/mesh/redboat.dae
[7.861s] -- Installing: /home/user/data/ros2_ws/src/drone_ship/aquabot_gz/install/aquabot_gz/share/aquabot_gz/models/aquabot_redboat/model.sdf
[7.861s] -- Installing: /home/user/data/ros2_ws/src/drone_ship/aquabot_gz/install/aquabot_gz/share/aquabot_gz/models/aquabot_redboat/model.config
[7.861s] -- Installing: /home/user/data/ros2_ws/src/drone_ship/aquabot_gz/install/aquabot_gz/share/aquabot_gz/models/aquabot_marker_6_OK
[7.861s] -- Installing: /home/user/data/ros2_ws/src/drone_ship/aquabot_gz/install/aquabot_gz/share/aquabot_gz/models/aquabot_marker_6_OK/materials
[7.861s] -- Installing: /home/user/data/ros2_ws/src/drone_ship/aquabot_gz/install/aquabot_gz/share/aquabot_gz/models/aquabot_marker_6_OK/materials/textures
[7.861s] -- Installing: /home/user/data/ros2_ws/src/drone_ship/aquabot_gz/install/aquabot_gz/share/aquabot_gz/models/aquabot_marker_6_OK/materials/textures/aquabot_marker_6_OK.png
[7.862s] -- Installing: /home/user/data/ros2_ws/src/drone_ship/aquabot_gz/install/aquabot_gz/share/aquabot_gz/models/aquabot_marker_6_OK/materials/textures/Marker0.png
[7.862s] -- Installing: /home/user/data/ros2_ws/src/drone_ship/aquabot_gz/install/aquabot_gz/share/aquabot_gz/models/aquabot_marker_6_OK/model.sdf
[7.862s] -- Installing: /home/user/data/ros2_ws/src/drone_ship/aquabot_gz/install/aquabot_gz/share/aquabot_gz/models/aquabot_marker_6_OK/meshes
[7.862s] -- Installing: /home/user/data/ros2_ws/src/drone_ship/aquabot_gz/install/aquabot_gz/share/aquabot_gz/models/aquabot_marker_6_OK/meshes/Marker0.dae
[7.862s] -- Installing: /home/user/data/ros2_ws/src/drone_ship/aquabot_gz/install/aquabot_gz/share/aquabot_gz/models/aquabot_marker_6_OK/model.config
[7.862s] -- Installing: /home/user/data/ros2_ws/src/drone_ship/aquabot_gz/install/aquabot_gz/share/aquabot_gz/models/aquabot_marker_9_OK
[7.862s] -- Installing: /home/user/data/ros2_ws/src/drone_ship/aquabot_gz/install/aquabot_gz/share/aquabot_gz/models/aquabot_marker_9_OK/materials
[7.862s] -- Installing: /home/user/data/ros2_ws/src/drone_ship/aquabot_gz/install/aquabot_gz/share/aquabot_gz/models/aquabot_marker_9_OK/materials/textures
[7.862s] -- Installing: /home/user/data/ros2_ws/src/drone_ship/aquabot_gz/install/aquabot_gz/share/aquabot_gz/models/aquabot_marker_9_OK/materials/textures/aquabot_marker_9_OK.png
[7.862s] -- Installing: /home/user/data/ros2_ws/src/drone_ship/aquabot_gz/install/aquabot_gz/share/aquabot_gz/models/aquabot_marker_9_OK/materials/textures/Marker0.png
[7.863s] -- Installing: /home/user/data/ros2_ws/src/drone_ship/aquabot_gz/install/aquabot_gz/share/aquabot_gz/models/aquabot_marker_9_OK/model.sdf
[7.863s] -- Installing: /home/user/data/ros2_ws/src/drone_ship/aquabot_gz/install/aquabot_gz/share/aquabot_gz/models/aquabot_marker_9_OK/meshes
[7.863s] -- Installing: /home/user/data/ros2_ws/src/drone_ship/aquabot_gz/install/aquabot_gz/share/aquabot_gz/models/aquabot_marker_9_OK/meshes/Marker0.dae
[7.863s] -- Installing: /home/user/data/ros2_ws/src/drone_ship/aquabot_gz/install/aquabot_gz/share/aquabot_gz/models/aquabot_marker_9_OK/model.config
[7.863s] -- Installing: /home/user/data/ros2_ws/src/drone_ship/aquabot_gz/install/aquabot_gz/share/aquabot_gz/models/aquabot_marker_5_OK
[7.863s] -- Installing: /home/user/data/ros2_ws/src/drone_ship/aquabot_gz/install/aquabot_gz/share/aquabot_gz/models/aquabot_marker_5_OK/materials
[7.863s] -- Installing: /home/user/data/ros2_ws/src/drone_ship/aquabot_gz/install/aquabot_gz/share/aquabot_gz/models/aquabot_marker_5_OK/materials/textures
[7.863s] -- Installing: /home/user/data/ros2_ws/src/drone_ship/aquabot_gz/install/aquabot_gz/share/aquabot_gz/models/aquabot_marker_5_OK/materials/textures/aquabot_marker_5_OK.png
[7.863s] -- Installing: /home/user/data/ros2_ws/src/drone_ship/aquabot_gz/install/aquabot_gz/share/aquabot_gz/models/aquabot_marker_5_OK/materials/textures/Marker0.png
[7.864s] -- Installing: /home/user/data/ros2_ws/src/drone_ship/aquabot_gz/install/aquabot_gz/share/aquabot_gz/models/aquabot_marker_5_OK/model.sdf
[7.864s] -- Installing: /home/user/data/ros2_ws/src/drone_ship/aquabot_gz/install/aquabot_gz/share/aquabot_gz/models/aquabot_marker_5_OK/meshes
[7.864s] -- Installing: /home/user/data/ros2_ws/src/drone_ship/aquabot_gz/install/aquabot_gz/share/aquabot_gz/models/aquabot_marker_5_OK/meshes/Marker0.dae
[7.864s] -- Installing: /home/user/data/ros2_ws/src/drone_ship/aquabot_gz/install/aquabot_gz/share/aquabot_gz/models/aquabot_marker_5_OK/model.config
[7.864s] -- Installing: /home/user/data/ros2_ws/src/drone_ship/aquabot_gz/install/aquabot_gz/share/aquabot_gz/worlds
[7.864s] -- Installing: /home/user/data/ros2_ws/src/drone_ship/aquabot_gz/install/aquabot_gz/share/aquabot_gz/worlds/aquabot_windturbines_hard.sdf
[7.864s] -- Installing: /home/user/data/ros2_ws/src/drone_ship/aquabot_gz/install/aquabot_gz/share/aquabot_gz/worlds/aquabot_windturbines_easy.sdf
[7.864s] -- Installing: /home/user/data/ros2_ws/src/drone_ship/aquabot_gz/install/aquabot_gz/share/aquabot_gz/worlds/aquabot_windturbines_medium.sdf
[7.865s] -- Installing: /home/user/data/ros2_ws/src/drone_ship/aquabot_gz/install/aquabot_gz/share/ament_index/resource_index/package_run_dependencies/aquabot_gz
[7.865s] -- Installing: /home/user/data/ros2_ws/src/drone_ship/aquabot_gz/install/aquabot_gz/share/ament_index/resource_index/parent_prefix_path/aquabot_gz
[7.865s] -- Installing: /home/user/data/ros2_ws/src/drone_ship/aquabot_gz/install/aquabot_gz/share/aquabot_gz/environment/ament_prefix_path.sh
[7.865s] -- Installing: /home/user/data/ros2_ws/src/drone_ship/aquabot_gz/install/aquabot_gz/share/aquabot_gz/environment/ament_prefix_path.dsv
[7.865s] -- Installing: /home/user/data/ros2_ws/src/drone_ship/aquabot_gz/install/aquabot_gz/share/aquabot_gz/environment/path.sh
[7.866s] -- Installing: /home/user/data/ros2_ws/src/drone_ship/aquabot_gz/install/aquabot_gz/share/aquabot_gz/environment/path.dsv
[7.866s] -- Installing: /home/user/data/ros2_ws/src/drone_ship/aquabot_gz/install/aquabot_gz/share/aquabot_gz/local_setup.bash
[7.866s] -- Installing: /home/user/data/ros2_ws/src/drone_ship/aquabot_gz/install/aquabot_gz/share/aquabot_gz/local_setup.sh
[7.866s] -- Installing: /home/user/data/ros2_ws/src/drone_ship/aquabot_gz/install/aquabot_gz/share/aquabot_gz/local_setup.zsh
[7.866s] -- Installing: /home/user/data/ros2_ws/src/drone_ship/aquabot_gz/install/aquabot_gz/share/aquabot_gz/local_setup.dsv
[7.866s] -- Installing: /home/user/data/ros2_ws/src/drone_ship/aquabot_gz/install/aquabot_gz/share/aquabot_gz/package.dsv
[7.867s] -- Installing: /home/user/data/ros2_ws/src/drone_ship/aquabot_gz/install/aquabot_gz/share/ament_index/resource_index/packages/aquabot_gz
[7.867s] -- Installing: /home/user/data/ros2_ws/src/drone_ship/aquabot_gz/install/aquabot_gz/share/aquabot_gz/cmake/aquabot_gzConfig.cmake
[7.867s] -- Installing: /home/user/data/ros2_ws/src/drone_ship/aquabot_gz/install/aquabot_gz/share/aquabot_gz/cmake/aquabot_gzConfig-version.cmake
[7.867s] -- Installing: /home/user/data/ros2_ws/src/drone_ship/aquabot_gz/install/aquabot_gz/share/aquabot_gz/package.xml
[7.869s] Invoked command in '/home/user/data/ros2_ws/src/drone_ship/aquabot_gz/build/aquabot_gz' returned '0': CMAKE_PREFIX_PATH=${CMAKE_PREFIX_PATH}:/home/user/data/ros2_ws/install/rosbot_utils:/home/user/data/ros2_ws/install/rosbot_gazebo:/home/user/data/ros2_ws/install/rosbot_bringup:/home/user/data/ros2_ws/install/rosbot_controller:/home/user/data/ros2_ws/install/ros_gz_crazyflie_control:/home/user/data/ros2_ws/install/opencv_tests:/home/user/data/ros2_ws/install/nav2_simple_commander:/home/user/data/ros2_ws/install/nav2_loopback_sim:/home/user/data/ros2_ws/install/crazyflie_ros2_multiranger_wall_following:/home/user/data/ros2_ws/install/crazyflie_ros2_multiranger_simple_mapper:/home/user/data/ros2_ws/install/crazyflie_py:/opt/ros/jazzy DEBUGINFOD_URLS=https://debuginfod.ubuntu.com /usr/bin/cmake --install /home/user/data/ros2_ws/src/drone_ship/aquabot_gz/build/aquabot_gz
