[0.077s] Invoking command in '/home/user/data/drones_ship_ws/build/vrx_gz': CMAKE_PREFIX_PATH=/home/user/data/drones_ship_ws/install/vrx_ros:/home/user/data/drones_ship_ws/install/wamv_gazebo:/home/user/data/drones_ship_ws/install/wamv_description:/home/user/data/drones_ship_ws/install/vrx_gz:/home/user/data/drones_ship_ws/install/aquabot_description:/home/user/data/drones_ship_ws/install/vrx_gazebo:/home/user/data/drones_ship_ws/install/ros_gz_crazyflie_bringup:/home/user/data/drones_ship_ws/install/ros_gz_crazyflie_gazebo:/home/user/data/drones_ship_ws/install/crazyflie_yolo:/home/user/data/drones_ship_ws/install/crazyflie_ekf:/home/user/data/drones_ship_ws/install/crazyflie_control:/home/user/data/drones_ship_ws/install/aquabot_motion:/home/user/data/drones_ship_ws/install/aquabot_gz:/home/user/data/drones_ship_ws/install/aquabot_ekf:/opt/ros/jazzy/opt/gz_sim_vendor:/opt/ros/jazzy/opt/gz_sensors_vendor:/opt/ros/jazzy/opt/gz_physics_vendor:/opt/ros/jazzy/opt/sdformat_vendor:/opt/ros/jazzy/opt/gz_gui_vendor:/opt/ros/jazzy/opt/gz_transport_vendor:/opt/ros/jazzy/opt/gz_rendering_vendor:/opt/ros/jazzy/opt/gz_plugin_vendor:/opt/ros/jazzy/opt/gz_fuel_tools_vendor:/opt/ros/jazzy/opt/gz_msgs_vendor:/opt/ros/jazzy/opt/gz_common_vendor:/opt/ros/jazzy/opt/gz_math_vendor:/opt/ros/jazzy/opt/gz_utils_vendor:/opt/ros/jazzy/opt/gz_tools_vendor:/opt/ros/jazzy/opt/gz_ogre_next_vendor:/opt/ros/jazzy/opt/gz_dartsim_vendor:/opt/ros/jazzy/opt/gz_cmake_vendor:/home/user/data/drones_ship_ws/install/ros_gz_crazyflie_control:/opt/ros/jazzy DEBUGINFOD_URLS=https://debuginfod.ubuntu.com /usr/bin/cmake --build /home/user/data/drones_ship_ws/build/vrx_gz -- -j20 -l20
[0.294s] [  4%] Built target Waves
[0.295s] [  8%] Built target ScoringPlugin
[0.316s] [  8%] Built target ament_cmake_python_copy_vrx_gz
[0.399s] [ 14%] Built target NavigationScoringPlugin
[0.399s] [ 16%] Built target PublisherPlugin
[0.399s] [ 25%] Built target PolyhedraBuoyancyDrag
[0.401s] [ 29%] Built target PlacardPlugin
[0.401s] [ 33%] Built target GymkhanaScoringPlugin
[0.401s] [ 39%] Built target AcousticPerceptionScoringPlugin
[0.401s] [ 43%] Built target Surface
[0.406s] [ 47%] Built target PerceptionScoringPlugin
[0.406s] [ 52%] Built target LightBuoyPlugin
[0.406s] [ 62%] Built target WayfindingScoringPlugin
[0.407s] [ 64%] Built target StationkeepingScoringPlugin
[0.407s] [ 70%] Built target SimpleHydrodynamics
[0.407s] [ 72%] Built target USVWind
[0.407s] [ 77%] Built target WildlifeScoringPlugin
[0.500s] [ 81%] Built target ScanDockScoringPlugin
[0.500s] [ 85%] Built target AcousticPingerPlugin
[0.506s] [ 89%] Built target BallShooterPlugin
[0.551s] [ 93%] Built target WaveVisual
[0.665s] [100%] Built target AcousticTrackingScoringPlugin
[0.843s] running egg_info
[0.873s] writing vrx_gz.egg-info/PKG-INFO
[0.879s] writing dependency_links to vrx_gz.egg-info/dependency_links.txt
[0.879s] writing top-level names to vrx_gz.egg-info/top_level.txt
[0.965s] reading manifest file 'vrx_gz.egg-info/SOURCES.txt'
[0.967s] writing manifest file 'vrx_gz.egg-info/SOURCES.txt'
[1.119s] [100%] Built target ament_cmake_python_build_vrx_gz_egg
[1.271s] Invoked command in '/home/user/data/drones_ship_ws/build/vrx_gz' returned '0': CMAKE_PREFIX_PATH=/home/user/data/drones_ship_ws/install/vrx_ros:/home/user/data/drones_ship_ws/install/wamv_gazebo:/home/user/data/drones_ship_ws/install/wamv_description:/home/user/data/drones_ship_ws/install/vrx_gz:/home/user/data/drones_ship_ws/install/aquabot_description:/home/user/data/drones_ship_ws/install/vrx_gazebo:/home/user/data/drones_ship_ws/install/ros_gz_crazyflie_bringup:/home/user/data/drones_ship_ws/install/ros_gz_crazyflie_gazebo:/home/user/data/drones_ship_ws/install/crazyflie_yolo:/home/user/data/drones_ship_ws/install/crazyflie_ekf:/home/user/data/drones_ship_ws/install/crazyflie_control:/home/user/data/drones_ship_ws/install/aquabot_motion:/home/user/data/drones_ship_ws/install/aquabot_gz:/home/user/data/drones_ship_ws/install/aquabot_ekf:/opt/ros/jazzy/opt/gz_sim_vendor:/opt/ros/jazzy/opt/gz_sensors_vendor:/opt/ros/jazzy/opt/gz_physics_vendor:/opt/ros/jazzy/opt/sdformat_vendor:/opt/ros/jazzy/opt/gz_gui_vendor:/opt/ros/jazzy/opt/gz_transport_vendor:/opt/ros/jazzy/opt/gz_rendering_vendor:/opt/ros/jazzy/opt/gz_plugin_vendor:/opt/ros/jazzy/opt/gz_fuel_tools_vendor:/opt/ros/jazzy/opt/gz_msgs_vendor:/opt/ros/jazzy/opt/gz_common_vendor:/opt/ros/jazzy/opt/gz_math_vendor:/opt/ros/jazzy/opt/gz_utils_vendor:/opt/ros/jazzy/opt/gz_tools_vendor:/opt/ros/jazzy/opt/gz_ogre_next_vendor:/opt/ros/jazzy/opt/gz_dartsim_vendor:/opt/ros/jazzy/opt/gz_cmake_vendor:/home/user/data/drones_ship_ws/install/ros_gz_crazyflie_control:/opt/ros/jazzy DEBUGINFOD_URLS=https://debuginfod.ubuntu.com /usr/bin/cmake --build /home/user/data/drones_ship_ws/build/vrx_gz -- -j20 -l20
[1.272s] Invoking command in '/home/user/data/drones_ship_ws/build/vrx_gz': CMAKE_PREFIX_PATH=/home/user/data/drones_ship_ws/install/vrx_ros:/home/user/data/drones_ship_ws/install/wamv_gazebo:/home/user/data/drones_ship_ws/install/wamv_description:/home/user/data/drones_ship_ws/install/vrx_gz:/home/user/data/drones_ship_ws/install/aquabot_description:/home/user/data/drones_ship_ws/install/vrx_gazebo:/home/user/data/drones_ship_ws/install/ros_gz_crazyflie_bringup:/home/user/data/drones_ship_ws/install/ros_gz_crazyflie_gazebo:/home/user/data/drones_ship_ws/install/crazyflie_yolo:/home/user/data/drones_ship_ws/install/crazyflie_ekf:/home/user/data/drones_ship_ws/install/crazyflie_control:/home/user/data/drones_ship_ws/install/aquabot_motion:/home/user/data/drones_ship_ws/install/aquabot_gz:/home/user/data/drones_ship_ws/install/aquabot_ekf:/opt/ros/jazzy/opt/gz_sim_vendor:/opt/ros/jazzy/opt/gz_sensors_vendor:/opt/ros/jazzy/opt/gz_physics_vendor:/opt/ros/jazzy/opt/sdformat_vendor:/opt/ros/jazzy/opt/gz_gui_vendor:/opt/ros/jazzy/opt/gz_transport_vendor:/opt/ros/jazzy/opt/gz_rendering_vendor:/opt/ros/jazzy/opt/gz_plugin_vendor:/opt/ros/jazzy/opt/gz_fuel_tools_vendor:/opt/ros/jazzy/opt/gz_msgs_vendor:/opt/ros/jazzy/opt/gz_common_vendor:/opt/ros/jazzy/opt/gz_math_vendor:/opt/ros/jazzy/opt/gz_utils_vendor:/opt/ros/jazzy/opt/gz_tools_vendor:/opt/ros/jazzy/opt/gz_ogre_next_vendor:/opt/ros/jazzy/opt/gz_dartsim_vendor:/opt/ros/jazzy/opt/gz_cmake_vendor:/home/user/data/drones_ship_ws/install/ros_gz_crazyflie_control:/opt/ros/jazzy DEBUGINFOD_URLS=https://debuginfod.ubuntu.com /usr/bin/cmake --install /home/user/data/drones_ship_ws/build/vrx_gz
[1.409s] -- Install configuration: ""
[1.410s] -- Up-to-date: /home/user/data/drones_ship_ws/install/vrx_gz/share/vrx_gz/environment/resource_paths.dsv
[1.410s] -- Up-to-date: /home/user/data/drones_ship_ws/install/vrx_gz/share/vrx_gz/environment/resource_paths.sh
[1.412s] -- Up-to-date: /home/user/data/drones_ship_ws/install/vrx_gz/lib/libWaves.so
[1.414s] -- Up-to-date: /home/user/data/drones_ship_ws/install/vrx_gz/lib/libPolyhedraBuoyancyDrag.so
[1.417s] -- Up-to-date: /home/user/data/drones_ship_ws/install/vrx_gz/lib/libScoringPlugin.so
[1.419s] -- Up-to-date: /home/user/data/drones_ship_ws/install/vrx_gz/lib/libStationkeepingScoringPlugin.so
[1.421s] -- Up-to-date: /home/user/data/drones_ship_ws/install/vrx_gz/lib/libWayfindingScoringPlugin.so
[1.424s] -- Up-to-date: /home/user/data/drones_ship_ws/install/vrx_gz/lib/libAcousticPerceptionScoringPlugin.so
[1.426s] -- Up-to-date: /home/user/data/drones_ship_ws/install/vrx_gz/lib/libAcousticTrackingScoringPlugin.so
[1.429s] -- Up-to-date: /home/user/data/drones_ship_ws/install/vrx_gz/lib/libAcousticPingerPlugin.so
[1.431s] -- Up-to-date: /home/user/data/drones_ship_ws/install/vrx_gz/lib/libBallShooterPlugin.so
[1.433s] -- Up-to-date: /home/user/data/drones_ship_ws/install/vrx_gz/lib/libLightBuoyPlugin.so
[1.435s] -- Up-to-date: /home/user/data/drones_ship_ws/install/vrx_gz/lib/libNavigationScoringPlugin.so
[1.438s] -- Up-to-date: /home/user/data/drones_ship_ws/install/vrx_gz/lib/libGymkhanaScoringPlugin.so
[1.440s] -- Up-to-date: /home/user/data/drones_ship_ws/install/vrx_gz/lib/libPerceptionScoringPlugin.so
[1.442s] -- Up-to-date: /home/user/data/drones_ship_ws/install/vrx_gz/lib/libPlacardPlugin.so
[1.445s] -- Up-to-date: /home/user/data/drones_ship_ws/install/vrx_gz/lib/libPublisherPlugin.so
[1.447s] -- Up-to-date: /home/user/data/drones_ship_ws/install/vrx_gz/lib/libScanDockScoringPlugin.so
[1.449s] -- Up-to-date: /home/user/data/drones_ship_ws/install/vrx_gz/lib/libSimpleHydrodynamics.so
[1.451s] -- Up-to-date: /home/user/data/drones_ship_ws/install/vrx_gz/lib/libSurface.so
[1.454s] -- Up-to-date: /home/user/data/drones_ship_ws/install/vrx_gz/lib/libUSVWind.so
[1.456s] -- Up-to-date: /home/user/data/drones_ship_ws/install/vrx_gz/lib/libWaveVisual.so
[1.458s] -- Up-to-date: /home/user/data/drones_ship_ws/install/vrx_gz/lib/libWildlifeScoringPlugin.so
[1.460s] -- Up-to-date: /home/user/data/drones_ship_ws/install/vrx_gz/share/vrx_gz/environment/pythonpath.sh
[1.460s] -- Up-to-date: /home/user/data/drones_ship_ws/install/vrx_gz/share/vrx_gz/environment/pythonpath.dsv
[1.460s] -- Up-to-date: /home/user/data/drones_ship_ws/install/vrx_gz/lib/python3.12/site-packages/vrx_gz-0.0.0-py3.12.egg-info
[1.461s] -- Installing: /home/user/data/drones_ship_ws/install/vrx_gz/lib/python3.12/site-packages/vrx_gz-0.0.0-py3.12.egg-info/SOURCES.txt
[1.463s] -- Installing: /home/user/data/drones_ship_ws/install/vrx_gz/lib/python3.12/site-packages/vrx_gz-0.0.0-py3.12.egg-info/dependency_links.txt
[1.464s] -- Installing: /home/user/data/drones_ship_ws/install/vrx_gz/lib/python3.12/site-packages/vrx_gz-0.0.0-py3.12.egg-info/top_level.txt
[1.466s] -- Installing: /home/user/data/drones_ship_ws/install/vrx_gz/lib/python3.12/site-packages/vrx_gz-0.0.0-py3.12.egg-info/PKG-INFO
[1.468s] -- Up-to-date: /home/user/data/drones_ship_ws/install/vrx_gz/lib/python3.12/site-packages/vrx_gz
[1.468s] -- Up-to-date: /home/user/data/drones_ship_ws/install/vrx_gz/lib/python3.12/site-packages/vrx_gz/model.py
[1.468s] -- Up-to-date: /home/user/data/drones_ship_ws/install/vrx_gz/lib/python3.12/site-packages/vrx_gz/launch.py
[1.468s] -- Up-to-date: /home/user/data/drones_ship_ws/install/vrx_gz/lib/python3.12/site-packages/vrx_gz/bridge.py
[1.469s] -- Up-to-date: /home/user/data/drones_ship_ws/install/vrx_gz/lib/python3.12/site-packages/vrx_gz/bridges.py
[1.469s] -- Up-to-date: /home/user/data/drones_ship_ws/install/vrx_gz/lib/python3.12/site-packages/vrx_gz/__init__.py
[1.469s] -- Up-to-date: /home/user/data/drones_ship_ws/install/vrx_gz/lib/python3.12/site-packages/vrx_gz/payload_bridges.py
[1.794s] Listing '/home/user/data/drones_ship_ws/install/vrx_gz/lib/python3.12/site-packages/vrx_gz'...
[1.838s] -- Up-to-date: /home/user/data/drones_ship_ws/install/vrx_gz/share/vrx_gz/config
[1.839s] -- Up-to-date: /home/user/data/drones_ship_ws/install/vrx_gz/share/vrx_gz/config/wamv.yaml
[1.839s] -- Up-to-date: /home/user/data/drones_ship_ws/install/vrx_gz/share/vrx_gz/config/roboboat.yaml
[1.839s] -- Up-to-date: /home/user/data/drones_ship_ws/install/vrx_gz/share/vrx_gz/launch
[1.839s] -- Up-to-date: /home/user/data/drones_ship_ws/install/vrx_gz/share/vrx_gz/launch/spawn.launch.py
[1.839s] -- Up-to-date: /home/user/data/drones_ship_ws/install/vrx_gz/share/vrx_gz/launch/vrx_environment.launch.py
[1.839s] -- Up-to-date: /home/user/data/drones_ship_ws/install/vrx_gz/share/vrx_gz/launch/competition.launch.py
[1.839s] -- Up-to-date: /home/user/data/drones_ship_ws/install/vrx_gz/share/vrx_gz/launch/spawn_config.launch.py
[1.840s] -- Up-to-date: /home/user/data/drones_ship_ws/install/vrx_gz/share/vrx_gz/launch/usv_joy_teleop.py
[1.840s] -- Up-to-date: /home/user/data/drones_ship_ws/install/vrx_gz/share/vrx_gz/models
[1.840s] -- Up-to-date: /home/user/data/drones_ship_ws/install/vrx_gz/share/vrx_gz/models/placard_2022
[1.840s] -- Up-to-date: /home/user/data/drones_ship_ws/install/vrx_gz/share/vrx_gz/models/placard_2022/materials
[1.841s] -- Up-to-date: /home/user/data/drones_ship_ws/install/vrx_gz/share/vrx_gz/models/placard_2022/materials/textures
[1.841s] -- Up-to-date: /home/user/data/drones_ship_ws/install/vrx_gz/share/vrx_gz/models/placard_2022/materials/textures/Placard.png
[1.841s] -- Up-to-date: /home/user/data/drones_ship_ws/install/vrx_gz/share/vrx_gz/models/placard_2022/model.sdf
[1.841s] -- Up-to-date: /home/user/data/drones_ship_ws/install/vrx_gz/share/vrx_gz/models/placard_2022/meshes
[1.842s] -- Up-to-date: /home/user/data/drones_ship_ws/install/vrx_gz/share/vrx_gz/models/placard_2022/meshes/placard_2022.dae
[1.842s] -- Up-to-date: /home/user/data/drones_ship_ws/install/vrx_gz/share/vrx_gz/models/placard_2022/model.config
[1.842s] -- Up-to-date: /home/user/data/drones_ship_ws/install/vrx_gz/share/vrx_gz/models/roboboat02
[1.842s] -- Up-to-date: /home/user/data/drones_ship_ws/install/vrx_gz/share/vrx_gz/models/roboboat02/materials
[1.843s] -- Up-to-date: /home/user/data/drones_ship_ws/install/vrx_gz/share/vrx_gz/models/roboboat02/materials/textures
[1.843s] -- Up-to-date: /home/user/data/drones_ship_ws/install/vrx_gz/share/vrx_gz/models/roboboat02/materials/textures/Boat02_Normal.png
[1.843s] -- Up-to-date: /home/user/data/drones_ship_ws/install/vrx_gz/share/vrx_gz/models/roboboat02/materials/textures/Boat02_Metallic.png
[1.843s] -- Up-to-date: /home/user/data/drones_ship_ws/install/vrx_gz/share/vrx_gz/models/roboboat02/materials/textures/Boat02_Roughness.png
[1.843s] -- Up-to-date: /home/user/data/drones_ship_ws/install/vrx_gz/share/vrx_gz/models/roboboat02/materials/textures/Boat02_Albedo.png
[1.843s] -- Up-to-date: /home/user/data/drones_ship_ws/install/vrx_gz/share/vrx_gz/models/roboboat02/materials/scripts
[1.844s] -- Up-to-date: /home/user/data/drones_ship_ws/install/vrx_gz/share/vrx_gz/models/roboboat02/materials/scripts/model.material
[1.844s] -- Up-to-date: /home/user/data/drones_ship_ws/install/vrx_gz/share/vrx_gz/models/roboboat02/model.sdf
[1.844s] -- Up-to-date: /home/user/data/drones_ship_ws/install/vrx_gz/share/vrx_gz/models/roboboat02/meshes
[1.844s] -- Up-to-date: /home/user/data/drones_ship_ws/install/vrx_gz/share/vrx_gz/models/roboboat02/meshes/roboboat02.dae
[1.844s] -- Up-to-date: /home/user/data/drones_ship_ws/install/vrx_gz/share/vrx_gz/models/roboboat02/model.config
[1.845s] -- Up-to-date: /home/user/data/drones_ship_ws/install/vrx_gz/share/vrx_gz/models/dock_2022_base
[1.845s] -- Up-to-date: /home/user/data/drones_ship_ws/install/vrx_gz/share/vrx_gz/models/dock_2022_base/model.sdf
[1.845s] -- Up-to-date: /home/user/data/drones_ship_ws/install/vrx_gz/share/vrx_gz/models/dock_2022_base/model.config
[1.845s] -- Up-to-date: /home/user/data/drones_ship_ws/install/vrx_gz/share/vrx_gz/models/robotx_light_buoy_ybr
[1.846s] -- Up-to-date: /home/user/data/drones_ship_ws/install/vrx_gz/share/vrx_gz/models/robotx_light_buoy_ybr/model.sdf
[1.846s] -- Up-to-date: /home/user/data/drones_ship_ws/install/vrx_gz/share/vrx_gz/models/robotx_light_buoy_ybr/model.config
[1.846s] -- Up-to-date: /home/user/data/drones_ship_ws/install/vrx_gz/share/vrx_gz/models/robotx_light_buoy_gbr
[1.846s] -- Up-to-date: /home/user/data/drones_ship_ws/install/vrx_gz/share/vrx_gz/models/robotx_light_buoy_gbr/model.sdf
[1.846s] -- Up-to-date: /home/user/data/drones_ship_ws/install/vrx_gz/share/vrx_gz/models/robotx_light_buoy_gbr/model.config
[1.846s] -- Up-to-date: /home/user/data/drones_ship_ws/install/vrx_gz/share/vrx_gz/models/obstacle_course
[1.847s] -- Up-to-date: /home/user/data/drones_ship_ws/install/vrx_gz/share/vrx_gz/models/obstacle_course/model.sdf
[1.847s] -- Up-to-date: /home/user/data/drones_ship_ws/install/vrx_gz/share/vrx_gz/models/obstacle_course/model.config
[1.847s] -- Up-to-date: /home/user/data/drones_ship_ws/install/vrx_gz/share/vrx_gz/models/robotx_light_buoy_ygb
[1.847s] -- Up-to-date: /home/user/data/drones_ship_ws/install/vrx_gz/share/vrx_gz/models/robotx_light_buoy_ygb/model.sdf
[1.847s] -- Up-to-date: /home/user/data/drones_ship_ws/install/vrx_gz/share/vrx_gz/models/robotx_light_buoy_ygb/model.config
[1.847s] -- Up-to-date: /home/user/data/drones_ship_ws/install/vrx_gz/share/vrx_gz/models/coast_waves
[1.848s] -- Up-to-date: /home/user/data/drones_ship_ws/install/vrx_gz/share/vrx_gz/models/coast_waves/materials
[1.848s] -- Up-to-date: /home/user/data/drones_ship_ws/install/vrx_gz/share/vrx_gz/models/coast_waves/materials/textures
[1.848s] -- Up-to-date: /home/user/data/drones_ship_ws/install/vrx_gz/share/vrx_gz/models/coast_waves/materials/textures/skybox_lowres.dds
[1.849s] -- Up-to-date: /home/user/data/drones_ship_ws/install/vrx_gz/share/vrx_gz/models/coast_waves/materials/textures/wave_normals.dds
[1.849s] -- Up-to-date: /home/user/data/drones_ship_ws/install/vrx_gz/share/vrx_gz/models/coast_waves/materials/programs
[1.849s] -- Up-to-date: /home/user/data/drones_ship_ws/install/vrx_gz/share/vrx_gz/models/coast_waves/materials/programs/GerstnerWaves_fs_330.glsl
[1.849s] -- Up-to-date: /home/user/data/drones_ship_ws/install/vrx_gz/share/vrx_gz/models/coast_waves/materials/programs/GerstnerWaves_vs_330.glsl
[1.849s] -- Up-to-date: /home/user/data/drones_ship_ws/install/vrx_gz/share/vrx_gz/models/coast_waves/model.sdf
[1.849s] -- Up-to-date: /home/user/data/drones_ship_ws/install/vrx_gz/share/vrx_gz/models/coast_waves/meshes
[1.850s] -- Up-to-date: /home/user/data/drones_ship_ws/install/vrx_gz/share/vrx_gz/models/coast_waves/meshes/waterlow.dae
[1.850s] -- Up-to-date: /home/user/data/drones_ship_ws/install/vrx_gz/share/vrx_gz/models/coast_waves/model.config
[1.850s] -- Up-to-date: /home/user/data/drones_ship_ws/install/vrx_gz/share/vrx_gz/models/short_navigation_course_1
[1.850s] -- Up-to-date: /home/user/data/drones_ship_ws/install/vrx_gz/share/vrx_gz/models/short_navigation_course_1/model.sdf
[1.851s] -- Up-to-date: /home/user/data/drones_ship_ws/install/vrx_gz/share/vrx_gz/models/short_navigation_course_1/model.config
[1.851s] -- Up-to-date: /home/user/data/drones_ship_ws/install/vrx_gz/share/vrx_gz/models/symbol_triangle
[1.851s] -- Up-to-date: /home/user/data/drones_ship_ws/install/vrx_gz/share/vrx_gz/models/symbol_triangle/mesh
[1.851s] -- Up-to-date: /home/user/data/drones_ship_ws/install/vrx_gz/share/vrx_gz/models/symbol_triangle/mesh/triangle.dae
[1.851s] -- Up-to-date: /home/user/data/drones_ship_ws/install/vrx_gz/share/vrx_gz/models/symbol_triangle/model.sdf
[1.852s] -- Up-to-date: /home/user/data/drones_ship_ws/install/vrx_gz/share/vrx_gz/models/symbol_triangle/model.config
[1.852s] -- Up-to-date: /home/user/data/drones_ship_ws/install/vrx_gz/share/vrx_gz/models/dock_2022
[1.852s] -- Up-to-date: /home/user/data/drones_ship_ws/install/vrx_gz/share/vrx_gz/models/dock_2022/model.sdf
[1.852s] -- Up-to-date: /home/user/data/drones_ship_ws/install/vrx_gz/share/vrx_gz/models/dock_2022/model.config
[1.852s] -- Up-to-date: /home/user/data/drones_ship_ws/install/vrx_gz/share/vrx_gz/models/entrance_exit
[1.853s] -- Up-to-date: /home/user/data/drones_ship_ws/install/vrx_gz/share/vrx_gz/models/entrance_exit/model.sdf
[1.853s] -- Up-to-date: /home/user/data/drones_ship_ws/install/vrx_gz/share/vrx_gz/models/entrance_exit/model.config
[1.853s] -- Up-to-date: /home/user/data/drones_ship_ws/install/vrx_gz/share/vrx_gz/models/short_navigation_course_3
[1.853s] -- Up-to-date: /home/user/data/drones_ship_ws/install/vrx_gz/share/vrx_gz/models/short_navigation_course_3/model.sdf
[1.853s] -- Up-to-date: /home/user/data/drones_ship_ws/install/vrx_gz/share/vrx_gz/models/short_navigation_course_3/model.config
[1.853s] -- Up-to-date: /home/user/data/drones_ship_ws/install/vrx_gz/share/vrx_gz/models/robotx_light_buoy_rgb
[1.854s] -- Up-to-date: /home/user/data/drones_ship_ws/install/vrx_gz/share/vrx_gz/models/robotx_light_buoy_rgb/mesh
[1.854s] -- Up-to-date: /home/user/data/drones_ship_ws/install/vrx_gz/share/vrx_gz/models/robotx_light_buoy_rgb/mesh/LightTower_Metalness.png
[1.854s] -- Up-to-date: /home/user/data/drones_ship_ws/install/vrx_gz/share/vrx_gz/models/robotx_light_buoy_rgb/mesh/LightTower_Albedo.png
[1.855s] -- Up-to-date: /home/user/data/drones_ship_ws/install/vrx_gz/share/vrx_gz/models/robotx_light_buoy_rgb/mesh/LightTower_Opacity.png
[1.855s] -- Up-to-date: /home/user/data/drones_ship_ws/install/vrx_gz/share/vrx_gz/models/robotx_light_buoy_rgb/mesh/LightTower_Normal.png
[1.855s] -- Up-to-date: /home/user/data/drones_ship_ws/install/vrx_gz/share/vrx_gz/models/robotx_light_buoy_rgb/mesh/robotx_light_buoy.dae
[1.855s] -- Up-to-date: /home/user/data/drones_ship_ws/install/vrx_gz/share/vrx_gz/models/robotx_light_buoy_rgb/mesh/LightTower_Roughness.png
[1.855s] -- Up-to-date: /home/user/data/drones_ship_ws/install/vrx_gz/share/vrx_gz/models/robotx_light_buoy_rgb/model.sdf
[1.855s] -- Up-to-date: /home/user/data/drones_ship_ws/install/vrx_gz/share/vrx_gz/models/robotx_light_buoy_rgb/model.config
[1.855s] -- Up-to-date: /home/user/data/drones_ship_ws/install/vrx_gz/share/vrx_gz/models/robotx_light_buoy_bgr
[1.856s] -- Up-to-date: /home/user/data/drones_ship_ws/install/vrx_gz/share/vrx_gz/models/robotx_light_buoy_bgr/model.sdf
[1.856s] -- Up-to-date: /home/user/data/drones_ship_ws/install/vrx_gz/share/vrx_gz/models/robotx_light_buoy_bgr/model.config
[1.856s] -- Up-to-date: /home/user/data/drones_ship_ws/install/vrx_gz/share/vrx_gz/models/robotx_light_buoy_bgy
[1.856s] -- Up-to-date: /home/user/data/drones_ship_ws/install/vrx_gz/share/vrx_gz/models/robotx_light_buoy_bgy/model.sdf
[1.856s] -- Up-to-date: /home/user/data/drones_ship_ws/install/vrx_gz/share/vrx_gz/models/robotx_light_buoy_bgy/model.config
[1.857s] -- Up-to-date: /home/user/data/drones_ship_ws/install/vrx_gz/share/vrx_gz/models/short_navigation_course_0
[1.857s] -- Up-to-date: /home/user/data/drones_ship_ws/install/vrx_gz/share/vrx_gz/models/short_navigation_course_0/model.sdf
[1.857s] -- Up-to-date: /home/user/data/drones_ship_ws/install/vrx_gz/share/vrx_gz/models/short_navigation_course_0/model.config
[1.857s] -- Up-to-date: /home/user/data/drones_ship_ws/install/vrx_gz/share/vrx_gz/models/short_navigation_course_4
[1.857s] -- Up-to-date: /home/user/data/drones_ship_ws/install/vrx_gz/share/vrx_gz/models/short_navigation_course_4/model.sdf
[1.858s] -- Up-to-date: /home/user/data/drones_ship_ws/install/vrx_gz/share/vrx_gz/models/short_navigation_course_4/model.config
[1.858s] -- Up-to-date: /home/user/data/drones_ship_ws/install/vrx_gz/share/vrx_gz/models/robotx_light_buoy_rbg
[1.858s] -- Up-to-date: /home/user/data/drones_ship_ws/install/vrx_gz/share/vrx_gz/models/robotx_light_buoy_rbg/model.sdf
[1.858s] -- Up-to-date: /home/user/data/drones_ship_ws/install/vrx_gz/share/vrx_gz/models/robotx_light_buoy_rbg/model.config
[1.858s] -- Up-to-date: /home/user/data/drones_ship_ws/install/vrx_gz/share/vrx_gz/models/robotx_light_buoy_rgy
[1.859s] -- Up-to-date: /home/user/data/drones_ship_ws/install/vrx_gz/share/vrx_gz/models/robotx_light_buoy_rgy/model.sdf
[1.859s] -- Up-to-date: /home/user/data/drones_ship_ws/install/vrx_gz/share/vrx_gz/models/robotx_light_buoy_rgy/model.config
[1.859s] -- Up-to-date: /home/user/data/drones_ship_ws/install/vrx_gz/share/vrx_gz/models/short_course_2023_phase3_2
[1.859s] -- Up-to-date: /home/user/data/drones_ship_ws/install/vrx_gz/share/vrx_gz/models/short_course_2023_phase3_2/model.sdf
[1.859s] -- Up-to-date: /home/user/data/drones_ship_ws/install/vrx_gz/share/vrx_gz/models/short_course_2023_phase3_2/model.config
[1.859s] -- Up-to-date: /home/user/data/drones_ship_ws/install/vrx_gz/share/vrx_gz/models/dock_block_4x4
[1.860s] -- Up-to-date: /home/user/data/drones_ship_ws/install/vrx_gz/share/vrx_gz/models/dock_block_4x4/mesh
[1.860s] -- Up-to-date: /home/user/data/drones_ship_ws/install/vrx_gz/share/vrx_gz/models/dock_block_4x4/mesh/DockCubes_Roughness.png
[1.860s] -- Up-to-date: /home/user/data/drones_ship_ws/install/vrx_gz/share/vrx_gz/models/dock_block_4x4/mesh/DockCubes_Normal.png
[1.860s] -- Up-to-date: /home/user/data/drones_ship_ws/install/vrx_gz/share/vrx_gz/models/dock_block_4x4/mesh/DockCubes_Albedo.png
[1.860s] -- Up-to-date: /home/user/data/drones_ship_ws/install/vrx_gz/share/vrx_gz/models/dock_block_4x4/mesh/DockCubes_Metalness.png
[1.861s] -- Up-to-date: /home/user/data/drones_ship_ws/install/vrx_gz/share/vrx_gz/models/dock_block_4x4/mesh/dock_block_4x4.dae
[1.861s] -- Up-to-date: /home/user/data/drones_ship_ws/install/vrx_gz/share/vrx_gz/models/dock_block_4x4/model.sdf
[1.861s] -- Up-to-date: /home/user/data/drones_ship_ws/install/vrx_gz/share/vrx_gz/models/dock_block_4x4/model.config
[1.861s] -- Up-to-date: /home/user/data/drones_ship_ws/install/vrx_gz/share/vrx_gz/models/platform
[1.861s] -- Up-to-date: /home/user/data/drones_ship_ws/install/vrx_gz/share/vrx_gz/models/platform/model.sdf
[1.861s] -- Up-to-date: /home/user/data/drones_ship_ws/install/vrx_gz/share/vrx_gz/models/platform/model.config
[1.861s] -- Up-to-date: /home/user/data/drones_ship_ws/install/vrx_gz/share/vrx_gz/models/articulated_platform
[1.862s] -- Up-to-date: /home/user/data/drones_ship_ws/install/vrx_gz/share/vrx_gz/models/articulated_platform/model.sdf
[1.862s] -- Up-to-date: /home/user/data/drones_ship_ws/install/vrx_gz/share/vrx_gz/models/articulated_platform/model.config
[1.862s] -- Up-to-date: /home/user/data/drones_ship_ws/install/vrx_gz/share/vrx_gz/models/short_navigation_course_5
[1.862s] -- Up-to-date: /home/user/data/drones_ship_ws/install/vrx_gz/share/vrx_gz/models/short_navigation_course_5/model.sdf
[1.863s] -- Up-to-date: /home/user/data/drones_ship_ws/install/vrx_gz/share/vrx_gz/models/short_navigation_course_5/model.config
[1.863s] -- Up-to-date: /home/user/data/drones_ship_ws/install/vrx_gz/share/vrx_gz/models/short_course_2023_phase3_1
[1.863s] -- Up-to-date: /home/user/data/drones_ship_ws/install/vrx_gz/share/vrx_gz/models/short_course_2023_phase3_1/model.sdf
[1.863s] -- Up-to-date: /home/user/data/drones_ship_ws/install/vrx_gz/share/vrx_gz/models/short_course_2023_phase3_1/model.config
[1.863s] -- Up-to-date: /home/user/data/drones_ship_ws/install/vrx_gz/share/vrx_gz/models/robotx_light_buoy_yrg
[1.864s] -- Up-to-date: /home/user/data/drones_ship_ws/install/vrx_gz/share/vrx_gz/models/robotx_light_buoy_yrg/model.sdf
[1.864s] -- Up-to-date: /home/user/data/drones_ship_ws/install/vrx_gz/share/vrx_gz/models/robotx_light_buoy_yrg/model.config
[1.864s] -- Up-to-date: /home/user/data/drones_ship_ws/install/vrx_gz/share/vrx_gz/models/roboboat_cpubox
[1.864s] -- Up-to-date: /home/user/data/drones_ship_ws/install/vrx_gz/share/vrx_gz/models/roboboat_cpubox/materials
[1.864s] -- Up-to-date: /home/user/data/drones_ship_ws/install/vrx_gz/share/vrx_gz/models/roboboat_cpubox/materials/textures
[1.865s] -- Up-to-date: /home/user/data/drones_ship_ws/install/vrx_gz/share/vrx_gz/models/roboboat_cpubox/materials/textures/DryBox_Albedo.png
[1.865s] -- Up-to-date: /home/user/data/drones_ship_ws/install/vrx_gz/share/vrx_gz/models/roboboat_cpubox/materials/textures/DryBox_Roughness.png
[1.865s] -- Up-to-date: /home/user/data/drones_ship_ws/install/vrx_gz/share/vrx_gz/models/roboboat_cpubox/model.sdf
[1.865s] -- Up-to-date: /home/user/data/drones_ship_ws/install/vrx_gz/share/vrx_gz/models/roboboat_cpubox/meshes
[1.866s] -- Up-to-date: /home/user/data/drones_ship_ws/install/vrx_gz/share/vrx_gz/models/roboboat_cpubox/meshes/drybox.dae
[1.866s] -- Up-to-date: /home/user/data/drones_ship_ws/install/vrx_gz/share/vrx_gz/models/roboboat_cpubox/model.config
[1.866s] -- Up-to-date: /home/user/data/drones_ship_ws/install/vrx_gz/share/vrx_gz/models/short_navigation_course_2
[1.866s] -- Up-to-date: /home/user/data/drones_ship_ws/install/vrx_gz/share/vrx_gz/models/short_navigation_course_2/model.sdf
[1.867s] -- Up-to-date: /home/user/data/drones_ship_ws/install/vrx_gz/share/vrx_gz/models/short_navigation_course_2/model.config
[1.867s] -- Up-to-date: /home/user/data/drones_ship_ws/install/vrx_gz/share/vrx_gz/models/roboboat01
[1.867s] -- Up-to-date: /home/user/data/drones_ship_ws/install/vrx_gz/share/vrx_gz/models/roboboat01/materials
[1.867s] -- Up-to-date: /home/user/data/drones_ship_ws/install/vrx_gz/share/vrx_gz/models/roboboat01/materials/textures
[1.868s] -- Up-to-date: /home/user/data/drones_ship_ws/install/vrx_gz/share/vrx_gz/models/roboboat01/materials/textures/Boat01_Albedo.png
[1.868s] -- Up-to-date: /home/user/data/drones_ship_ws/install/vrx_gz/share/vrx_gz/models/roboboat01/materials/textures/Boat01_Roughness.png
[1.868s] -- Up-to-date: /home/user/data/drones_ship_ws/install/vrx_gz/share/vrx_gz/models/roboboat01/materials/textures/Boat01_Metallic.png
[1.868s] -- Up-to-date: /home/user/data/drones_ship_ws/install/vrx_gz/share/vrx_gz/models/roboboat01/materials/textures/Thruster_Albedo.png
[1.868s] -- Up-to-date: /home/user/data/drones_ship_ws/install/vrx_gz/share/vrx_gz/models/roboboat01/materials/textures/Thruster_Roughness.png
[1.868s] -- Up-to-date: /home/user/data/drones_ship_ws/install/vrx_gz/share/vrx_gz/models/roboboat01/materials/textures/Boat01_Normal.png
[1.868s] -- Up-to-date: /home/user/data/drones_ship_ws/install/vrx_gz/share/vrx_gz/models/roboboat01/materials/scripts
[1.869s] -- Up-to-date: /home/user/data/drones_ship_ws/install/vrx_gz/share/vrx_gz/models/roboboat01/materials/scripts/model.material
[1.869s] -- Up-to-date: /home/user/data/drones_ship_ws/install/vrx_gz/share/vrx_gz/models/roboboat01/model.sdf
[1.869s] -- Up-to-date: /home/user/data/drones_ship_ws/install/vrx_gz/share/vrx_gz/models/roboboat01/meshes
[1.869s] -- Up-to-date: /home/user/data/drones_ship_ws/install/vrx_gz/share/vrx_gz/models/roboboat01/meshes/housing.dae
[1.869s] -- Up-to-date: /home/user/data/drones_ship_ws/install/vrx_gz/share/vrx_gz/models/roboboat01/meshes/mount.dae
[1.870s] -- Up-to-date: /home/user/data/drones_ship_ws/install/vrx_gz/share/vrx_gz/models/roboboat01/meshes/prop.dae
[1.870s] -- Up-to-date: /home/user/data/drones_ship_ws/install/vrx_gz/share/vrx_gz/models/roboboat01/meshes/roboboat01.dae
[1.870s] -- Up-to-date: /home/user/data/drones_ship_ws/install/vrx_gz/share/vrx_gz/models/roboboat01/model.config
[1.870s] -- Up-to-date: /home/user/data/drones_ship_ws/install/vrx_gz/share/vrx_gz/worlds
[1.870s] -- Up-to-date: /home/user/data/drones_ship_ws/install/vrx_gz/share/vrx_gz/worlds/gymkhana_task.sdf
[1.870s] -- Up-to-date: /home/user/data/drones_ship_ws/install/vrx_gz/share/vrx_gz/worlds/acoustic_perception_task.sdf
[1.871s] -- Up-to-date: /home/user/data/drones_ship_ws/install/vrx_gz/share/vrx_gz/worlds/wayfinding_task.sdf
[1.871s] -- Up-to-date: /home/user/data/drones_ship_ws/install/vrx_gz/share/vrx_gz/worlds/stationkeeping_task.sdf
[1.871s] -- Up-to-date: /home/user/data/drones_ship_ws/install/vrx_gz/share/vrx_gz/worlds/nbpark.sdf
[1.871s] -- Up-to-date: /home/user/data/drones_ship_ws/install/vrx_gz/share/vrx_gz/worlds/wildlife_task.sdf
[1.871s] -- Up-to-date: /home/user/data/drones_ship_ws/install/vrx_gz/share/vrx_gz/worlds/navigation_task.sdf
[1.871s] -- Up-to-date: /home/user/data/drones_ship_ws/install/vrx_gz/share/vrx_gz/worlds/acoustic_tracking_task.sdf
[1.871s] -- Up-to-date: /home/user/data/drones_ship_ws/install/vrx_gz/share/vrx_gz/worlds/sydney_regatta.sdf
[1.871s] -- Up-to-date: /home/user/data/drones_ship_ws/install/vrx_gz/share/vrx_gz/worlds/2023_practice
[1.872s] -- Up-to-date: /home/user/data/drones_ship_ws/install/vrx_gz/share/vrx_gz/worlds/2023_practice/practice_2023_wayfinding1_task.sdf
[1.872s] -- Up-to-date: /home/user/data/drones_ship_ws/install/vrx_gz/share/vrx_gz/worlds/2023_practice/practice_2023_scan_dock_deliver1_task.sdf
[1.872s] -- Up-to-date: /home/user/data/drones_ship_ws/install/vrx_gz/share/vrx_gz/worlds/2023_practice/practice_2023_perception2_task.sdf
[1.872s] -- Up-to-date: /home/user/data/drones_ship_ws/install/vrx_gz/share/vrx_gz/worlds/2023_practice/practice_2023_scan_dock_deliver0_task.sdf
[1.872s] -- Up-to-date: /home/user/data/drones_ship_ws/install/vrx_gz/share/vrx_gz/worlds/2023_practice/practice_2023_follow_path1_task.sdf
[1.872s] -- Up-to-date: /home/user/data/drones_ship_ws/install/vrx_gz/share/vrx_gz/worlds/2023_practice/practice_2023_stationkeeping2_task.sdf
[1.873s] -- Up-to-date: /home/user/data/drones_ship_ws/install/vrx_gz/share/vrx_gz/worlds/2023_practice/practice_2023_acoustic_tracking0_task.sdf
[1.873s] -- Up-to-date: /home/user/data/drones_ship_ws/install/vrx_gz/share/vrx_gz/worlds/2023_practice/practice_2023_wildlife0_task.sdf
[1.873s] -- Up-to-date: /home/user/data/drones_ship_ws/install/vrx_gz/share/vrx_gz/worlds/2023_practice/practice_2023_follow_path0_task.sdf
[1.873s] -- Up-to-date: /home/user/data/drones_ship_ws/install/vrx_gz/share/vrx_gz/worlds/2023_practice/practice_2023_acoustic_tracking1_task.sdf
[1.873s] -- Up-to-date: /home/user/data/drones_ship_ws/install/vrx_gz/share/vrx_gz/worlds/2023_practice/practice_2023_acoustic_perception1_task.sdf
[1.873s] -- Up-to-date: /home/user/data/drones_ship_ws/install/vrx_gz/share/vrx_gz/worlds/2023_practice/practice_2023_follow_path2_task.sdf
[1.873s] -- Up-to-date: /home/user/data/drones_ship_ws/install/vrx_gz/share/vrx_gz/worlds/2023_practice/practice_2023_acoustic_perception0_task.sdf
[1.874s] -- Up-to-date: /home/user/data/drones_ship_ws/install/vrx_gz/share/vrx_gz/worlds/2023_practice/practice_2023_wayfinding2_task.sdf
[1.874s] -- Up-to-date: /home/user/data/drones_ship_ws/install/vrx_gz/share/vrx_gz/worlds/2023_practice/practice_2023_stationkeeping1_task.sdf
[1.874s] -- Up-to-date: /home/user/data/drones_ship_ws/install/vrx_gz/share/vrx_gz/worlds/2023_practice/practice_2023_wayfinding0_task.sdf
[1.874s] -- Up-to-date: /home/user/data/drones_ship_ws/install/vrx_gz/share/vrx_gz/worlds/2023_practice/practice_2023_acoustic_perception2_task.sdf
[1.874s] -- Up-to-date: /home/user/data/drones_ship_ws/install/vrx_gz/share/vrx_gz/worlds/2023_practice/practice_2023_perception0_task.sdf
[1.874s] -- Up-to-date: /home/user/data/drones_ship_ws/install/vrx_gz/share/vrx_gz/worlds/2023_practice/practice_2023_wildlife2_task.sdf
[1.874s] -- Up-to-date: /home/user/data/drones_ship_ws/install/vrx_gz/share/vrx_gz/worlds/2023_practice/practice_2023_acoustic_tracking2_task.sdf
[1.874s] -- Up-to-date: /home/user/data/drones_ship_ws/install/vrx_gz/share/vrx_gz/worlds/2023_practice/practice_2023_wildlife1_task.sdf
[1.875s] -- Up-to-date: /home/user/data/drones_ship_ws/install/vrx_gz/share/vrx_gz/worlds/2023_practice/practice_2023_perception1_task.sdf
[1.875s] -- Up-to-date: /home/user/data/drones_ship_ws/install/vrx_gz/share/vrx_gz/worlds/2023_practice/practice_2023_stationkeeping0_task.sdf
[1.875s] -- Up-to-date: /home/user/data/drones_ship_ws/install/vrx_gz/share/vrx_gz/worlds/2023_practice/practice_2023_scan_dock_deliver2_task.sdf
[1.875s] -- Up-to-date: /home/user/data/drones_ship_ws/install/vrx_gz/share/vrx_gz/worlds/scan_dock_deliver_task.sdf
[1.875s] -- Up-to-date: /home/user/data/drones_ship_ws/install/vrx_gz/share/vrx_gz/worlds/follow_path_task.sdf
[1.875s] -- Up-to-date: /home/user/data/drones_ship_ws/install/vrx_gz/share/vrx_gz/worlds/perception_task.sdf
[1.876s] -- Up-to-date: /home/user/data/drones_ship_ws/install/vrx_gz/share/ament_index/resource_index/package_run_dependencies/vrx_gz
[1.876s] -- Up-to-date: /home/user/data/drones_ship_ws/install/vrx_gz/share/ament_index/resource_index/parent_prefix_path/vrx_gz
[1.877s] -- Up-to-date: /home/user/data/drones_ship_ws/install/vrx_gz/share/vrx_gz/environment/ament_prefix_path.sh
[1.877s] -- Up-to-date: /home/user/data/drones_ship_ws/install/vrx_gz/share/vrx_gz/environment/ament_prefix_path.dsv
[1.877s] -- Up-to-date: /home/user/data/drones_ship_ws/install/vrx_gz/share/vrx_gz/environment/path.sh
[1.877s] -- Up-to-date: /home/user/data/drones_ship_ws/install/vrx_gz/share/vrx_gz/environment/path.dsv
[1.878s] -- Up-to-date: /home/user/data/drones_ship_ws/install/vrx_gz/share/vrx_gz/local_setup.bash
[1.878s] -- Up-to-date: /home/user/data/drones_ship_ws/install/vrx_gz/share/vrx_gz/local_setup.sh
[1.878s] -- Up-to-date: /home/user/data/drones_ship_ws/install/vrx_gz/share/vrx_gz/local_setup.zsh
[1.879s] -- Up-to-date: /home/user/data/drones_ship_ws/install/vrx_gz/share/vrx_gz/local_setup.dsv
[1.879s] -- Installing: /home/user/data/drones_ship_ws/install/vrx_gz/share/vrx_gz/package.dsv
[1.881s] -- Up-to-date: /home/user/data/drones_ship_ws/install/vrx_gz/share/ament_index/resource_index/packages/vrx_gz
[1.881s] -- Up-to-date: /home/user/data/drones_ship_ws/install/vrx_gz/share/vrx_gz/cmake/vrx_gzConfig.cmake
[1.881s] -- Up-to-date: /home/user/data/drones_ship_ws/install/vrx_gz/share/vrx_gz/cmake/vrx_gzConfig-version.cmake
[1.882s] -- Up-to-date: /home/user/data/drones_ship_ws/install/vrx_gz/share/vrx_gz/package.xml
[1.891s] Invoked command in '/home/user/data/drones_ship_ws/build/vrx_gz' returned '0': CMAKE_PREFIX_PATH=/home/user/data/drones_ship_ws/install/vrx_ros:/home/user/data/drones_ship_ws/install/wamv_gazebo:/home/user/data/drones_ship_ws/install/wamv_description:/home/user/data/drones_ship_ws/install/vrx_gz:/home/user/data/drones_ship_ws/install/aquabot_description:/home/user/data/drones_ship_ws/install/vrx_gazebo:/home/user/data/drones_ship_ws/install/ros_gz_crazyflie_bringup:/home/user/data/drones_ship_ws/install/ros_gz_crazyflie_gazebo:/home/user/data/drones_ship_ws/install/crazyflie_yolo:/home/user/data/drones_ship_ws/install/crazyflie_ekf:/home/user/data/drones_ship_ws/install/crazyflie_control:/home/user/data/drones_ship_ws/install/aquabot_motion:/home/user/data/drones_ship_ws/install/aquabot_gz:/home/user/data/drones_ship_ws/install/aquabot_ekf:/opt/ros/jazzy/opt/gz_sim_vendor:/opt/ros/jazzy/opt/gz_sensors_vendor:/opt/ros/jazzy/opt/gz_physics_vendor:/opt/ros/jazzy/opt/sdformat_vendor:/opt/ros/jazzy/opt/gz_gui_vendor:/opt/ros/jazzy/opt/gz_transport_vendor:/opt/ros/jazzy/opt/gz_rendering_vendor:/opt/ros/jazzy/opt/gz_plugin_vendor:/opt/ros/jazzy/opt/gz_fuel_tools_vendor:/opt/ros/jazzy/opt/gz_msgs_vendor:/opt/ros/jazzy/opt/gz_common_vendor:/opt/ros/jazzy/opt/gz_math_vendor:/opt/ros/jazzy/opt/gz_utils_vendor:/opt/ros/jazzy/opt/gz_tools_vendor:/opt/ros/jazzy/opt/gz_ogre_next_vendor:/opt/ros/jazzy/opt/gz_dartsim_vendor:/opt/ros/jazzy/opt/gz_cmake_vendor:/home/user/data/drones_ship_ws/install/ros_gz_crazyflie_control:/opt/ros/jazzy DEBUGINFOD_URLS=https://debuginfod.ubuntu.com /usr/bin/cmake --install /home/user/data/drones_ship_ws/build/vrx_gz
