-- Install configuration: ""
-- Up-to-date: /home/user/data/drones_ship_ws/install/aquabot_motion/lib/aquabot_motion/cmd.py
-- Up-to-date: /home/user/data/drones_ship_ws/install/aquabot_motion/lib/aquabot_motion/planner.py
-- Up-to-date: /home/user/data/drones_ship_ws/install/aquabot_motion/lib/aquabot_motion/astar.py
-- Up-to-date: /home/user/data/drones_ship_ws/install/aquabot_motion/lib/aquabot_motion/bitangents.py
-- Up-to-date: /home/user/data/drones_ship_ws/install/aquabot_motion/lib/aquabot_motion/path_follower.py
-- Up-to-date: /home/user/data/drones_ship_ws/install/aquabot_motion/share/aquabot_motion/launch
-- Up-to-date: /home/user/data/drones_ship_ws/install/aquabot_motion/share/aquabot_motion/launch/manual_launch.py
-- Up-to-date: /home/user/data/drones_ship_ws/install/aquabot_motion/share/aquabot_motion/launch/Twist.yaml
-- Up-to-date: /home/user/data/drones_ship_ws/install/aquabot_motion/share/ament_index/resource_index/package_run_dependencies/aquabot_motion
-- Up-to-date: /home/user/data/drones_ship_ws/install/aquabot_motion/share/ament_index/resource_index/parent_prefix_path/aquabot_motion
-- Up-to-date: /home/user/data/drones_ship_ws/install/aquabot_motion/share/aquabot_motion/environment/ament_prefix_path.sh
-- Up-to-date: /home/user/data/drones_ship_ws/install/aquabot_motion/share/aquabot_motion/environment/ament_prefix_path.dsv
-- Up-to-date: /home/user/data/drones_ship_ws/install/aquabot_motion/share/aquabot_motion/environment/path.sh
-- Up-to-date: /home/user/data/drones_ship_ws/install/aquabot_motion/share/aquabot_motion/environment/path.dsv
-- Up-to-date: /home/user/data/drones_ship_ws/install/aquabot_motion/share/aquabot_motion/local_setup.bash
-- Up-to-date: /home/user/data/drones_ship_ws/install/aquabot_motion/share/aquabot_motion/local_setup.sh
-- Up-to-date: /home/user/data/drones_ship_ws/install/aquabot_motion/share/aquabot_motion/local_setup.zsh
-- Up-to-date: /home/user/data/drones_ship_ws/install/aquabot_motion/share/aquabot_motion/local_setup.dsv
-- Up-to-date: /home/user/data/drones_ship_ws/install/aquabot_motion/share/aquabot_motion/package.dsv
-- Up-to-date: /home/user/data/drones_ship_ws/install/aquabot_motion/share/ament_index/resource_index/packages/aquabot_motion
-- Up-to-date: /home/user/data/drones_ship_ws/install/aquabot_motion/share/aquabot_motion/cmake/aquabot_motionConfig.cmake
-- Up-to-date: /home/user/data/drones_ship_ws/install/aquabot_motion/share/aquabot_motion/cmake/aquabot_motionConfig-version.cmake
-- Up-to-date: /home/user/data/drones_ship_ws/install/aquabot_motion/share/aquabot_motion/package.xml
