[0.016s] Invoking command in '/home/user/data/ros2_ws/src/drone_ship/aquabot_gz/build/aquabot_gz': CMAKE_PREFIX_PATH=${CMAKE_PREFIX_PATH}:/home/user/data/ros2_ws/install/rosbot_utils:/home/user/data/ros2_ws/install/rosbot_gazebo:/home/user/data/ros2_ws/install/rosbot_bringup:/home/user/data/ros2_ws/install/rosbot_controller:/home/user/data/ros2_ws/install/ros_gz_crazyflie_control:/home/user/data/ros2_ws/install/opencv_tests:/home/user/data/ros2_ws/install/nav2_simple_commander:/home/user/data/ros2_ws/install/nav2_loopback_sim:/home/user/data/ros2_ws/install/crazyflie_ros2_multiranger_wall_following:/home/user/data/ros2_ws/install/crazyflie_ros2_multiranger_simple_mapper:/home/user/data/ros2_ws/install/crazyflie_py:/opt/ros/jazzy DEBUGINFOD_URLS=https://debuginfod.ubuntu.com /usr/bin/cmake --build /home/user/data/ros2_ws/src/drone_ship/aquabot_gz/build/aquabot_gz -- -j20 -l20
[0.126s] [ 10%] Built target Waves
[0.127s] [ 21%] Built target ScoringPlugin
[0.160s] [ 52%] Built target AcousticPingerPlugin
[0.160s] [ 52%] Built target SimpleHydrodynamics
[0.160s] [ 52%] Built target WaveVisual
[0.167s] [ 68%] Built target WindturbinesInspectionScoringPlugin
[0.168s] [ 78%] Built target PublisherPlugin
[0.174s] [ 89%] Built target Surface
[0.178s] [100%] Built target USVWind
[0.199s] Invoked command in '/home/user/data/ros2_ws/src/drone_ship/aquabot_gz/build/aquabot_gz' returned '0': CMAKE_PREFIX_PATH=${CMAKE_PREFIX_PATH}:/home/user/data/ros2_ws/install/rosbot_utils:/home/user/data/ros2_ws/install/rosbot_gazebo:/home/user/data/ros2_ws/install/rosbot_bringup:/home/user/data/ros2_ws/install/rosbot_controller:/home/user/data/ros2_ws/install/ros_gz_crazyflie_control:/home/user/data/ros2_ws/install/opencv_tests:/home/user/data/ros2_ws/install/nav2_simple_commander:/home/user/data/ros2_ws/install/nav2_loopback_sim:/home/user/data/ros2_ws/install/crazyflie_ros2_multiranger_wall_following:/home/user/data/ros2_ws/install/crazyflie_ros2_multiranger_simple_mapper:/home/user/data/ros2_ws/install/crazyflie_py:/opt/ros/jazzy DEBUGINFOD_URLS=https://debuginfod.ubuntu.com /usr/bin/cmake --build /home/user/data/ros2_ws/src/drone_ship/aquabot_gz/build/aquabot_gz -- -j20 -l20
[0.217s] Invoking command in '/home/user/data/ros2_ws/src/drone_ship/aquabot_gz/build/aquabot_gz': CMAKE_PREFIX_PATH=${CMAKE_PREFIX_PATH}:/home/user/data/ros2_ws/install/rosbot_utils:/home/user/data/ros2_ws/install/rosbot_gazebo:/home/user/data/ros2_ws/install/rosbot_bringup:/home/user/data/ros2_ws/install/rosbot_controller:/home/user/data/ros2_ws/install/ros_gz_crazyflie_control:/home/user/data/ros2_ws/install/opencv_tests:/home/user/data/ros2_ws/install/nav2_simple_commander:/home/user/data/ros2_ws/install/nav2_loopback_sim:/home/user/data/ros2_ws/install/crazyflie_ros2_multiranger_wall_following:/home/user/data/ros2_ws/install/crazyflie_ros2_multiranger_simple_mapper:/home/user/data/ros2_ws/install/crazyflie_py:/opt/ros/jazzy DEBUGINFOD_URLS=https://debuginfod.ubuntu.com /usr/bin/cmake --install /home/user/data/ros2_ws/src/drone_ship/aquabot_gz/build/aquabot_gz
[0.233s] -- Install configuration: ""
[0.233s] -- Up-to-date: /home/user/data/ros2_ws/src/drone_ship/aquabot_gz/install/aquabot_gz/share/aquabot_gz/environment/resource_paths.dsv
[0.233s] -- Up-to-date: /home/user/data/ros2_ws/src/drone_ship/aquabot_gz/install/aquabot_gz/lib/libWaves.so
[0.234s] -- Up-to-date: /home/user/data/ros2_ws/src/drone_ship/aquabot_gz/install/aquabot_gz/lib/libScoringPlugin.so
[0.234s] -- Up-to-date: /home/user/data/ros2_ws/src/drone_ship/aquabot_gz/install/aquabot_gz/share/aquabot_gz/rviz
[0.234s] -- Up-to-date: /home/user/data/ros2_ws/src/drone_ship/aquabot_gz/install/aquabot_gz/share/aquabot_gz/rviz/aquabot.rviz
[0.234s] -- Up-to-date: /home/user/data/ros2_ws/src/drone_ship/aquabot_gz/install/aquabot_gz/lib/libPublisherPlugin.so
[0.234s] -- Up-to-date: /home/user/data/ros2_ws/src/drone_ship/aquabot_gz/install/aquabot_gz/lib/libAcousticPingerPlugin.so
[0.234s] -- Up-to-date: /home/user/data/ros2_ws/src/drone_ship/aquabot_gz/install/aquabot_gz/lib/libSimpleHydrodynamics.so
[0.235s] -- Up-to-date: /home/user/data/ros2_ws/src/drone_ship/aquabot_gz/install/aquabot_gz/lib/libSurface.so
[0.235s] -- Up-to-date: /home/user/data/ros2_ws/src/drone_ship/aquabot_gz/install/aquabot_gz/lib/libUSVWind.so
[0.235s] -- Up-to-date: /home/user/data/ros2_ws/src/drone_ship/aquabot_gz/install/aquabot_gz/lib/libWaveVisual.so
[0.235s] -- Up-to-date: /home/user/data/ros2_ws/src/drone_ship/aquabot_gz/install/aquabot_gz/lib/libWindturbinesInspectionScoringPlugin.so
[0.235s] -- Up-to-date: /home/user/data/ros2_ws/src/drone_ship/aquabot_gz/install/aquabot_gz/share/aquabot_gz/launch
[0.236s] -- Installing: /home/user/data/ros2_ws/src/drone_ship/aquabot_gz/install/aquabot_gz/share/aquabot_gz/launch/turbines_launch.py
[0.236s] -- Up-to-date: /home/user/data/ros2_ws/src/drone_ship/aquabot_gz/install/aquabot_gz/share/aquabot_gz/models
[0.236s] -- Up-to-date: /home/user/data/ros2_ws/src/drone_ship/aquabot_gz/install/aquabot_gz/share/aquabot_gz/models/aquabot_marker_1_KO
[0.236s] -- Up-to-date: /home/user/data/ros2_ws/src/drone_ship/aquabot_gz/install/aquabot_gz/share/aquabot_gz/models/aquabot_marker_1_KO/materials
[0.236s] -- Up-to-date: /home/user/data/ros2_ws/src/drone_ship/aquabot_gz/install/aquabot_gz/share/aquabot_gz/models/aquabot_marker_1_KO/materials/textures
[0.236s] -- Up-to-date: /home/user/data/ros2_ws/src/drone_ship/aquabot_gz/install/aquabot_gz/share/aquabot_gz/models/aquabot_marker_1_KO/materials/textures/aquabot_marker_1_KO.png
[0.237s] -- Up-to-date: /home/user/data/ros2_ws/src/drone_ship/aquabot_gz/install/aquabot_gz/share/aquabot_gz/models/aquabot_marker_1_KO/materials/textures/Marker0.png
[0.237s] -- Up-to-date: /home/user/data/ros2_ws/src/drone_ship/aquabot_gz/install/aquabot_gz/share/aquabot_gz/models/aquabot_marker_1_KO/model.sdf
[0.237s] -- Up-to-date: /home/user/data/ros2_ws/src/drone_ship/aquabot_gz/install/aquabot_gz/share/aquabot_gz/models/aquabot_marker_1_KO/meshes
[0.237s] -- Up-to-date: /home/user/data/ros2_ws/src/drone_ship/aquabot_gz/install/aquabot_gz/share/aquabot_gz/models/aquabot_marker_1_KO/meshes/Marker0.dae
[0.237s] -- Up-to-date: /home/user/data/ros2_ws/src/drone_ship/aquabot_gz/install/aquabot_gz/share/aquabot_gz/models/aquabot_marker_1_KO/model.config
[0.237s] -- Up-to-date: /home/user/data/ros2_ws/src/drone_ship/aquabot_gz/install/aquabot_gz/share/aquabot_gz/models/aquabot_windturbine_rotor
[0.237s] -- Up-to-date: /home/user/data/ros2_ws/src/drone_ship/aquabot_gz/install/aquabot_gz/share/aquabot_gz/models/aquabot_windturbine_rotor/mesh
[0.237s] -- Up-to-date: /home/user/data/ros2_ws/src/drone_ship/aquabot_gz/install/aquabot_gz/share/aquabot_gz/models/aquabot_windturbine_rotor/mesh/rotor.dae
[0.237s] -- Up-to-date: /home/user/data/ros2_ws/src/drone_ship/aquabot_gz/install/aquabot_gz/share/aquabot_gz/models/aquabot_windturbine_rotor/model.sdf
[0.238s] -- Up-to-date: /home/user/data/ros2_ws/src/drone_ship/aquabot_gz/install/aquabot_gz/share/aquabot_gz/models/aquabot_windturbine_rotor/model.config
[0.238s] -- Up-to-date: /home/user/data/ros2_ws/src/drone_ship/aquabot_gz/install/aquabot_gz/share/aquabot_gz/models/aquabot_marker_7_KO
[0.238s] -- Up-to-date: /home/user/data/ros2_ws/src/drone_ship/aquabot_gz/install/aquabot_gz/share/aquabot_gz/models/aquabot_marker_7_KO/materials
[0.238s] -- Up-to-date: /home/user/data/ros2_ws/src/drone_ship/aquabot_gz/install/aquabot_gz/share/aquabot_gz/models/aquabot_marker_7_KO/materials/textures
[0.238s] -- Up-to-date: /home/user/data/ros2_ws/src/drone_ship/aquabot_gz/install/aquabot_gz/share/aquabot_gz/models/aquabot_marker_7_KO/materials/textures/aquabot_marker_7_KO.png
[0.238s] -- Up-to-date: /home/user/data/ros2_ws/src/drone_ship/aquabot_gz/install/aquabot_gz/share/aquabot_gz/models/aquabot_marker_7_KO/materials/textures/Marker0.png
[0.238s] -- Up-to-date: /home/user/data/ros2_ws/src/drone_ship/aquabot_gz/install/aquabot_gz/share/aquabot_gz/models/aquabot_marker_7_KO/model.sdf
[0.238s] -- Up-to-date: /home/user/data/ros2_ws/src/drone_ship/aquabot_gz/install/aquabot_gz/share/aquabot_gz/models/aquabot_marker_7_KO/meshes
[0.239s] -- Up-to-date: /home/user/data/ros2_ws/src/drone_ship/aquabot_gz/install/aquabot_gz/share/aquabot_gz/models/aquabot_marker_7_KO/meshes/Marker0.dae
[0.239s] -- Up-to-date: /home/user/data/ros2_ws/src/drone_ship/aquabot_gz/install/aquabot_gz/share/aquabot_gz/models/aquabot_marker_7_KO/model.config
[0.239s] -- Up-to-date: /home/user/data/ros2_ws/src/drone_ship/aquabot_gz/install/aquabot_gz/share/aquabot_gz/models/aquabot_greenboat
[0.239s] -- Up-to-date: /home/user/data/ros2_ws/src/drone_ship/aquabot_gz/install/aquabot_gz/share/aquabot_gz/models/aquabot_greenboat/mesh
[0.239s] -- Up-to-date: /home/user/data/ros2_ws/src/drone_ship/aquabot_gz/install/aquabot_gz/share/aquabot_gz/models/aquabot_greenboat/mesh/greenboat.dae
[0.239s] -- Up-to-date: /home/user/data/ros2_ws/src/drone_ship/aquabot_gz/install/aquabot_gz/share/aquabot_gz/models/aquabot_greenboat/model.sdf
[0.239s] -- Up-to-date: /home/user/data/ros2_ws/src/drone_ship/aquabot_gz/install/aquabot_gz/share/aquabot_gz/models/aquabot_greenboat/model.config
[0.239s] -- Up-to-date: /home/user/data/ros2_ws/src/drone_ship/aquabot_gz/install/aquabot_gz/share/aquabot_gz/models/aquabot_marker_9_KO
[0.240s] -- Up-to-date: /home/user/data/ros2_ws/src/drone_ship/aquabot_gz/install/aquabot_gz/share/aquabot_gz/models/aquabot_marker_9_KO/materials
[0.240s] -- Up-to-date: /home/user/data/ros2_ws/src/drone_ship/aquabot_gz/install/aquabot_gz/share/aquabot_gz/models/aquabot_marker_9_KO/materials/textures
[0.240s] -- Up-to-date: /home/user/data/ros2_ws/src/drone_ship/aquabot_gz/install/aquabot_gz/share/aquabot_gz/models/aquabot_marker_9_KO/materials/textures/Marker0.png
[0.240s] -- Up-to-date: /home/user/data/ros2_ws/src/drone_ship/aquabot_gz/install/aquabot_gz/share/aquabot_gz/models/aquabot_marker_9_KO/materials/textures/aquabot_marker_9_KO.png
[0.240s] -- Up-to-date: /home/user/data/ros2_ws/src/drone_ship/aquabot_gz/install/aquabot_gz/share/aquabot_gz/models/aquabot_marker_9_KO/model.sdf
[0.240s] -- Up-to-date: /home/user/data/ros2_ws/src/drone_ship/aquabot_gz/install/aquabot_gz/share/aquabot_gz/models/aquabot_marker_9_KO/meshes
[0.240s] -- Up-to-date: /home/user/data/ros2_ws/src/drone_ship/aquabot_gz/install/aquabot_gz/share/aquabot_gz/models/aquabot_marker_9_KO/meshes/Marker0.dae
[0.240s] -- Up-to-date: /home/user/data/ros2_ws/src/drone_ship/aquabot_gz/install/aquabot_gz/share/aquabot_gz/models/aquabot_marker_9_KO/model.config
[0.240s] -- Up-to-date: /home/user/data/ros2_ws/src/drone_ship/aquabot_gz/install/aquabot_gz/share/aquabot_gz/models/aquabot_lighthouse_island
[0.240s] -- Up-to-date: /home/user/data/ros2_ws/src/drone_ship/aquabot_gz/install/aquabot_gz/share/aquabot_gz/models/aquabot_lighthouse_island/model.sdf
[0.241s] -- Up-to-date: /home/user/data/ros2_ws/src/drone_ship/aquabot_gz/install/aquabot_gz/share/aquabot_gz/models/aquabot_lighthouse_island/model.config
[0.241s] -- Up-to-date: /home/user/data/ros2_ws/src/drone_ship/aquabot_gz/install/aquabot_gz/share/aquabot_gz/models/aquabot_rock_island_1
[0.241s] -- Up-to-date: /home/user/data/ros2_ws/src/drone_ship/aquabot_gz/install/aquabot_gz/share/aquabot_gz/models/aquabot_rock_island_1/model.sdf
[0.241s] -- Up-to-date: /home/user/data/ros2_ws/src/drone_ship/aquabot_gz/install/aquabot_gz/share/aquabot_gz/models/aquabot_rock_island_1/model.config
[0.241s] -- Up-to-date: /home/user/data/ros2_ws/src/drone_ship/aquabot_gz/install/aquabot_gz/share/aquabot_gz/models/aquabot_marker_8_KO
[0.241s] -- Up-to-date: /home/user/data/ros2_ws/src/drone_ship/aquabot_gz/install/aquabot_gz/share/aquabot_gz/models/aquabot_marker_8_KO/materials
[0.241s] -- Up-to-date: /home/user/data/ros2_ws/src/drone_ship/aquabot_gz/install/aquabot_gz/share/aquabot_gz/models/aquabot_marker_8_KO/materials/textures
[0.241s] -- Up-to-date: /home/user/data/ros2_ws/src/drone_ship/aquabot_gz/install/aquabot_gz/share/aquabot_gz/models/aquabot_marker_8_KO/materials/textures/Marker0.png
[0.241s] -- Up-to-date: /home/user/data/ros2_ws/src/drone_ship/aquabot_gz/install/aquabot_gz/share/aquabot_gz/models/aquabot_marker_8_KO/materials/textures/aquabot_marker_8_KO.png
[0.241s] -- Up-to-date: /home/user/data/ros2_ws/src/drone_ship/aquabot_gz/install/aquabot_gz/share/aquabot_gz/models/aquabot_marker_8_KO/model.sdf
[0.241s] -- Up-to-date: /home/user/data/ros2_ws/src/drone_ship/aquabot_gz/install/aquabot_gz/share/aquabot_gz/models/aquabot_marker_8_KO/meshes
[0.241s] -- Up-to-date: /home/user/data/ros2_ws/src/drone_ship/aquabot_gz/install/aquabot_gz/share/aquabot_gz/models/aquabot_marker_8_KO/meshes/Marker0.dae
[0.241s] -- Up-to-date: /home/user/data/ros2_ws/src/drone_ship/aquabot_gz/install/aquabot_gz/share/aquabot_gz/models/aquabot_marker_8_KO/model.config
[0.241s] -- Up-to-date: /home/user/data/ros2_ws/src/drone_ship/aquabot_gz/install/aquabot_gz/share/aquabot_gz/models/coast_waves
[0.241s] -- Up-to-date: /home/user/data/ros2_ws/src/drone_ship/aquabot_gz/install/aquabot_gz/share/aquabot_gz/models/coast_waves/materials
[0.241s] -- Up-to-date: /home/user/data/ros2_ws/src/drone_ship/aquabot_gz/install/aquabot_gz/share/aquabot_gz/models/coast_waves/materials/textures
[0.242s] -- Up-to-date: /home/user/data/ros2_ws/src/drone_ship/aquabot_gz/install/aquabot_gz/share/aquabot_gz/models/coast_waves/materials/textures/skybox_lowres.dds
[0.242s] -- Up-to-date: /home/user/data/ros2_ws/src/drone_ship/aquabot_gz/install/aquabot_gz/share/aquabot_gz/models/coast_waves/materials/textures/wave_normals.dds
[0.242s] -- Up-to-date: /home/user/data/ros2_ws/src/drone_ship/aquabot_gz/install/aquabot_gz/share/aquabot_gz/models/coast_waves/materials/programs
[0.242s] -- Up-to-date: /home/user/data/ros2_ws/src/drone_ship/aquabot_gz/install/aquabot_gz/share/aquabot_gz/models/coast_waves/materials/programs/GerstnerWaves_fs_330.glsl
[0.242s] -- Up-to-date: /home/user/data/ros2_ws/src/drone_ship/aquabot_gz/install/aquabot_gz/share/aquabot_gz/models/coast_waves/materials/programs/GerstnerWaves_vs_330.glsl
[0.242s] -- Up-to-date: /home/user/data/ros2_ws/src/drone_ship/aquabot_gz/install/aquabot_gz/share/aquabot_gz/models/coast_waves/model.sdf
[0.242s] -- Up-to-date: /home/user/data/ros2_ws/src/drone_ship/aquabot_gz/install/aquabot_gz/share/aquabot_gz/models/coast_waves/meshes
[0.242s] -- Up-to-date: /home/user/data/ros2_ws/src/drone_ship/aquabot_gz/install/aquabot_gz/share/aquabot_gz/models/coast_waves/meshes/waterlow.dae
[0.242s] -- Up-to-date: /home/user/data/ros2_ws/src/drone_ship/aquabot_gz/install/aquabot_gz/share/aquabot_gz/models/coast_waves/model.config
[0.242s] -- Up-to-date: /home/user/data/ros2_ws/src/drone_ship/aquabot_gz/install/aquabot_gz/share/aquabot_gz/models/aquabot_grass
[0.242s] -- Up-to-date: /home/user/data/ros2_ws/src/drone_ship/aquabot_gz/install/aquabot_gz/share/aquabot_gz/models/aquabot_grass/mesh
[0.242s] -- Up-to-date: /home/user/data/ros2_ws/src/drone_ship/aquabot_gz/install/aquabot_gz/share/aquabot_gz/models/aquabot_grass/mesh/grass.dae
[0.242s] -- Up-to-date: /home/user/data/ros2_ws/src/drone_ship/aquabot_gz/install/aquabot_gz/share/aquabot_gz/models/aquabot_grass/model.sdf
[0.242s] -- Up-to-date: /home/user/data/ros2_ws/src/drone_ship/aquabot_gz/install/aquabot_gz/share/aquabot_gz/models/aquabot_grass/model.config
[0.242s] -- Up-to-date: /home/user/data/ros2_ws/src/drone_ship/aquabot_gz/install/aquabot_gz/share/aquabot_gz/models/aquabot_island
[0.242s] -- Up-to-date: /home/user/data/ros2_ws/src/drone_ship/aquabot_gz/install/aquabot_gz/share/aquabot_gz/models/aquabot_island/model.sdf
[0.242s] -- Up-to-date: /home/user/data/ros2_ws/src/drone_ship/aquabot_gz/install/aquabot_gz/share/aquabot_gz/models/aquabot_island/model.config
[0.242s] -- Up-to-date: /home/user/data/ros2_ws/src/drone_ship/aquabot_gz/install/aquabot_gz/share/aquabot_gz/models/aquabot_regatta_no_obstacles_world
[0.242s] -- Up-to-date: /home/user/data/ros2_ws/src/drone_ship/aquabot_gz/install/aquabot_gz/share/aquabot_gz/models/aquabot_regatta_no_obstacles_world/model.sdf
[0.242s] -- Up-to-date: /home/user/data/ros2_ws/src/drone_ship/aquabot_gz/install/aquabot_gz/share/aquabot_gz/models/aquabot_regatta_no_obstacles_world/model.config
[0.242s] -- Up-to-date: /home/user/data/ros2_ws/src/drone_ship/aquabot_gz/install/aquabot_gz/share/aquabot_gz/models/aquabot_marker_4_KO
[0.242s] -- Up-to-date: /home/user/data/ros2_ws/src/drone_ship/aquabot_gz/install/aquabot_gz/share/aquabot_gz/models/aquabot_marker_4_KO/materials
[0.242s] -- Up-to-date: /home/user/data/ros2_ws/src/drone_ship/aquabot_gz/install/aquabot_gz/share/aquabot_gz/models/aquabot_marker_4_KO/materials/textures
[0.243s] -- Up-to-date: /home/user/data/ros2_ws/src/drone_ship/aquabot_gz/install/aquabot_gz/share/aquabot_gz/models/aquabot_marker_4_KO/materials/textures/aquabot_marker_4_KO.png
[0.243s] -- Up-to-date: /home/user/data/ros2_ws/src/drone_ship/aquabot_gz/install/aquabot_gz/share/aquabot_gz/models/aquabot_marker_4_KO/materials/textures/Marker0.png
[0.243s] -- Up-to-date: /home/user/data/ros2_ws/src/drone_ship/aquabot_gz/install/aquabot_gz/share/aquabot_gz/models/aquabot_marker_4_KO/model.sdf
[0.243s] -- Up-to-date: /home/user/data/ros2_ws/src/drone_ship/aquabot_gz/install/aquabot_gz/share/aquabot_gz/models/aquabot_marker_4_KO/meshes
[0.243s] -- Up-to-date: /home/user/data/ros2_ws/src/drone_ship/aquabot_gz/install/aquabot_gz/share/aquabot_gz/models/aquabot_marker_4_KO/meshes/Marker0.dae
[0.243s] -- Up-to-date: /home/user/data/ros2_ws/src/drone_ship/aquabot_gz/install/aquabot_gz/share/aquabot_gz/models/aquabot_marker_4_KO/model.config
[0.243s] -- Up-to-date: /home/user/data/ros2_ws/src/drone_ship/aquabot_gz/install/aquabot_gz/share/aquabot_gz/models/aquabot_marker_2_OK
[0.243s] -- Up-to-date: /home/user/data/ros2_ws/src/drone_ship/aquabot_gz/install/aquabot_gz/share/aquabot_gz/models/aquabot_marker_2_OK/materials
[0.243s] -- Up-to-date: /home/user/data/ros2_ws/src/drone_ship/aquabot_gz/install/aquabot_gz/share/aquabot_gz/models/aquabot_marker_2_OK/materials/textures
[0.243s] -- Up-to-date: /home/user/data/ros2_ws/src/drone_ship/aquabot_gz/install/aquabot_gz/share/aquabot_gz/models/aquabot_marker_2_OK/materials/textures/aquabot_marker_2_OK.png
[0.243s] -- Up-to-date: /home/user/data/ros2_ws/src/drone_ship/aquabot_gz/install/aquabot_gz/share/aquabot_gz/models/aquabot_marker_2_OK/materials/textures/Marker0.png
[0.243s] -- Up-to-date: /home/user/data/ros2_ws/src/drone_ship/aquabot_gz/install/aquabot_gz/share/aquabot_gz/models/aquabot_marker_2_OK/model.sdf
[0.243s] -- Up-to-date: /home/user/data/ros2_ws/src/drone_ship/aquabot_gz/install/aquabot_gz/share/aquabot_gz/models/aquabot_marker_2_OK/meshes
[0.243s] -- Up-to-date: /home/user/data/ros2_ws/src/drone_ship/aquabot_gz/install/aquabot_gz/share/aquabot_gz/models/aquabot_marker_2_OK/meshes/Marker0.dae
[0.243s] -- Up-to-date: /home/user/data/ros2_ws/src/drone_ship/aquabot_gz/install/aquabot_gz/share/aquabot_gz/models/aquabot_marker_2_OK/model.config
[0.243s] -- Up-to-date: /home/user/data/ros2_ws/src/drone_ship/aquabot_gz/install/aquabot_gz/share/aquabot_gz/models/aquabot_marker_2_KO
[0.243s] -- Up-to-date: /home/user/data/ros2_ws/src/drone_ship/aquabot_gz/install/aquabot_gz/share/aquabot_gz/models/aquabot_marker_2_KO/materials
[0.243s] -- Up-to-date: /home/user/data/ros2_ws/src/drone_ship/aquabot_gz/install/aquabot_gz/share/aquabot_gz/models/aquabot_marker_2_KO/materials/textures
[0.243s] -- Up-to-date: /home/user/data/ros2_ws/src/drone_ship/aquabot_gz/install/aquabot_gz/share/aquabot_gz/models/aquabot_marker_2_KO/materials/textures/aquabot_marker_2_KO.png
[0.243s] -- Up-to-date: /home/user/data/ros2_ws/src/drone_ship/aquabot_gz/install/aquabot_gz/share/aquabot_gz/models/aquabot_marker_2_KO/materials/textures/Marker0.png
[0.243s] -- Up-to-date: /home/user/data/ros2_ws/src/drone_ship/aquabot_gz/install/aquabot_gz/share/aquabot_gz/models/aquabot_marker_2_KO/model.sdf
[0.243s] -- Up-to-date: /home/user/data/ros2_ws/src/drone_ship/aquabot_gz/install/aquabot_gz/share/aquabot_gz/models/aquabot_marker_2_KO/meshes
[0.243s] -- Up-to-date: /home/user/data/ros2_ws/src/drone_ship/aquabot_gz/install/aquabot_gz/share/aquabot_gz/models/aquabot_marker_2_KO/meshes/Marker0.dae
[0.243s] -- Up-to-date: /home/user/data/ros2_ws/src/drone_ship/aquabot_gz/install/aquabot_gz/share/aquabot_gz/models/aquabot_marker_2_KO/model.config
[0.243s] -- Up-to-date: /home/user/data/ros2_ws/src/drone_ship/aquabot_gz/install/aquabot_gz/share/aquabot_gz/models/aquabot_sapling
[0.244s] -- Up-to-date: /home/user/data/ros2_ws/src/drone_ship/aquabot_gz/install/aquabot_gz/share/aquabot_gz/models/aquabot_sapling/mesh
[0.244s] -- Up-to-date: /home/user/data/ros2_ws/src/drone_ship/aquabot_gz/install/aquabot_gz/share/aquabot_gz/models/aquabot_sapling/mesh/sapling.dae
[0.244s] -- Up-to-date: /home/user/data/ros2_ws/src/drone_ship/aquabot_gz/install/aquabot_gz/share/aquabot_gz/models/aquabot_sapling/model.sdf
[0.244s] -- Up-to-date: /home/user/data/ros2_ws/src/drone_ship/aquabot_gz/install/aquabot_gz/share/aquabot_gz/models/aquabot_sapling/model.config
[0.244s] -- Up-to-date: /home/user/data/ros2_ws/src/drone_ship/aquabot_gz/install/aquabot_gz/share/aquabot_gz/models/aquabot_marker_4_OK
[0.244s] -- Up-to-date: /home/user/data/ros2_ws/src/drone_ship/aquabot_gz/install/aquabot_gz/share/aquabot_gz/models/aquabot_marker_4_OK/materials
[0.244s] -- Up-to-date: /home/user/data/ros2_ws/src/drone_ship/aquabot_gz/install/aquabot_gz/share/aquabot_gz/models/aquabot_marker_4_OK/materials/textures
[0.244s] -- Up-to-date: /home/user/data/ros2_ws/src/drone_ship/aquabot_gz/install/aquabot_gz/share/aquabot_gz/models/aquabot_marker_4_OK/materials/textures/aquabot_marker_4_OK.png
[0.244s] -- Up-to-date: /home/user/data/ros2_ws/src/drone_ship/aquabot_gz/install/aquabot_gz/share/aquabot_gz/models/aquabot_marker_4_OK/materials/textures/Marker0.png
[0.244s] -- Up-to-date: /home/user/data/ros2_ws/src/drone_ship/aquabot_gz/install/aquabot_gz/share/aquabot_gz/models/aquabot_marker_4_OK/model.sdf
[0.244s] -- Up-to-date: /home/user/data/ros2_ws/src/drone_ship/aquabot_gz/install/aquabot_gz/share/aquabot_gz/models/aquabot_marker_4_OK/meshes
[0.244s] -- Up-to-date: /home/user/data/ros2_ws/src/drone_ship/aquabot_gz/install/aquabot_gz/share/aquabot_gz/models/aquabot_marker_4_OK/meshes/Marker0.dae
[0.244s] -- Up-to-date: /home/user/data/ros2_ws/src/drone_ship/aquabot_gz/install/aquabot_gz/share/aquabot_gz/models/aquabot_marker_4_OK/model.config
[0.244s] -- Up-to-date: /home/user/data/ros2_ws/src/drone_ship/aquabot_gz/install/aquabot_gz/share/aquabot_gz/models/aquabot_sonar_buoy
[0.244s] -- Up-to-date: /home/user/data/ros2_ws/src/drone_ship/aquabot_gz/install/aquabot_gz/share/aquabot_gz/models/aquabot_sonar_buoy/mesh
[0.244s] -- Up-to-date: /home/user/data/ros2_ws/src/drone_ship/aquabot_gz/install/aquabot_gz/share/aquabot_gz/models/aquabot_sonar_buoy/mesh/sonar_buoy.dae
[0.244s] -- Up-to-date: /home/user/data/ros2_ws/src/drone_ship/aquabot_gz/install/aquabot_gz/share/aquabot_gz/models/aquabot_sonar_buoy/model.sdf
[0.244s] -- Up-to-date: /home/user/data/ros2_ws/src/drone_ship/aquabot_gz/install/aquabot_gz/share/aquabot_gz/models/aquabot_sonar_buoy/model.config
[0.244s] -- Up-to-date: /home/user/data/ros2_ws/src/drone_ship/aquabot_gz/install/aquabot_gz/share/aquabot_gz/models/aquabot_rock
[0.244s] -- Up-to-date: /home/user/data/ros2_ws/src/drone_ship/aquabot_gz/install/aquabot_gz/share/aquabot_gz/models/aquabot_rock/mesh
[0.244s] -- Up-to-date: /home/user/data/ros2_ws/src/drone_ship/aquabot_gz/install/aquabot_gz/share/aquabot_gz/models/aquabot_rock/mesh/rock.dae
[0.244s] -- Up-to-date: /home/user/data/ros2_ws/src/drone_ship/aquabot_gz/install/aquabot_gz/share/aquabot_gz/models/aquabot_rock/model.sdf
[0.244s] -- Up-to-date: /home/user/data/ros2_ws/src/drone_ship/aquabot_gz/install/aquabot_gz/share/aquabot_gz/models/aquabot_rock/model.config
[0.244s] -- Up-to-date: /home/user/data/ros2_ws/src/drone_ship/aquabot_gz/install/aquabot_gz/share/aquabot_gz/models/aquabot_marker_8_OK
[0.244s] -- Up-to-date: /home/user/data/ros2_ws/src/drone_ship/aquabot_gz/install/aquabot_gz/share/aquabot_gz/models/aquabot_marker_8_OK/materials
[0.245s] -- Up-to-date: /home/user/data/ros2_ws/src/drone_ship/aquabot_gz/install/aquabot_gz/share/aquabot_gz/models/aquabot_marker_8_OK/materials/textures
[0.245s] -- Up-to-date: /home/user/data/ros2_ws/src/drone_ship/aquabot_gz/install/aquabot_gz/share/aquabot_gz/models/aquabot_marker_8_OK/materials/textures/Marker0.png
[0.245s] -- Up-to-date: /home/user/data/ros2_ws/src/drone_ship/aquabot_gz/install/aquabot_gz/share/aquabot_gz/models/aquabot_marker_8_OK/materials/textures/aquabot_marker_8_OK.png
[0.245s] -- Up-to-date: /home/user/data/ros2_ws/src/drone_ship/aquabot_gz/install/aquabot_gz/share/aquabot_gz/models/aquabot_marker_8_OK/model.sdf
[0.245s] -- Up-to-date: /home/user/data/ros2_ws/src/drone_ship/aquabot_gz/install/aquabot_gz/share/aquabot_gz/models/aquabot_marker_8_OK/meshes
[0.245s] -- Up-to-date: /home/user/data/ros2_ws/src/drone_ship/aquabot_gz/install/aquabot_gz/share/aquabot_gz/models/aquabot_marker_8_OK/meshes/Marker0.dae
[0.245s] -- Up-to-date: /home/user/data/ros2_ws/src/drone_ship/aquabot_gz/install/aquabot_gz/share/aquabot_gz/models/aquabot_marker_8_OK/model.config
[0.245s] -- Up-to-date: /home/user/data/ros2_ws/src/drone_ship/aquabot_gz/install/aquabot_gz/share/aquabot_gz/models/aquabot_marker_6_KO
[0.245s] -- Up-to-date: /home/user/data/ros2_ws/src/drone_ship/aquabot_gz/install/aquabot_gz/share/aquabot_gz/models/aquabot_marker_6_KO/materials
[0.245s] -- Up-to-date: /home/user/data/ros2_ws/src/drone_ship/aquabot_gz/install/aquabot_gz/share/aquabot_gz/models/aquabot_marker_6_KO/materials/textures
[0.245s] -- Up-to-date: /home/user/data/ros2_ws/src/drone_ship/aquabot_gz/install/aquabot_gz/share/aquabot_gz/models/aquabot_marker_6_KO/materials/textures/aquabot_marker_6_KO.png
[0.245s] -- Up-to-date: /home/user/data/ros2_ws/src/drone_ship/aquabot_gz/install/aquabot_gz/share/aquabot_gz/models/aquabot_marker_6_KO/materials/textures/Marker0.png
[0.245s] -- Up-to-date: /home/user/data/ros2_ws/src/drone_ship/aquabot_gz/install/aquabot_gz/share/aquabot_gz/models/aquabot_marker_6_KO/model.sdf
[0.245s] -- Up-to-date: /home/user/data/ros2_ws/src/drone_ship/aquabot_gz/install/aquabot_gz/share/aquabot_gz/models/aquabot_marker_6_KO/meshes
[0.245s] -- Up-to-date: /home/user/data/ros2_ws/src/drone_ship/aquabot_gz/install/aquabot_gz/share/aquabot_gz/models/aquabot_marker_6_KO/meshes/Marker0.dae
[0.245s] -- Up-to-date: /home/user/data/ros2_ws/src/drone_ship/aquabot_gz/install/aquabot_gz/share/aquabot_gz/models/aquabot_marker_6_KO/model.config
[0.245s] -- Up-to-date: /home/user/data/ros2_ws/src/drone_ship/aquabot_gz/install/aquabot_gz/share/aquabot_gz/models/aquabot_marker_0_KO
[0.245s] -- Up-to-date: /home/user/data/ros2_ws/src/drone_ship/aquabot_gz/install/aquabot_gz/share/aquabot_gz/models/aquabot_marker_0_KO/materials
[0.245s] -- Up-to-date: /home/user/data/ros2_ws/src/drone_ship/aquabot_gz/install/aquabot_gz/share/aquabot_gz/models/aquabot_marker_0_KO/materials/textures
[0.245s] -- Up-to-date: /home/user/data/ros2_ws/src/drone_ship/aquabot_gz/install/aquabot_gz/share/aquabot_gz/models/aquabot_marker_0_KO/materials/textures/aquabot_marker_0_KO.png
[0.245s] -- Up-to-date: /home/user/data/ros2_ws/src/drone_ship/aquabot_gz/install/aquabot_gz/share/aquabot_gz/models/aquabot_marker_0_KO/materials/textures/Marker0.png
[0.245s] -- Up-to-date: /home/user/data/ros2_ws/src/drone_ship/aquabot_gz/install/aquabot_gz/share/aquabot_gz/models/aquabot_marker_0_KO/model.sdf
[0.245s] -- Up-to-date: /home/user/data/ros2_ws/src/drone_ship/aquabot_gz/install/aquabot_gz/share/aquabot_gz/models/aquabot_marker_0_KO/meshes
[0.246s] -- Up-to-date: /home/user/data/ros2_ws/src/drone_ship/aquabot_gz/install/aquabot_gz/share/aquabot_gz/models/aquabot_marker_0_KO/meshes/Marker0.dae
[0.246s] -- Up-to-date: /home/user/data/ros2_ws/src/drone_ship/aquabot_gz/install/aquabot_gz/share/aquabot_gz/models/aquabot_marker_0_KO/model.config
[0.246s] -- Up-to-date: /home/user/data/ros2_ws/src/drone_ship/aquabot_gz/install/aquabot_gz/share/aquabot_gz/models/aquabot_tree
[0.246s] -- Up-to-date: /home/user/data/ros2_ws/src/drone_ship/aquabot_gz/install/aquabot_gz/share/aquabot_gz/models/aquabot_tree/mesh
[0.246s] -- Up-to-date: /home/user/data/ros2_ws/src/drone_ship/aquabot_gz/install/aquabot_gz/share/aquabot_gz/models/aquabot_tree/mesh/tree.dae
[0.246s] -- Up-to-date: /home/user/data/ros2_ws/src/drone_ship/aquabot_gz/install/aquabot_gz/share/aquabot_gz/models/aquabot_tree/model.sdf
[0.246s] -- Up-to-date: /home/user/data/ros2_ws/src/drone_ship/aquabot_gz/install/aquabot_gz/share/aquabot_gz/models/aquabot_tree/model.config
[0.246s] -- Up-to-date: /home/user/data/ros2_ws/src/drone_ship/aquabot_gz/install/aquabot_gz/share/aquabot_gz/models/aquabot_marker_1_OK
[0.246s] -- Up-to-date: /home/user/data/ros2_ws/src/drone_ship/aquabot_gz/install/aquabot_gz/share/aquabot_gz/models/aquabot_marker_1_OK/materials
[0.246s] -- Up-to-date: /home/user/data/ros2_ws/src/drone_ship/aquabot_gz/install/aquabot_gz/share/aquabot_gz/models/aquabot_marker_1_OK/materials/textures
[0.246s] -- Up-to-date: /home/user/data/ros2_ws/src/drone_ship/aquabot_gz/install/aquabot_gz/share/aquabot_gz/models/aquabot_marker_1_OK/materials/textures/aquabot_marker_1_OK.png
[0.246s] -- Up-to-date: /home/user/data/ros2_ws/src/drone_ship/aquabot_gz/install/aquabot_gz/share/aquabot_gz/models/aquabot_marker_1_OK/materials/textures/Marker0.png
[0.246s] -- Up-to-date: /home/user/data/ros2_ws/src/drone_ship/aquabot_gz/install/aquabot_gz/share/aquabot_gz/models/aquabot_marker_1_OK/model.sdf
[0.246s] -- Up-to-date: /home/user/data/ros2_ws/src/drone_ship/aquabot_gz/install/aquabot_gz/share/aquabot_gz/models/aquabot_marker_1_OK/meshes
[0.246s] -- Up-to-date: /home/user/data/ros2_ws/src/drone_ship/aquabot_gz/install/aquabot_gz/share/aquabot_gz/models/aquabot_marker_1_OK/meshes/Marker0.dae
[0.246s] -- Up-to-date: /home/user/data/ros2_ws/src/drone_ship/aquabot_gz/install/aquabot_gz/share/aquabot_gz/models/aquabot_marker_1_OK/model.config
[0.246s] -- Up-to-date: /home/user/data/ros2_ws/src/drone_ship/aquabot_gz/install/aquabot_gz/share/aquabot_gz/models/aquabot_regatta_world
[0.246s] -- Up-to-date: /home/user/data/ros2_ws/src/drone_ship/aquabot_gz/install/aquabot_gz/share/aquabot_gz/models/aquabot_regatta_world/model.sdf
[0.246s] -- Up-to-date: /home/user/data/ros2_ws/src/drone_ship/aquabot_gz/install/aquabot_gz/share/aquabot_gz/models/aquabot_regatta_world/model.config
[0.246s] -- Up-to-date: /home/user/data/ros2_ws/src/drone_ship/aquabot_gz/install/aquabot_gz/share/aquabot_gz/models/aquabot_marker_0_OK
[0.246s] -- Up-to-date: /home/user/data/ros2_ws/src/drone_ship/aquabot_gz/install/aquabot_gz/share/aquabot_gz/models/aquabot_marker_0_OK/materials
[0.246s] -- Up-to-date: /home/user/data/ros2_ws/src/drone_ship/aquabot_gz/install/aquabot_gz/share/aquabot_gz/models/aquabot_marker_0_OK/materials/textures
[0.246s] -- Up-to-date: /home/user/data/ros2_ws/src/drone_ship/aquabot_gz/install/aquabot_gz/share/aquabot_gz/models/aquabot_marker_0_OK/materials/textures/aquabot_marker_0_OK.png
[0.246s] -- Up-to-date: /home/user/data/ros2_ws/src/drone_ship/aquabot_gz/install/aquabot_gz/share/aquabot_gz/models/aquabot_marker_0_OK/materials/textures/Marker0.png
[0.247s] -- Up-to-date: /home/user/data/ros2_ws/src/drone_ship/aquabot_gz/install/aquabot_gz/share/aquabot_gz/models/aquabot_marker_0_OK/model.sdf
[0.247s] -- Up-to-date: /home/user/data/ros2_ws/src/drone_ship/aquabot_gz/install/aquabot_gz/share/aquabot_gz/models/aquabot_marker_0_OK/meshes
[0.247s] -- Up-to-date: /home/user/data/ros2_ws/src/drone_ship/aquabot_gz/install/aquabot_gz/share/aquabot_gz/models/aquabot_marker_0_OK/meshes/Marker0.dae
[0.247s] -- Up-to-date: /home/user/data/ros2_ws/src/drone_ship/aquabot_gz/install/aquabot_gz/share/aquabot_gz/models/aquabot_marker_0_OK/model.config
[0.247s] -- Up-to-date: /home/user/data/ros2_ws/src/drone_ship/aquabot_gz/install/aquabot_gz/share/aquabot_gz/models/aquabot_marker_5_KO
[0.247s] -- Up-to-date: /home/user/data/ros2_ws/src/drone_ship/aquabot_gz/install/aquabot_gz/share/aquabot_gz/models/aquabot_marker_5_KO/materials
[0.247s] -- Up-to-date: /home/user/data/ros2_ws/src/drone_ship/aquabot_gz/install/aquabot_gz/share/aquabot_gz/models/aquabot_marker_5_KO/materials/textures
[0.247s] -- Up-to-date: /home/user/data/ros2_ws/src/drone_ship/aquabot_gz/install/aquabot_gz/share/aquabot_gz/models/aquabot_marker_5_KO/materials/textures/Marker0.png
[0.247s] -- Up-to-date: /home/user/data/ros2_ws/src/drone_ship/aquabot_gz/install/aquabot_gz/share/aquabot_gz/models/aquabot_marker_5_KO/materials/textures/aquabot_marker_5_KO.png
[0.247s] -- Up-to-date: /home/user/data/ros2_ws/src/drone_ship/aquabot_gz/install/aquabot_gz/share/aquabot_gz/models/aquabot_marker_5_KO/model.sdf
[0.247s] -- Up-to-date: /home/user/data/ros2_ws/src/drone_ship/aquabot_gz/install/aquabot_gz/share/aquabot_gz/models/aquabot_marker_5_KO/meshes
[0.247s] -- Up-to-date: /home/user/data/ros2_ws/src/drone_ship/aquabot_gz/install/aquabot_gz/share/aquabot_gz/models/aquabot_marker_5_KO/meshes/Marker0.dae
[0.247s] -- Up-to-date: /home/user/data/ros2_ws/src/drone_ship/aquabot_gz/install/aquabot_gz/share/aquabot_gz/models/aquabot_marker_5_KO/model.config
[0.247s] -- Up-to-date: /home/user/data/ros2_ws/src/drone_ship/aquabot_gz/install/aquabot_gz/share/aquabot_gz/models/aquabot_windturbine_main
[0.247s] -- Up-to-date: /home/user/data/ros2_ws/src/drone_ship/aquabot_gz/install/aquabot_gz/share/aquabot_gz/models/aquabot_windturbine_main/mesh
[0.247s] -- Up-to-date: /home/user/data/ros2_ws/src/drone_ship/aquabot_gz/install/aquabot_gz/share/aquabot_gz/models/aquabot_windturbine_main/mesh/main.dae
[0.247s] -- Up-to-date: /home/user/data/ros2_ws/src/drone_ship/aquabot_gz/install/aquabot_gz/share/aquabot_gz/models/aquabot_windturbine_main/model.sdf
[0.247s] -- Up-to-date: /home/user/data/ros2_ws/src/drone_ship/aquabot_gz/install/aquabot_gz/share/aquabot_gz/models/aquabot_windturbine_main/model.config
[0.247s] -- Up-to-date: /home/user/data/ros2_ws/src/drone_ship/aquabot_gz/install/aquabot_gz/share/aquabot_gz/models/aquabot_marker_7_OK
[0.247s] -- Up-to-date: /home/user/data/ros2_ws/src/drone_ship/aquabot_gz/install/aquabot_gz/share/aquabot_gz/models/aquabot_marker_7_OK/materials
[0.247s] -- Up-to-date: /home/user/data/ros2_ws/src/drone_ship/aquabot_gz/install/aquabot_gz/share/aquabot_gz/models/aquabot_marker_7_OK/materials/textures
[0.247s] -- Up-to-date: /home/user/data/ros2_ws/src/drone_ship/aquabot_gz/install/aquabot_gz/share/aquabot_gz/models/aquabot_marker_7_OK/materials/textures/aquabot_marker_7_OK.png
[0.247s] -- Up-to-date: /home/user/data/ros2_ws/src/drone_ship/aquabot_gz/install/aquabot_gz/share/aquabot_gz/models/aquabot_marker_7_OK/materials/textures/Marker0.png
[0.247s] -- Up-to-date: /home/user/data/ros2_ws/src/drone_ship/aquabot_gz/install/aquabot_gz/share/aquabot_gz/models/aquabot_marker_7_OK/model.sdf
[0.248s] -- Up-to-date: /home/user/data/ros2_ws/src/drone_ship/aquabot_gz/install/aquabot_gz/share/aquabot_gz/models/aquabot_marker_7_OK/meshes
[0.248s] -- Up-to-date: /home/user/data/ros2_ws/src/drone_ship/aquabot_gz/install/aquabot_gz/share/aquabot_gz/models/aquabot_marker_7_OK/meshes/Marker0.dae
[0.248s] -- Up-to-date: /home/user/data/ros2_ws/src/drone_ship/aquabot_gz/install/aquabot_gz/share/aquabot_gz/models/aquabot_marker_7_OK/model.config
[0.248s] -- Up-to-date: /home/user/data/ros2_ws/src/drone_ship/aquabot_gz/install/aquabot_gz/share/aquabot_gz/models/aquabot_lighthouse
[0.248s] -- Up-to-date: /home/user/data/ros2_ws/src/drone_ship/aquabot_gz/install/aquabot_gz/share/aquabot_gz/models/aquabot_lighthouse/mesh
[0.248s] -- Up-to-date: /home/user/data/ros2_ws/src/drone_ship/aquabot_gz/install/aquabot_gz/share/aquabot_gz/models/aquabot_lighthouse/mesh/lighthouse.dae
[0.248s] -- Up-to-date: /home/user/data/ros2_ws/src/drone_ship/aquabot_gz/install/aquabot_gz/share/aquabot_gz/models/aquabot_lighthouse/model.sdf
[0.248s] -- Up-to-date: /home/user/data/ros2_ws/src/drone_ship/aquabot_gz/install/aquabot_gz/share/aquabot_gz/models/aquabot_lighthouse/model.config
[0.248s] -- Up-to-date: /home/user/data/ros2_ws/src/drone_ship/aquabot_gz/install/aquabot_gz/share/aquabot_gz/models/aquabot_marker_3_KO
[0.248s] -- Up-to-date: /home/user/data/ros2_ws/src/drone_ship/aquabot_gz/install/aquabot_gz/share/aquabot_gz/models/aquabot_marker_3_KO/materials
[0.248s] -- Up-to-date: /home/user/data/ros2_ws/src/drone_ship/aquabot_gz/install/aquabot_gz/share/aquabot_gz/models/aquabot_marker_3_KO/materials/textures
[0.248s] -- Up-to-date: /home/user/data/ros2_ws/src/drone_ship/aquabot_gz/install/aquabot_gz/share/aquabot_gz/models/aquabot_marker_3_KO/materials/textures/aquabot_marker_3_KO.png
[0.248s] -- Up-to-date: /home/user/data/ros2_ws/src/drone_ship/aquabot_gz/install/aquabot_gz/share/aquabot_gz/models/aquabot_marker_3_KO/materials/textures/Marker0.png
[0.248s] -- Up-to-date: /home/user/data/ros2_ws/src/drone_ship/aquabot_gz/install/aquabot_gz/share/aquabot_gz/models/aquabot_marker_3_KO/model.sdf
[0.248s] -- Up-to-date: /home/user/data/ros2_ws/src/drone_ship/aquabot_gz/install/aquabot_gz/share/aquabot_gz/models/aquabot_marker_3_KO/meshes
[0.248s] -- Up-to-date: /home/user/data/ros2_ws/src/drone_ship/aquabot_gz/install/aquabot_gz/share/aquabot_gz/models/aquabot_marker_3_KO/meshes/Marker0.dae
[0.248s] -- Up-to-date: /home/user/data/ros2_ws/src/drone_ship/aquabot_gz/install/aquabot_gz/share/aquabot_gz/models/aquabot_marker_3_KO/model.config
[0.248s] -- Up-to-date: /home/user/data/ros2_ws/src/drone_ship/aquabot_gz/install/aquabot_gz/share/aquabot_gz/models/aquabot_marker_3_OK
[0.248s] -- Up-to-date: /home/user/data/ros2_ws/src/drone_ship/aquabot_gz/install/aquabot_gz/share/aquabot_gz/models/aquabot_marker_3_OK/materials
[0.248s] -- Up-to-date: /home/user/data/ros2_ws/src/drone_ship/aquabot_gz/install/aquabot_gz/share/aquabot_gz/models/aquabot_marker_3_OK/materials/textures
[0.248s] -- Up-to-date: /home/user/data/ros2_ws/src/drone_ship/aquabot_gz/install/aquabot_gz/share/aquabot_gz/models/aquabot_marker_3_OK/materials/textures/aquabot_marker_3_OK.png
[0.248s] -- Up-to-date: /home/user/data/ros2_ws/src/drone_ship/aquabot_gz/install/aquabot_gz/share/aquabot_gz/models/aquabot_marker_3_OK/materials/textures/Marker0.png
[0.248s] -- Up-to-date: /home/user/data/ros2_ws/src/drone_ship/aquabot_gz/install/aquabot_gz/share/aquabot_gz/models/aquabot_marker_3_OK/model.sdf
[0.248s] -- Up-to-date: /home/user/data/ros2_ws/src/drone_ship/aquabot_gz/install/aquabot_gz/share/aquabot_gz/models/aquabot_marker_3_OK/meshes
[0.248s] -- Up-to-date: /home/user/data/ros2_ws/src/drone_ship/aquabot_gz/install/aquabot_gz/share/aquabot_gz/models/aquabot_marker_3_OK/meshes/Marker0.dae
[0.248s] -- Up-to-date: /home/user/data/ros2_ws/src/drone_ship/aquabot_gz/install/aquabot_gz/share/aquabot_gz/models/aquabot_marker_3_OK/model.config
[0.248s] -- Up-to-date: /home/user/data/ros2_ws/src/drone_ship/aquabot_gz/install/aquabot_gz/share/aquabot_gz/models/aquabot_redboat
[0.248s] -- Up-to-date: /home/user/data/ros2_ws/src/drone_ship/aquabot_gz/install/aquabot_gz/share/aquabot_gz/models/aquabot_redboat/mesh
[0.249s] -- Up-to-date: /home/user/data/ros2_ws/src/drone_ship/aquabot_gz/install/aquabot_gz/share/aquabot_gz/models/aquabot_redboat/mesh/redboat.dae
[0.249s] -- Up-to-date: /home/user/data/ros2_ws/src/drone_ship/aquabot_gz/install/aquabot_gz/share/aquabot_gz/models/aquabot_redboat/model.sdf
[0.249s] -- Up-to-date: /home/user/data/ros2_ws/src/drone_ship/aquabot_gz/install/aquabot_gz/share/aquabot_gz/models/aquabot_redboat/model.config
[0.249s] -- Up-to-date: /home/user/data/ros2_ws/src/drone_ship/aquabot_gz/install/aquabot_gz/share/aquabot_gz/models/aquabot_marker_6_OK
[0.249s] -- Up-to-date: /home/user/data/ros2_ws/src/drone_ship/aquabot_gz/install/aquabot_gz/share/aquabot_gz/models/aquabot_marker_6_OK/materials
[0.249s] -- Up-to-date: /home/user/data/ros2_ws/src/drone_ship/aquabot_gz/install/aquabot_gz/share/aquabot_gz/models/aquabot_marker_6_OK/materials/textures
[0.249s] -- Up-to-date: /home/user/data/ros2_ws/src/drone_ship/aquabot_gz/install/aquabot_gz/share/aquabot_gz/models/aquabot_marker_6_OK/materials/textures/aquabot_marker_6_OK.png
[0.249s] -- Up-to-date: /home/user/data/ros2_ws/src/drone_ship/aquabot_gz/install/aquabot_gz/share/aquabot_gz/models/aquabot_marker_6_OK/materials/textures/Marker0.png
[0.249s] -- Up-to-date: /home/user/data/ros2_ws/src/drone_ship/aquabot_gz/install/aquabot_gz/share/aquabot_gz/models/aquabot_marker_6_OK/model.sdf
[0.249s] -- Up-to-date: /home/user/data/ros2_ws/src/drone_ship/aquabot_gz/install/aquabot_gz/share/aquabot_gz/models/aquabot_marker_6_OK/meshes
[0.249s] -- Up-to-date: /home/user/data/ros2_ws/src/drone_ship/aquabot_gz/install/aquabot_gz/share/aquabot_gz/models/aquabot_marker_6_OK/meshes/Marker0.dae
[0.249s] -- Up-to-date: /home/user/data/ros2_ws/src/drone_ship/aquabot_gz/install/aquabot_gz/share/aquabot_gz/models/aquabot_marker_6_OK/model.config
[0.249s] -- Up-to-date: /home/user/data/ros2_ws/src/drone_ship/aquabot_gz/install/aquabot_gz/share/aquabot_gz/models/aquabot_marker_9_OK
[0.249s] -- Up-to-date: /home/user/data/ros2_ws/src/drone_ship/aquabot_gz/install/aquabot_gz/share/aquabot_gz/models/aquabot_marker_9_OK/materials
[0.249s] -- Up-to-date: /home/user/data/ros2_ws/src/drone_ship/aquabot_gz/install/aquabot_gz/share/aquabot_gz/models/aquabot_marker_9_OK/materials/textures
[0.249s] -- Up-to-date: /home/user/data/ros2_ws/src/drone_ship/aquabot_gz/install/aquabot_gz/share/aquabot_gz/models/aquabot_marker_9_OK/materials/textures/aquabot_marker_9_OK.png
[0.249s] -- Up-to-date: /home/user/data/ros2_ws/src/drone_ship/aquabot_gz/install/aquabot_gz/share/aquabot_gz/models/aquabot_marker_9_OK/materials/textures/Marker0.png
[0.249s] -- Up-to-date: /home/user/data/ros2_ws/src/drone_ship/aquabot_gz/install/aquabot_gz/share/aquabot_gz/models/aquabot_marker_9_OK/model.sdf
[0.249s] -- Up-to-date: /home/user/data/ros2_ws/src/drone_ship/aquabot_gz/install/aquabot_gz/share/aquabot_gz/models/aquabot_marker_9_OK/meshes
[0.249s] -- Up-to-date: /home/user/data/ros2_ws/src/drone_ship/aquabot_gz/install/aquabot_gz/share/aquabot_gz/models/aquabot_marker_9_OK/meshes/Marker0.dae
[0.249s] -- Up-to-date: /home/user/data/ros2_ws/src/drone_ship/aquabot_gz/install/aquabot_gz/share/aquabot_gz/models/aquabot_marker_9_OK/model.config
[0.249s] -- Up-to-date: /home/user/data/ros2_ws/src/drone_ship/aquabot_gz/install/aquabot_gz/share/aquabot_gz/models/aquabot_marker_5_OK
[0.249s] -- Up-to-date: /home/user/data/ros2_ws/src/drone_ship/aquabot_gz/install/aquabot_gz/share/aquabot_gz/models/aquabot_marker_5_OK/materials
[0.249s] -- Up-to-date: /home/user/data/ros2_ws/src/drone_ship/aquabot_gz/install/aquabot_gz/share/aquabot_gz/models/aquabot_marker_5_OK/materials/textures
[0.249s] -- Up-to-date: /home/user/data/ros2_ws/src/drone_ship/aquabot_gz/install/aquabot_gz/share/aquabot_gz/models/aquabot_marker_5_OK/materials/textures/aquabot_marker_5_OK.png
[0.250s] -- Up-to-date: /home/user/data/ros2_ws/src/drone_ship/aquabot_gz/install/aquabot_gz/share/aquabot_gz/models/aquabot_marker_5_OK/materials/textures/Marker0.png
[0.250s] -- Up-to-date: /home/user/data/ros2_ws/src/drone_ship/aquabot_gz/install/aquabot_gz/share/aquabot_gz/models/aquabot_marker_5_OK/model.sdf
[0.250s] -- Up-to-date: /home/user/data/ros2_ws/src/drone_ship/aquabot_gz/install/aquabot_gz/share/aquabot_gz/models/aquabot_marker_5_OK/meshes
[0.250s] -- Up-to-date: /home/user/data/ros2_ws/src/drone_ship/aquabot_gz/install/aquabot_gz/share/aquabot_gz/models/aquabot_marker_5_OK/meshes/Marker0.dae
[0.250s] -- Up-to-date: /home/user/data/ros2_ws/src/drone_ship/aquabot_gz/install/aquabot_gz/share/aquabot_gz/models/aquabot_marker_5_OK/model.config
[0.250s] -- Up-to-date: /home/user/data/ros2_ws/src/drone_ship/aquabot_gz/install/aquabot_gz/share/aquabot_gz/worlds
[0.250s] -- Up-to-date: /home/user/data/ros2_ws/src/drone_ship/aquabot_gz/install/aquabot_gz/share/aquabot_gz/worlds/aquabot_windturbines_hard.sdf
[0.250s] -- Up-to-date: /home/user/data/ros2_ws/src/drone_ship/aquabot_gz/install/aquabot_gz/share/aquabot_gz/worlds/aquabot_windturbines_easy.sdf
[0.250s] -- Up-to-date: /home/user/data/ros2_ws/src/drone_ship/aquabot_gz/install/aquabot_gz/share/aquabot_gz/worlds/aquabot_windturbines_medium.sdf
[0.250s] -- Up-to-date: /home/user/data/ros2_ws/src/drone_ship/aquabot_gz/install/aquabot_gz/share/ament_index/resource_index/package_run_dependencies/aquabot_gz
[0.250s] -- Up-to-date: /home/user/data/ros2_ws/src/drone_ship/aquabot_gz/install/aquabot_gz/share/ament_index/resource_index/parent_prefix_path/aquabot_gz
[0.250s] -- Up-to-date: /home/user/data/ros2_ws/src/drone_ship/aquabot_gz/install/aquabot_gz/share/aquabot_gz/environment/ament_prefix_path.sh
[0.250s] -- Up-to-date: /home/user/data/ros2_ws/src/drone_ship/aquabot_gz/install/aquabot_gz/share/aquabot_gz/environment/ament_prefix_path.dsv
[0.250s] -- Up-to-date: /home/user/data/ros2_ws/src/drone_ship/aquabot_gz/install/aquabot_gz/share/aquabot_gz/environment/path.sh
[0.250s] -- Up-to-date: /home/user/data/ros2_ws/src/drone_ship/aquabot_gz/install/aquabot_gz/share/aquabot_gz/environment/path.dsv
[0.250s] -- Up-to-date: /home/user/data/ros2_ws/src/drone_ship/aquabot_gz/install/aquabot_gz/share/aquabot_gz/local_setup.bash
[0.250s] -- Up-to-date: /home/user/data/ros2_ws/src/drone_ship/aquabot_gz/install/aquabot_gz/share/aquabot_gz/local_setup.sh
[0.250s] -- Up-to-date: /home/user/data/ros2_ws/src/drone_ship/aquabot_gz/install/aquabot_gz/share/aquabot_gz/local_setup.zsh
[0.250s] -- Up-to-date: /home/user/data/ros2_ws/src/drone_ship/aquabot_gz/install/aquabot_gz/share/aquabot_gz/local_setup.dsv
[0.250s] -- Installing: /home/user/data/ros2_ws/src/drone_ship/aquabot_gz/install/aquabot_gz/share/aquabot_gz/package.dsv
[0.250s] -- Up-to-date: /home/user/data/ros2_ws/src/drone_ship/aquabot_gz/install/aquabot_gz/share/ament_index/resource_index/packages/aquabot_gz
[0.250s] -- Up-to-date: /home/user/data/ros2_ws/src/drone_ship/aquabot_gz/install/aquabot_gz/share/aquabot_gz/cmake/aquabot_gzConfig.cmake
[0.250s] -- Up-to-date: /home/user/data/ros2_ws/src/drone_ship/aquabot_gz/install/aquabot_gz/share/aquabot_gz/cmake/aquabot_gzConfig-version.cmake
[0.251s] -- Up-to-date: /home/user/data/ros2_ws/src/drone_ship/aquabot_gz/install/aquabot_gz/share/aquabot_gz/package.xml
[0.251s] Invoked command in '/home/user/data/ros2_ws/src/drone_ship/aquabot_gz/build/aquabot_gz' returned '0': CMAKE_PREFIX_PATH=${CMAKE_PREFIX_PATH}:/home/user/data/ros2_ws/install/rosbot_utils:/home/user/data/ros2_ws/install/rosbot_gazebo:/home/user/data/ros2_ws/install/rosbot_bringup:/home/user/data/ros2_ws/install/rosbot_controller:/home/user/data/ros2_ws/install/ros_gz_crazyflie_control:/home/user/data/ros2_ws/install/opencv_tests:/home/user/data/ros2_ws/install/nav2_simple_commander:/home/user/data/ros2_ws/install/nav2_loopback_sim:/home/user/data/ros2_ws/install/crazyflie_ros2_multiranger_wall_following:/home/user/data/ros2_ws/install/crazyflie_ros2_multiranger_simple_mapper:/home/user/data/ros2_ws/install/crazyflie_py:/opt/ros/jazzy DEBUGINFOD_URLS=https://debuginfod.ubuntu.com /usr/bin/cmake --install /home/user/data/ros2_ws/src/drone_ship/aquabot_gz/build/aquabot_gz
