[0.011s] Invoking command in '/home/user/data/drones_ship_ws/build/vrx_gz': CMAKE_PREFIX_PATH=/home/user/data/drones_ship_ws/install/vrx_ros:/home/user/data/drones_ship_ws/install/wamv_gazebo:/home/user/data/drones_ship_ws/install/wamv_description:/home/user/data/drones_ship_ws/install/vrx_gz:/home/user/data/drones_ship_ws/install/aquabot_description:/home/user/data/drones_ship_ws/install/vrx_gazebo:/home/user/data/drones_ship_ws/install/ros_gz_crazyflie_bringup:/home/user/data/drones_ship_ws/install/ros_gz_crazyflie_gazebo:/home/user/data/drones_ship_ws/install/crazyflie_yolo:/home/user/data/drones_ship_ws/install/crazyflie_ekf:/home/user/data/drones_ship_ws/install/crazyflie_control:/home/user/data/drones_ship_ws/install/aquabot_motion:/home/user/data/drones_ship_ws/install/aquabot_gz:/home/user/data/drones_ship_ws/install/aquabot_ekf:/opt/ros/jazzy/opt/gz_sim_vendor:/opt/ros/jazzy/opt/gz_sensors_vendor:/opt/ros/jazzy/opt/gz_physics_vendor:/opt/ros/jazzy/opt/sdformat_vendor:/opt/ros/jazzy/opt/gz_gui_vendor:/opt/ros/jazzy/opt/gz_transport_vendor:/opt/ros/jazzy/opt/gz_rendering_vendor:/opt/ros/jazzy/opt/gz_plugin_vendor:/opt/ros/jazzy/opt/gz_fuel_tools_vendor:/opt/ros/jazzy/opt/gz_msgs_vendor:/opt/ros/jazzy/opt/gz_common_vendor:/opt/ros/jazzy/opt/gz_math_vendor:/opt/ros/jazzy/opt/gz_utils_vendor:/opt/ros/jazzy/opt/gz_tools_vendor:/opt/ros/jazzy/opt/gz_ogre_next_vendor:/opt/ros/jazzy/opt/gz_dartsim_vendor:/opt/ros/jazzy/opt/gz_cmake_vendor:/home/user/data/drones_ship_ws/install/ros_gz_crazyflie_control:/home/user/data/drones_ship_ws/install/multi_drone_traj_replay:/opt/ros/jazzy DEBUGINFOD_URLS=https://debuginfod.ubuntu.com /usr/bin/cmake /home/user/data/drones_ship_ws/src/vrx/vrx_gz -DCMAKE_INSTALL_PREFIX=/home/user/data/drones_ship_ws/install/vrx_gz
[0.087s] -- The C compiler identification is GNU 13.3.0
[0.165s] -- The CXX compiler identification is GNU 13.3.0
[0.188s] -- Detecting C compiler ABI info
[0.291s] -- Detecting C compiler ABI info - done
[0.304s] -- Check for working C compiler: /usr/lib/ccache/cc - skipped
[0.304s] -- Detecting C compile features
[0.305s] -- Detecting C compile features - done
[0.321s] -- Detecting CXX compiler ABI info
[0.465s] -- Detecting CXX compiler ABI info - done
[0.472s] -- Check for working CXX compiler: /usr/lib/ccache/c++ - skipped
[0.472s] -- Detecting CXX compile features
[0.472s] -- Detecting CXX compile features - done
[0.479s] -- Found ament_cmake: 2.5.4 (/opt/ros/jazzy/share/ament_cmake/cmake)
[0.655s] -- Found Python3: /usr/bin/python3 (found version "3.12.3") found components: Interpreter 
[0.889s] -- Found gz_sim_vendor: 0.0.8 (/opt/ros/jazzy/share/gz_sim_vendor/cmake)
[1.091s] -- Looking for gz-sim8 -- found version 8.9.0
[1.107s] -- Searching for dependencies of gz-sim8
[1.115s] -- Looking for sdformat14 -- found version 14.7.0
[1.115s] -- Searching for dependencies of sdformat14
[1.121s] -- Checking for module 'tinyxml2'
[1.141s] --   Found tinyxml2, version 10.0.0
[1.197s] -- Looking for gz-math7 -- found version 7.5.2
[1.197s] -- Searching for dependencies of gz-math7
[1.208s] -- Looking for gz-utils2 -- found version 2.2.1
[1.208s] -- Searching for dependencies of gz-utils2
[1.209s] -- Looking for gz-utils2 -- found version 2.2.1
[1.209s] -- Searching for dependencies of gz-utils2
[1.209s] -- Searching for <gz-utils2> component [cli]
[1.220s] -- Looking for gz-utils2-cli -- found version 2.2.1
[1.220s] -- Searching for dependencies of gz-utils2-cli
[1.230s] -- Looking for gz-plugin2 -- found version 2.0.4
[1.230s] -- Searching for dependencies of gz-plugin2
[1.230s] -- Looking for gz-utils2 -- found version 2.2.1
[1.231s] -- Searching for <gz-plugin2> component [loader]
[1.240s] -- Looking for gz-plugin2-loader -- found version 2.0.4
[1.241s] -- Searching for dependencies of gz-plugin2-loader
[1.241s] -- Searching for <gz-plugin2> component [register]
[1.250s] -- Looking for gz-plugin2-register -- found version 2.0.4
[1.251s] -- Searching for dependencies of gz-plugin2-register
[1.260s] -- Looking for gz-transport13 -- found version 13.4.1
[1.260s] -- Searching for dependencies of gz-transport13
[1.480s] -- Found Protobuf: /usr/lib/x86_64-linux-gnu/libprotobuf.so (found version "3.21.12") 
[1.515s] -- Config-file not installed for ZeroMQ -- checking for pkg-config
[1.521s] -- Checking for module 'libzmq >= 4'
[1.542s] --   Found libzmq, version 4.3.5
[1.621s] -- Found ZeroMQ: TRUE (Required is at least version "4") 
[1.628s] -- Checking for module 'uuid'
[1.648s] --   Found uuid, version 2.39.3
[1.694s] -- Found UUID: TRUE  
[1.694s] -- Looking for gz-utils2 -- found version 2.2.1
[1.706s] -- Looking for gz-msgs10 -- found version 10.3.2
[1.706s] -- Searching for dependencies of gz-msgs10
[1.737s] -- Looking for gz-utils2 -- found version 2.2.1
[1.737s] -- Looking for gz-math7 -- found version 7.5.2
[1.745s] -- Searching for <gz-transport13> component [log]
[1.754s] -- Looking for gz-transport13-log -- found version 13.4.1
[1.754s] -- Searching for dependencies of gz-transport13-log
[1.755s] -- Searching for <gz-transport13> component [parameters]
[1.764s] -- Looking for gz-transport13-parameters -- found version 13.4.1
[1.764s] -- Searching for dependencies of gz-transport13-parameters
[1.765s] -- Looking for gz-msgs10 -- found version 10.3.2
[1.775s] -- Looking for gz-common5 -- found version 5.7.1
[1.775s] -- Searching for dependencies of gz-common5
[1.775s] -- Looking for gz-utils2 -- found version 2.2.1
[1.776s] -- Looking for dlfcn.h - found
[1.778s] -- Looking for libdl - found
[1.780s] -- Found DL: TRUE  
[1.787s] -- Searching for <gz-common5> component [av]
[1.796s] -- Looking for gz-common5-av -- found version 5.7.1
[1.796s] -- Searching for dependencies of gz-common5-av
[1.802s] -- Checking for module 'libswscale'
[1.822s] --   Found libswscale, version 7.5.100
[1.873s] -- Found SWSCALE: TRUE  
[1.878s] -- Checking for module 'libavdevice >= 56.4.100'
[1.899s] --   Found libavdevice, version 60.3.100
[1.980s] -- Found AVDEVICE: TRUE (Required is at least version "56.4.100") 
[1.986s] -- Checking for module 'libavformat'
[2.007s] --   Found libavformat, version 60.16.100
[2.063s] -- Found AVFORMAT: TRUE  
[2.069s] -- Checking for module 'libavcodec'
[2.089s] --   Found libavcodec, version 60.31.102
[2.142s] -- Found AVCODEC: TRUE  
[2.148s] -- Checking for module 'libavutil'
[2.169s] --   Found libavutil, version 58.29.100
[2.214s] -- Found AVUTIL: TRUE  
[2.214s] -- Searching for <gz-common5> component [events]
[2.226s] -- Looking for gz-common5-events -- found version 5.7.1
[2.226s] -- Searching for dependencies of gz-common5-events
[2.227s] -- Looking for gz-math7 -- found version 7.5.2
[2.227s] -- Searching for <gz-common5> component [graphics]
[2.239s] -- Looking for gz-common5-graphics -- found version 5.7.1
[2.239s] -- Searching for dependencies of gz-common5-graphics
[2.240s] -- Looking for gz-math7 -- found version 7.5.2
[2.259s] -- Found GzAssimp: TRUE (found version "5.3.0") 
[2.260s] -- Searching for <gz-common5> component [io]
[2.271s] -- Looking for gz-common5-io -- found version 5.7.1
[2.271s] -- Searching for dependencies of gz-common5-io
[2.272s] -- Searching for <gz-common5> component [profiler]
[2.282s] -- Looking for gz-common5-profiler -- found version 5.7.1
[2.282s] -- Searching for dependencies of gz-common5-profiler
[2.293s] -- Looking for gz-fuel_tools9 -- found version 9.1.1
[2.293s] -- Searching for dependencies of gz-fuel_tools9
[2.426s] -- Found CURL: /usr/lib/x86_64-linux-gnu/libcurl.so (found version "8.5.0")  
[2.448s] -- Checking for module 'jsoncpp'
[2.469s] --   Found jsoncpp, version 1.9.5
[2.516s] -- Found JSONCPP: TRUE  
[2.556s] -- Checking for module 'yaml-0.1'
[2.577s] --   Found yaml-0.1, version 0.2.5
[2.624s] -- Found YAML: TRUE  
[2.629s] -- Checking for module 'libzip'
[2.650s] --   Found libzip, version 1.7.3
[2.698s] -- Found ZIP: TRUE  
[2.698s] -- Looking for gz-utils2 -- found version 2.2.1
[2.698s] -- Looking for gz-common5 -- found version 5.7.1
[2.698s] -- Searching for dependencies of gz-common5
[2.699s] -- Looking for gz-utils2 -- found version 2.2.1
[2.699s] -- Looking for dlfcn.h - found
[2.699s] -- Looking for libdl - found
[2.707s] -- Searching for <gz-common5> component [testing]
[2.720s] -- Looking for gz-common5-testing -- found version 5.7.1
[2.720s] -- Searching for dependencies of gz-common5-testing
[2.721s] -- Looking for gz-math7 -- found version 7.5.2
[2.721s] -- Looking for gz-msgs10 -- found version 10.3.2
[2.732s] -- Looking for gz-gui8 -- found version 8.4.0
[2.733s] -- Searching for dependencies of gz-gui8
[2.783s] -- Looking for gz-utils2 -- found version 2.2.1
[2.784s] -- Looking for gz-math7 -- found version 7.5.2
[2.784s] -- Looking for gz-common5 -- found version 5.7.1
[2.785s] -- Looking for gz-plugin2 -- found version 2.0.4
[2.785s] -- Looking for gz-transport13 -- found version 13.4.1
[2.797s] -- Looking for gz-rendering8 -- found version 8.2.2
[2.797s] -- Searching for dependencies of gz-rendering8
[2.797s] -- Looking for gz-math7 -- found version 7.5.2
[2.797s] -- Searching for dependencies of gz-math7
[2.798s] -- Looking for gz-utils2 -- found version 2.2.1
[2.798s] -- Searching for <gz-math7> component [eigen3]
[2.811s] -- Looking for gz-math7-eigen3 -- found version 7.5.2
[2.811s] -- Searching for dependencies of gz-math7-eigen3
[2.832s] -- Looking for gz-common5 -- found version 5.7.1
[2.832s] -- Searching for dependencies of gz-common5
[2.832s] -- Looking for gz-utils2 -- found version 2.2.1
[2.832s] -- Looking for dlfcn.h - found
[2.832s] -- Looking for libdl - found
[2.841s] -- Searching for <gz-common5> component [graphics]
[2.841s] -- Searching for <gz-common5> component [events]
[2.841s] -- Searching for <gz-common5> component [geospatial]
[2.852s] -- Looking for gz-common5-geospatial -- found version 5.7.1
[2.852s] -- Searching for dependencies of gz-common5-geospatial
[2.852s] -- Looking for gz-math7 -- found version 7.5.2
[2.853s] -- Looking for gz-common5 -- found version 5.7.1
[2.854s] -- Looking for gz-plugin2 -- found version 2.0.4
[2.854s] -- Searching for dependencies of gz-plugin2
[2.854s] -- Looking for gz-utils2 -- found version 2.2.1
[2.854s] -- Searching for <gz-plugin2> component [all]
[2.864s] -- Looking for all libraries of gz-plugin2 -- found version 2.0.4
[2.865s] -- Looking for gz-plugin2 -- found version 2.0.4
[2.866s] -- Looking for gz-utils2 -- found version 2.2.1
[2.887s] -- Found OpenGL: /usr/lib/x86_64-linux-gnu/libOpenGL.so  found components: OpenGL 
[2.889s] -- Looking for gz-msgs10 -- found version 10.3.2
[2.936s] -- Looking for gz-physics7 -- found version 7.5.0
[2.936s] -- Searching for dependencies of gz-physics7
[2.937s] -- Looking for gz-common5 -- found version 5.7.1
[2.937s] -- Looking for gz-math7 -- found version 7.5.2
[2.938s] -- Looking for gz-plugin2 -- found version 2.0.4
[2.938s] -- Looking for gz-utils2 -- found version 2.2.1
[2.939s] -- Searching for <gz-physics7> component [heightmap]
[2.945s] -- Looking for gz-physics7-heightmap -- found version 7.5.0
[2.945s] -- Searching for dependencies of gz-physics7-heightmap
[2.945s] -- Looking for gz-common5 -- found version 5.7.1
[2.946s] -- Searching for <gz-physics7> component [mesh]
[2.950s] -- Looking for gz-physics7-mesh -- found version 7.5.0
[2.950s] -- Searching for dependencies of gz-physics7-mesh
[2.950s] -- Looking for gz-common5 -- found version 5.7.1
[2.951s] -- Searching for <gz-physics7> component [sdf]
[2.955s] -- Looking for gz-physics7-sdf -- found version 7.5.0
[2.955s] -- Searching for dependencies of gz-physics7-sdf
[2.955s] -- Looking for sdformat14 -- found version 14.7.0
[2.960s] -- Looking for gz-sensors8 -- found version 8.2.2
[2.960s] -- Searching for dependencies of gz-sensors8
[2.986s] -- Looking for gz-math7 -- found version 7.5.2
[2.987s] -- Looking for gz-common5 -- found version 5.7.1
[2.987s] -- Looking for gz-transport13 -- found version 13.4.1
[2.988s] -- Looking for gz-rendering8 -- found version 8.2.2
[2.988s] -- Looking for gz-msgs10 -- found version 10.3.2
[2.988s] -- Looking for sdformat14 -- found version 14.7.0
[2.989s] -- Searching for <gz-sensors8> component [air_pressure]
[2.999s] -- Looking for gz-sensors8-air_pressure -- found version 8.2.2
[2.999s] -- Searching for dependencies of gz-sensors8-air_pressure
[2.999s] -- Searching for <gz-sensors8> component [air_speed]
[3.010s] -- Looking for gz-sensors8-air_speed -- found version 8.2.2
[3.010s] -- Searching for dependencies of gz-sensors8-air_speed
[3.010s] -- Searching for <gz-sensors8> component [altimeter]
[3.020s] -- Looking for gz-sensors8-altimeter -- found version 8.2.2
[3.021s] -- Searching for dependencies of gz-sensors8-altimeter
[3.021s] -- Searching for <gz-sensors8> component [imu]
[3.033s] -- Looking for gz-sensors8-imu -- found version 8.2.2
[3.033s] -- Searching for dependencies of gz-sensors8-imu
[3.033s] -- Searching for <gz-sensors8> component [force_torque]
[3.044s] -- Looking for gz-sensors8-force_torque -- found version 8.2.2
[3.044s] -- Searching for dependencies of gz-sensors8-force_torque
[3.045s] -- Searching for <gz-sensors8> component [logical_camera]
[3.056s] -- Looking for gz-sensors8-logical_camera -- found version 8.2.2
[3.056s] -- Searching for dependencies of gz-sensors8-logical_camera
[3.057s] -- Searching for <gz-sensors8> component [magnetometer]
[3.067s] -- Looking for gz-sensors8-magnetometer -- found version 8.2.2
[3.067s] -- Searching for dependencies of gz-sensors8-magnetometer
[3.068s] -- Searching for <gz-sensors8> component [navsat]
[3.079s] -- Looking for gz-sensors8-navsat -- found version 8.2.2
[3.079s] -- Searching for dependencies of gz-sensors8-navsat
[3.080s] -- Searching for <gz-sensors8> component [dvl]
[3.090s] -- Looking for gz-sensors8-dvl -- found version 8.2.2
[3.090s] -- Searching for dependencies of gz-sensors8-dvl
[3.091s] -- Looking for gz-sensors8 -- found version 8.2.2
[3.091s] -- Searching for dependencies of gz-sensors8
[3.141s] -- Looking for gz-math7 -- found version 7.5.2
[3.141s] -- Looking for gz-common5 -- found version 5.7.1
[3.142s] -- Looking for gz-transport13 -- found version 13.4.1
[3.142s] -- Looking for gz-rendering8 -- found version 8.2.2
[3.143s] -- Looking for gz-msgs10 -- found version 10.3.2
[3.143s] -- Looking for sdformat14 -- found version 14.7.0
[3.143s] -- Searching for <gz-sensors8> component [rendering]
[3.152s] -- Looking for gz-sensors8-rendering -- found version 8.2.2
[3.152s] -- Searching for dependencies of gz-sensors8-rendering
[3.154s] -- Searching for <gz-sensors8> component [rendering]
[3.154s] -- Searching for <gz-sensors8> component [lidar]
[3.162s] -- Looking for gz-sensors8-lidar -- found version 8.2.2
[3.162s] -- Searching for dependencies of gz-sensors8-lidar
[3.162s] -- Looking for gz-sensors8 -- found version 8.2.2
[3.163s] -- Searching for <gz-sensors8> component [gpu_lidar]
[3.171s] -- Looking for gz-sensors8-gpu_lidar -- found version 8.2.2
[3.171s] -- Searching for dependencies of gz-sensors8-gpu_lidar
[3.171s] -- Looking for gz-sensors8 -- found version 8.2.2
[3.172s] -- Searching for <gz-sensors8> component [camera]
[3.180s] -- Looking for gz-sensors8-camera -- found version 8.2.2
[3.180s] -- Searching for dependencies of gz-sensors8-camera
[3.180s] -- Looking for gz-sensors8 -- found version 8.2.2
[3.181s] -- Searching for <gz-sensors8> component [boundingbox_camera]
[3.189s] -- Looking for gz-sensors8-boundingbox_camera -- found version 8.2.2
[3.189s] -- Searching for dependencies of gz-sensors8-boundingbox_camera
[3.190s] -- Searching for <gz-sensors8> component [segmentation_camera]
[3.197s] -- Looking for gz-sensors8-segmentation_camera -- found version 8.2.2
[3.198s] -- Searching for dependencies of gz-sensors8-segmentation_camera
[3.198s] -- Searching for <gz-sensors8> component [depth_camera]
[3.206s] -- Looking for gz-sensors8-depth_camera -- found version 8.2.2
[3.206s] -- Searching for dependencies of gz-sensors8-depth_camera
[3.207s] -- Looking for gz-sensors8 -- found version 8.2.2
[3.208s] -- Searching for <gz-sensors8> component [rgbd_camera]
[3.216s] -- Looking for gz-sensors8-rgbd_camera -- found version 8.2.2
[3.216s] -- Searching for dependencies of gz-sensors8-rgbd_camera
[3.216s] -- Looking for gz-sensors8 -- found version 8.2.2
[3.217s] -- Searching for <gz-sensors8> component [thermal_camera]
[3.225s] -- Looking for gz-sensors8-thermal_camera -- found version 8.2.2
[3.225s] -- Searching for dependencies of gz-sensors8-thermal_camera
[3.226s] -- Looking for gz-sensors8 -- found version 8.2.2
[3.227s] -- Searching for <gz-sensors8> component [wide_angle_camera]
[3.235s] -- Looking for gz-sensors8-wide_angle_camera -- found version 8.2.2
[3.235s] -- Searching for dependencies of gz-sensors8-wide_angle_camera
[3.236s] -- Looking for gz-rendering8 -- found version 8.2.2
[3.236s] -- Looking for gz-math7 -- found version 7.5.2
[3.237s] -- Looking for gz-utils2 -- found version 2.2.1
[3.285s] -- Looking for gz-common5 -- found version 5.7.1
[3.289s] -- Looking for gz-fuel_tools9 -- found version 9.1.1
[3.295s] -- Looking for gz-math7 -- found version 7.5.2
[3.299s] -- Looking for gz-msgs10 -- found version 10.3.2
[3.302s] -- Looking for gz-transport13 -- found version 13.4.1
[3.306s] -- Looking for gz-plugin2 -- found version 2.0.4
[3.309s] -- Looking for gz-rendering8 -- found version 8.2.2
[3.311s] -- Looking for gz-sensors8 -- found version 8.2.2
[3.317s] -- Looking for gz-utils2 -- found version 2.2.1
[3.319s] -- Looking for sdformat14 -- found version 14.7.0
[3.337s] -- Found std_msgs: 5.3.6 (/opt/ros/jazzy/share/std_msgs/cmake)
[3.516s] -- Found rosidl_generator_c: 4.6.5 (/opt/ros/jazzy/share/rosidl_generator_c/cmake)
[3.581s] -- Found rosidl_generator_cpp: 4.6.5 (/opt/ros/jazzy/share/rosidl_generator_cpp/cmake)
[3.649s] -- Using all available rosidl_typesupport_c: rosidl_typesupport_fastrtps_c;rosidl_typesupport_introspection_c
[3.721s] -- Using all available rosidl_typesupport_cpp: rosidl_typesupport_fastrtps_cpp;rosidl_typesupport_introspection_cpp
[4.054s] -- Configuring done (4.0s)
[4.227s] -- Generating done (0.2s)
[4.251s] -- Build files have been written to: /home/user/data/drones_ship_ws/build/vrx_gz
[4.262s] Invoked command in '/home/user/data/drones_ship_ws/build/vrx_gz' returned '0': CMAKE_PREFIX_PATH=/home/user/data/drones_ship_ws/install/vrx_ros:/home/user/data/drones_ship_ws/install/wamv_gazebo:/home/user/data/drones_ship_ws/install/wamv_description:/home/user/data/drones_ship_ws/install/vrx_gz:/home/user/data/drones_ship_ws/install/aquabot_description:/home/user/data/drones_ship_ws/install/vrx_gazebo:/home/user/data/drones_ship_ws/install/ros_gz_crazyflie_bringup:/home/user/data/drones_ship_ws/install/ros_gz_crazyflie_gazebo:/home/user/data/drones_ship_ws/install/crazyflie_yolo:/home/user/data/drones_ship_ws/install/crazyflie_ekf:/home/user/data/drones_ship_ws/install/crazyflie_control:/home/user/data/drones_ship_ws/install/aquabot_motion:/home/user/data/drones_ship_ws/install/aquabot_gz:/home/user/data/drones_ship_ws/install/aquabot_ekf:/opt/ros/jazzy/opt/gz_sim_vendor:/opt/ros/jazzy/opt/gz_sensors_vendor:/opt/ros/jazzy/opt/gz_physics_vendor:/opt/ros/jazzy/opt/sdformat_vendor:/opt/ros/jazzy/opt/gz_gui_vendor:/opt/ros/jazzy/opt/gz_transport_vendor:/opt/ros/jazzy/opt/gz_rendering_vendor:/opt/ros/jazzy/opt/gz_plugin_vendor:/opt/ros/jazzy/opt/gz_fuel_tools_vendor:/opt/ros/jazzy/opt/gz_msgs_vendor:/opt/ros/jazzy/opt/gz_common_vendor:/opt/ros/jazzy/opt/gz_math_vendor:/opt/ros/jazzy/opt/gz_utils_vendor:/opt/ros/jazzy/opt/gz_tools_vendor:/opt/ros/jazzy/opt/gz_ogre_next_vendor:/opt/ros/jazzy/opt/gz_dartsim_vendor:/opt/ros/jazzy/opt/gz_cmake_vendor:/home/user/data/drones_ship_ws/install/ros_gz_crazyflie_control:/home/user/data/drones_ship_ws/install/multi_drone_traj_replay:/opt/ros/jazzy DEBUGINFOD_URLS=https://debuginfod.ubuntu.com /usr/bin/cmake /home/user/data/drones_ship_ws/src/vrx/vrx_gz -DCMAKE_INSTALL_PREFIX=/home/user/data/drones_ship_ws/install/vrx_gz
[4.263s] Invoking command in '/home/user/data/drones_ship_ws/build/vrx_gz': CMAKE_PREFIX_PATH=/home/user/data/drones_ship_ws/install/vrx_ros:/home/user/data/drones_ship_ws/install/wamv_gazebo:/home/user/data/drones_ship_ws/install/wamv_description:/home/user/data/drones_ship_ws/install/vrx_gz:/home/user/data/drones_ship_ws/install/aquabot_description:/home/user/data/drones_ship_ws/install/vrx_gazebo:/home/user/data/drones_ship_ws/install/ros_gz_crazyflie_bringup:/home/user/data/drones_ship_ws/install/ros_gz_crazyflie_gazebo:/home/user/data/drones_ship_ws/install/crazyflie_yolo:/home/user/data/drones_ship_ws/install/crazyflie_ekf:/home/user/data/drones_ship_ws/install/crazyflie_control:/home/user/data/drones_ship_ws/install/aquabot_motion:/home/user/data/drones_ship_ws/install/aquabot_gz:/home/user/data/drones_ship_ws/install/aquabot_ekf:/opt/ros/jazzy/opt/gz_sim_vendor:/opt/ros/jazzy/opt/gz_sensors_vendor:/opt/ros/jazzy/opt/gz_physics_vendor:/opt/ros/jazzy/opt/sdformat_vendor:/opt/ros/jazzy/opt/gz_gui_vendor:/opt/ros/jazzy/opt/gz_transport_vendor:/opt/ros/jazzy/opt/gz_rendering_vendor:/opt/ros/jazzy/opt/gz_plugin_vendor:/opt/ros/jazzy/opt/gz_fuel_tools_vendor:/opt/ros/jazzy/opt/gz_msgs_vendor:/opt/ros/jazzy/opt/gz_common_vendor:/opt/ros/jazzy/opt/gz_math_vendor:/opt/ros/jazzy/opt/gz_utils_vendor:/opt/ros/jazzy/opt/gz_tools_vendor:/opt/ros/jazzy/opt/gz_ogre_next_vendor:/opt/ros/jazzy/opt/gz_dartsim_vendor:/opt/ros/jazzy/opt/gz_cmake_vendor:/home/user/data/drones_ship_ws/install/ros_gz_crazyflie_control:/home/user/data/drones_ship_ws/install/multi_drone_traj_replay:/opt/ros/jazzy DEBUGINFOD_URLS=https://debuginfod.ubuntu.com /usr/bin/cmake --build /home/user/data/drones_ship_ws/build/vrx_gz -- -j20 -l20
[4.358s] [  0%] Built target ament_cmake_python_copy_vrx_gz
[4.361s] [  4%] [32mBuilding CXX object CMakeFiles/ScoringPlugin.dir/src/ScoringPlugin.cc.o[0m
[4.361s] [  4%] [32mBuilding CXX object CMakeFiles/Waves.dir/src/Wavefield.cc.o[0m
[4.390s] [  8%] [32m[1mLinking CXX shared library libWaves.so[0m
[4.390s] [  8%] [32m[1mLinking CXX shared library libScoringPlugin.so[0m
[4.557s] running egg_info
[4.577s] creating vrx_gz.egg-info
[4.577s] writing vrx_gz.egg-info/PKG-INFO
[4.578s] writing dependency_links to vrx_gz.egg-info/dependency_links.txt
[4.578s] writing top-level names to vrx_gz.egg-info/top_level.txt
[4.578s] writing manifest file 'vrx_gz.egg-info/SOURCES.txt'
[4.617s] [  8%] Built target Waves
[4.639s] [  8%] Built target ScoringPlugin
[4.640s] reading manifest file 'vrx_gz.egg-info/SOURCES.txt'
[4.641s] writing manifest file 'vrx_gz.egg-info/SOURCES.txt'
[4.659s] [ 10%] [32mBuilding CXX object CMakeFiles/PolyhedraBuoyancyDrag.dir/src/PolyhedraBuoyancyDrag.cc.o[0m
[4.659s] [ 12%] [32mBuilding CXX object CMakeFiles/PolyhedraBuoyancyDrag.dir/src/ShapeVolume.cc.o[0m
[4.669s] [ 14%] [32mBuilding CXX object CMakeFiles/PolyhedraBuoyancyDrag.dir/src/PolyhedronVolume.cc.o[0m
[4.678s] [ 16%] [32mBuilding CXX object CMakeFiles/AcousticPerceptionScoringPlugin.dir/src/AcousticPerceptionScoringPlugin.cc.o[0m
[4.682s] [ 20%] [32mBuilding CXX object CMakeFiles/AcousticPingerPlugin.dir/src/AcousticPingerPlugin.cc.o[0m
[4.682s] [ 20%] [32mBuilding CXX object CMakeFiles/PlacardPlugin.dir/src/PlacardPlugin.cc.o[0m
[4.686s] [ 25%] [32mBuilding CXX object CMakeFiles/AcousticTrackingScoringPlugin.dir/src/AcousticTrackingScoringPlugin.cc.o[0m
[4.686s] [ 25%] [32mBuilding CXX object CMakeFiles/WayfindingScoringPlugin.dir/src/WayfindingScoringPlugin.cc.o[0m
[4.688s] [ 27%] [32mBuilding CXX object CMakeFiles/LightBuoyPlugin.dir/src/LightBuoyPlugin.cc.o[0m
[4.688s] [ 29%] [32mBuilding CXX object CMakeFiles/GymkhanaScoringPlugin.dir/src/GymkhanaScoringPlugin.cc.o[0m
[4.688s] [ 29%] Built target ament_cmake_python_build_vrx_gz_egg
[4.689s] [ 31%] [32mBuilding CXX object CMakeFiles/AcousticTrackingScoringPlugin.dir/src/WaypointMarkers.cc.o[0m
[4.689s] [ 33%] [32mBuilding CXX object CMakeFiles/NavigationScoringPlugin.dir/src/NavigationScoringPlugin.cc.o[0m
[4.691s] [ 37%] [32mBuilding CXX object CMakeFiles/StationkeepingScoringPlugin.dir/src/StationkeepingScoringPlugin.cc.o[0m
[4.691s] [ 37%] [32mBuilding CXX object CMakeFiles/BallShooterPlugin.dir/src/BallShooterPlugin.cc.o[0m
[4.694s] [ 39%] [32mBuilding CXX object CMakeFiles/USVWind.dir/src/USVWind.cc.o[0m
[4.695s] [ 41%] [32mBuilding CXX object CMakeFiles/WayfindingScoringPlugin.dir/src/WaypointMarkers.cc.o[0m
[4.700s] [ 43%] [32mBuilding CXX object CMakeFiles/SimpleHydrodynamics.dir/src/SimpleHydrodynamics.cc.o[0m
[4.704s] [ 45%] [32mBuilding CXX object CMakeFiles/PerceptionScoringPlugin.dir/src/PerceptionScoringPlugin.cc.o[0m
[4.708s] [ 47%] [32mBuilding CXX object CMakeFiles/PublisherPlugin.dir/src/PublisherPlugin.cc.o[0m
[4.709s] [ 50%] [32mBuilding CXX object CMakeFiles/Surface.dir/src/Surface.cc.o[0m
[4.714s] [ 52%] [32mBuilding CXX object CMakeFiles/AcousticPerceptionScoringPlugin.dir/src/WaypointMarkers.cc.o[0m
[4.714s] [ 54%] [32mBuilding CXX object CMakeFiles/ScanDockScoringPlugin.dir/src/ScanDockScoringPlugin.cc.o[0m
[4.718s] [ 56%] [32m[1mLinking CXX shared library libPolyhedraBuoyancyDrag.so[0m
[4.723s] [ 58%] [32m[1mLinking CXX shared library libLightBuoyPlugin.so[0m
[4.724s] [ 60%] [32m[1mLinking CXX shared library libAcousticPingerPlugin.so[0m
[4.727s] [ 62%] [32m[1mLinking CXX shared library libBallShooterPlugin.so[0m
[4.728s] [ 64%] [32m[1mLinking CXX shared library libPlacardPlugin.so[0m
[4.729s] [ 66%] [32m[1mLinking CXX shared library libWayfindingScoringPlugin.so[0m
[4.729s] [ 68%] [32m[1mLinking CXX shared library libNavigationScoringPlugin.so[0m
[4.734s] [ 70%] [32m[1mLinking CXX shared library libSimpleHydrodynamics.so[0m
[4.734s] [ 72%] [32m[1mLinking CXX shared library libGymkhanaScoringPlugin.so[0m
[4.736s] [ 75%] [32m[1mLinking CXX shared library libPerceptionScoringPlugin.so[0m
[4.736s] [ 77%] [32mBuilding CXX object CMakeFiles/StationkeepingScoringPlugin.dir/src/WaypointMarkers.cc.o[0m
[4.739s] [ 79%] [32m[1mLinking CXX shared library libAcousticTrackingScoringPlugin.so[0m
[4.743s] [ 81%] [32m[1mLinking CXX shared library libUSVWind.so[0m
[4.745s] [ 83%] [32m[1mLinking CXX shared library libPublisherPlugin.so[0m
[4.746s] [ 85%] [32mBuilding CXX object CMakeFiles/WaveVisual.dir/src/WaveVisual.cc.o[0m
[4.756s] [ 87%] [32m[1mLinking CXX shared library libSurface.so[0m
[4.759s] [ 89%] [32m[1mLinking CXX shared library libScanDockScoringPlugin.so[0m
[4.759s] [ 91%] [32mBuilding CXX object CMakeFiles/WildlifeScoringPlugin.dir/src/WildlifeScoringPlugin.cc.o[0m
[4.761s] [ 93%] [32m[1mLinking CXX shared library libAcousticPerceptionScoringPlugin.so[0m
[4.784s] [ 95%] [32m[1mLinking CXX shared library libWaveVisual.so[0m
[4.792s] [ 97%] [32m[1mLinking CXX shared library libStationkeepingScoringPlugin.so[0m
[4.822s] [100%] [32m[1mLinking CXX shared library libWildlifeScoringPlugin.so[0m
[5.127s] [100%] Built target SimpleHydrodynamics
[5.171s] [100%] Built target PublisherPlugin
[5.188s] [100%] Built target LightBuoyPlugin
[5.205s] [100%] Built target GymkhanaScoringPlugin
[5.253s] [100%] Built target PolyhedraBuoyancyDrag
[5.262s] [100%] Built target NavigationScoringPlugin
[5.264s] [100%] Built target PlacardPlugin
[5.266s] [100%] Built target Surface
[5.276s] [100%] Built target AcousticTrackingScoringPlugin
[5.276s] [100%] Built target WayfindingScoringPlugin
[5.278s] [100%] Built target BallShooterPlugin
[5.280s] [100%] Built target USVWind
[5.300s] [100%] Built target AcousticPingerPlugin
[5.300s] [100%] Built target AcousticPerceptionScoringPlugin
[5.309s] [100%] Built target StationkeepingScoringPlugin
[5.324s] [100%] Built target ScanDockScoringPlugin
[5.338s] [100%] Built target PerceptionScoringPlugin
[5.356s] [100%] Built target WildlifeScoringPlugin
[5.412s] [100%] Built target WaveVisual
[5.433s] Invoked command in '/home/user/data/drones_ship_ws/build/vrx_gz' returned '0': CMAKE_PREFIX_PATH=/home/user/data/drones_ship_ws/install/vrx_ros:/home/user/data/drones_ship_ws/install/wamv_gazebo:/home/user/data/drones_ship_ws/install/wamv_description:/home/user/data/drones_ship_ws/install/vrx_gz:/home/user/data/drones_ship_ws/install/aquabot_description:/home/user/data/drones_ship_ws/install/vrx_gazebo:/home/user/data/drones_ship_ws/install/ros_gz_crazyflie_bringup:/home/user/data/drones_ship_ws/install/ros_gz_crazyflie_gazebo:/home/user/data/drones_ship_ws/install/crazyflie_yolo:/home/user/data/drones_ship_ws/install/crazyflie_ekf:/home/user/data/drones_ship_ws/install/crazyflie_control:/home/user/data/drones_ship_ws/install/aquabot_motion:/home/user/data/drones_ship_ws/install/aquabot_gz:/home/user/data/drones_ship_ws/install/aquabot_ekf:/opt/ros/jazzy/opt/gz_sim_vendor:/opt/ros/jazzy/opt/gz_sensors_vendor:/opt/ros/jazzy/opt/gz_physics_vendor:/opt/ros/jazzy/opt/sdformat_vendor:/opt/ros/jazzy/opt/gz_gui_vendor:/opt/ros/jazzy/opt/gz_transport_vendor:/opt/ros/jazzy/opt/gz_rendering_vendor:/opt/ros/jazzy/opt/gz_plugin_vendor:/opt/ros/jazzy/opt/gz_fuel_tools_vendor:/opt/ros/jazzy/opt/gz_msgs_vendor:/opt/ros/jazzy/opt/gz_common_vendor:/opt/ros/jazzy/opt/gz_math_vendor:/opt/ros/jazzy/opt/gz_utils_vendor:/opt/ros/jazzy/opt/gz_tools_vendor:/opt/ros/jazzy/opt/gz_ogre_next_vendor:/opt/ros/jazzy/opt/gz_dartsim_vendor:/opt/ros/jazzy/opt/gz_cmake_vendor:/home/user/data/drones_ship_ws/install/ros_gz_crazyflie_control:/home/user/data/drones_ship_ws/install/multi_drone_traj_replay:/opt/ros/jazzy DEBUGINFOD_URLS=https://debuginfod.ubuntu.com /usr/bin/cmake --build /home/user/data/drones_ship_ws/build/vrx_gz -- -j20 -l20
[5.434s] Invoking command in '/home/user/data/drones_ship_ws/build/vrx_gz': CMAKE_PREFIX_PATH=/home/user/data/drones_ship_ws/install/vrx_ros:/home/user/data/drones_ship_ws/install/wamv_gazebo:/home/user/data/drones_ship_ws/install/wamv_description:/home/user/data/drones_ship_ws/install/vrx_gz:/home/user/data/drones_ship_ws/install/aquabot_description:/home/user/data/drones_ship_ws/install/vrx_gazebo:/home/user/data/drones_ship_ws/install/ros_gz_crazyflie_bringup:/home/user/data/drones_ship_ws/install/ros_gz_crazyflie_gazebo:/home/user/data/drones_ship_ws/install/crazyflie_yolo:/home/user/data/drones_ship_ws/install/crazyflie_ekf:/home/user/data/drones_ship_ws/install/crazyflie_control:/home/user/data/drones_ship_ws/install/aquabot_motion:/home/user/data/drones_ship_ws/install/aquabot_gz:/home/user/data/drones_ship_ws/install/aquabot_ekf:/opt/ros/jazzy/opt/gz_sim_vendor:/opt/ros/jazzy/opt/gz_sensors_vendor:/opt/ros/jazzy/opt/gz_physics_vendor:/opt/ros/jazzy/opt/sdformat_vendor:/opt/ros/jazzy/opt/gz_gui_vendor:/opt/ros/jazzy/opt/gz_transport_vendor:/opt/ros/jazzy/opt/gz_rendering_vendor:/opt/ros/jazzy/opt/gz_plugin_vendor:/opt/ros/jazzy/opt/gz_fuel_tools_vendor:/opt/ros/jazzy/opt/gz_msgs_vendor:/opt/ros/jazzy/opt/gz_common_vendor:/opt/ros/jazzy/opt/gz_math_vendor:/opt/ros/jazzy/opt/gz_utils_vendor:/opt/ros/jazzy/opt/gz_tools_vendor:/opt/ros/jazzy/opt/gz_ogre_next_vendor:/opt/ros/jazzy/opt/gz_dartsim_vendor:/opt/ros/jazzy/opt/gz_cmake_vendor:/home/user/data/drones_ship_ws/install/ros_gz_crazyflie_control:/home/user/data/drones_ship_ws/install/multi_drone_traj_replay:/opt/ros/jazzy DEBUGINFOD_URLS=https://debuginfod.ubuntu.com /usr/bin/cmake --install /home/user/data/drones_ship_ws/build/vrx_gz
[5.452s] -- Install configuration: ""
[5.452s] -- Installing: /home/user/data/drones_ship_ws/install/vrx_gz/share/vrx_gz/environment/resource_paths.dsv
[5.452s] -- Installing: /home/user/data/drones_ship_ws/install/vrx_gz/share/vrx_gz/environment/resource_paths.sh
[5.452s] -- Installing: /home/user/data/drones_ship_ws/install/vrx_gz/lib/libWaves.so
[5.454s] -- Set non-toolchain portion of runtime path of "/home/user/data/drones_ship_ws/install/vrx_gz/lib/libWaves.so" to ""
[5.454s] -- Installing: /home/user/data/drones_ship_ws/install/vrx_gz/lib/libPolyhedraBuoyancyDrag.so
[5.455s] -- Set non-toolchain portion of runtime path of "/home/user/data/drones_ship_ws/install/vrx_gz/lib/libPolyhedraBuoyancyDrag.so" to ""
[5.456s] -- Installing: /home/user/data/drones_ship_ws/install/vrx_gz/lib/libScoringPlugin.so
[5.457s] -- Set non-toolchain portion of runtime path of "/home/user/data/drones_ship_ws/install/vrx_gz/lib/libScoringPlugin.so" to ""
[5.458s] -- Installing: /home/user/data/drones_ship_ws/install/vrx_gz/lib/libStationkeepingScoringPlugin.so
[5.460s] -- Set non-toolchain portion of runtime path of "/home/user/data/drones_ship_ws/install/vrx_gz/lib/libStationkeepingScoringPlugin.so" to ""
[5.460s] -- Installing: /home/user/data/drones_ship_ws/install/vrx_gz/lib/libWayfindingScoringPlugin.so
[5.462s] -- Set non-toolchain portion of runtime path of "/home/user/data/drones_ship_ws/install/vrx_gz/lib/libWayfindingScoringPlugin.so" to ""
[5.462s] -- Installing: /home/user/data/drones_ship_ws/install/vrx_gz/lib/libAcousticPerceptionScoringPlugin.so
[5.464s] -- Set non-toolchain portion of runtime path of "/home/user/data/drones_ship_ws/install/vrx_gz/lib/libAcousticPerceptionScoringPlugin.so" to ""
[5.464s] -- Installing: /home/user/data/drones_ship_ws/install/vrx_gz/lib/libAcousticTrackingScoringPlugin.so
[5.466s] -- Set non-toolchain portion of runtime path of "/home/user/data/drones_ship_ws/install/vrx_gz/lib/libAcousticTrackingScoringPlugin.so" to ""
[5.466s] -- Installing: /home/user/data/drones_ship_ws/install/vrx_gz/lib/libAcousticPingerPlugin.so
[5.468s] -- Set non-toolchain portion of runtime path of "/home/user/data/drones_ship_ws/install/vrx_gz/lib/libAcousticPingerPlugin.so" to ""
[5.468s] -- Installing: /home/user/data/drones_ship_ws/install/vrx_gz/lib/libBallShooterPlugin.so
[5.470s] -- Set non-toolchain portion of runtime path of "/home/user/data/drones_ship_ws/install/vrx_gz/lib/libBallShooterPlugin.so" to ""
[5.470s] -- Installing: /home/user/data/drones_ship_ws/install/vrx_gz/lib/libLightBuoyPlugin.so
[5.471s] -- Set non-toolchain portion of runtime path of "/home/user/data/drones_ship_ws/install/vrx_gz/lib/libLightBuoyPlugin.so" to ""
[5.471s] -- Installing: /home/user/data/drones_ship_ws/install/vrx_gz/lib/libNavigationScoringPlugin.so
[5.473s] -- Set non-toolchain portion of runtime path of "/home/user/data/drones_ship_ws/install/vrx_gz/lib/libNavigationScoringPlugin.so" to ""
[5.473s] -- Installing: /home/user/data/drones_ship_ws/install/vrx_gz/lib/libGymkhanaScoringPlugin.so
[5.475s] -- Set non-toolchain portion of runtime path of "/home/user/data/drones_ship_ws/install/vrx_gz/lib/libGymkhanaScoringPlugin.so" to ""
[5.475s] -- Installing: /home/user/data/drones_ship_ws/install/vrx_gz/lib/libPerceptionScoringPlugin.so
[5.477s] -- Set non-toolchain portion of runtime path of "/home/user/data/drones_ship_ws/install/vrx_gz/lib/libPerceptionScoringPlugin.so" to ""
[5.477s] -- Installing: /home/user/data/drones_ship_ws/install/vrx_gz/lib/libPlacardPlugin.so
[5.479s] -- Set non-toolchain portion of runtime path of "/home/user/data/drones_ship_ws/install/vrx_gz/lib/libPlacardPlugin.so" to ""
[5.479s] -- Installing: /home/user/data/drones_ship_ws/install/vrx_gz/lib/libPublisherPlugin.so
[5.480s] -- Set non-toolchain portion of runtime path of "/home/user/data/drones_ship_ws/install/vrx_gz/lib/libPublisherPlugin.so" to ""
[5.480s] -- Installing: /home/user/data/drones_ship_ws/install/vrx_gz/lib/libScanDockScoringPlugin.so
[5.482s] -- Set non-toolchain portion of runtime path of "/home/user/data/drones_ship_ws/install/vrx_gz/lib/libScanDockScoringPlugin.so" to ""
[5.482s] -- Installing: /home/user/data/drones_ship_ws/install/vrx_gz/lib/libSimpleHydrodynamics.so
[5.483s] -- Set non-toolchain portion of runtime path of "/home/user/data/drones_ship_ws/install/vrx_gz/lib/libSimpleHydrodynamics.so" to ""
[5.483s] -- Installing: /home/user/data/drones_ship_ws/install/vrx_gz/lib/libSurface.so
[5.485s] -- Set non-toolchain portion of runtime path of "/home/user/data/drones_ship_ws/install/vrx_gz/lib/libSurface.so" to ""
[5.485s] -- Installing: /home/user/data/drones_ship_ws/install/vrx_gz/lib/libUSVWind.so
[5.487s] -- Set non-toolchain portion of runtime path of "/home/user/data/drones_ship_ws/install/vrx_gz/lib/libUSVWind.so" to ""
[5.487s] -- Installing: /home/user/data/drones_ship_ws/install/vrx_gz/lib/libWaveVisual.so
[5.488s] -- Set non-toolchain portion of runtime path of "/home/user/data/drones_ship_ws/install/vrx_gz/lib/libWaveVisual.so" to ""
[5.489s] -- Installing: /home/user/data/drones_ship_ws/install/vrx_gz/lib/libWildlifeScoringPlugin.so
[5.490s] -- Set non-toolchain portion of runtime path of "/home/user/data/drones_ship_ws/install/vrx_gz/lib/libWildlifeScoringPlugin.so" to ""
[5.490s] -- Installing: /home/user/data/drones_ship_ws/install/vrx_gz/share/vrx_gz/environment/pythonpath.sh
[5.491s] -- Installing: /home/user/data/drones_ship_ws/install/vrx_gz/share/vrx_gz/environment/pythonpath.dsv
[5.491s] -- Installing: /home/user/data/drones_ship_ws/install/vrx_gz/lib/python3.12/site-packages/vrx_gz-0.0.0-py3.12.egg-info
[5.491s] -- Installing: /home/user/data/drones_ship_ws/install/vrx_gz/lib/python3.12/site-packages/vrx_gz-0.0.0-py3.12.egg-info/SOURCES.txt
[5.491s] -- Installing: /home/user/data/drones_ship_ws/install/vrx_gz/lib/python3.12/site-packages/vrx_gz-0.0.0-py3.12.egg-info/dependency_links.txt
[5.491s] -- Installing: /home/user/data/drones_ship_ws/install/vrx_gz/lib/python3.12/site-packages/vrx_gz-0.0.0-py3.12.egg-info/top_level.txt
[5.491s] -- Installing: /home/user/data/drones_ship_ws/install/vrx_gz/lib/python3.12/site-packages/vrx_gz-0.0.0-py3.12.egg-info/PKG-INFO
[5.492s] -- Installing: /home/user/data/drones_ship_ws/install/vrx_gz/lib/python3.12/site-packages/vrx_gz
[5.492s] -- Installing: /home/user/data/drones_ship_ws/install/vrx_gz/lib/python3.12/site-packages/vrx_gz/model.py
[5.492s] -- Installing: /home/user/data/drones_ship_ws/install/vrx_gz/lib/python3.12/site-packages/vrx_gz/launch.py
[5.492s] -- Installing: /home/user/data/drones_ship_ws/install/vrx_gz/lib/python3.12/site-packages/vrx_gz/bridge.py
[5.492s] -- Installing: /home/user/data/drones_ship_ws/install/vrx_gz/lib/python3.12/site-packages/vrx_gz/bridges.py
[5.492s] -- Installing: /home/user/data/drones_ship_ws/install/vrx_gz/lib/python3.12/site-packages/vrx_gz/__init__.py
[5.493s] -- Installing: /home/user/data/drones_ship_ws/install/vrx_gz/lib/python3.12/site-packages/vrx_gz/payload_bridges.py
[5.546s] Listing '/home/user/data/drones_ship_ws/install/vrx_gz/lib/python3.12/site-packages/vrx_gz'...
[5.546s] Compiling '/home/user/data/drones_ship_ws/install/vrx_gz/lib/python3.12/site-packages/vrx_gz/__init__.py'...
[5.546s] Compiling '/home/user/data/drones_ship_ws/install/vrx_gz/lib/python3.12/site-packages/vrx_gz/bridge.py'...
[5.546s] Compiling '/home/user/data/drones_ship_ws/install/vrx_gz/lib/python3.12/site-packages/vrx_gz/bridges.py'...
[5.546s] Compiling '/home/user/data/drones_ship_ws/install/vrx_gz/lib/python3.12/site-packages/vrx_gz/launch.py'...
[5.546s] Compiling '/home/user/data/drones_ship_ws/install/vrx_gz/lib/python3.12/site-packages/vrx_gz/model.py'...
[5.546s] Compiling '/home/user/data/drones_ship_ws/install/vrx_gz/lib/python3.12/site-packages/vrx_gz/payload_bridges.py'...
[5.552s] -- Installing: /home/user/data/drones_ship_ws/install/vrx_gz/share/vrx_gz/config
[5.552s] -- Installing: /home/user/data/drones_ship_ws/install/vrx_gz/share/vrx_gz/config/wamv.yaml
[5.552s] -- Installing: /home/user/data/drones_ship_ws/install/vrx_gz/share/vrx_gz/config/roboboat.yaml
[5.553s] -- Installing: /home/user/data/drones_ship_ws/install/vrx_gz/share/vrx_gz/launch
[5.553s] -- Installing: /home/user/data/drones_ship_ws/install/vrx_gz/share/vrx_gz/launch/spawn.launch.py
[5.553s] -- Installing: /home/user/data/drones_ship_ws/install/vrx_gz/share/vrx_gz/launch/vrx_environment.launch.py
[5.553s] -- Installing: /home/user/data/drones_ship_ws/install/vrx_gz/share/vrx_gz/launch/competition.launch.py
[5.553s] -- Installing: /home/user/data/drones_ship_ws/install/vrx_gz/share/vrx_gz/launch/spawn_config.launch.py
[5.553s] -- Installing: /home/user/data/drones_ship_ws/install/vrx_gz/share/vrx_gz/launch/usv_joy_teleop.py
[5.553s] -- Installing: /home/user/data/drones_ship_ws/install/vrx_gz/share/vrx_gz/models
[5.554s] -- Installing: /home/user/data/drones_ship_ws/install/vrx_gz/share/vrx_gz/models/placard_2022
[5.554s] -- Installing: /home/user/data/drones_ship_ws/install/vrx_gz/share/vrx_gz/models/placard_2022/materials
[5.554s] -- Installing: /home/user/data/drones_ship_ws/install/vrx_gz/share/vrx_gz/models/placard_2022/materials/textures
[5.554s] -- Installing: /home/user/data/drones_ship_ws/install/vrx_gz/share/vrx_gz/models/placard_2022/materials/textures/Placard.png
[5.554s] -- Installing: /home/user/data/drones_ship_ws/install/vrx_gz/share/vrx_gz/models/placard_2022/model.sdf
[5.554s] -- Installing: /home/user/data/drones_ship_ws/install/vrx_gz/share/vrx_gz/models/placard_2022/meshes
[5.554s] -- Installing: /home/user/data/drones_ship_ws/install/vrx_gz/share/vrx_gz/models/placard_2022/meshes/placard_2022.dae
[5.554s] -- Installing: /home/user/data/drones_ship_ws/install/vrx_gz/share/vrx_gz/models/placard_2022/model.config
[5.554s] -- Installing: /home/user/data/drones_ship_ws/install/vrx_gz/share/vrx_gz/models/roboboat02
[5.555s] -- Installing: /home/user/data/drones_ship_ws/install/vrx_gz/share/vrx_gz/models/roboboat02/materials
[5.555s] -- Installing: /home/user/data/drones_ship_ws/install/vrx_gz/share/vrx_gz/models/roboboat02/materials/textures
[5.555s] -- Installing: /home/user/data/drones_ship_ws/install/vrx_gz/share/vrx_gz/models/roboboat02/materials/textures/Boat02_Normal.png
[5.556s] -- Installing: /home/user/data/drones_ship_ws/install/vrx_gz/share/vrx_gz/models/roboboat02/materials/textures/Boat02_Metallic.png
[5.557s] -- Installing: /home/user/data/drones_ship_ws/install/vrx_gz/share/vrx_gz/models/roboboat02/materials/textures/Boat02_Roughness.png
[5.559s] -- Installing: /home/user/data/drones_ship_ws/install/vrx_gz/share/vrx_gz/models/roboboat02/materials/textures/Boat02_Albedo.png
[5.564s] -- Installing: /home/user/data/drones_ship_ws/install/vrx_gz/share/vrx_gz/models/roboboat02/materials/scripts
[5.564s] -- Installing: /home/user/data/drones_ship_ws/install/vrx_gz/share/vrx_gz/models/roboboat02/materials/scripts/model.material
[5.564s] -- Installing: /home/user/data/drones_ship_ws/install/vrx_gz/share/vrx_gz/models/roboboat02/model.sdf
[5.564s] -- Installing: /home/user/data/drones_ship_ws/install/vrx_gz/share/vrx_gz/models/roboboat02/meshes
[5.564s] -- Installing: /home/user/data/drones_ship_ws/install/vrx_gz/share/vrx_gz/models/roboboat02/meshes/roboboat02.dae
[5.565s] -- Installing: /home/user/data/drones_ship_ws/install/vrx_gz/share/vrx_gz/models/roboboat02/model.config
[5.565s] -- Installing: /home/user/data/drones_ship_ws/install/vrx_gz/share/vrx_gz/models/dock_2022_base
[5.566s] -- Installing: /home/user/data/drones_ship_ws/install/vrx_gz/share/vrx_gz/models/dock_2022_base/model.sdf
[5.566s] -- Installing: /home/user/data/drones_ship_ws/install/vrx_gz/share/vrx_gz/models/dock_2022_base/model.config
[5.566s] -- Installing: /home/user/data/drones_ship_ws/install/vrx_gz/share/vrx_gz/models/robotx_light_buoy_ybr
[5.566s] -- Installing: /home/user/data/drones_ship_ws/install/vrx_gz/share/vrx_gz/models/robotx_light_buoy_ybr/model.sdf
[5.566s] -- Installing: /home/user/data/drones_ship_ws/install/vrx_gz/share/vrx_gz/models/robotx_light_buoy_ybr/model.config
[5.566s] -- Installing: /home/user/data/drones_ship_ws/install/vrx_gz/share/vrx_gz/models/robotx_light_buoy_gbr
[5.566s] -- Installing: /home/user/data/drones_ship_ws/install/vrx_gz/share/vrx_gz/models/robotx_light_buoy_gbr/model.sdf
[5.566s] -- Installing: /home/user/data/drones_ship_ws/install/vrx_gz/share/vrx_gz/models/robotx_light_buoy_gbr/model.config
[5.567s] -- Installing: /home/user/data/drones_ship_ws/install/vrx_gz/share/vrx_gz/models/obstacle_course
[5.567s] -- Installing: /home/user/data/drones_ship_ws/install/vrx_gz/share/vrx_gz/models/obstacle_course/model.sdf
[5.567s] -- Installing: /home/user/data/drones_ship_ws/install/vrx_gz/share/vrx_gz/models/obstacle_course/model.config
[5.567s] -- Installing: /home/user/data/drones_ship_ws/install/vrx_gz/share/vrx_gz/models/robotx_light_buoy_ygb
[5.567s] -- Installing: /home/user/data/drones_ship_ws/install/vrx_gz/share/vrx_gz/models/robotx_light_buoy_ygb/model.sdf
[5.567s] -- Installing: /home/user/data/drones_ship_ws/install/vrx_gz/share/vrx_gz/models/robotx_light_buoy_ygb/model.config
[5.567s] -- Installing: /home/user/data/drones_ship_ws/install/vrx_gz/share/vrx_gz/models/coast_waves
[5.567s] -- Installing: /home/user/data/drones_ship_ws/install/vrx_gz/share/vrx_gz/models/coast_waves/materials
[5.568s] -- Installing: /home/user/data/drones_ship_ws/install/vrx_gz/share/vrx_gz/models/coast_waves/materials/textures
[5.568s] -- Installing: /home/user/data/drones_ship_ws/install/vrx_gz/share/vrx_gz/models/coast_waves/materials/textures/skybox_lowres.dds
[5.568s] -- Installing: /home/user/data/drones_ship_ws/install/vrx_gz/share/vrx_gz/models/coast_waves/materials/textures/wave_normals.dds
[5.569s] -- Installing: /home/user/data/drones_ship_ws/install/vrx_gz/share/vrx_gz/models/coast_waves/materials/programs
[5.569s] -- Installing: /home/user/data/drones_ship_ws/install/vrx_gz/share/vrx_gz/models/coast_waves/materials/programs/GerstnerWaves_fs_330.glsl
[5.569s] -- Installing: /home/user/data/drones_ship_ws/install/vrx_gz/share/vrx_gz/models/coast_waves/materials/programs/GerstnerWaves_vs_330.glsl
[5.569s] -- Installing: /home/user/data/drones_ship_ws/install/vrx_gz/share/vrx_gz/models/coast_waves/model.sdf
[5.569s] -- Installing: /home/user/data/drones_ship_ws/install/vrx_gz/share/vrx_gz/models/coast_waves/meshes
[5.569s] -- Installing: /home/user/data/drones_ship_ws/install/vrx_gz/share/vrx_gz/models/coast_waves/meshes/waterlow.dae
[5.580s] -- Installing: /home/user/data/drones_ship_ws/install/vrx_gz/share/vrx_gz/models/coast_waves/model.config
[5.580s] -- Installing: /home/user/data/drones_ship_ws/install/vrx_gz/share/vrx_gz/models/short_navigation_course_1
[5.580s] -- Installing: /home/user/data/drones_ship_ws/install/vrx_gz/share/vrx_gz/models/short_navigation_course_1/model.sdf
[5.580s] -- Installing: /home/user/data/drones_ship_ws/install/vrx_gz/share/vrx_gz/models/short_navigation_course_1/model.config
[5.580s] -- Installing: /home/user/data/drones_ship_ws/install/vrx_gz/share/vrx_gz/models/symbol_triangle
[5.580s] -- Installing: /home/user/data/drones_ship_ws/install/vrx_gz/share/vrx_gz/models/symbol_triangle/mesh
[5.580s] -- Installing: /home/user/data/drones_ship_ws/install/vrx_gz/share/vrx_gz/models/symbol_triangle/mesh/triangle.dae
[5.580s] -- Installing: /home/user/data/drones_ship_ws/install/vrx_gz/share/vrx_gz/models/symbol_triangle/model.sdf
[5.581s] -- Installing: /home/user/data/drones_ship_ws/install/vrx_gz/share/vrx_gz/models/symbol_triangle/model.config
[5.581s] -- Installing: /home/user/data/drones_ship_ws/install/vrx_gz/share/vrx_gz/models/dock_2022
[5.581s] -- Installing: /home/user/data/drones_ship_ws/install/vrx_gz/share/vrx_gz/models/dock_2022/model.sdf
[5.581s] -- Installing: /home/user/data/drones_ship_ws/install/vrx_gz/share/vrx_gz/models/dock_2022/model.config
[5.581s] -- Installing: /home/user/data/drones_ship_ws/install/vrx_gz/share/vrx_gz/models/entrance_exit
[5.581s] -- Installing: /home/user/data/drones_ship_ws/install/vrx_gz/share/vrx_gz/models/entrance_exit/model.sdf
[5.581s] -- Installing: /home/user/data/drones_ship_ws/install/vrx_gz/share/vrx_gz/models/entrance_exit/model.config
[5.581s] -- Installing: /home/user/data/drones_ship_ws/install/vrx_gz/share/vrx_gz/models/short_navigation_course_3
[5.581s] -- Installing: /home/user/data/drones_ship_ws/install/vrx_gz/share/vrx_gz/models/short_navigation_course_3/model.sdf
[5.582s] -- Installing: /home/user/data/drones_ship_ws/install/vrx_gz/share/vrx_gz/models/short_navigation_course_3/model.config
[5.582s] -- Installing: /home/user/data/drones_ship_ws/install/vrx_gz/share/vrx_gz/models/robotx_light_buoy_rgb
[5.582s] -- Installing: /home/user/data/drones_ship_ws/install/vrx_gz/share/vrx_gz/models/robotx_light_buoy_rgb/mesh
[5.582s] -- Installing: /home/user/data/drones_ship_ws/install/vrx_gz/share/vrx_gz/models/robotx_light_buoy_rgb/mesh/LightTower_Metalness.png
[5.582s] -- Installing: /home/user/data/drones_ship_ws/install/vrx_gz/share/vrx_gz/models/robotx_light_buoy_rgb/mesh/LightTower_Albedo.png
[5.584s] -- Installing: /home/user/data/drones_ship_ws/install/vrx_gz/share/vrx_gz/models/robotx_light_buoy_rgb/mesh/LightTower_Opacity.png
[5.584s] -- Installing: /home/user/data/drones_ship_ws/install/vrx_gz/share/vrx_gz/models/robotx_light_buoy_rgb/mesh/LightTower_Normal.png
[5.587s] -- Installing: /home/user/data/drones_ship_ws/install/vrx_gz/share/vrx_gz/models/robotx_light_buoy_rgb/mesh/robotx_light_buoy.dae
[5.588s] -- Installing: /home/user/data/drones_ship_ws/install/vrx_gz/share/vrx_gz/models/robotx_light_buoy_rgb/mesh/LightTower_Roughness.png
[5.589s] -- Installing: /home/user/data/drones_ship_ws/install/vrx_gz/share/vrx_gz/models/robotx_light_buoy_rgb/model.sdf
[5.589s] -- Installing: /home/user/data/drones_ship_ws/install/vrx_gz/share/vrx_gz/models/robotx_light_buoy_rgb/model.config
[5.589s] -- Installing: /home/user/data/drones_ship_ws/install/vrx_gz/share/vrx_gz/models/robotx_light_buoy_bgr
[5.589s] -- Installing: /home/user/data/drones_ship_ws/install/vrx_gz/share/vrx_gz/models/robotx_light_buoy_bgr/model.sdf
[5.589s] -- Installing: /home/user/data/drones_ship_ws/install/vrx_gz/share/vrx_gz/models/robotx_light_buoy_bgr/model.config
[5.589s] -- Installing: /home/user/data/drones_ship_ws/install/vrx_gz/share/vrx_gz/models/robotx_light_buoy_bgy
[5.590s] -- Installing: /home/user/data/drones_ship_ws/install/vrx_gz/share/vrx_gz/models/robotx_light_buoy_bgy/model.sdf
[5.590s] -- Installing: /home/user/data/drones_ship_ws/install/vrx_gz/share/vrx_gz/models/robotx_light_buoy_bgy/model.config
[5.590s] -- Installing: /home/user/data/drones_ship_ws/install/vrx_gz/share/vrx_gz/models/short_navigation_course_0
[5.590s] -- Installing: /home/user/data/drones_ship_ws/install/vrx_gz/share/vrx_gz/models/short_navigation_course_0/model.sdf
[5.590s] -- Installing: /home/user/data/drones_ship_ws/install/vrx_gz/share/vrx_gz/models/short_navigation_course_0/model.config
[5.590s] -- Installing: /home/user/data/drones_ship_ws/install/vrx_gz/share/vrx_gz/models/short_navigation_course_4
[5.590s] -- Installing: /home/user/data/drones_ship_ws/install/vrx_gz/share/vrx_gz/models/short_navigation_course_4/model.sdf
[5.590s] -- Installing: /home/user/data/drones_ship_ws/install/vrx_gz/share/vrx_gz/models/short_navigation_course_4/model.config
[5.590s] -- Installing: /home/user/data/drones_ship_ws/install/vrx_gz/share/vrx_gz/models/robotx_light_buoy_rbg
[5.591s] -- Installing: /home/user/data/drones_ship_ws/install/vrx_gz/share/vrx_gz/models/robotx_light_buoy_rbg/model.sdf
[5.591s] -- Installing: /home/user/data/drones_ship_ws/install/vrx_gz/share/vrx_gz/models/robotx_light_buoy_rbg/model.config
[5.591s] -- Installing: /home/user/data/drones_ship_ws/install/vrx_gz/share/vrx_gz/models/robotx_light_buoy_rgy
[5.591s] -- Installing: /home/user/data/drones_ship_ws/install/vrx_gz/share/vrx_gz/models/robotx_light_buoy_rgy/model.sdf
[5.591s] -- Installing: /home/user/data/drones_ship_ws/install/vrx_gz/share/vrx_gz/models/robotx_light_buoy_rgy/model.config
[5.591s] -- Installing: /home/user/data/drones_ship_ws/install/vrx_gz/share/vrx_gz/models/short_course_2023_phase3_2
[5.591s] -- Installing: /home/user/data/drones_ship_ws/install/vrx_gz/share/vrx_gz/models/short_course_2023_phase3_2/model.sdf
[5.591s] -- Installing: /home/user/data/drones_ship_ws/install/vrx_gz/share/vrx_gz/models/short_course_2023_phase3_2/model.config
[5.592s] -- Installing: /home/user/data/drones_ship_ws/install/vrx_gz/share/vrx_gz/models/dock_block_4x4
[5.592s] -- Installing: /home/user/data/drones_ship_ws/install/vrx_gz/share/vrx_gz/models/dock_block_4x4/mesh
[5.592s] -- Installing: /home/user/data/drones_ship_ws/install/vrx_gz/share/vrx_gz/models/dock_block_4x4/mesh/DockCubes_Roughness.png
[5.592s] -- Installing: /home/user/data/drones_ship_ws/install/vrx_gz/share/vrx_gz/models/dock_block_4x4/mesh/DockCubes_Normal.png
[5.613s] -- Installing: /home/user/data/drones_ship_ws/install/vrx_gz/share/vrx_gz/models/dock_block_4x4/mesh/DockCubes_Albedo.png
[5.614s] -- Installing: /home/user/data/drones_ship_ws/install/vrx_gz/share/vrx_gz/models/dock_block_4x4/mesh/DockCubes_Metalness.png
[5.614s] -- Installing: /home/user/data/drones_ship_ws/install/vrx_gz/share/vrx_gz/models/dock_block_4x4/mesh/dock_block_4x4.dae
[5.616s] -- Installing: /home/user/data/drones_ship_ws/install/vrx_gz/share/vrx_gz/models/dock_block_4x4/model.sdf
[5.616s] -- Installing: /home/user/data/drones_ship_ws/install/vrx_gz/share/vrx_gz/models/dock_block_4x4/model.config
[5.616s] -- Installing: /home/user/data/drones_ship_ws/install/vrx_gz/share/vrx_gz/models/platform
[5.616s] -- Installing: /home/user/data/drones_ship_ws/install/vrx_gz/share/vrx_gz/models/platform/model.sdf
[5.616s] -- Installing: /home/user/data/drones_ship_ws/install/vrx_gz/share/vrx_gz/models/platform/model.config
[5.616s] -- Installing: /home/user/data/drones_ship_ws/install/vrx_gz/share/vrx_gz/models/articulated_platform
[5.616s] -- Installing: /home/user/data/drones_ship_ws/install/vrx_gz/share/vrx_gz/models/articulated_platform/model.sdf
[5.616s] -- Installing: /home/user/data/drones_ship_ws/install/vrx_gz/share/vrx_gz/models/articulated_platform/model.config
[5.616s] -- Installing: /home/user/data/drones_ship_ws/install/vrx_gz/share/vrx_gz/models/short_navigation_course_5
[5.616s] -- Installing: /home/user/data/drones_ship_ws/install/vrx_gz/share/vrx_gz/models/short_navigation_course_5/model.sdf
[5.616s] -- Installing: /home/user/data/drones_ship_ws/install/vrx_gz/share/vrx_gz/models/short_navigation_course_5/model.config
[5.616s] -- Installing: /home/user/data/drones_ship_ws/install/vrx_gz/share/vrx_gz/models/short_course_2023_phase3_1
[5.617s] -- Installing: /home/user/data/drones_ship_ws/install/vrx_gz/share/vrx_gz/models/short_course_2023_phase3_1/model.sdf
[5.617s] -- Installing: /home/user/data/drones_ship_ws/install/vrx_gz/share/vrx_gz/models/short_course_2023_phase3_1/model.config
[5.617s] -- Installing: /home/user/data/drones_ship_ws/install/vrx_gz/share/vrx_gz/models/robotx_light_buoy_yrg
[5.617s] -- Installing: /home/user/data/drones_ship_ws/install/vrx_gz/share/vrx_gz/models/robotx_light_buoy_yrg/model.sdf
[5.617s] -- Installing: /home/user/data/drones_ship_ws/install/vrx_gz/share/vrx_gz/models/robotx_light_buoy_yrg/model.config
[5.617s] -- Installing: /home/user/data/drones_ship_ws/install/vrx_gz/share/vrx_gz/models/roboboat_cpubox
[5.617s] -- Installing: /home/user/data/drones_ship_ws/install/vrx_gz/share/vrx_gz/models/roboboat_cpubox/materials
[5.617s] -- Installing: /home/user/data/drones_ship_ws/install/vrx_gz/share/vrx_gz/models/roboboat_cpubox/materials/textures
[5.617s] -- Installing: /home/user/data/drones_ship_ws/install/vrx_gz/share/vrx_gz/models/roboboat_cpubox/materials/textures/DryBox_Albedo.png
[5.622s] -- Installing: /home/user/data/drones_ship_ws/install/vrx_gz/share/vrx_gz/models/roboboat_cpubox/materials/textures/DryBox_Roughness.png
[5.629s] -- Installing: /home/user/data/drones_ship_ws/install/vrx_gz/share/vrx_gz/models/roboboat_cpubox/model.sdf
[5.629s] -- Installing: /home/user/data/drones_ship_ws/install/vrx_gz/share/vrx_gz/models/roboboat_cpubox/meshes
[5.629s] -- Installing: /home/user/data/drones_ship_ws/install/vrx_gz/share/vrx_gz/models/roboboat_cpubox/meshes/drybox.dae
[5.630s] -- Installing: /home/user/data/drones_ship_ws/install/vrx_gz/share/vrx_gz/models/roboboat_cpubox/model.config
[5.630s] -- Installing: /home/user/data/drones_ship_ws/install/vrx_gz/share/vrx_gz/models/short_navigation_course_2
[5.630s] -- Installing: /home/user/data/drones_ship_ws/install/vrx_gz/share/vrx_gz/models/short_navigation_course_2/model.sdf
[5.630s] -- Installing: /home/user/data/drones_ship_ws/install/vrx_gz/share/vrx_gz/models/short_navigation_course_2/model.config
[5.630s] -- Installing: /home/user/data/drones_ship_ws/install/vrx_gz/share/vrx_gz/models/roboboat01
[5.630s] -- Installing: /home/user/data/drones_ship_ws/install/vrx_gz/share/vrx_gz/models/roboboat01/materials
[5.630s] -- Installing: /home/user/data/drones_ship_ws/install/vrx_gz/share/vrx_gz/models/roboboat01/materials/textures
[5.630s] -- Installing: /home/user/data/drones_ship_ws/install/vrx_gz/share/vrx_gz/models/roboboat01/materials/textures/Boat01_Albedo.png
[5.635s] -- Installing: /home/user/data/drones_ship_ws/install/vrx_gz/share/vrx_gz/models/roboboat01/materials/textures/Boat01_Roughness.png
[5.638s] -- Installing: /home/user/data/drones_ship_ws/install/vrx_gz/share/vrx_gz/models/roboboat01/materials/textures/Boat01_Metallic.png
[5.638s] -- Installing: /home/user/data/drones_ship_ws/install/vrx_gz/share/vrx_gz/models/roboboat01/materials/textures/Thruster_Albedo.png
[5.639s] -- Installing: /home/user/data/drones_ship_ws/install/vrx_gz/share/vrx_gz/models/roboboat01/materials/textures/Thruster_Roughness.png
[5.640s] -- Installing: /home/user/data/drones_ship_ws/install/vrx_gz/share/vrx_gz/models/roboboat01/materials/textures/Boat01_Normal.png
[5.640s] -- Installing: /home/user/data/drones_ship_ws/install/vrx_gz/share/vrx_gz/models/roboboat01/materials/scripts
[5.640s] -- Installing: /home/user/data/drones_ship_ws/install/vrx_gz/share/vrx_gz/models/roboboat01/materials/scripts/model.material
[5.641s] -- Installing: /home/user/data/drones_ship_ws/install/vrx_gz/share/vrx_gz/models/roboboat01/model.sdf
[5.641s] -- Installing: /home/user/data/drones_ship_ws/install/vrx_gz/share/vrx_gz/models/roboboat01/meshes
[5.641s] -- Installing: /home/user/data/drones_ship_ws/install/vrx_gz/share/vrx_gz/models/roboboat01/meshes/housing.dae
[5.641s] -- Installing: /home/user/data/drones_ship_ws/install/vrx_gz/share/vrx_gz/models/roboboat01/meshes/mount.dae
[5.641s] -- Installing: /home/user/data/drones_ship_ws/install/vrx_gz/share/vrx_gz/models/roboboat01/meshes/prop.dae
[5.642s] -- Installing: /home/user/data/drones_ship_ws/install/vrx_gz/share/vrx_gz/models/roboboat01/meshes/roboboat01.dae
[5.642s] -- Installing: /home/user/data/drones_ship_ws/install/vrx_gz/share/vrx_gz/models/roboboat01/model.config
[5.643s] -- Installing: /home/user/data/drones_ship_ws/install/vrx_gz/share/vrx_gz/worlds
[5.643s] -- Installing: /home/user/data/drones_ship_ws/install/vrx_gz/share/vrx_gz/worlds/gymkhana_task.sdf
[5.643s] -- Installing: /home/user/data/drones_ship_ws/install/vrx_gz/share/vrx_gz/worlds/acoustic_perception_task.sdf
[5.643s] -- Installing: /home/user/data/drones_ship_ws/install/vrx_gz/share/vrx_gz/worlds/wayfinding_task.sdf
[5.643s] -- Installing: /home/user/data/drones_ship_ws/install/vrx_gz/share/vrx_gz/worlds/stationkeeping_task.sdf
[5.643s] -- Installing: /home/user/data/drones_ship_ws/install/vrx_gz/share/vrx_gz/worlds/nbpark.sdf
[5.643s] -- Installing: /home/user/data/drones_ship_ws/install/vrx_gz/share/vrx_gz/worlds/wildlife_task.sdf
[5.643s] -- Installing: /home/user/data/drones_ship_ws/install/vrx_gz/share/vrx_gz/worlds/navigation_task.sdf
[5.644s] -- Installing: /home/user/data/drones_ship_ws/install/vrx_gz/share/vrx_gz/worlds/acoustic_tracking_task.sdf
[5.644s] -- Installing: /home/user/data/drones_ship_ws/install/vrx_gz/share/vrx_gz/worlds/sydney_regatta.sdf
[5.644s] -- Installing: /home/user/data/drones_ship_ws/install/vrx_gz/share/vrx_gz/worlds/2023_practice
[5.644s] -- Installing: /home/user/data/drones_ship_ws/install/vrx_gz/share/vrx_gz/worlds/2023_practice/practice_2023_wayfinding1_task.sdf
[5.644s] -- Installing: /home/user/data/drones_ship_ws/install/vrx_gz/share/vrx_gz/worlds/2023_practice/practice_2023_scan_dock_deliver1_task.sdf
[5.644s] -- Installing: /home/user/data/drones_ship_ws/install/vrx_gz/share/vrx_gz/worlds/2023_practice/practice_2023_perception2_task.sdf
[5.644s] -- Installing: /home/user/data/drones_ship_ws/install/vrx_gz/share/vrx_gz/worlds/2023_practice/practice_2023_scan_dock_deliver0_task.sdf
[5.645s] -- Installing: /home/user/data/drones_ship_ws/install/vrx_gz/share/vrx_gz/worlds/2023_practice/practice_2023_follow_path1_task.sdf
[5.645s] -- Installing: /home/user/data/drones_ship_ws/install/vrx_gz/share/vrx_gz/worlds/2023_practice/practice_2023_stationkeeping2_task.sdf
[5.645s] -- Installing: /home/user/data/drones_ship_ws/install/vrx_gz/share/vrx_gz/worlds/2023_practice/practice_2023_acoustic_tracking0_task.sdf
[5.645s] -- Installing: /home/user/data/drones_ship_ws/install/vrx_gz/share/vrx_gz/worlds/2023_practice/practice_2023_wildlife0_task.sdf
[5.645s] -- Installing: /home/user/data/drones_ship_ws/install/vrx_gz/share/vrx_gz/worlds/2023_practice/practice_2023_follow_path0_task.sdf
[5.645s] -- Installing: /home/user/data/drones_ship_ws/install/vrx_gz/share/vrx_gz/worlds/2023_practice/practice_2023_acoustic_tracking1_task.sdf
[5.645s] -- Installing: /home/user/data/drones_ship_ws/install/vrx_gz/share/vrx_gz/worlds/2023_practice/practice_2023_acoustic_perception1_task.sdf
[5.646s] -- Installing: /home/user/data/drones_ship_ws/install/vrx_gz/share/vrx_gz/worlds/2023_practice/practice_2023_follow_path2_task.sdf
[5.646s] -- Installing: /home/user/data/drones_ship_ws/install/vrx_gz/share/vrx_gz/worlds/2023_practice/practice_2023_acoustic_perception0_task.sdf
[5.646s] -- Installing: /home/user/data/drones_ship_ws/install/vrx_gz/share/vrx_gz/worlds/2023_practice/practice_2023_wayfinding2_task.sdf
[5.646s] -- Installing: /home/user/data/drones_ship_ws/install/vrx_gz/share/vrx_gz/worlds/2023_practice/practice_2023_stationkeeping1_task.sdf
[5.646s] -- Installing: /home/user/data/drones_ship_ws/install/vrx_gz/share/vrx_gz/worlds/2023_practice/practice_2023_wayfinding0_task.sdf
[5.646s] -- Installing: /home/user/data/drones_ship_ws/install/vrx_gz/share/vrx_gz/worlds/2023_practice/practice_2023_acoustic_perception2_task.sdf
[5.647s] -- Installing: /home/user/data/drones_ship_ws/install/vrx_gz/share/vrx_gz/worlds/2023_practice/practice_2023_perception0_task.sdf
[5.647s] -- Installing: /home/user/data/drones_ship_ws/install/vrx_gz/share/vrx_gz/worlds/2023_practice/practice_2023_wildlife2_task.sdf
[5.647s] -- Installing: /home/user/data/drones_ship_ws/install/vrx_gz/share/vrx_gz/worlds/2023_practice/practice_2023_acoustic_tracking2_task.sdf
[5.647s] -- Installing: /home/user/data/drones_ship_ws/install/vrx_gz/share/vrx_gz/worlds/2023_practice/practice_2023_wildlife1_task.sdf
[5.647s] -- Installing: /home/user/data/drones_ship_ws/install/vrx_gz/share/vrx_gz/worlds/2023_practice/practice_2023_perception1_task.sdf
[5.647s] -- Installing: /home/user/data/drones_ship_ws/install/vrx_gz/share/vrx_gz/worlds/2023_practice/practice_2023_stationkeeping0_task.sdf
[5.647s] -- Installing: /home/user/data/drones_ship_ws/install/vrx_gz/share/vrx_gz/worlds/2023_practice/practice_2023_scan_dock_deliver2_task.sdf
[5.648s] -- Installing: /home/user/data/drones_ship_ws/install/vrx_gz/share/vrx_gz/worlds/scan_dock_deliver_task.sdf
[5.648s] -- Installing: /home/user/data/drones_ship_ws/install/vrx_gz/share/vrx_gz/worlds/follow_path_task.sdf
[5.648s] -- Installing: /home/user/data/drones_ship_ws/install/vrx_gz/share/vrx_gz/worlds/perception_task.sdf
[5.648s] -- Installing: /home/user/data/drones_ship_ws/install/vrx_gz/share/ament_index/resource_index/package_run_dependencies/vrx_gz
[5.648s] -- Installing: /home/user/data/drones_ship_ws/install/vrx_gz/share/ament_index/resource_index/parent_prefix_path/vrx_gz
[5.649s] -- Installing: /home/user/data/drones_ship_ws/install/vrx_gz/share/vrx_gz/environment/ament_prefix_path.sh
[5.649s] -- Installing: /home/user/data/drones_ship_ws/install/vrx_gz/share/vrx_gz/environment/ament_prefix_path.dsv
[5.649s] -- Installing: /home/user/data/drones_ship_ws/install/vrx_gz/share/vrx_gz/environment/path.sh
[5.649s] -- Installing: /home/user/data/drones_ship_ws/install/vrx_gz/share/vrx_gz/environment/path.dsv
[5.649s] -- Installing: /home/user/data/drones_ship_ws/install/vrx_gz/share/vrx_gz/local_setup.bash
[5.650s] -- Installing: /home/user/data/drones_ship_ws/install/vrx_gz/share/vrx_gz/local_setup.sh
[5.650s] -- Installing: /home/user/data/drones_ship_ws/install/vrx_gz/share/vrx_gz/local_setup.zsh
[5.650s] -- Installing: /home/user/data/drones_ship_ws/install/vrx_gz/share/vrx_gz/local_setup.dsv
[5.650s] -- Installing: /home/user/data/drones_ship_ws/install/vrx_gz/share/vrx_gz/package.dsv
[5.650s] -- Installing: /home/user/data/drones_ship_ws/install/vrx_gz/share/ament_index/resource_index/packages/vrx_gz
[5.650s] -- Installing: /home/user/data/drones_ship_ws/install/vrx_gz/share/vrx_gz/cmake/vrx_gzConfig.cmake
[5.651s] -- Installing: /home/user/data/drones_ship_ws/install/vrx_gz/share/vrx_gz/cmake/vrx_gzConfig-version.cmake
[5.651s] -- Installing: /home/user/data/drones_ship_ws/install/vrx_gz/share/vrx_gz/package.xml
[5.653s] Invoked command in '/home/user/data/drones_ship_ws/build/vrx_gz' returned '0': CMAKE_PREFIX_PATH=/home/user/data/drones_ship_ws/install/vrx_ros:/home/user/data/drones_ship_ws/install/wamv_gazebo:/home/user/data/drones_ship_ws/install/wamv_description:/home/user/data/drones_ship_ws/install/vrx_gz:/home/user/data/drones_ship_ws/install/aquabot_description:/home/user/data/drones_ship_ws/install/vrx_gazebo:/home/user/data/drones_ship_ws/install/ros_gz_crazyflie_bringup:/home/user/data/drones_ship_ws/install/ros_gz_crazyflie_gazebo:/home/user/data/drones_ship_ws/install/crazyflie_yolo:/home/user/data/drones_ship_ws/install/crazyflie_ekf:/home/user/data/drones_ship_ws/install/crazyflie_control:/home/user/data/drones_ship_ws/install/aquabot_motion:/home/user/data/drones_ship_ws/install/aquabot_gz:/home/user/data/drones_ship_ws/install/aquabot_ekf:/opt/ros/jazzy/opt/gz_sim_vendor:/opt/ros/jazzy/opt/gz_sensors_vendor:/opt/ros/jazzy/opt/gz_physics_vendor:/opt/ros/jazzy/opt/sdformat_vendor:/opt/ros/jazzy/opt/gz_gui_vendor:/opt/ros/jazzy/opt/gz_transport_vendor:/opt/ros/jazzy/opt/gz_rendering_vendor:/opt/ros/jazzy/opt/gz_plugin_vendor:/opt/ros/jazzy/opt/gz_fuel_tools_vendor:/opt/ros/jazzy/opt/gz_msgs_vendor:/opt/ros/jazzy/opt/gz_common_vendor:/opt/ros/jazzy/opt/gz_math_vendor:/opt/ros/jazzy/opt/gz_utils_vendor:/opt/ros/jazzy/opt/gz_tools_vendor:/opt/ros/jazzy/opt/gz_ogre_next_vendor:/opt/ros/jazzy/opt/gz_dartsim_vendor:/opt/ros/jazzy/opt/gz_cmake_vendor:/home/user/data/drones_ship_ws/install/ros_gz_crazyflie_control:/home/user/data/drones_ship_ws/install/multi_drone_traj_replay:/opt/ros/jazzy DEBUGINFOD_URLS=https://debuginfod.ubuntu.com /usr/bin/cmake --install /home/user/data/drones_ship_ws/build/vrx_gz
