[ 33%] Built target crazyflie_6dof_controller_lib
[ 50%] [32mBuilding CXX object CMakeFiles/crazyflie_control_node.dir/src/crazyflie_control_node.cpp.o[0m
[ 83%] Built target crazyflie_6dof_controller_node
[100%] [32m[1mLinking CXX executable crazyflie_control_node[0m
[100%] Built target crazyflie_control_node
-- Install configuration: ""
-- Installing: /home/user/data/drones_ship_ws/install/crazyflie_control/lib/crazyflie_control/crazyflie_control_node
-- Set non-toolchain portion of runtime path of "/home/user/data/drones_ship_ws/install/crazyflie_control/lib/crazyflie_control/crazyflie_control_node" to ""
-- Up-to-date: /home/user/data/drones_ship_ws/install/crazyflie_control/share/crazyflie_control/config
-- Up-to-date: /home/user/data/drones_ship_ws/install/crazyflie_control/share/crazyflie_control/config/waypoints.yaml
-- Up-to-date: /home/user/data/drones_ship_ws/install/crazyflie_control/share/crazyflie_control/launch
-- Up-to-date: /home/user/data/drones_ship_ws/install/crazyflie_control/share/crazyflie_control/launch/all_crazyflie_control.launch.py
-- Up-to-date: /home/user/data/drones_ship_ws/install/crazyflie_control/share/crazyflie_control/launch/crazyflie_control.launch.py
-- Up-to-date: /home/user/data/drones_ship_ws/install/crazyflie_control/lib/crazyflie_control/crazyflie_6dof_controller_node
-- Up-to-date: /home/user/data/drones_ship_ws/install/crazyflie_control/share/ament_index/resource_index/package_run_dependencies/crazyflie_control
-- Up-to-date: /home/user/data/drones_ship_ws/install/crazyflie_control/share/ament_index/resource_index/parent_prefix_path/crazyflie_control
-- Up-to-date: /home/user/data/drones_ship_ws/install/crazyflie_control/share/crazyflie_control/environment/ament_prefix_path.sh
-- Up-to-date: /home/user/data/drones_ship_ws/install/crazyflie_control/share/crazyflie_control/environment/ament_prefix_path.dsv
-- Up-to-date: /home/user/data/drones_ship_ws/install/crazyflie_control/share/crazyflie_control/environment/path.sh
-- Up-to-date: /home/user/data/drones_ship_ws/install/crazyflie_control/share/crazyflie_control/environment/path.dsv
-- Up-to-date: /home/user/data/drones_ship_ws/install/crazyflie_control/share/crazyflie_control/local_setup.bash
-- Up-to-date: /home/user/data/drones_ship_ws/install/crazyflie_control/share/crazyflie_control/local_setup.sh
-- Up-to-date: /home/user/data/drones_ship_ws/install/crazyflie_control/share/crazyflie_control/local_setup.zsh
-- Up-to-date: /home/user/data/drones_ship_ws/install/crazyflie_control/share/crazyflie_control/local_setup.dsv
-- Installing: /home/user/data/drones_ship_ws/install/crazyflie_control/share/crazyflie_control/package.dsv
-- Up-to-date: /home/user/data/drones_ship_ws/install/crazyflie_control/share/ament_index/resource_index/packages/crazyflie_control
-- Up-to-date: /home/user/data/drones_ship_ws/install/crazyflie_control/share/crazyflie_control/cmake/crazyflie_controlConfig.cmake
-- Up-to-date: /home/user/data/drones_ship_ws/install/crazyflie_control/share/crazyflie_control/cmake/crazyflie_controlConfig-version.cmake
-- Up-to-date: /home/user/data/drones_ship_ws/install/crazyflie_control/share/crazyflie_control/package.xml
