[0.063s] Invoking command in '/home/user/data/drones_ship_ws/build/crazyflie_control': CMAKE_PREFIX_PATH=${CMAKE_PREFIX_PATH}:/home/user/data/drones_ship_ws/install/ros_gz_crazyflie_control:/opt/ros/jazzy DEBUGINFOD_URLS=https://debuginfod.ubuntu.com /usr/bin/cmake --build /home/user/data/drones_ship_ws/build/crazyflie_control -- -j20 -l20
[0.141s] [ 33%] Built target crazyflie_6dof_controller_lib
[0.145s] [ 50%] [32mBuilding CXX object CMakeFiles/crazyflie_control_node.dir/src/crazyflie_control_node.cpp.o[0m
[0.186s] [ 83%] Built target crazyflie_6dof_controller_node
[8.604s] [01m[K/home/user/data/drones_ship_ws/src/drone_ship/crazyflie_control/src/crazyflie_control_node.cpp:[m[K In constructor ‘[01m[KCrazyflieForwardNode::[01;32m[KCrazyflieForwardNode[m[K()[m[K’:
[8.604s] [01m[K/home/user/data/drones_ship_ws/src/drone_ship/crazyflie_control/src/crazyflie_control_node.cpp:197:10:[m[K [01;35m[Kwarning: [m[K‘[01m[KCrazyflieForwardNode::target_distance_[m[K’ will be initialized after [[01;35m[K-Wreorder[m[K]
[8.604s]   197 |   double [01;35m[Ktarget_distance_[m[K;
[8.605s]       |          [01;35m[K^~~~~~~~~~~~~~~~[m[K
[8.605s] [01m[K/home/user/data/drones_ship_ws/src/drone_ship/crazyflie_control/src/crazyflie_control_node.cpp:38:9:[m[K [01;35m[Kwarning: [m[K  ‘[01m[KCrazyflieForwardNode::Stage CrazyflieForwardNode::stage_[m[K’ [[01;35m[K-Wreorder[m[K]
[8.605s]    38 |   Stage [01;35m[Kstage_[m[K;
[8.605s]       |         [01;35m[K^~~~~~[m[K
[8.605s] [01m[K/home/user/data/drones_ship_ws/src/drone_ship/crazyflie_control/src/crazyflie_control_node.cpp:13:3:[m[K [01;35m[Kwarning: [m[K  when initialized here [[01;35m[K-Wreorder[m[K]
[8.605s]    13 |   [01;35m[KCrazyflieForwardNode[m[K()
[8.605s]       |   [01;35m[K^~~~~~~~~~~~~~~~~~~~[m[K
[8.626s] [100%] [32m[1mLinking CXX executable crazyflie_control_node[0m
[9.013s] [100%] Built target crazyflie_control_node
[9.032s] Invoked command in '/home/user/data/drones_ship_ws/build/crazyflie_control' returned '0': CMAKE_PREFIX_PATH=${CMAKE_PREFIX_PATH}:/home/user/data/drones_ship_ws/install/ros_gz_crazyflie_control:/opt/ros/jazzy DEBUGINFOD_URLS=https://debuginfod.ubuntu.com /usr/bin/cmake --build /home/user/data/drones_ship_ws/build/crazyflie_control -- -j20 -l20
[9.033s] Invoking command in '/home/user/data/drones_ship_ws/build/crazyflie_control': CMAKE_PREFIX_PATH=${CMAKE_PREFIX_PATH}:/home/user/data/drones_ship_ws/install/ros_gz_crazyflie_control:/opt/ros/jazzy DEBUGINFOD_URLS=https://debuginfod.ubuntu.com /usr/bin/cmake --install /home/user/data/drones_ship_ws/build/crazyflie_control
[9.048s] -- Install configuration: ""
[9.048s] -- Installing: /home/user/data/drones_ship_ws/install/crazyflie_control/lib/crazyflie_control/crazyflie_control_node
[9.053s] -- Set non-toolchain portion of runtime path of "/home/user/data/drones_ship_ws/install/crazyflie_control/lib/crazyflie_control/crazyflie_control_node" to ""
[9.053s] -- Up-to-date: /home/user/data/drones_ship_ws/install/crazyflie_control/share/crazyflie_control/config
[9.053s] -- Up-to-date: /home/user/data/drones_ship_ws/install/crazyflie_control/share/crazyflie_control/config/waypoints.yaml
[9.053s] -- Up-to-date: /home/user/data/drones_ship_ws/install/crazyflie_control/share/crazyflie_control/launch
[9.053s] -- Up-to-date: /home/user/data/drones_ship_ws/install/crazyflie_control/share/crazyflie_control/launch/all_crazyflie_control.launch.py
[9.053s] -- Up-to-date: /home/user/data/drones_ship_ws/install/crazyflie_control/share/crazyflie_control/launch/crazyflie_control.launch.py
[9.053s] -- Up-to-date: /home/user/data/drones_ship_ws/install/crazyflie_control/lib/crazyflie_control/crazyflie_6dof_controller_node
[9.053s] -- Up-to-date: /home/user/data/drones_ship_ws/install/crazyflie_control/share/ament_index/resource_index/package_run_dependencies/crazyflie_control
[9.053s] -- Up-to-date: /home/user/data/drones_ship_ws/install/crazyflie_control/share/ament_index/resource_index/parent_prefix_path/crazyflie_control
[9.053s] -- Up-to-date: /home/user/data/drones_ship_ws/install/crazyflie_control/share/crazyflie_control/environment/ament_prefix_path.sh
[9.053s] -- Up-to-date: /home/user/data/drones_ship_ws/install/crazyflie_control/share/crazyflie_control/environment/ament_prefix_path.dsv
[9.053s] -- Up-to-date: /home/user/data/drones_ship_ws/install/crazyflie_control/share/crazyflie_control/environment/path.sh
[9.053s] -- Up-to-date: /home/user/data/drones_ship_ws/install/crazyflie_control/share/crazyflie_control/environment/path.dsv
[9.053s] -- Up-to-date: /home/user/data/drones_ship_ws/install/crazyflie_control/share/crazyflie_control/local_setup.bash
[9.054s] -- Up-to-date: /home/user/data/drones_ship_ws/install/crazyflie_control/share/crazyflie_control/local_setup.sh
[9.054s] -- Up-to-date: /home/user/data/drones_ship_ws/install/crazyflie_control/share/crazyflie_control/local_setup.zsh
[9.054s] -- Up-to-date: /home/user/data/drones_ship_ws/install/crazyflie_control/share/crazyflie_control/local_setup.dsv
[9.054s] -- Installing: /home/user/data/drones_ship_ws/install/crazyflie_control/share/crazyflie_control/package.dsv
[9.054s] -- Up-to-date: /home/user/data/drones_ship_ws/install/crazyflie_control/share/ament_index/resource_index/packages/crazyflie_control
[9.054s] -- Up-to-date: /home/user/data/drones_ship_ws/install/crazyflie_control/share/crazyflie_control/cmake/crazyflie_controlConfig.cmake
[9.054s] -- Up-to-date: /home/user/data/drones_ship_ws/install/crazyflie_control/share/crazyflie_control/cmake/crazyflie_controlConfig-version.cmake
[9.054s] -- Up-to-date: /home/user/data/drones_ship_ws/install/crazyflie_control/share/crazyflie_control/package.xml
[9.056s] Invoked command in '/home/user/data/drones_ship_ws/build/crazyflie_control' returned '0': CMAKE_PREFIX_PATH=${CMAKE_PREFIX_PATH}:/home/user/data/drones_ship_ws/install/ros_gz_crazyflie_control:/opt/ros/jazzy DEBUGINFOD_URLS=https://debuginfod.ubuntu.com /usr/bin/cmake --install /home/user/data/drones_ship_ws/build/crazyflie_control
