[0.045s] Invoking command in '/home/user/data/drones_ship_ws/build/vrx_ros': CMAKE_PREFIX_PATH=${CMAKE_PREFIX_PATH}:/home/user/data/drones_ship_ws/install/ros_gz_crazyflie_control:/opt/ros/jazzy DEBUGINFOD_URLS=https://debuginfod.ubuntu.com /usr/bin/cmake /home/user/data/drones_ship_ws/src/drone_ship/vrx/vrx_ros -DCMAKE_INSTALL_PREFIX=/home/user/data/drones_ship_ws/install/vrx_ros
[0.176s] -- The C compiler identification is GNU 13.3.0
[0.269s] -- The CXX compiler identification is GNU 13.3.0
[0.293s] -- Detecting C compiler ABI info
[0.406s] -- Detecting C compiler ABI info - done
[0.419s] -- Check for working C compiler: /usr/lib/ccache/cc - skipped
[0.419s] -- Detecting C compile features
[0.420s] -- Detecting C compile features - done
[0.435s] -- Detecting CXX compiler ABI info
[0.549s] -- Detecting CXX compiler ABI info - done
[0.560s] -- Check for working CXX compiler: /usr/lib/ccache/c++ - skipped
[0.560s] -- Detecting CXX compile features
[0.560s] -- Detecting CXX compile features - done
[0.568s] -- Found ament_cmake: 2.5.4 (/opt/ros/jazzy/share/ament_cmake/cmake)
[0.727s] -- Found Python3: /usr/bin/python3 (found version "3.12.3") found components: Interpreter 
[0.906s] -- Found geometry_msgs: 5.3.6 (/opt/ros/jazzy/share/geometry_msgs/cmake)
[1.009s] -- Found rosidl_generator_c: 4.6.6 (/opt/ros/jazzy/share/rosidl_generator_c/cmake)
[1.041s] -- Found rosidl_generator_cpp: 4.6.6 (/opt/ros/jazzy/share/rosidl_generator_cpp/cmake)
[1.071s] -- Using all available rosidl_typesupport_c: rosidl_typesupport_fastrtps_c;rosidl_typesupport_introspection_c
[1.095s] -- Using all available rosidl_typesupport_cpp: rosidl_typesupport_fastrtps_cpp;rosidl_typesupport_introspection_cpp
[1.171s] -- Found gz_msgs_vendor: 0.0.6 (/opt/ros/jazzy/share/gz_msgs_vendor/cmake)
[1.218s] -- Looking for gz-msgs10 -- found version 10.3.2
[1.228s] -- Searching for dependencies of gz-msgs10
[1.422s] -- Found Protobuf: /usr/lib/x86_64-linux-gnu/libprotobuf.so (found version "3.21.12") 
[1.431s] -- Looking for gz-utils2 -- found version 2.2.1
[1.431s] -- Searching for dependencies of gz-utils2
[1.439s] -- Looking for gz-math7 -- found version 7.5.2
[1.439s] -- Searching for dependencies of gz-math7
[1.440s] -- Looking for gz-utils2 -- found version 2.2.1
[1.448s] -- Checking for module 'tinyxml2'
[1.468s] --   Found tinyxml2, version 10.0.0
[1.521s] -- Found gz_transport_vendor: 0.0.6 (/opt/ros/jazzy/share/gz_transport_vendor/cmake)
[1.528s] -- Looking for gz-transport13 -- found version 13.4.1
[1.528s] -- Searching for dependencies of gz-transport13
[1.598s] -- Config-file not installed for ZeroMQ -- checking for pkg-config
[1.604s] -- Checking for module 'libzmq >= 4'
[1.623s] --   Found libzmq, version 4.3.5
[1.711s] -- Found ZeroMQ: TRUE (Required is at least version "4") 
[1.717s] -- Checking for module 'uuid'
[1.741s] --   Found uuid, version 2.39.3
[1.789s] -- Found UUID: TRUE  
[1.790s] -- Looking for gz-utils2 -- found version 2.2.1
[1.790s] -- Searching for dependencies of gz-utils2
[1.790s] -- Searching for <gz-utils2> component [cli]
[1.799s] -- Looking for gz-utils2-cli -- found version 2.2.1
[1.799s] -- Searching for dependencies of gz-utils2-cli
[1.800s] -- Looking for gz-msgs10 -- found version 10.3.2
[1.814s] -- Found rclcpp: 28.1.11 (/opt/ros/jazzy/share/rclcpp/cmake)
[1.990s] -- Found rmw_implementation_cmake: 7.3.2 (/opt/ros/jazzy/share/rmw_implementation_cmake/cmake)
[2.004s] -- Found rmw_fastrtps_cpp: 8.4.3 (/opt/ros/jazzy/share/rmw_fastrtps_cpp/cmake)
[2.175s] -- Found OpenSSL: /usr/lib/x86_64-linux-gnu/libcrypto.so (found version "3.0.13")  
[2.205s] -- Found FastRTPS: /opt/ros/jazzy/include (Required is at least version "2.13") 
[2.230s] -- Using RMW implementation 'rmw_fastrtps_cpp' as default
[2.343s] -- Found ros_gz_interfaces: 1.0.16 (/opt/ros/jazzy/share/ros_gz_interfaces/cmake)
[2.380s] -- Found sensor_msgs: 5.3.6 (/opt/ros/jazzy/share/sensor_msgs/cmake)
[2.409s] -- Found tf2: 0.36.14 (/opt/ros/jazzy/share/tf2/cmake)
[2.419s] -- Found tf2_msgs: 0.36.14 (/opt/ros/jazzy/share/tf2_msgs/cmake)
[2.487s] -- Found tf2_ros: 0.36.14 (/opt/ros/jazzy/share/tf2_ros/cmake)
[2.672s] -- Configuring done (2.6s)
[2.689s] -- Generating done (0.0s)
[2.694s] -- Build files have been written to: /home/user/data/drones_ship_ws/build/vrx_ros
[2.706s] Invoked command in '/home/user/data/drones_ship_ws/build/vrx_ros' returned '0': CMAKE_PREFIX_PATH=${CMAKE_PREFIX_PATH}:/home/user/data/drones_ship_ws/install/ros_gz_crazyflie_control:/opt/ros/jazzy DEBUGINFOD_URLS=https://debuginfod.ubuntu.com /usr/bin/cmake /home/user/data/drones_ship_ws/src/drone_ship/vrx/vrx_ros -DCMAKE_INSTALL_PREFIX=/home/user/data/drones_ship_ws/install/vrx_ros
[2.707s] Invoking command in '/home/user/data/drones_ship_ws/build/vrx_ros': CMAKE_PREFIX_PATH=${CMAKE_PREFIX_PATH}:/home/user/data/drones_ship_ws/install/ros_gz_crazyflie_control:/opt/ros/jazzy DEBUGINFOD_URLS=https://debuginfod.ubuntu.com /usr/bin/cmake --build /home/user/data/drones_ship_ws/build/vrx_ros -- -j20 -l20
[2.788s] [ 25%] [32mBuilding CXX object CMakeFiles/optical_frame_publisher.dir/src/optical_frame_publisher.cc.o[0m
[2.802s] [ 50%] [32mBuilding CXX object CMakeFiles/pose_tf_broadcaster.dir/src/pose_tf_broadcaster.cc.o[0m
[11.610s] [ 75%] [32m[1mLinking CXX executable pose_tf_broadcaster[0m
[12.097s] [ 75%] Built target pose_tf_broadcaster
[15.173s] [100%] [32m[1mLinking CXX executable optical_frame_publisher[0m
[15.500s] [100%] Built target optical_frame_publisher
[15.522s] Invoked command in '/home/user/data/drones_ship_ws/build/vrx_ros' returned '0': CMAKE_PREFIX_PATH=${CMAKE_PREFIX_PATH}:/home/user/data/drones_ship_ws/install/ros_gz_crazyflie_control:/opt/ros/jazzy DEBUGINFOD_URLS=https://debuginfod.ubuntu.com /usr/bin/cmake --build /home/user/data/drones_ship_ws/build/vrx_ros -- -j20 -l20
[15.523s] Invoking command in '/home/user/data/drones_ship_ws/build/vrx_ros': CMAKE_PREFIX_PATH=${CMAKE_PREFIX_PATH}:/home/user/data/drones_ship_ws/install/ros_gz_crazyflie_control:/opt/ros/jazzy DEBUGINFOD_URLS=https://debuginfod.ubuntu.com /usr/bin/cmake --install /home/user/data/drones_ship_ws/build/vrx_ros
[15.541s] -- Install configuration: ""
[15.542s] -- Installing: /home/user/data/drones_ship_ws/install/vrx_ros/lib/vrx_ros/optical_frame_publisher
[15.549s] -- Set non-toolchain portion of runtime path of "/home/user/data/drones_ship_ws/install/vrx_ros/lib/vrx_ros/optical_frame_publisher" to ""
[15.549s] -- Installing: /home/user/data/drones_ship_ws/install/vrx_ros/lib/vrx_ros/pose_tf_broadcaster
[15.553s] -- Set non-toolchain portion of runtime path of "/home/user/data/drones_ship_ws/install/vrx_ros/lib/vrx_ros/pose_tf_broadcaster" to ""
[15.553s] -- Installing: /home/user/data/drones_ship_ws/install/vrx_ros/share/vrx_ros/launch
[15.553s] -- Installing: /home/user/data/drones_ship_ws/install/vrx_ros/share/vrx_ros/launch/monitor_sim.py
[15.554s] -- Installing: /home/user/data/drones_ship_ws/install/vrx_ros/share/ament_index/resource_index/package_run_dependencies/vrx_ros
[15.554s] -- Installing: /home/user/data/drones_ship_ws/install/vrx_ros/share/ament_index/resource_index/parent_prefix_path/vrx_ros
[15.554s] -- Installing: /home/user/data/drones_ship_ws/install/vrx_ros/share/vrx_ros/environment/ament_prefix_path.sh
[15.554s] -- Installing: /home/user/data/drones_ship_ws/install/vrx_ros/share/vrx_ros/environment/ament_prefix_path.dsv
[15.555s] -- Installing: /home/user/data/drones_ship_ws/install/vrx_ros/share/vrx_ros/environment/path.sh
[15.555s] -- Installing: /home/user/data/drones_ship_ws/install/vrx_ros/share/vrx_ros/environment/path.dsv
[15.555s] -- Installing: /home/user/data/drones_ship_ws/install/vrx_ros/share/vrx_ros/local_setup.bash
[15.555s] -- Installing: /home/user/data/drones_ship_ws/install/vrx_ros/share/vrx_ros/local_setup.sh
[15.555s] -- Installing: /home/user/data/drones_ship_ws/install/vrx_ros/share/vrx_ros/local_setup.zsh
[15.556s] -- Installing: /home/user/data/drones_ship_ws/install/vrx_ros/share/vrx_ros/local_setup.dsv
[15.556s] -- Installing: /home/user/data/drones_ship_ws/install/vrx_ros/share/vrx_ros/package.dsv
[15.556s] -- Installing: /home/user/data/drones_ship_ws/install/vrx_ros/share/ament_index/resource_index/packages/vrx_ros
[15.556s] -- Installing: /home/user/data/drones_ship_ws/install/vrx_ros/share/vrx_ros/cmake/vrx_rosConfig.cmake
[15.557s] -- Installing: /home/user/data/drones_ship_ws/install/vrx_ros/share/vrx_ros/cmake/vrx_rosConfig-version.cmake
[15.557s] -- Installing: /home/user/data/drones_ship_ws/install/vrx_ros/share/vrx_ros/package.xml
[15.559s] Invoked command in '/home/user/data/drones_ship_ws/build/vrx_ros' returned '0': CMAKE_PREFIX_PATH=${CMAKE_PREFIX_PATH}:/home/user/data/drones_ship_ws/install/ros_gz_crazyflie_control:/opt/ros/jazzy DEBUGINFOD_URLS=https://debuginfod.ubuntu.com /usr/bin/cmake --install /home/user/data/drones_ship_ws/build/vrx_ros
