[  1%] Built target crazyflie_yolo__rosidl_generator_type_description
[  3%] [32mBuilding CXX object CMakeFiles/stereo_depth_node.dir/src/stereo_depth_node.cpp.o[0m
[  7%] Built target container_localizer_node
[  7%] Built target ament_cmake_python_copy_crazyflie_yolo
[  9%] Built target crazyflie_yolo__cpp
[ 24%] Built target crazyflie_yolo__rosidl_generator_c
[ 38%] Built target crazyflie_yolo__rosidl_typesupport_introspection_c
[ 38%] Built target crazyflie_yolo__rosidl_typesupport_cpp
[ 46%] Built target crazyflie_yolo__rosidl_typesupport_c
[ 53%] Built target crazyflie_yolo__rosidl_typesupport_fastrtps_cpp
[ 61%] Built target crazyflie_yolo__rosidl_typesupport_introspection_cpp
[ 68%] Built target crazyflie_yolo__rosidl_typesupport_fastrtps_c
[ 72%] Built target multi_drone_fusion_node
[ 75%] Built target multi_obstacle_tracker_ekf_node
[ 75%] Built target crazyflie_yolo
[ 79%] Built target multi_obstacle_tracker_node
[ 81%] Built target crazyflie_yolo__py
[ 87%] Built target crazyflie_yolo__rosidl_generator_py
[ 90%] Built target crazyflie_yolo_s__rosidl_typesupport_fastrtps_c
[ 94%] Built target crazyflie_yolo_s__rosidl_typesupport_introspection_c
[ 98%] Built target crazyflie_yolo_s__rosidl_typesupport_c
running egg_info
writing crazyflie_yolo.egg-info/PKG-INFO
writing dependency_links to crazyflie_yolo.egg-info/dependency_links.txt
writing top-level names to crazyflie_yolo.egg-info/top_level.txt
reading manifest file 'crazyflie_yolo.egg-info/SOURCES.txt'
writing manifest file 'crazyflie_yolo.egg-info/SOURCES.txt'
[ 98%] Built target ament_cmake_python_build_crazyflie_yolo_egg
