[0.060s] Invoking command in '/home/user/data/drones_ship_ws/build/crazyflie_yolo': CMAKE_PREFIX_PATH=${CMAKE_PREFIX_PATH}:/home/user/data/drones_ship_ws/install/ros_gz_crazyflie_control:/opt/ros/jazzy DEBUGINFOD_URLS=https://debuginfod.ubuntu.com /usr/bin/cmake --build /home/user/data/drones_ship_ws/build/crazyflie_yolo -- -j20 -l20
[0.148s] [  1%] Built target crazyflie_yolo__rosidl_generator_type_description
[0.157s] [  3%] [32mBuilding CXX object CMakeFiles/stereo_depth_node.dir/src/stereo_depth_node.cpp.o[0m
[0.157s] [  7%] Built target container_localizer_node
[0.161s] [  7%] Built target ament_cmake_python_copy_crazyflie_yolo
[0.188s] [  9%] Built target crazyflie_yolo__cpp
[0.188s] [ 24%] Built target crazyflie_yolo__rosidl_generator_c
[0.217s] [ 38%] Built target crazyflie_yolo__rosidl_typesupport_introspection_c
[0.217s] [ 38%] Built target crazyflie_yolo__rosidl_typesupport_cpp
[0.220s] [ 46%] Built target crazyflie_yolo__rosidl_typesupport_c
[0.228s] [ 53%] Built target crazyflie_yolo__rosidl_typesupport_fastrtps_cpp
[0.230s] [ 61%] Built target crazyflie_yolo__rosidl_typesupport_introspection_cpp
[0.231s] [ 68%] Built target crazyflie_yolo__rosidl_typesupport_fastrtps_c
[0.252s] [ 72%] Built target multi_drone_fusion_node
[0.252s] [ 75%] Built target multi_obstacle_tracker_ekf_node
[0.260s] [ 75%] Built target crazyflie_yolo
[0.263s] [ 79%] Built target multi_obstacle_tracker_node
[0.296s] [ 81%] Built target crazyflie_yolo__py
[0.339s] [ 87%] Built target crazyflie_yolo__rosidl_generator_py
[0.371s] [ 90%] Built target crazyflie_yolo_s__rosidl_typesupport_fastrtps_c
[0.376s] [ 94%] Built target crazyflie_yolo_s__rosidl_typesupport_introspection_c
[0.378s] [ 98%] Built target crazyflie_yolo_s__rosidl_typesupport_c
[0.445s] running egg_info
[0.492s] writing crazyflie_yolo.egg-info/PKG-INFO
[0.492s] writing dependency_links to crazyflie_yolo.egg-info/dependency_links.txt
[0.492s] writing top-level names to crazyflie_yolo.egg-info/top_level.txt
[0.492s] reading manifest file 'crazyflie_yolo.egg-info/SOURCES.txt'
[0.493s] writing manifest file 'crazyflie_yolo.egg-info/SOURCES.txt'
[0.527s] [ 98%] Built target ament_cmake_python_build_crazyflie_yolo_egg
[8.396s] [01m[K/home/user/data/drones_ship_ws/src/drone_ship/crazyflie_yolo/src/stereo_depth_node.cpp:[m[K In constructor ‘[01m[KStereoObstacleLocalizer::[01;32m[KStereoObstacleLocalizer[m[K()[m[K’:
[8.396s] [01m[K/home/user/data/drones_ship_ws/src/drone_ship/crazyflie_yolo/src/stereo_depth_node.cpp:35:30:[m[K [01;31m[Kerror: [m[K‘[01m[Krclcpp::Duration::[01;32m[KDuration[m[K()[m[K’ is private within this context
[8.396s]    35 |       tf_listener_(tf_buffer_[01;31m[K)[m[K
[8.396s]       |                              [01;31m[K^[m[K
[8.396s] In file included from [01m[K/opt/ros/jazzy/include/rclcpp/rclcpp/time.hpp:24[m[K,
[8.396s]                  from [01m[K/opt/ros/jazzy/include/rclcpp/rclcpp/clock.hpp:24[m[K,
[8.396s]                  from [01m[K/opt/ros/jazzy/include/rclcpp/rclcpp/client.hpp:38[m[K,
[8.396s]                  from [01m[K/opt/ros/jazzy/include/rclcpp/rclcpp/callback_group.hpp:24[m[K,
[8.396s]                  from [01m[K/opt/ros/jazzy/include/rclcpp/rclcpp/any_executable.hpp:20[m[K,
[8.396s]                  from [01m[K/opt/ros/jazzy/include/rclcpp/rclcpp/memory_strategy.hpp:25[m[K,
[8.396s]                  from [01m[K/opt/ros/jazzy/include/rclcpp/rclcpp/memory_strategies.hpp:18[m[K,
[8.396s]                  from [01m[K/opt/ros/jazzy/include/rclcpp/rclcpp/executor_options.hpp:22[m[K,
[8.396s]                  from [01m[K/opt/ros/jazzy/include/rclcpp/rclcpp/executor.hpp:38[m[K,
[8.396s]                  from [01m[K/opt/ros/jazzy/include/rclcpp/rclcpp/executors/multi_threaded_executor.hpp:25[m[K,
[8.396s]                  from [01m[K/opt/ros/jazzy/include/rclcpp/rclcpp/executors.hpp:21[m[K,
[8.396s]                  from [01m[K/opt/ros/jazzy/include/rclcpp/rclcpp/rclcpp.hpp:172[m[K,
[8.396s]                  from [01m[K/home/user/data/drones_ship_ws/src/drone_ship/crazyflie_yolo/src/stereo_depth_node.cpp:1[m[K:
[8.397s] [01m[K/opt/ros/jazzy/include/rclcpp/rclcpp/duration.hpp:159:3:[m[K [01;36m[Knote: [m[Kdeclared private here
[8.397s]   159 |   [01;36m[KDuration[m[K() = default;
[8.397s]       |   [01;36m[K^~~~~~~~[m[K
[8.399s] gmake[2]: *** [CMakeFiles/stereo_depth_node.dir/build.make:76: CMakeFiles/stereo_depth_node.dir/src/stereo_depth_node.cpp.o] Error 1
[8.399s] gmake[1]: *** [CMakeFiles/Makefile2:631: CMakeFiles/stereo_depth_node.dir/all] Error 2
[8.399s] gmake: *** [Makefile:146: all] Error 2
[8.402s] Invoked command in '/home/user/data/drones_ship_ws/build/crazyflie_yolo' returned '2': CMAKE_PREFIX_PATH=${CMAKE_PREFIX_PATH}:/home/user/data/drones_ship_ws/install/ros_gz_crazyflie_control:/opt/ros/jazzy DEBUGINFOD_URLS=https://debuginfod.ubuntu.com /usr/bin/cmake --build /home/user/data/drones_ship_ws/build/crazyflie_yolo -- -j20 -l20
