[0.127s] DEBUG:colcon:Command line arguments: ['/usr/bin/colcon', 'build']
[0.127s] DEBUG:colcon:Parsed command line arguments: Namespace(log_base=None, log_level=None, verb_name='build', build_base='build', install_base='install', merge_install=False, symlink_install=False, test_result_base=None, continue_on_error=False, executor='parallel', parallel_workers=20, event_handlers=None, ignore_user_meta=False, metas=['./colcon.meta'], base_paths=['.'], packages_ignore=None, packages_ignore_regex=None, paths=None, packages_up_to=None, packages_up_to_regex=None, packages_above=None, packages_above_and_dependencies=None, packages_above_depth=None, packages_select_by_dep=None, packages_skip_by_dep=None, packages_skip_up_to=None, packages_select_build_failed=False, packages_skip_build_finished=False, packages_select_test_failures=False, packages_skip_test_passed=False, packages_select=None, packages_skip=None, packages_select_regex=None, packages_skip_regex=None, packages_start=None, packages_end=None, allow_overriding=[], cmake_args=None, cmake_target=None, cmake_target_skip_unavailable=False, cmake_clean_cache=False, cmake_clean_first=False, cmake_force_configure=False, ament_cmake_args=None, catkin_cmake_args=None, catkin_skip_building_tests=False, mixin_files=None, mixin=None, verb_parser=<colcon_mixin.mixin.mixin_argument.MixinArgumentDecorator object at 0x7537a97c3320>, verb_extension=<colcon_core.verb.build.BuildVerb object at 0x7537a98ef1a0>, main=<bound method BuildVerb.main of <colcon_core.verb.build.BuildVerb object at 0x7537a98ef1a0>>, mixin_verb=('build',))
[0.168s] Level 1:colcon.colcon_core.package_discovery:discover_packages(colcon_meta) check parameters
[0.169s] Level 1:colcon.colcon_core.package_discovery:discover_packages(recursive) check parameters
[0.169s] Level 1:colcon.colcon_core.package_discovery:discover_packages(ignore) check parameters
[0.169s] Level 1:colcon.colcon_core.package_discovery:discover_packages(path) check parameters
[0.169s] Level 1:colcon.colcon_core.package_discovery:discover_packages(colcon_meta) discover
[0.169s] Level 1:colcon.colcon_core.package_discovery:discover_packages(recursive) discover
[0.169s] INFO:colcon.colcon_core.package_discovery:Crawling recursively for packages in '/home/user/data/ros2_ws/src/drone_ship/aquabot_gz'
[0.169s] Level 1:colcon.colcon_core.package_identification:_identify(.) by extensions ['ignore', 'ignore_ament_install']
[0.169s] Level 1:colcon.colcon_core.package_identification:_identify(.) by extension 'ignore'
[0.169s] Level 1:colcon.colcon_core.package_identification:_identify(.) by extension 'ignore_ament_install'
[0.169s] Level 1:colcon.colcon_core.package_identification:_identify(.) by extensions ['colcon_pkg']
[0.169s] Level 1:colcon.colcon_core.package_identification:_identify(.) by extension 'colcon_pkg'
[0.169s] Level 1:colcon.colcon_core.package_identification:_identify(.) by extensions ['colcon_meta']
[0.169s] Level 1:colcon.colcon_core.package_identification:_identify(.) by extension 'colcon_meta'
[0.169s] Level 1:colcon.colcon_core.package_identification:_identify(.) by extensions ['ros']
[0.169s] Level 1:colcon.colcon_core.package_identification:_identify(.) by extension 'ros'
[0.201s] DEBUG:colcon.colcon_core.package_identification:Package '.' with type 'ros.ament_cmake' and name 'aquabot_gz'
[0.202s] Level 1:colcon.colcon_core.package_discovery:discover_packages(recursive) using defaults
[0.202s] Level 1:colcon.colcon_core.package_discovery:discover_packages(ignore) discover
[0.202s] Level 1:colcon.colcon_core.package_discovery:discover_packages(ignore) using defaults
[0.202s] Level 1:colcon.colcon_core.package_discovery:discover_packages(path) discover
[0.202s] Level 1:colcon.colcon_core.package_discovery:discover_packages(path) using defaults
[0.220s] Level 1:colcon.colcon_core.package_discovery:discover_packages(prefix_path) check parameters
[0.220s] Level 1:colcon.colcon_core.package_discovery:discover_packages(prefix_path) discover
[0.230s] DEBUG:colcon.colcon_installed_package_information.package_discovery:Found 90 installed packages in /home/user/data/ros2_ws/install
[0.233s] DEBUG:colcon.colcon_installed_package_information.package_discovery:Found 524 installed packages in /opt/ros/jazzy
[0.237s] Level 1:colcon.colcon_core.package_discovery:discover_packages(prefix_path) using defaults
[0.334s] Level 5:colcon.colcon_core.verb:set package 'aquabot_gz' build argument 'cmake_args' from command line to 'None'
[0.335s] Level 5:colcon.colcon_core.verb:set package 'aquabot_gz' build argument 'cmake_target' from command line to 'None'
[0.335s] Level 5:colcon.colcon_core.verb:set package 'aquabot_gz' build argument 'cmake_target_skip_unavailable' from command line to 'False'
[0.335s] Level 5:colcon.colcon_core.verb:set package 'aquabot_gz' build argument 'cmake_clean_cache' from command line to 'False'
[0.335s] Level 5:colcon.colcon_core.verb:set package 'aquabot_gz' build argument 'cmake_clean_first' from command line to 'False'
[0.335s] Level 5:colcon.colcon_core.verb:set package 'aquabot_gz' build argument 'cmake_force_configure' from command line to 'False'
[0.335s] Level 5:colcon.colcon_core.verb:set package 'aquabot_gz' build argument 'ament_cmake_args' from command line to 'None'
[0.335s] Level 5:colcon.colcon_core.verb:set package 'aquabot_gz' build argument 'catkin_cmake_args' from command line to 'None'
[0.335s] Level 5:colcon.colcon_core.verb:set package 'aquabot_gz' build argument 'catkin_skip_building_tests' from command line to 'False'
[0.335s] DEBUG:colcon.colcon_core.verb:Building package 'aquabot_gz' with the following arguments: {'ament_cmake_args': None, 'build_base': '/home/user/data/ros2_ws/src/drone_ship/aquabot_gz/build/aquabot_gz', 'catkin_cmake_args': None, 'catkin_skip_building_tests': False, 'cmake_args': None, 'cmake_clean_cache': False, 'cmake_clean_first': False, 'cmake_force_configure': False, 'cmake_target': None, 'cmake_target_skip_unavailable': False, 'install_base': '/home/user/data/ros2_ws/src/drone_ship/aquabot_gz/install/aquabot_gz', 'merge_install': False, 'path': '/home/user/data/ros2_ws/src/drone_ship/aquabot_gz', 'symlink_install': False, 'test_result_base': None}
[0.335s] INFO:colcon.colcon_core.executor:Executing jobs using 'parallel' executor
[0.336s] DEBUG:colcon.colcon_parallel_executor.executor.parallel:run_until_complete
[0.336s] INFO:colcon.colcon_ros.task.ament_cmake.build:Building ROS package in '/home/user/data/ros2_ws/src/drone_ship/aquabot_gz' with build type 'ament_cmake'
[0.336s] INFO:colcon.colcon_cmake.task.cmake.build:Building CMake package in '/home/user/data/ros2_ws/src/drone_ship/aquabot_gz'
[0.338s] INFO:colcon.colcon_core.plugin_system:Skipping extension 'colcon_core.shell.bat': Not used on non-Windows systems
[0.338s] INFO:colcon.colcon_core.shell:Skip shell extension 'powershell' for command environment: Not usable outside of PowerShell
[0.338s] DEBUG:colcon.colcon_core.shell:Skip shell extension 'dsv' for command environment
[0.354s] DEBUG:colcon.colcon_core.event_handler.log_command:Invoking command in '/home/user/data/ros2_ws/src/drone_ship/aquabot_gz/build/aquabot_gz': CMAKE_PREFIX_PATH=${CMAKE_PREFIX_PATH}:/home/user/data/ros2_ws/install/rosbot_utils:/home/user/data/ros2_ws/install/rosbot_gazebo:/home/user/data/ros2_ws/install/rosbot_bringup:/home/user/data/ros2_ws/install/rosbot_controller:/home/user/data/ros2_ws/install/ros_gz_crazyflie_control:/home/user/data/ros2_ws/install/opencv_tests:/home/user/data/ros2_ws/install/nav2_simple_commander:/home/user/data/ros2_ws/install/nav2_loopback_sim:/home/user/data/ros2_ws/install/crazyflie_ros2_multiranger_wall_following:/home/user/data/ros2_ws/install/crazyflie_ros2_multiranger_simple_mapper:/home/user/data/ros2_ws/install/crazyflie_py:/opt/ros/jazzy DEBUGINFOD_URLS=https://debuginfod.ubuntu.com /usr/bin/cmake /home/user/data/ros2_ws/src/drone_ship/aquabot_gz -DCMAKE_INSTALL_PREFIX=/home/user/data/ros2_ws/src/drone_ship/aquabot_gz/install/aquabot_gz
[7.120s] DEBUG:colcon.colcon_core.event_handler.log_command:Invoked command in '/home/user/data/ros2_ws/src/drone_ship/aquabot_gz/build/aquabot_gz' returned '0': CMAKE_PREFIX_PATH=${CMAKE_PREFIX_PATH}:/home/user/data/ros2_ws/install/rosbot_utils:/home/user/data/ros2_ws/install/rosbot_gazebo:/home/user/data/ros2_ws/install/rosbot_bringup:/home/user/data/ros2_ws/install/rosbot_controller:/home/user/data/ros2_ws/install/ros_gz_crazyflie_control:/home/user/data/ros2_ws/install/opencv_tests:/home/user/data/ros2_ws/install/nav2_simple_commander:/home/user/data/ros2_ws/install/nav2_loopback_sim:/home/user/data/ros2_ws/install/crazyflie_ros2_multiranger_wall_following:/home/user/data/ros2_ws/install/crazyflie_ros2_multiranger_simple_mapper:/home/user/data/ros2_ws/install/crazyflie_py:/opt/ros/jazzy DEBUGINFOD_URLS=https://debuginfod.ubuntu.com /usr/bin/cmake /home/user/data/ros2_ws/src/drone_ship/aquabot_gz -DCMAKE_INSTALL_PREFIX=/home/user/data/ros2_ws/src/drone_ship/aquabot_gz/install/aquabot_gz
[7.122s] DEBUG:colcon.colcon_core.event_handler.log_command:Invoking command in '/home/user/data/ros2_ws/src/drone_ship/aquabot_gz/build/aquabot_gz': CMAKE_PREFIX_PATH=${CMAKE_PREFIX_PATH}:/home/user/data/ros2_ws/install/rosbot_utils:/home/user/data/ros2_ws/install/rosbot_gazebo:/home/user/data/ros2_ws/install/rosbot_bringup:/home/user/data/ros2_ws/install/rosbot_controller:/home/user/data/ros2_ws/install/ros_gz_crazyflie_control:/home/user/data/ros2_ws/install/opencv_tests:/home/user/data/ros2_ws/install/nav2_simple_commander:/home/user/data/ros2_ws/install/nav2_loopback_sim:/home/user/data/ros2_ws/install/crazyflie_ros2_multiranger_wall_following:/home/user/data/ros2_ws/install/crazyflie_ros2_multiranger_simple_mapper:/home/user/data/ros2_ws/install/crazyflie_py:/opt/ros/jazzy DEBUGINFOD_URLS=https://debuginfod.ubuntu.com /usr/bin/cmake --build /home/user/data/ros2_ws/src/drone_ship/aquabot_gz/build/aquabot_gz -- -j20 -l20
[8.083s] DEBUG:colcon.colcon_core.event_handler.log_command:Invoked command in '/home/user/data/ros2_ws/src/drone_ship/aquabot_gz/build/aquabot_gz' returned '0': CMAKE_PREFIX_PATH=${CMAKE_PREFIX_PATH}:/home/user/data/ros2_ws/install/rosbot_utils:/home/user/data/ros2_ws/install/rosbot_gazebo:/home/user/data/ros2_ws/install/rosbot_bringup:/home/user/data/ros2_ws/install/rosbot_controller:/home/user/data/ros2_ws/install/ros_gz_crazyflie_control:/home/user/data/ros2_ws/install/opencv_tests:/home/user/data/ros2_ws/install/nav2_simple_commander:/home/user/data/ros2_ws/install/nav2_loopback_sim:/home/user/data/ros2_ws/install/crazyflie_ros2_multiranger_wall_following:/home/user/data/ros2_ws/install/crazyflie_ros2_multiranger_simple_mapper:/home/user/data/ros2_ws/install/crazyflie_py:/opt/ros/jazzy DEBUGINFOD_URLS=https://debuginfod.ubuntu.com /usr/bin/cmake --build /home/user/data/ros2_ws/src/drone_ship/aquabot_gz/build/aquabot_gz -- -j20 -l20
[8.115s] DEBUG:colcon.colcon_core.event_handler.log_command:Invoking command in '/home/user/data/ros2_ws/src/drone_ship/aquabot_gz/build/aquabot_gz': CMAKE_PREFIX_PATH=${CMAKE_PREFIX_PATH}:/home/user/data/ros2_ws/install/rosbot_utils:/home/user/data/ros2_ws/install/rosbot_gazebo:/home/user/data/ros2_ws/install/rosbot_bringup:/home/user/data/ros2_ws/install/rosbot_controller:/home/user/data/ros2_ws/install/ros_gz_crazyflie_control:/home/user/data/ros2_ws/install/opencv_tests:/home/user/data/ros2_ws/install/nav2_simple_commander:/home/user/data/ros2_ws/install/nav2_loopback_sim:/home/user/data/ros2_ws/install/crazyflie_ros2_multiranger_wall_following:/home/user/data/ros2_ws/install/crazyflie_ros2_multiranger_simple_mapper:/home/user/data/ros2_ws/install/crazyflie_py:/opt/ros/jazzy DEBUGINFOD_URLS=https://debuginfod.ubuntu.com /usr/bin/cmake --install /home/user/data/ros2_ws/src/drone_ship/aquabot_gz/build/aquabot_gz
[8.205s] Level 1:colcon.colcon_core.environment:create_environment_scripts_only(aquabot_gz)
[8.205s] DEBUG:colcon.colcon_core.event_handler.log_command:Invoked command in '/home/user/data/ros2_ws/src/drone_ship/aquabot_gz/build/aquabot_gz' returned '0': CMAKE_PREFIX_PATH=${CMAKE_PREFIX_PATH}:/home/user/data/ros2_ws/install/rosbot_utils:/home/user/data/ros2_ws/install/rosbot_gazebo:/home/user/data/ros2_ws/install/rosbot_bringup:/home/user/data/ros2_ws/install/rosbot_controller:/home/user/data/ros2_ws/install/ros_gz_crazyflie_control:/home/user/data/ros2_ws/install/opencv_tests:/home/user/data/ros2_ws/install/nav2_simple_commander:/home/user/data/ros2_ws/install/nav2_loopback_sim:/home/user/data/ros2_ws/install/crazyflie_ros2_multiranger_wall_following:/home/user/data/ros2_ws/install/crazyflie_ros2_multiranger_simple_mapper:/home/user/data/ros2_ws/install/crazyflie_py:/opt/ros/jazzy DEBUGINFOD_URLS=https://debuginfod.ubuntu.com /usr/bin/cmake --install /home/user/data/ros2_ws/src/drone_ship/aquabot_gz/build/aquabot_gz
[8.208s] Level 1:colcon.colcon_core.environment:checking '/home/user/data/ros2_ws/src/drone_ship/aquabot_gz/install/aquabot_gz' for CMake module files
[8.209s] Level 1:colcon.colcon_core.environment:checking '/home/user/data/ros2_ws/src/drone_ship/aquabot_gz/install/aquabot_gz' for CMake config files
[8.213s] Level 1:colcon.colcon_core.shell:create_environment_hook('aquabot_gz', 'cmake_prefix_path')
[8.213s] INFO:colcon.colcon_core.shell:Creating environment hook '/home/user/data/ros2_ws/src/drone_ship/aquabot_gz/install/aquabot_gz/share/aquabot_gz/hook/cmake_prefix_path.ps1'
[8.214s] INFO:colcon.colcon_core.shell:Creating environment descriptor '/home/user/data/ros2_ws/src/drone_ship/aquabot_gz/install/aquabot_gz/share/aquabot_gz/hook/cmake_prefix_path.dsv'
[8.214s] INFO:colcon.colcon_core.shell:Creating environment hook '/home/user/data/ros2_ws/src/drone_ship/aquabot_gz/install/aquabot_gz/share/aquabot_gz/hook/cmake_prefix_path.sh'
[8.215s] Level 1:colcon.colcon_core.environment:checking '/home/user/data/ros2_ws/src/drone_ship/aquabot_gz/install/aquabot_gz/lib'
[8.215s] Level 1:colcon.colcon_core.shell:create_environment_hook('aquabot_gz', 'ld_library_path_lib')
[8.215s] INFO:colcon.colcon_core.shell:Creating environment hook '/home/user/data/ros2_ws/src/drone_ship/aquabot_gz/install/aquabot_gz/share/aquabot_gz/hook/ld_library_path_lib.ps1'
[8.216s] INFO:colcon.colcon_core.shell:Creating environment descriptor '/home/user/data/ros2_ws/src/drone_ship/aquabot_gz/install/aquabot_gz/share/aquabot_gz/hook/ld_library_path_lib.dsv'
[8.216s] INFO:colcon.colcon_core.shell:Creating environment hook '/home/user/data/ros2_ws/src/drone_ship/aquabot_gz/install/aquabot_gz/share/aquabot_gz/hook/ld_library_path_lib.sh'
[8.216s] Level 1:colcon.colcon_core.environment:checking '/home/user/data/ros2_ws/src/drone_ship/aquabot_gz/install/aquabot_gz/bin'
[8.216s] Level 1:colcon.colcon_core.environment:checking '/home/user/data/ros2_ws/src/drone_ship/aquabot_gz/install/aquabot_gz/lib/pkgconfig/aquabot_gz.pc'
[8.216s] Level 1:colcon.colcon_core.environment:checking '/home/user/data/ros2_ws/src/drone_ship/aquabot_gz/install/aquabot_gz/lib/python3.12/site-packages'
[8.217s] Level 1:colcon.colcon_core.environment:checking '/home/user/data/ros2_ws/src/drone_ship/aquabot_gz/install/aquabot_gz/bin'
[8.217s] INFO:colcon.colcon_core.shell:Creating package script '/home/user/data/ros2_ws/src/drone_ship/aquabot_gz/install/aquabot_gz/share/aquabot_gz/package.ps1'
[8.218s] INFO:colcon.colcon_core.shell:Creating package descriptor '/home/user/data/ros2_ws/src/drone_ship/aquabot_gz/install/aquabot_gz/share/aquabot_gz/package.dsv'
[8.218s] INFO:colcon.colcon_core.shell:Creating package script '/home/user/data/ros2_ws/src/drone_ship/aquabot_gz/install/aquabot_gz/share/aquabot_gz/package.sh'
[8.219s] INFO:colcon.colcon_core.shell:Creating package script '/home/user/data/ros2_ws/src/drone_ship/aquabot_gz/install/aquabot_gz/share/aquabot_gz/package.bash'
[8.219s] INFO:colcon.colcon_core.shell:Creating package script '/home/user/data/ros2_ws/src/drone_ship/aquabot_gz/install/aquabot_gz/share/aquabot_gz/package.zsh'
[8.220s] Level 1:colcon.colcon_core.environment:create_file_with_runtime_dependencies(/home/user/data/ros2_ws/src/drone_ship/aquabot_gz/install/aquabot_gz/share/colcon-core/packages/aquabot_gz)
[8.220s] Level 1:colcon.colcon_core.environment:create_environment_scripts_only(aquabot_gz)
[8.220s] Level 1:colcon.colcon_core.environment:checking '/home/user/data/ros2_ws/src/drone_ship/aquabot_gz/install/aquabot_gz' for CMake module files
[8.221s] Level 1:colcon.colcon_core.environment:checking '/home/user/data/ros2_ws/src/drone_ship/aquabot_gz/install/aquabot_gz' for CMake config files
[8.225s] Level 1:colcon.colcon_core.shell:create_environment_hook('aquabot_gz', 'cmake_prefix_path')
[8.225s] INFO:colcon.colcon_core.shell:Creating environment hook '/home/user/data/ros2_ws/src/drone_ship/aquabot_gz/install/aquabot_gz/share/aquabot_gz/hook/cmake_prefix_path.ps1'
[8.226s] INFO:colcon.colcon_core.shell:Creating environment descriptor '/home/user/data/ros2_ws/src/drone_ship/aquabot_gz/install/aquabot_gz/share/aquabot_gz/hook/cmake_prefix_path.dsv'
[8.226s] INFO:colcon.colcon_core.shell:Creating environment hook '/home/user/data/ros2_ws/src/drone_ship/aquabot_gz/install/aquabot_gz/share/aquabot_gz/hook/cmake_prefix_path.sh'
[8.226s] Level 1:colcon.colcon_core.environment:checking '/home/user/data/ros2_ws/src/drone_ship/aquabot_gz/install/aquabot_gz/lib'
[8.227s] Level 1:colcon.colcon_core.shell:create_environment_hook('aquabot_gz', 'ld_library_path_lib')
[8.227s] INFO:colcon.colcon_core.shell:Creating environment hook '/home/user/data/ros2_ws/src/drone_ship/aquabot_gz/install/aquabot_gz/share/aquabot_gz/hook/ld_library_path_lib.ps1'
[8.227s] INFO:colcon.colcon_core.shell:Creating environment descriptor '/home/user/data/ros2_ws/src/drone_ship/aquabot_gz/install/aquabot_gz/share/aquabot_gz/hook/ld_library_path_lib.dsv'
[8.227s] INFO:colcon.colcon_core.shell:Creating environment hook '/home/user/data/ros2_ws/src/drone_ship/aquabot_gz/install/aquabot_gz/share/aquabot_gz/hook/ld_library_path_lib.sh'
[8.228s] Level 1:colcon.colcon_core.environment:checking '/home/user/data/ros2_ws/src/drone_ship/aquabot_gz/install/aquabot_gz/bin'
[8.228s] Level 1:colcon.colcon_core.environment:checking '/home/user/data/ros2_ws/src/drone_ship/aquabot_gz/install/aquabot_gz/lib/pkgconfig/aquabot_gz.pc'
[8.228s] Level 1:colcon.colcon_core.environment:checking '/home/user/data/ros2_ws/src/drone_ship/aquabot_gz/install/aquabot_gz/lib/python3.12/site-packages'
[8.228s] Level 1:colcon.colcon_core.environment:checking '/home/user/data/ros2_ws/src/drone_ship/aquabot_gz/install/aquabot_gz/bin'
[8.228s] INFO:colcon.colcon_core.shell:Creating package script '/home/user/data/ros2_ws/src/drone_ship/aquabot_gz/install/aquabot_gz/share/aquabot_gz/package.ps1'
[8.229s] INFO:colcon.colcon_core.shell:Creating package descriptor '/home/user/data/ros2_ws/src/drone_ship/aquabot_gz/install/aquabot_gz/share/aquabot_gz/package.dsv'
[8.229s] INFO:colcon.colcon_core.shell:Creating package script '/home/user/data/ros2_ws/src/drone_ship/aquabot_gz/install/aquabot_gz/share/aquabot_gz/package.sh'
[8.230s] INFO:colcon.colcon_core.shell:Creating package script '/home/user/data/ros2_ws/src/drone_ship/aquabot_gz/install/aquabot_gz/share/aquabot_gz/package.bash'
[8.230s] INFO:colcon.colcon_core.shell:Creating package script '/home/user/data/ros2_ws/src/drone_ship/aquabot_gz/install/aquabot_gz/share/aquabot_gz/package.zsh'
[8.230s] Level 1:colcon.colcon_core.environment:create_file_with_runtime_dependencies(/home/user/data/ros2_ws/src/drone_ship/aquabot_gz/install/aquabot_gz/share/colcon-core/packages/aquabot_gz)
[8.231s] DEBUG:colcon.colcon_parallel_executor.executor.parallel:closing loop
[8.231s] DEBUG:colcon.colcon_parallel_executor.executor.parallel:loop closed
[8.231s] DEBUG:colcon.colcon_parallel_executor.executor.parallel:run_until_complete finished with '0'
[8.231s] DEBUG:colcon.colcon_core.event_reactor:joining thread
[8.241s] INFO:colcon.colcon_core.plugin_system:Skipping extension 'colcon_notification.desktop_notification.terminal_notifier': Not used on non-Darwin systems
[8.241s] INFO:colcon.colcon_core.plugin_system:Skipping extension 'colcon_notification.desktop_notification.win32': Not used on non-Windows systems
[8.242s] INFO:colcon.colcon_notification.desktop_notification:Sending desktop notification using 'notify2'
[8.257s] DEBUG:colcon.colcon_core.event_reactor:joined thread
[8.257s] INFO:colcon.colcon_core.shell:Creating prefix script '/home/user/data/ros2_ws/src/drone_ship/aquabot_gz/install/local_setup.ps1'
[8.258s] INFO:colcon.colcon_core.shell:Creating prefix util module '/home/user/data/ros2_ws/src/drone_ship/aquabot_gz/install/_local_setup_util_ps1.py'
[8.259s] INFO:colcon.colcon_core.shell:Creating prefix chain script '/home/user/data/ros2_ws/src/drone_ship/aquabot_gz/install/setup.ps1'
[8.265s] INFO:colcon.colcon_core.shell:Creating prefix script '/home/user/data/ros2_ws/src/drone_ship/aquabot_gz/install/local_setup.sh'
[8.265s] INFO:colcon.colcon_core.shell:Creating prefix util module '/home/user/data/ros2_ws/src/drone_ship/aquabot_gz/install/_local_setup_util_sh.py'
[8.266s] INFO:colcon.colcon_core.shell:Creating prefix chain script '/home/user/data/ros2_ws/src/drone_ship/aquabot_gz/install/setup.sh'
[8.272s] INFO:colcon.colcon_core.shell:Creating prefix script '/home/user/data/ros2_ws/src/drone_ship/aquabot_gz/install/local_setup.bash'
[8.272s] INFO:colcon.colcon_core.shell:Creating prefix chain script '/home/user/data/ros2_ws/src/drone_ship/aquabot_gz/install/setup.bash'
[8.279s] INFO:colcon.colcon_core.shell:Creating prefix script '/home/user/data/ros2_ws/src/drone_ship/aquabot_gz/install/local_setup.zsh'
[8.279s] INFO:colcon.colcon_core.shell:Creating prefix chain script '/home/user/data/ros2_ws/src/drone_ship/aquabot_gz/install/setup.zsh'
