[0.082s] Invoking command in '/home/user/data/drones_ship_ws/build/vrx_gazebo': CMAKE_PREFIX_PATH=${CMAKE_PREFIX_PATH}:/home/user/data/drones_ship_ws/install/ros_gz_crazyflie_control:/opt/ros/jazzy DEBUGINFOD_URLS=https://debuginfod.ubuntu.com /usr/bin/cmake --build /home/user/data/drones_ship_ws/build/vrx_gazebo -- -j20 -l20
[0.206s] Built target ament_cmake_python_copy_vrx_gazebo
[1.606s] running egg_info
[1.638s] writing vrx_gazebo.egg-info/PKG-INFO
[1.638s] writing dependency_links to vrx_gazebo.egg-info/dependency_links.txt
[1.638s] writing top-level names to vrx_gazebo.egg-info/top_level.txt
[1.737s] reading manifest file 'vrx_gazebo.egg-info/SOURCES.txt'
[1.738s] writing manifest file 'vrx_gazebo.egg-info/SOURCES.txt'
[1.903s] Built target ament_cmake_python_build_vrx_gazebo_egg
[2.046s] Invoked command in '/home/user/data/drones_ship_ws/build/vrx_gazebo' returned '0': CMAKE_PREFIX_PATH=${CMAKE_PREFIX_PATH}:/home/user/data/drones_ship_ws/install/ros_gz_crazyflie_control:/opt/ros/jazzy DEBUGINFOD_URLS=https://debuginfod.ubuntu.com /usr/bin/cmake --build /home/user/data/drones_ship_ws/build/vrx_gazebo -- -j20 -l20
[2.047s] Invoking command in '/home/user/data/drones_ship_ws/build/vrx_gazebo': CMAKE_PREFIX_PATH=${CMAKE_PREFIX_PATH}:/home/user/data/drones_ship_ws/install/ros_gz_crazyflie_control:/opt/ros/jazzy DEBUGINFOD_URLS=https://debuginfod.ubuntu.com /usr/bin/cmake --install /home/user/data/drones_ship_ws/build/vrx_gazebo
[2.158s] -- Install configuration: ""
[2.158s] -- Up-to-date: /home/user/data/drones_ship_ws/install/vrx_gazebo/share/vrx_gazebo/environment/resource_paths.dsv
[2.159s] -- Up-to-date: /home/user/data/drones_ship_ws/install/vrx_gazebo/share/vrx_gazebo/environment/resource_paths.sh
[2.159s] -- Up-to-date: /home/user/data/drones_ship_ws/install/vrx_gazebo/share/vrx_gazebo/models
[2.160s] -- Up-to-date: /home/user/data/drones_ship_ws/install/vrx_gazebo/share/vrx_gazebo/models/blue_projectile
[2.160s] -- Up-to-date: /home/user/data/drones_ship_ws/install/vrx_gazebo/share/vrx_gazebo/models/blue_projectile/model.sdf
[2.160s] -- Up-to-date: /home/user/data/drones_ship_ws/install/vrx_gazebo/share/vrx_gazebo/models/blue_projectile/model.config
[2.160s] -- Up-to-date: /home/user/data/drones_ship_ws/install/vrx_gazebo/share/vrx_gazebo/models/ball_shooter
[2.160s] -- Up-to-date: /home/user/data/drones_ship_ws/install/vrx_gazebo/share/vrx_gazebo/models/ball_shooter/materials
[2.161s] -- Up-to-date: /home/user/data/drones_ship_ws/install/vrx_gazebo/share/vrx_gazebo/models/ball_shooter/materials/Textures
[2.161s] -- Up-to-date: /home/user/data/drones_ship_ws/install/vrx_gazebo/share/vrx_gazebo/models/ball_shooter/materials/Textures/Launcher_Metalness.png
[2.161s] -- Up-to-date: /home/user/data/drones_ship_ws/install/vrx_gazebo/share/vrx_gazebo/models/ball_shooter/materials/Textures/Launcher_Roughness.png
[2.161s] -- Up-to-date: /home/user/data/drones_ship_ws/install/vrx_gazebo/share/vrx_gazebo/models/ball_shooter/materials/Textures/Launcher_Normal.png
[2.161s] -- Up-to-date: /home/user/data/drones_ship_ws/install/vrx_gazebo/share/vrx_gazebo/models/ball_shooter/materials/Textures/Launcher_Albedo.png
[2.161s] -- Up-to-date: /home/user/data/drones_ship_ws/install/vrx_gazebo/share/vrx_gazebo/models/ball_shooter/model.sdf
[2.161s] -- Up-to-date: /home/user/data/drones_ship_ws/install/vrx_gazebo/share/vrx_gazebo/models/ball_shooter/meshes
[2.161s] -- Up-to-date: /home/user/data/drones_ship_ws/install/vrx_gazebo/share/vrx_gazebo/models/ball_shooter/meshes/ball_shooter_launcher.dae
[2.161s] -- Up-to-date: /home/user/data/drones_ship_ws/install/vrx_gazebo/share/vrx_gazebo/models/ball_shooter/meshes/ball_shooter_base.dae
[2.162s] -- Up-to-date: /home/user/data/drones_ship_ws/install/vrx_gazebo/share/vrx_gazebo/models/ball_shooter/meshes/Launcher_BaseColor.png
[2.162s] -- Up-to-date: /home/user/data/drones_ship_ws/install/vrx_gazebo/share/vrx_gazebo/models/ball_shooter/meshes/Launcher_Albedo.png
[2.162s] -- Up-to-date: /home/user/data/drones_ship_ws/install/vrx_gazebo/share/vrx_gazebo/models/ball_shooter/model.config
[2.162s] -- Up-to-date: /home/user/data/drones_ship_ws/install/vrx_gazebo/share/vrx_gazebo/models/sensor_post
[2.162s] -- Up-to-date: /home/user/data/drones_ship_ws/install/vrx_gazebo/share/vrx_gazebo/models/sensor_post/mesh
[2.162s] -- Up-to-date: /home/user/data/drones_ship_ws/install/vrx_gazebo/share/vrx_gazebo/models/sensor_post/mesh/sensor_post_arm.dae
[2.162s] -- Up-to-date: /home/user/data/drones_ship_ws/install/vrx_gazebo/share/vrx_gazebo/models/sensor_post/mesh/sensor_post.dae
[2.162s] -- Up-to-date: /home/user/data/drones_ship_ws/install/vrx_gazebo/share/vrx_gazebo/models/sensor_post/mesh/sensor_post.png
[2.162s] -- Up-to-date: /home/user/data/drones_ship_ws/install/vrx_gazebo/share/vrx_gazebo/models/sensor_post/model.sdf
[2.162s] -- Up-to-date: /home/user/data/drones_ship_ws/install/vrx_gazebo/share/vrx_gazebo/models/sensor_post/model.config
[2.162s] -- Up-to-date: /home/user/data/drones_ship_ws/install/vrx_gazebo/share/vrx_gazebo/models/mono_camera
[2.163s] -- Up-to-date: /home/user/data/drones_ship_ws/install/vrx_gazebo/share/vrx_gazebo/models/mono_camera/mesh
[2.163s] -- Up-to-date: /home/user/data/drones_ship_ws/install/vrx_gazebo/share/vrx_gazebo/models/mono_camera/mesh/mono_camera_Roughness.png
[2.163s] -- Up-to-date: /home/user/data/drones_ship_ws/install/vrx_gazebo/share/vrx_gazebo/models/mono_camera/mesh/mono_camera_Metalness.png
[2.163s] -- Up-to-date: /home/user/data/drones_ship_ws/install/vrx_gazebo/share/vrx_gazebo/models/mono_camera/mesh/mono_camera_Normal.png
[2.163s] -- Up-to-date: /home/user/data/drones_ship_ws/install/vrx_gazebo/share/vrx_gazebo/models/mono_camera/mesh/mono_camera_Albedo.png
[2.163s] -- Up-to-date: /home/user/data/drones_ship_ws/install/vrx_gazebo/share/vrx_gazebo/models/mono_camera/mesh/mono_camera.png
[2.163s] -- Up-to-date: /home/user/data/drones_ship_ws/install/vrx_gazebo/share/vrx_gazebo/models/mono_camera/mesh/mono_camera.dae
[2.163s] -- Up-to-date: /home/user/data/drones_ship_ws/install/vrx_gazebo/share/vrx_gazebo/models/mono_camera/model.sdf
[2.163s] -- Up-to-date: /home/user/data/drones_ship_ws/install/vrx_gazebo/share/vrx_gazebo/models/mono_camera/model.config
[2.163s] -- Up-to-date: /home/user/data/drones_ship_ws/install/vrx_gazebo/share/vrx_gazebo/models/3d_lidar
[2.163s] -- Up-to-date: /home/user/data/drones_ship_ws/install/vrx_gazebo/share/vrx_gazebo/models/3d_lidar/mesh
[2.163s] -- Up-to-date: /home/user/data/drones_ship_ws/install/vrx_gazebo/share/vrx_gazebo/models/3d_lidar/mesh/3d_lidar.png
[2.163s] -- Up-to-date: /home/user/data/drones_ship_ws/install/vrx_gazebo/share/vrx_gazebo/models/3d_lidar/mesh/3d_Lidar_Albedo.png
[2.163s] -- Up-to-date: /home/user/data/drones_ship_ws/install/vrx_gazebo/share/vrx_gazebo/models/3d_lidar/mesh/3d_lidar.dae
[2.163s] -- Up-to-date: /home/user/data/drones_ship_ws/install/vrx_gazebo/share/vrx_gazebo/models/3d_lidar/mesh/3d_Lidar_Metalness.png
[2.163s] -- Up-to-date: /home/user/data/drones_ship_ws/install/vrx_gazebo/share/vrx_gazebo/models/3d_lidar/mesh/3d_Lidar_Normal.png
[2.163s] -- Up-to-date: /home/user/data/drones_ship_ws/install/vrx_gazebo/share/vrx_gazebo/models/3d_lidar/mesh/3d_Lidar_Roughness.png
[2.164s] -- Up-to-date: /home/user/data/drones_ship_ws/install/vrx_gazebo/share/vrx_gazebo/models/3d_lidar/model.sdf
[2.164s] -- Up-to-date: /home/user/data/drones_ship_ws/install/vrx_gazebo/share/vrx_gazebo/models/3d_lidar/model.config
[2.164s] -- Up-to-date: /home/user/data/drones_ship_ws/install/vrx_gazebo/share/vrx_gazebo/models/cpu_cases
[2.164s] -- Up-to-date: /home/user/data/drones_ship_ws/install/vrx_gazebo/share/vrx_gazebo/models/cpu_cases/mesh
[2.164s] -- Up-to-date: /home/user/data/drones_ship_ws/install/vrx_gazebo/share/vrx_gazebo/models/cpu_cases/mesh/cpu_cases_Albedo.png
[2.164s] -- Up-to-date: /home/user/data/drones_ship_ws/install/vrx_gazebo/share/vrx_gazebo/models/cpu_cases/mesh/cpu_cases_Roughness.png
[2.164s] -- Up-to-date: /home/user/data/drones_ship_ws/install/vrx_gazebo/share/vrx_gazebo/models/cpu_cases/mesh/cpu_cases_Metalness.png
[2.164s] -- Up-to-date: /home/user/data/drones_ship_ws/install/vrx_gazebo/share/vrx_gazebo/models/cpu_cases/mesh/cpu_cases.png
[2.164s] -- Up-to-date: /home/user/data/drones_ship_ws/install/vrx_gazebo/share/vrx_gazebo/models/cpu_cases/mesh/cpu_cases_Normal.png
[2.164s] -- Up-to-date: /home/user/data/drones_ship_ws/install/vrx_gazebo/share/vrx_gazebo/models/cpu_cases/mesh/cpu_cases.dae
[2.164s] -- Up-to-date: /home/user/data/drones_ship_ws/install/vrx_gazebo/share/vrx_gazebo/models/cpu_cases/model.sdf
[2.164s] -- Up-to-date: /home/user/data/drones_ship_ws/install/vrx_gazebo/share/vrx_gazebo/models/cpu_cases/model.config
[2.164s] -- Up-to-date: /home/user/data/drones_ship_ws/install/vrx_gazebo/share/vrx_gazebo/models/battery
[2.164s] -- Up-to-date: /home/user/data/drones_ship_ws/install/vrx_gazebo/share/vrx_gazebo/models/battery/mesh
[2.165s] -- Up-to-date: /home/user/data/drones_ship_ws/install/vrx_gazebo/share/vrx_gazebo/models/battery/mesh/battery_Normal.png
[2.165s] -- Up-to-date: /home/user/data/drones_ship_ws/install/vrx_gazebo/share/vrx_gazebo/models/battery/mesh/battery_Metalness.png
[2.165s] -- Up-to-date: /home/user/data/drones_ship_ws/install/vrx_gazebo/share/vrx_gazebo/models/battery/mesh/battery.dae
[2.165s] -- Up-to-date: /home/user/data/drones_ship_ws/install/vrx_gazebo/share/vrx_gazebo/models/battery/mesh/battery_Albedo.png
[2.165s] -- Up-to-date: /home/user/data/drones_ship_ws/install/vrx_gazebo/share/vrx_gazebo/models/battery/mesh/battery_Roughness.png
[2.165s] -- Up-to-date: /home/user/data/drones_ship_ws/install/vrx_gazebo/share/vrx_gazebo/models/battery/mesh/battery.png
[2.165s] -- Up-to-date: /home/user/data/drones_ship_ws/install/vrx_gazebo/share/vrx_gazebo/models/battery/model.sdf
[2.165s] -- Up-to-date: /home/user/data/drones_ship_ws/install/vrx_gazebo/share/vrx_gazebo/models/battery/model.config
[2.165s] -- Up-to-date: /home/user/data/drones_ship_ws/install/vrx_gazebo/share/vrx_gazebo/launch
[2.165s] -- Up-to-date: /home/user/data/drones_ship_ws/install/vrx_gazebo/share/vrx_gazebo/launch/generate_wamv.launch.py
[2.165s] -- Up-to-date: /home/user/data/drones_ship_ws/install/vrx_gazebo/share/vrx_gazebo/launch/rviz.launch.py
[2.165s] -- Up-to-date: /home/user/data/drones_ship_ws/install/vrx_gazebo/share/vrx_gazebo/config
[2.165s] -- Up-to-date: /home/user/data/drones_ship_ws/install/vrx_gazebo/share/vrx_gazebo/config/rviz_vrx_final.rviz
[2.165s] -- Up-to-date: /home/user/data/drones_ship_ws/install/vrx_gazebo/share/vrx_gazebo/config/rviz_vrx_rsp.rviz
[2.165s] -- Up-to-date: /home/user/data/drones_ship_ws/install/vrx_gazebo/share/vrx_gazebo/config/wamv_config
[2.165s] -- Up-to-date: /home/user/data/drones_ship_ws/install/vrx_gazebo/share/vrx_gazebo/config/wamv_config/thruster_compliance
[2.165s] -- Up-to-date: /home/user/data/drones_ship_ws/install/vrx_gazebo/share/vrx_gazebo/config/wamv_config/thruster_compliance/bounding_boxes.yaml
[2.166s] -- Up-to-date: /home/user/data/drones_ship_ws/install/vrx_gazebo/share/vrx_gazebo/config/wamv_config/thruster_compliance/numeric.yaml
[2.166s] -- Up-to-date: /home/user/data/drones_ship_ws/install/vrx_gazebo/share/vrx_gazebo/config/wamv_config/component_compliance
[2.166s] -- Up-to-date: /home/user/data/drones_ship_ws/install/vrx_gazebo/share/vrx_gazebo/config/wamv_config/component_compliance/bounding_boxes.yaml
[2.166s] -- Up-to-date: /home/user/data/drones_ship_ws/install/vrx_gazebo/share/vrx_gazebo/config/wamv_config/component_compliance/numeric.yaml
[2.166s] -- Up-to-date: /home/user/data/drones_ship_ws/install/vrx_gazebo/share/vrx_gazebo/config/wamv_config/example_component_config.yaml
[2.166s] -- Up-to-date: /home/user/data/drones_ship_ws/install/vrx_gazebo/share/vrx_gazebo/config/wamv_config/example_thruster_config.yaml
[2.166s] -- Up-to-date: /home/user/data/drones_ship_ws/install/vrx_gazebo/lib/vrx_gazebo/generate_wamv.py
[2.166s] -- Up-to-date: /home/user/data/drones_ship_ws/install/vrx_gazebo/share/vrx_gazebo/environment/pythonpath.sh
[2.166s] -- Up-to-date: /home/user/data/drones_ship_ws/install/vrx_gazebo/share/vrx_gazebo/environment/pythonpath.dsv
[2.166s] -- Up-to-date: /home/user/data/drones_ship_ws/install/vrx_gazebo/lib/python3.12/site-packages/vrx_gazebo-1.3.0-py3.12.egg-info
[2.166s] -- Installing: /home/user/data/drones_ship_ws/install/vrx_gazebo/lib/python3.12/site-packages/vrx_gazebo-1.3.0-py3.12.egg-info/SOURCES.txt
[2.166s] -- Installing: /home/user/data/drones_ship_ws/install/vrx_gazebo/lib/python3.12/site-packages/vrx_gazebo-1.3.0-py3.12.egg-info/dependency_links.txt
[2.166s] -- Installing: /home/user/data/drones_ship_ws/install/vrx_gazebo/lib/python3.12/site-packages/vrx_gazebo-1.3.0-py3.12.egg-info/top_level.txt
[2.167s] -- Installing: /home/user/data/drones_ship_ws/install/vrx_gazebo/lib/python3.12/site-packages/vrx_gazebo-1.3.0-py3.12.egg-info/PKG-INFO
[2.167s] -- Up-to-date: /home/user/data/drones_ship_ws/install/vrx_gazebo/lib/python3.12/site-packages/vrx_gazebo
[2.167s] -- Up-to-date: /home/user/data/drones_ship_ws/install/vrx_gazebo/lib/python3.12/site-packages/vrx_gazebo/configure_wamv.py
[2.167s] -- Up-to-date: /home/user/data/drones_ship_ws/install/vrx_gazebo/lib/python3.12/site-packages/vrx_gazebo/compliance.py
[2.167s] -- Up-to-date: /home/user/data/drones_ship_ws/install/vrx_gazebo/lib/python3.12/site-packages/vrx_gazebo/__init__.py
[2.167s] -- Up-to-date: /home/user/data/drones_ship_ws/install/vrx_gazebo/lib/python3.12/site-packages/vrx_gazebo/utils.py
[2.479s] Listing '/home/user/data/drones_ship_ws/install/vrx_gazebo/lib/python3.12/site-packages/vrx_gazebo'...
[2.487s] -- Up-to-date: /home/user/data/drones_ship_ws/install/vrx_gazebo/share/ament_index/resource_index/package_run_dependencies/vrx_gazebo
[2.487s] -- Up-to-date: /home/user/data/drones_ship_ws/install/vrx_gazebo/share/ament_index/resource_index/parent_prefix_path/vrx_gazebo
[2.488s] -- Up-to-date: /home/user/data/drones_ship_ws/install/vrx_gazebo/share/vrx_gazebo/environment/ament_prefix_path.sh
[2.488s] -- Up-to-date: /home/user/data/drones_ship_ws/install/vrx_gazebo/share/vrx_gazebo/environment/ament_prefix_path.dsv
[2.488s] -- Up-to-date: /home/user/data/drones_ship_ws/install/vrx_gazebo/share/vrx_gazebo/environment/path.sh
[2.489s] -- Up-to-date: /home/user/data/drones_ship_ws/install/vrx_gazebo/share/vrx_gazebo/environment/path.dsv
[2.489s] -- Up-to-date: /home/user/data/drones_ship_ws/install/vrx_gazebo/share/vrx_gazebo/local_setup.bash
[2.489s] -- Up-to-date: /home/user/data/drones_ship_ws/install/vrx_gazebo/share/vrx_gazebo/local_setup.sh
[2.489s] -- Up-to-date: /home/user/data/drones_ship_ws/install/vrx_gazebo/share/vrx_gazebo/local_setup.zsh
[2.490s] -- Up-to-date: /home/user/data/drones_ship_ws/install/vrx_gazebo/share/vrx_gazebo/local_setup.dsv
[2.490s] -- Installing: /home/user/data/drones_ship_ws/install/vrx_gazebo/share/vrx_gazebo/package.dsv
[2.492s] -- Up-to-date: /home/user/data/drones_ship_ws/install/vrx_gazebo/share/ament_index/resource_index/packages/vrx_gazebo
[2.492s] -- Up-to-date: /home/user/data/drones_ship_ws/install/vrx_gazebo/share/vrx_gazebo/cmake/vrx_gazeboConfig.cmake
[2.492s] -- Up-to-date: /home/user/data/drones_ship_ws/install/vrx_gazebo/share/vrx_gazebo/cmake/vrx_gazeboConfig-version.cmake
[2.493s] -- Up-to-date: /home/user/data/drones_ship_ws/install/vrx_gazebo/share/vrx_gazebo/package.xml
[2.503s] Invoked command in '/home/user/data/drones_ship_ws/build/vrx_gazebo' returned '0': CMAKE_PREFIX_PATH=${CMAKE_PREFIX_PATH}:/home/user/data/drones_ship_ws/install/ros_gz_crazyflie_control:/opt/ros/jazzy DEBUGINFOD_URLS=https://debuginfod.ubuntu.com /usr/bin/cmake --install /home/user/data/drones_ship_ws/build/vrx_gazebo
