[0.060s] Invoking command in '/home/user/data/drones_ship_ws/build/crazyflie_ekf': CMAKE_PREFIX_PATH=${CMAKE_PREFIX_PATH}:/home/user/data/drones_ship_ws/install/ros_gz_crazyflie_control:/opt/ros/jazzy DEBUGINFOD_URLS=https://debuginfod.ubuntu.com /usr/bin/cmake --build /home/user/data/drones_ship_ws/build/crazyflie_ekf -- -j20 -l20
[0.160s] [ 33%] Built target gps2enu
[0.215s] [100%] Built target crazyflie_ekf_node
[0.368s] Invoked command in '/home/user/data/drones_ship_ws/build/crazyflie_ekf' returned '0': CMAKE_PREFIX_PATH=${CMAKE_PREFIX_PATH}:/home/user/data/drones_ship_ws/install/ros_gz_crazyflie_control:/opt/ros/jazzy DEBUGINFOD_URLS=https://debuginfod.ubuntu.com /usr/bin/cmake --build /home/user/data/drones_ship_ws/build/crazyflie_ekf -- -j20 -l20
[0.370s] Invoking command in '/home/user/data/drones_ship_ws/build/crazyflie_ekf': CMAKE_PREFIX_PATH=${CMAKE_PREFIX_PATH}:/home/user/data/drones_ship_ws/install/ros_gz_crazyflie_control:/opt/ros/jazzy DEBUGINFOD_URLS=https://debuginfod.ubuntu.com /usr/bin/cmake --install /home/user/data/drones_ship_ws/build/crazyflie_ekf
[0.392s] -- Install configuration: ""
[0.392s] -- Up-to-date: /home/user/data/drones_ship_ws/install/crazyflie_ekf/lib/crazyflie_ekf/crazyflie_ekf_node
[0.392s] -- Up-to-date: /home/user/data/drones_ship_ws/install/crazyflie_ekf/include/
[0.393s] -- Up-to-date: /home/user/data/drones_ship_ws/install/crazyflie_ekf/include//crazyflie_ekf
[0.393s] -- Up-to-date: /home/user/data/drones_ship_ws/install/crazyflie_ekf/include//crazyflie_ekf/gps2enu.hpp
[0.393s] -- Up-to-date: /home/user/data/drones_ship_ws/install/crazyflie_ekf/include//crazyflie_ekf/crazyflie_ekf.hpp
[0.393s] -- Up-to-date: /home/user/data/drones_ship_ws/install/crazyflie_ekf/share/crazyflie_ekf//launch
[0.393s] -- Up-to-date: /home/user/data/drones_ship_ws/install/crazyflie_ekf/share/crazyflie_ekf//launch/all_drones_ekf.launch.py
[0.393s] -- Up-to-date: /home/user/data/drones_ship_ws/install/crazyflie_ekf/share/crazyflie_ekf//launch/drone_ekf.launch.py
[0.393s] -- Up-to-date: /home/user/data/drones_ship_ws/install/crazyflie_ekf/share/crazyflie_ekf//launch/crazyflie_ekf.launch.py
[0.394s] -- Up-to-date: /home/user/data/drones_ship_ws/install/crazyflie_ekf/share/crazyflie_ekf/config
[0.394s] -- Up-to-date: /home/user/data/drones_ship_ws/install/crazyflie_ekf/share/crazyflie_ekf/config/drone_ekf.yaml
[0.394s] -- Up-to-date: /home/user/data/drones_ship_ws/install/crazyflie_ekf/share/crazyflie_ekf/config/crazyflie_ekf.yaml
[0.394s] -- Up-to-date: /home/user/data/drones_ship_ws/install/crazyflie_ekf/share/ament_index/resource_index/package_run_dependencies/crazyflie_ekf
[0.394s] -- Up-to-date: /home/user/data/drones_ship_ws/install/crazyflie_ekf/share/ament_index/resource_index/parent_prefix_path/crazyflie_ekf
[0.394s] -- Up-to-date: /home/user/data/drones_ship_ws/install/crazyflie_ekf/share/crazyflie_ekf/environment/ament_prefix_path.sh
[0.394s] -- Up-to-date: /home/user/data/drones_ship_ws/install/crazyflie_ekf/share/crazyflie_ekf/environment/ament_prefix_path.dsv
[0.395s] -- Up-to-date: /home/user/data/drones_ship_ws/install/crazyflie_ekf/share/crazyflie_ekf/environment/path.sh
[0.395s] -- Up-to-date: /home/user/data/drones_ship_ws/install/crazyflie_ekf/share/crazyflie_ekf/environment/path.dsv
[0.395s] -- Up-to-date: /home/user/data/drones_ship_ws/install/crazyflie_ekf/share/crazyflie_ekf/local_setup.bash
[0.395s] -- Up-to-date: /home/user/data/drones_ship_ws/install/crazyflie_ekf/share/crazyflie_ekf/local_setup.sh
[0.395s] -- Up-to-date: /home/user/data/drones_ship_ws/install/crazyflie_ekf/share/crazyflie_ekf/local_setup.zsh
[0.395s] -- Up-to-date: /home/user/data/drones_ship_ws/install/crazyflie_ekf/share/crazyflie_ekf/local_setup.dsv
[0.395s] -- Installing: /home/user/data/drones_ship_ws/install/crazyflie_ekf/share/crazyflie_ekf/package.dsv
[0.395s] -- Up-to-date: /home/user/data/drones_ship_ws/install/crazyflie_ekf/share/ament_index/resource_index/packages/crazyflie_ekf
[0.395s] -- Up-to-date: /home/user/data/drones_ship_ws/install/crazyflie_ekf/share/crazyflie_ekf/cmake/crazyflie_ekfConfig.cmake
[0.395s] -- Up-to-date: /home/user/data/drones_ship_ws/install/crazyflie_ekf/share/crazyflie_ekf/cmake/crazyflie_ekfConfig-version.cmake
[0.396s] -- Up-to-date: /home/user/data/drones_ship_ws/install/crazyflie_ekf/share/crazyflie_ekf/package.xml
[0.485s] Invoked command in '/home/user/data/drones_ship_ws/build/crazyflie_ekf' returned '0': CMAKE_PREFIX_PATH=${CMAKE_PREFIX_PATH}:/home/user/data/drones_ship_ws/install/ros_gz_crazyflie_control:/opt/ros/jazzy DEBUGINFOD_URLS=https://debuginfod.ubuntu.com /usr/bin/cmake --install /home/user/data/drones_ship_ws/build/crazyflie_ekf
