[0.051s] Invoking command in '/home/user/data/drones_ship_ws/build/crazyflie_yolo': CMAKE_PREFIX_PATH=${CMAKE_PREFIX_PATH}:/home/user/data/drones_ship_ws/install/ros_gz_crazyflie_control:/opt/ros/jazzy DEBUGINFOD_URLS=https://debuginfod.ubuntu.com /usr/bin/cmake --build /home/user/data/drones_ship_ws/build/crazyflie_yolo -- -j20 -l20
[0.150s] [  2%] Built target crazyflie_yolo__rosidl_generator_type_description
[0.161s] [  6%] Built target container_localizer_node
[0.165s] [  6%] Built target ament_cmake_python_copy_crazyflie_yolo
[0.168s] [ 10%] Built target stereo_depth_node
[0.181s] [ 26%] Built target crazyflie_yolo__rosidl_generator_c
[0.193s] [ 28%] Built target crazyflie_yolo__cpp
[0.210s] [ 36%] Built target crazyflie_yolo__rosidl_typesupport_introspection_c
[0.216s] [ 44%] Built target crazyflie_yolo__rosidl_typesupport_c
[0.221s] [ 52%] Built target crazyflie_yolo__rosidl_typesupport_fastrtps_c
[0.227s] [ 68%] Built target crazyflie_yolo__rosidl_typesupport_introspection_cpp
[0.227s] [ 68%] Built target crazyflie_yolo__rosidl_typesupport_cpp
[0.243s] [ 76%] Built target crazyflie_yolo__rosidl_typesupport_fastrtps_cpp
[0.282s] [ 78%] [32mBuilding CXX object CMakeFiles/multi_obstacle_tracker_node.dir/src/multi_obstacle_tracker.cpp.o[0m
[0.287s] [ 78%] Built target crazyflie_yolo
[0.329s] [ 80%] Built target crazyflie_yolo__py
[0.371s] running egg_info
[0.375s] [ 86%] Built target crazyflie_yolo__rosidl_generator_py
[0.390s] writing crazyflie_yolo.egg-info/PKG-INFO
[0.390s] writing dependency_links to crazyflie_yolo.egg-info/dependency_links.txt
[0.390s] writing top-level names to crazyflie_yolo.egg-info/top_level.txt
[0.406s] [ 90%] Built target crazyflie_yolo_s__rosidl_typesupport_introspection_c
[0.413s] [ 94%] Built target crazyflie_yolo_s__rosidl_typesupport_fastrtps_c
[0.420s] [ 98%] Built target crazyflie_yolo_s__rosidl_typesupport_c
[0.457s] reading manifest file 'crazyflie_yolo.egg-info/SOURCES.txt'
[0.458s] writing manifest file 'crazyflie_yolo.egg-info/SOURCES.txt'
[0.484s] [ 98%] Built target ament_cmake_python_build_crazyflie_yolo_egg
[11.944s] [100%] [32m[1mLinking CXX executable multi_obstacle_tracker_node[0m
[12.439s] [100%] Built target multi_obstacle_tracker_node
[12.458s] Invoked command in '/home/user/data/drones_ship_ws/build/crazyflie_yolo' returned '0': CMAKE_PREFIX_PATH=${CMAKE_PREFIX_PATH}:/home/user/data/drones_ship_ws/install/ros_gz_crazyflie_control:/opt/ros/jazzy DEBUGINFOD_URLS=https://debuginfod.ubuntu.com /usr/bin/cmake --build /home/user/data/drones_ship_ws/build/crazyflie_yolo -- -j20 -l20
[12.459s] Invoking command in '/home/user/data/drones_ship_ws/build/crazyflie_yolo': CMAKE_PREFIX_PATH=${CMAKE_PREFIX_PATH}:/home/user/data/drones_ship_ws/install/ros_gz_crazyflie_control:/opt/ros/jazzy DEBUGINFOD_URLS=https://debuginfod.ubuntu.com /usr/bin/cmake --install /home/user/data/drones_ship_ws/build/crazyflie_yolo
[12.476s] -- Install configuration: ""
[12.476s] -- Up-to-date: /home/user/data/drones_ship_ws/install/crazyflie_yolo/share/ament_index/resource_index/rosidl_interfaces/crazyflie_yolo
[12.476s] -- Up-to-date: /home/user/data/drones_ship_ws/install/crazyflie_yolo/share/crazyflie_yolo/msg/TrackedObstacle.json
[12.476s] -- Up-to-date: /home/user/data/drones_ship_ws/install/crazyflie_yolo/share/crazyflie_yolo/msg/TrackedObstacleArray.json
[12.476s] -- Up-to-date: /home/user/data/drones_ship_ws/install/crazyflie_yolo/include/crazyflie_yolo/crazyflie_yolo
[12.476s] -- Up-to-date: /home/user/data/drones_ship_ws/install/crazyflie_yolo/include/crazyflie_yolo/crazyflie_yolo/msg
[12.476s] -- Up-to-date: /home/user/data/drones_ship_ws/install/crazyflie_yolo/include/crazyflie_yolo/crazyflie_yolo/msg/detail
[12.476s] -- Up-to-date: /home/user/data/drones_ship_ws/install/crazyflie_yolo/include/crazyflie_yolo/crazyflie_yolo/msg/detail/tracked_obstacle_array__functions.c
[12.476s] -- Up-to-date: /home/user/data/drones_ship_ws/install/crazyflie_yolo/include/crazyflie_yolo/crazyflie_yolo/msg/detail/tracked_obstacle__description.c
[12.477s] -- Up-to-date: /home/user/data/drones_ship_ws/install/crazyflie_yolo/include/crazyflie_yolo/crazyflie_yolo/msg/detail/tracked_obstacle__functions.c
[12.477s] -- Up-to-date: /home/user/data/drones_ship_ws/install/crazyflie_yolo/include/crazyflie_yolo/crazyflie_yolo/msg/detail/tracked_obstacle_array__type_support.c
[12.477s] -- Up-to-date: /home/user/data/drones_ship_ws/install/crazyflie_yolo/include/crazyflie_yolo/crazyflie_yolo/msg/detail/tracked_obstacle__functions.h
[12.477s] -- Up-to-date: /home/user/data/drones_ship_ws/install/crazyflie_yolo/include/crazyflie_yolo/crazyflie_yolo/msg/detail/tracked_obstacle_array__description.c
[12.477s] -- Up-to-date: /home/user/data/drones_ship_ws/install/crazyflie_yolo/include/crazyflie_yolo/crazyflie_yolo/msg/detail/tracked_obstacle_array__struct.h
[12.477s] -- Up-to-date: /home/user/data/drones_ship_ws/install/crazyflie_yolo/include/crazyflie_yolo/crazyflie_yolo/msg/detail/tracked_obstacle_array__functions.h
[12.477s] -- Up-to-date: /home/user/data/drones_ship_ws/install/crazyflie_yolo/include/crazyflie_yolo/crazyflie_yolo/msg/detail/tracked_obstacle__type_support.c
[12.477s] -- Up-to-date: /home/user/data/drones_ship_ws/install/crazyflie_yolo/include/crazyflie_yolo/crazyflie_yolo/msg/detail/tracked_obstacle__type_support.h
[12.477s] -- Up-to-date: /home/user/data/drones_ship_ws/install/crazyflie_yolo/include/crazyflie_yolo/crazyflie_yolo/msg/detail/tracked_obstacle_array__type_support.h
[12.477s] -- Up-to-date: /home/user/data/drones_ship_ws/install/crazyflie_yolo/include/crazyflie_yolo/crazyflie_yolo/msg/detail/tracked_obstacle__struct.h
[12.477s] -- Up-to-date: /home/user/data/drones_ship_ws/install/crazyflie_yolo/include/crazyflie_yolo/crazyflie_yolo/msg/tracked_obstacle.h
[12.477s] -- Up-to-date: /home/user/data/drones_ship_ws/install/crazyflie_yolo/include/crazyflie_yolo/crazyflie_yolo/msg/rosidl_generator_c__visibility_control.h
[12.477s] -- Up-to-date: /home/user/data/drones_ship_ws/install/crazyflie_yolo/include/crazyflie_yolo/crazyflie_yolo/msg/tracked_obstacle_array.h
[12.478s] -- Up-to-date: /home/user/data/drones_ship_ws/install/crazyflie_yolo/share/crazyflie_yolo/environment/library_path.sh
[12.478s] -- Up-to-date: /home/user/data/drones_ship_ws/install/crazyflie_yolo/share/crazyflie_yolo/environment/library_path.dsv
[12.478s] -- Up-to-date: /home/user/data/drones_ship_ws/install/crazyflie_yolo/lib/libcrazyflie_yolo__rosidl_generator_c.so
[12.478s] -- Up-to-date: /home/user/data/drones_ship_ws/install/crazyflie_yolo/include/crazyflie_yolo/crazyflie_yolo
[12.478s] -- Up-to-date: /home/user/data/drones_ship_ws/install/crazyflie_yolo/include/crazyflie_yolo/crazyflie_yolo/msg
[12.478s] -- Up-to-date: /home/user/data/drones_ship_ws/install/crazyflie_yolo/include/crazyflie_yolo/crazyflie_yolo/msg/detail
[12.478s] -- Up-to-date: /home/user/data/drones_ship_ws/install/crazyflie_yolo/include/crazyflie_yolo/crazyflie_yolo/msg/detail/tracked_obstacle_array__rosidl_typesupport_fastrtps_c.h
[12.478s] -- Up-to-date: /home/user/data/drones_ship_ws/install/crazyflie_yolo/include/crazyflie_yolo/crazyflie_yolo/msg/detail/tracked_obstacle__rosidl_typesupport_fastrtps_c.h
[12.478s] -- Up-to-date: /home/user/data/drones_ship_ws/install/crazyflie_yolo/include/crazyflie_yolo/crazyflie_yolo/msg/rosidl_typesupport_fastrtps_c__visibility_control.h
[12.478s] -- Up-to-date: /home/user/data/drones_ship_ws/install/crazyflie_yolo/lib/libcrazyflie_yolo__rosidl_typesupport_fastrtps_c.so
[12.478s] -- Up-to-date: /home/user/data/drones_ship_ws/install/crazyflie_yolo/include/crazyflie_yolo/crazyflie_yolo
[12.478s] -- Up-to-date: /home/user/data/drones_ship_ws/install/crazyflie_yolo/include/crazyflie_yolo/crazyflie_yolo/msg
[12.478s] -- Up-to-date: /home/user/data/drones_ship_ws/install/crazyflie_yolo/include/crazyflie_yolo/crazyflie_yolo/msg/detail
[12.478s] -- Up-to-date: /home/user/data/drones_ship_ws/install/crazyflie_yolo/include/crazyflie_yolo/crazyflie_yolo/msg/detail/tracked_obstacle__rosidl_typesupport_introspection_c.h
[12.479s] -- Up-to-date: /home/user/data/drones_ship_ws/install/crazyflie_yolo/include/crazyflie_yolo/crazyflie_yolo/msg/detail/tracked_obstacle_array__type_support.c
[12.479s] -- Up-to-date: /home/user/data/drones_ship_ws/install/crazyflie_yolo/include/crazyflie_yolo/crazyflie_yolo/msg/detail/tracked_obstacle__type_support.c
[12.479s] -- Up-to-date: /home/user/data/drones_ship_ws/install/crazyflie_yolo/include/crazyflie_yolo/crazyflie_yolo/msg/detail/tracked_obstacle_array__rosidl_typesupport_introspection_c.h
[12.479s] -- Up-to-date: /home/user/data/drones_ship_ws/install/crazyflie_yolo/include/crazyflie_yolo/crazyflie_yolo/msg/rosidl_typesupport_introspection_c__visibility_control.h
[12.479s] -- Up-to-date: /home/user/data/drones_ship_ws/install/crazyflie_yolo/lib/libcrazyflie_yolo__rosidl_typesupport_introspection_c.so
[12.479s] -- Up-to-date: /home/user/data/drones_ship_ws/install/crazyflie_yolo/lib/libcrazyflie_yolo__rosidl_typesupport_c.so
[12.479s] -- Up-to-date: /home/user/data/drones_ship_ws/install/crazyflie_yolo/include/crazyflie_yolo/crazyflie_yolo
[12.479s] -- Up-to-date: /home/user/data/drones_ship_ws/install/crazyflie_yolo/include/crazyflie_yolo/crazyflie_yolo/msg
[12.479s] -- Up-to-date: /home/user/data/drones_ship_ws/install/crazyflie_yolo/include/crazyflie_yolo/crazyflie_yolo/msg/detail
[12.479s] -- Up-to-date: /home/user/data/drones_ship_ws/install/crazyflie_yolo/include/crazyflie_yolo/crazyflie_yolo/msg/detail/tracked_obstacle_array__builder.hpp
[12.479s] -- Up-to-date: /home/user/data/drones_ship_ws/install/crazyflie_yolo/include/crazyflie_yolo/crazyflie_yolo/msg/detail/tracked_obstacle_array__struct.hpp
[12.479s] -- Up-to-date: /home/user/data/drones_ship_ws/install/crazyflie_yolo/include/crazyflie_yolo/crazyflie_yolo/msg/detail/tracked_obstacle__traits.hpp
[12.479s] -- Up-to-date: /home/user/data/drones_ship_ws/install/crazyflie_yolo/include/crazyflie_yolo/crazyflie_yolo/msg/detail/tracked_obstacle_array__type_support.hpp
[12.480s] -- Up-to-date: /home/user/data/drones_ship_ws/install/crazyflie_yolo/include/crazyflie_yolo/crazyflie_yolo/msg/detail/tracked_obstacle__type_support.hpp
[12.480s] -- Up-to-date: /home/user/data/drones_ship_ws/install/crazyflie_yolo/include/crazyflie_yolo/crazyflie_yolo/msg/detail/tracked_obstacle__builder.hpp
[12.480s] -- Up-to-date: /home/user/data/drones_ship_ws/install/crazyflie_yolo/include/crazyflie_yolo/crazyflie_yolo/msg/detail/tracked_obstacle_array__traits.hpp
[12.480s] -- Up-to-date: /home/user/data/drones_ship_ws/install/crazyflie_yolo/include/crazyflie_yolo/crazyflie_yolo/msg/detail/tracked_obstacle__struct.hpp
[12.480s] -- Up-to-date: /home/user/data/drones_ship_ws/install/crazyflie_yolo/include/crazyflie_yolo/crazyflie_yolo/msg/rosidl_generator_cpp__visibility_control.hpp
[12.480s] -- Up-to-date: /home/user/data/drones_ship_ws/install/crazyflie_yolo/include/crazyflie_yolo/crazyflie_yolo/msg/tracked_obstacle_array.hpp
[12.480s] -- Up-to-date: /home/user/data/drones_ship_ws/install/crazyflie_yolo/include/crazyflie_yolo/crazyflie_yolo/msg/tracked_obstacle.hpp
[12.480s] -- Up-to-date: /home/user/data/drones_ship_ws/install/crazyflie_yolo/include/crazyflie_yolo/crazyflie_yolo
[12.480s] -- Up-to-date: /home/user/data/drones_ship_ws/install/crazyflie_yolo/include/crazyflie_yolo/crazyflie_yolo/msg
[12.480s] -- Up-to-date: /home/user/data/drones_ship_ws/install/crazyflie_yolo/include/crazyflie_yolo/crazyflie_yolo/msg/detail
[12.480s] -- Up-to-date: /home/user/data/drones_ship_ws/install/crazyflie_yolo/include/crazyflie_yolo/crazyflie_yolo/msg/detail/tracked_obstacle__rosidl_typesupport_fastrtps_cpp.hpp
[12.480s] -- Up-to-date: /home/user/data/drones_ship_ws/install/crazyflie_yolo/include/crazyflie_yolo/crazyflie_yolo/msg/detail/tracked_obstacle_array__rosidl_typesupport_fastrtps_cpp.hpp
[12.480s] -- Up-to-date: /home/user/data/drones_ship_ws/install/crazyflie_yolo/include/crazyflie_yolo/crazyflie_yolo/msg/detail/dds_fastrtps
[12.481s] -- Up-to-date: /home/user/data/drones_ship_ws/install/crazyflie_yolo/include/crazyflie_yolo/crazyflie_yolo/msg/rosidl_typesupport_fastrtps_cpp__visibility_control.h
[12.481s] -- Up-to-date: /home/user/data/drones_ship_ws/install/crazyflie_yolo/lib/libcrazyflie_yolo__rosidl_typesupport_fastrtps_cpp.so
[12.481s] -- Up-to-date: /home/user/data/drones_ship_ws/install/crazyflie_yolo/include/crazyflie_yolo/crazyflie_yolo
[12.481s] -- Up-to-date: /home/user/data/drones_ship_ws/install/crazyflie_yolo/include/crazyflie_yolo/crazyflie_yolo/msg
[12.481s] -- Up-to-date: /home/user/data/drones_ship_ws/install/crazyflie_yolo/include/crazyflie_yolo/crazyflie_yolo/msg/detail
[12.481s] -- Up-to-date: /home/user/data/drones_ship_ws/install/crazyflie_yolo/include/crazyflie_yolo/crazyflie_yolo/msg/detail/tracked_obstacle__rosidl_typesupport_introspection_cpp.hpp
[12.481s] -- Up-to-date: /home/user/data/drones_ship_ws/install/crazyflie_yolo/include/crazyflie_yolo/crazyflie_yolo/msg/detail/tracked_obstacle_array__rosidl_typesupport_introspection_cpp.hpp
[12.481s] -- Up-to-date: /home/user/data/drones_ship_ws/install/crazyflie_yolo/include/crazyflie_yolo/crazyflie_yolo/msg/detail/tracked_obstacle_array__type_support.cpp
[12.481s] -- Up-to-date: /home/user/data/drones_ship_ws/install/crazyflie_yolo/include/crazyflie_yolo/crazyflie_yolo/msg/detail/tracked_obstacle__type_support.cpp
[12.481s] -- Up-to-date: /home/user/data/drones_ship_ws/install/crazyflie_yolo/lib/libcrazyflie_yolo__rosidl_typesupport_introspection_cpp.so
[12.481s] -- Up-to-date: /home/user/data/drones_ship_ws/install/crazyflie_yolo/lib/libcrazyflie_yolo__rosidl_typesupport_cpp.so
[12.481s] -- Up-to-date: /home/user/data/drones_ship_ws/install/crazyflie_yolo/share/crazyflie_yolo/environment/pythonpath.sh
[12.481s] -- Up-to-date: /home/user/data/drones_ship_ws/install/crazyflie_yolo/share/crazyflie_yolo/environment/pythonpath.dsv
[12.481s] -- Up-to-date: /home/user/data/drones_ship_ws/install/crazyflie_yolo/lib/python3.12/site-packages/crazyflie_yolo-0.0.1-py3.12.egg-info
[12.482s] -- Installing: /home/user/data/drones_ship_ws/install/crazyflie_yolo/lib/python3.12/site-packages/crazyflie_yolo-0.0.1-py3.12.egg-info/SOURCES.txt
[12.482s] -- Installing: /home/user/data/drones_ship_ws/install/crazyflie_yolo/lib/python3.12/site-packages/crazyflie_yolo-0.0.1-py3.12.egg-info/dependency_links.txt
[12.482s] -- Installing: /home/user/data/drones_ship_ws/install/crazyflie_yolo/lib/python3.12/site-packages/crazyflie_yolo-0.0.1-py3.12.egg-info/top_level.txt
[12.482s] -- Installing: /home/user/data/drones_ship_ws/install/crazyflie_yolo/lib/python3.12/site-packages/crazyflie_yolo-0.0.1-py3.12.egg-info/PKG-INFO
[12.482s] -- Up-to-date: /home/user/data/drones_ship_ws/install/crazyflie_yolo/lib/python3.12/site-packages/crazyflie_yolo
[12.482s] -- Up-to-date: /home/user/data/drones_ship_ws/install/crazyflie_yolo/lib/python3.12/site-packages/crazyflie_yolo/msg
[12.482s] -- Up-to-date: /home/user/data/drones_ship_ws/install/crazyflie_yolo/lib/python3.12/site-packages/crazyflie_yolo/msg/_tracked_obstacle_array.py
[12.482s] -- Up-to-date: /home/user/data/drones_ship_ws/install/crazyflie_yolo/lib/python3.12/site-packages/crazyflie_yolo/msg/_tracked_obstacle_array_s.c
[12.482s] -- Up-to-date: /home/user/data/drones_ship_ws/install/crazyflie_yolo/lib/python3.12/site-packages/crazyflie_yolo/msg/_tracked_obstacle.py
[12.482s] -- Up-to-date: /home/user/data/drones_ship_ws/install/crazyflie_yolo/lib/python3.12/site-packages/crazyflie_yolo/msg/__init__.py
[12.482s] -- Up-to-date: /home/user/data/drones_ship_ws/install/crazyflie_yolo/lib/python3.12/site-packages/crazyflie_yolo/msg/_tracked_obstacle_s.c
[12.482s] -- Up-to-date: /home/user/data/drones_ship_ws/install/crazyflie_yolo/lib/python3.12/site-packages/crazyflie_yolo/_crazyflie_yolo_s.ep.rosidl_typesupport_fastrtps_c.c
[12.482s] -- Up-to-date: /home/user/data/drones_ship_ws/install/crazyflie_yolo/lib/python3.12/site-packages/crazyflie_yolo/_crazyflie_yolo_s.ep.rosidl_typesupport_c.c
[12.482s] -- Up-to-date: /home/user/data/drones_ship_ws/install/crazyflie_yolo/lib/python3.12/site-packages/crazyflie_yolo/_crazyflie_yolo_s.ep.rosidl_typesupport_introspection_c.c
[12.482s] -- Up-to-date: /home/user/data/drones_ship_ws/install/crazyflie_yolo/lib/python3.12/site-packages/crazyflie_yolo/__init__.py
[12.483s] -- Up-to-date: /home/user/data/drones_ship_ws/install/crazyflie_yolo/lib/python3.12/site-packages/crazyflie_yolo/crazyflie_yolo_s__rosidl_typesupport_introspection_c.so
[12.483s] -- Up-to-date: /home/user/data/drones_ship_ws/install/crazyflie_yolo/lib/python3.12/site-packages/crazyflie_yolo/crazyflie_yolo_s__rosidl_typesupport_fastrtps_c.so
[12.483s] -- Up-to-date: /home/user/data/drones_ship_ws/install/crazyflie_yolo/lib/python3.12/site-packages/crazyflie_yolo/crazyflie_yolo_s__rosidl_typesupport_c.so
[12.519s] Listing '/home/user/data/drones_ship_ws/install/crazyflie_yolo/lib/python3.12/site-packages/crazyflie_yolo'...
[12.519s] Listing '/home/user/data/drones_ship_ws/install/crazyflie_yolo/lib/python3.12/site-packages/crazyflie_yolo/msg'...
[12.524s] -- Up-to-date: /home/user/data/drones_ship_ws/install/crazyflie_yolo/lib/python3.12/site-packages/crazyflie_yolo/crazyflie_yolo_s__rosidl_typesupport_fastrtps_c.so
[12.524s] -- Up-to-date: /home/user/data/drones_ship_ws/install/crazyflie_yolo/lib/python3.12/site-packages/crazyflie_yolo/crazyflie_yolo_s__rosidl_typesupport_introspection_c.so
[12.525s] -- Up-to-date: /home/user/data/drones_ship_ws/install/crazyflie_yolo/lib/python3.12/site-packages/crazyflie_yolo/crazyflie_yolo_s__rosidl_typesupport_c.so
[12.525s] -- Up-to-date: /home/user/data/drones_ship_ws/install/crazyflie_yolo/lib/libcrazyflie_yolo__rosidl_generator_py.so
[12.525s] -- Up-to-date: /home/user/data/drones_ship_ws/install/crazyflie_yolo/share/crazyflie_yolo/msg/TrackedObstacle.idl
[12.525s] -- Up-to-date: /home/user/data/drones_ship_ws/install/crazyflie_yolo/share/crazyflie_yolo/msg/TrackedObstacleArray.idl
[12.525s] -- Up-to-date: /home/user/data/drones_ship_ws/install/crazyflie_yolo/share/crazyflie_yolo/msg/TrackedObstacle.msg
[12.525s] -- Up-to-date: /home/user/data/drones_ship_ws/install/crazyflie_yolo/share/crazyflie_yolo/msg/TrackedObstacleArray.msg
[12.525s] -- Up-to-date: /home/user/data/drones_ship_ws/install/crazyflie_yolo/lib/crazyflie_yolo/yolo_detector_node.py
[12.525s] -- Up-to-date: /home/user/data/drones_ship_ws/install/crazyflie_yolo/lib/crazyflie_yolo/crazyflie_segmentation_yolo_node.py
[12.526s] -- Up-to-date: /home/user/data/drones_ship_ws/install/crazyflie_yolo/share/crazyflie_yolo/launch
[12.526s] -- Up-to-date: /home/user/data/drones_ship_ws/install/crazyflie_yolo/share/crazyflie_yolo/launch/crazyflie_stereo_track.launch.py
[12.526s] -- Up-to-date: /home/user/data/drones_ship_ws/install/crazyflie_yolo/share/crazyflie_yolo/launch/all_drones_yolo_stereo_track.launch.py
[12.526s] -- Up-to-date: /home/user/data/drones_ship_ws/install/crazyflie_yolo/lib/crazyflie_yolo/stereo_depth_node
[12.526s] -- Up-to-date: /home/user/data/drones_ship_ws/install/crazyflie_yolo/lib/crazyflie_yolo/container_localizer_node
[12.526s] -- Installing: /home/user/data/drones_ship_ws/install/crazyflie_yolo/lib/crazyflie_yolo/multi_obstacle_tracker_node
[12.533s] -- Set non-toolchain portion of runtime path of "/home/user/data/drones_ship_ws/install/crazyflie_yolo/lib/crazyflie_yolo/multi_obstacle_tracker_node" to ""
[12.533s] -- Up-to-date: /home/user/data/drones_ship_ws/install/crazyflie_yolo/share/ament_index/resource_index/package_run_dependencies/crazyflie_yolo
[12.533s] -- Up-to-date: /home/user/data/drones_ship_ws/install/crazyflie_yolo/share/ament_index/resource_index/parent_prefix_path/crazyflie_yolo
[12.533s] -- Up-to-date: /home/user/data/drones_ship_ws/install/crazyflie_yolo/share/crazyflie_yolo/environment/ament_prefix_path.sh
[12.533s] -- Up-to-date: /home/user/data/drones_ship_ws/install/crazyflie_yolo/share/crazyflie_yolo/environment/ament_prefix_path.dsv
[12.534s] -- Up-to-date: /home/user/data/drones_ship_ws/install/crazyflie_yolo/share/crazyflie_yolo/environment/path.sh
[12.534s] -- Up-to-date: /home/user/data/drones_ship_ws/install/crazyflie_yolo/share/crazyflie_yolo/environment/path.dsv
[12.534s] -- Up-to-date: /home/user/data/drones_ship_ws/install/crazyflie_yolo/share/crazyflie_yolo/local_setup.bash
[12.534s] -- Up-to-date: /home/user/data/drones_ship_ws/install/crazyflie_yolo/share/crazyflie_yolo/local_setup.sh
[12.534s] -- Up-to-date: /home/user/data/drones_ship_ws/install/crazyflie_yolo/share/crazyflie_yolo/local_setup.zsh
[12.534s] -- Up-to-date: /home/user/data/drones_ship_ws/install/crazyflie_yolo/share/crazyflie_yolo/local_setup.dsv
[12.534s] -- Installing: /home/user/data/drones_ship_ws/install/crazyflie_yolo/share/crazyflie_yolo/package.dsv
[12.534s] -- Up-to-date: /home/user/data/drones_ship_ws/install/crazyflie_yolo/share/ament_index/resource_index/packages/crazyflie_yolo
[12.534s] -- Up-to-date: /home/user/data/drones_ship_ws/install/crazyflie_yolo/share/crazyflie_yolo/cmake/export_crazyflie_yolo__rosidl_generator_cExport.cmake
[12.534s] -- Up-to-date: /home/user/data/drones_ship_ws/install/crazyflie_yolo/share/crazyflie_yolo/cmake/export_crazyflie_yolo__rosidl_generator_cExport-noconfig.cmake
[12.534s] -- Up-to-date: /home/user/data/drones_ship_ws/install/crazyflie_yolo/share/crazyflie_yolo/cmake/export_crazyflie_yolo__rosidl_typesupport_fastrtps_cExport.cmake
[12.535s] -- Up-to-date: /home/user/data/drones_ship_ws/install/crazyflie_yolo/share/crazyflie_yolo/cmake/export_crazyflie_yolo__rosidl_typesupport_fastrtps_cExport-noconfig.cmake
[12.535s] -- Up-to-date: /home/user/data/drones_ship_ws/install/crazyflie_yolo/share/crazyflie_yolo/cmake/crazyflie_yolo__rosidl_typesupport_introspection_cExport.cmake
[12.535s] -- Up-to-date: /home/user/data/drones_ship_ws/install/crazyflie_yolo/share/crazyflie_yolo/cmake/crazyflie_yolo__rosidl_typesupport_introspection_cExport-noconfig.cmake
[12.535s] -- Up-to-date: /home/user/data/drones_ship_ws/install/crazyflie_yolo/share/crazyflie_yolo/cmake/crazyflie_yolo__rosidl_typesupport_cExport.cmake
[12.535s] -- Up-to-date: /home/user/data/drones_ship_ws/install/crazyflie_yolo/share/crazyflie_yolo/cmake/crazyflie_yolo__rosidl_typesupport_cExport-noconfig.cmake
[12.535s] -- Up-to-date: /home/user/data/drones_ship_ws/install/crazyflie_yolo/share/crazyflie_yolo/cmake/export_crazyflie_yolo__rosidl_generator_cppExport.cmake
[12.535s] -- Up-to-date: /home/user/data/drones_ship_ws/install/crazyflie_yolo/share/crazyflie_yolo/cmake/export_crazyflie_yolo__rosidl_typesupport_fastrtps_cppExport.cmake
[12.535s] -- Up-to-date: /home/user/data/drones_ship_ws/install/crazyflie_yolo/share/crazyflie_yolo/cmake/export_crazyflie_yolo__rosidl_typesupport_fastrtps_cppExport-noconfig.cmake
[12.535s] -- Up-to-date: /home/user/data/drones_ship_ws/install/crazyflie_yolo/share/crazyflie_yolo/cmake/crazyflie_yolo__rosidl_typesupport_introspection_cppExport.cmake
[12.535s] -- Up-to-date: /home/user/data/drones_ship_ws/install/crazyflie_yolo/share/crazyflie_yolo/cmake/crazyflie_yolo__rosidl_typesupport_introspection_cppExport-noconfig.cmake
[12.535s] -- Up-to-date: /home/user/data/drones_ship_ws/install/crazyflie_yolo/share/crazyflie_yolo/cmake/crazyflie_yolo__rosidl_typesupport_cppExport.cmake
[12.535s] -- Up-to-date: /home/user/data/drones_ship_ws/install/crazyflie_yolo/share/crazyflie_yolo/cmake/crazyflie_yolo__rosidl_typesupport_cppExport-noconfig.cmake
[12.535s] -- Up-to-date: /home/user/data/drones_ship_ws/install/crazyflie_yolo/share/crazyflie_yolo/cmake/export_crazyflie_yolo__rosidl_generator_pyExport.cmake
[12.535s] -- Up-to-date: /home/user/data/drones_ship_ws/install/crazyflie_yolo/share/crazyflie_yolo/cmake/export_crazyflie_yolo__rosidl_generator_pyExport-noconfig.cmake
[12.536s] -- Up-to-date: /home/user/data/drones_ship_ws/install/crazyflie_yolo/share/crazyflie_yolo/cmake/rosidl_cmake-extras.cmake
[12.536s] -- Up-to-date: /home/user/data/drones_ship_ws/install/crazyflie_yolo/share/crazyflie_yolo/cmake/ament_cmake_export_dependencies-extras.cmake
[12.536s] -- Up-to-date: /home/user/data/drones_ship_ws/install/crazyflie_yolo/share/crazyflie_yolo/cmake/ament_cmake_export_include_directories-extras.cmake
[12.536s] -- Up-to-date: /home/user/data/drones_ship_ws/install/crazyflie_yolo/share/crazyflie_yolo/cmake/ament_cmake_export_libraries-extras.cmake
[12.536s] -- Up-to-date: /home/user/data/drones_ship_ws/install/crazyflie_yolo/share/crazyflie_yolo/cmake/ament_cmake_export_targets-extras.cmake
[12.536s] -- Up-to-date: /home/user/data/drones_ship_ws/install/crazyflie_yolo/share/crazyflie_yolo/cmake/rosidl_cmake_export_typesupport_targets-extras.cmake
[12.536s] -- Up-to-date: /home/user/data/drones_ship_ws/install/crazyflie_yolo/share/crazyflie_yolo/cmake/rosidl_cmake_export_typesupport_libraries-extras.cmake
[12.536s] -- Up-to-date: /home/user/data/drones_ship_ws/install/crazyflie_yolo/share/crazyflie_yolo/cmake/crazyflie_yoloConfig.cmake
[12.536s] -- Up-to-date: /home/user/data/drones_ship_ws/install/crazyflie_yolo/share/crazyflie_yolo/cmake/crazyflie_yoloConfig-version.cmake
[12.536s] -- Up-to-date: /home/user/data/drones_ship_ws/install/crazyflie_yolo/share/crazyflie_yolo/package.xml
[12.537s] Invoked command in '/home/user/data/drones_ship_ws/build/crazyflie_yolo' returned '0': CMAKE_PREFIX_PATH=${CMAKE_PREFIX_PATH}:/home/user/data/drones_ship_ws/install/ros_gz_crazyflie_control:/opt/ros/jazzy DEBUGINFOD_URLS=https://debuginfod.ubuntu.com /usr/bin/cmake --install /home/user/data/drones_ship_ws/build/crazyflie_yolo
