[0.010s] Invoking command in '/home/user/data/drones_ship_ws/build/wamv_gazebo': CMAKE_PREFIX_PATH=/home/user/data/drones_ship_ws/install/wamv_description:/home/user/data/drones_ship_ws/install/vrx_gazebo:/home/user/data/drones_ship_ws/install/wamv_gazebo:/home/user/data/drones_ship_ws/install/vrx_gz:/home/user/data/drones_ship_ws/install/vrx_ros:/home/user/data/drones_ship_ws/install/aquabot_description:/home/user/data/drones_ship_ws/install/ros_gz_crazyflie_bringup:/home/user/data/drones_ship_ws/install/ros_gz_crazyflie_gazebo:/home/user/data/drones_ship_ws/install/crazyflie_yolo:/home/user/data/drones_ship_ws/install/crazyflie_ekf:/home/user/data/drones_ship_ws/install/crazyflie_control:/home/user/data/drones_ship_ws/install/aquabot_motion:/home/user/data/drones_ship_ws/install/aquabot_gz:/home/user/data/drones_ship_ws/install/aquabot_ekf:/opt/ros/jazzy/opt/gz_sim_vendor:/opt/ros/jazzy/opt/gz_sensors_vendor:/opt/ros/jazzy/opt/gz_physics_vendor:/opt/ros/jazzy/opt/sdformat_vendor:/opt/ros/jazzy/opt/gz_gui_vendor:/opt/ros/jazzy/opt/gz_transport_vendor:/opt/ros/jazzy/opt/gz_rendering_vendor:/opt/ros/jazzy/opt/gz_plugin_vendor:/opt/ros/jazzy/opt/gz_fuel_tools_vendor:/opt/ros/jazzy/opt/gz_msgs_vendor:/opt/ros/jazzy/opt/gz_common_vendor:/opt/ros/jazzy/opt/gz_math_vendor:/opt/ros/jazzy/opt/gz_utils_vendor:/opt/ros/jazzy/opt/gz_tools_vendor:/opt/ros/jazzy/opt/gz_ogre_next_vendor:/opt/ros/jazzy/opt/gz_dartsim_vendor:/opt/ros/jazzy/opt/gz_cmake_vendor:/home/user/data/drones_ship_ws/install/ros_gz_crazyflie_control:/opt/ros/jazzy DEBUGINFOD_URLS=https://debuginfod.ubuntu.com GZ_SIM_RESOURCE_PATH=/home/user/data/drones_ship_ws/install/wamv_description/share:/home/user/data/drones_ship_ws/install/vrx_gazebo/share:${GZ_SIM_RESOURCE_PATH} PYTHONPATH=/home/user/data/drones_ship_ws/install/vrx_gazebo/lib/python3.12/site-packages:/home/user/data/drones_ship_ws/install/vrx_gz/lib/python3.12/site-packages:/home/user/data/drones_ship_ws/install/ros_gz_crazyflie_control/lib/python3.12/site-packages:/home/user/data/drones_ship_ws/install/crazyflie_yolo/lib/python3.12/site-packages:/opt/ros/jazzy/lib/python3.12/site-packages /usr/bin/cmake --build /home/user/data/drones_ship_ws/build/wamv_gazebo -- -j20 -l20
[0.083s] Invoked command in '/home/user/data/drones_ship_ws/build/wamv_gazebo' returned '0': CMAKE_PREFIX_PATH=/home/user/data/drones_ship_ws/install/wamv_description:/home/user/data/drones_ship_ws/install/vrx_gazebo:/home/user/data/drones_ship_ws/install/wamv_gazebo:/home/user/data/drones_ship_ws/install/vrx_gz:/home/user/data/drones_ship_ws/install/vrx_ros:/home/user/data/drones_ship_ws/install/aquabot_description:/home/user/data/drones_ship_ws/install/ros_gz_crazyflie_bringup:/home/user/data/drones_ship_ws/install/ros_gz_crazyflie_gazebo:/home/user/data/drones_ship_ws/install/crazyflie_yolo:/home/user/data/drones_ship_ws/install/crazyflie_ekf:/home/user/data/drones_ship_ws/install/crazyflie_control:/home/user/data/drones_ship_ws/install/aquabot_motion:/home/user/data/drones_ship_ws/install/aquabot_gz:/home/user/data/drones_ship_ws/install/aquabot_ekf:/opt/ros/jazzy/opt/gz_sim_vendor:/opt/ros/jazzy/opt/gz_sensors_vendor:/opt/ros/jazzy/opt/gz_physics_vendor:/opt/ros/jazzy/opt/sdformat_vendor:/opt/ros/jazzy/opt/gz_gui_vendor:/opt/ros/jazzy/opt/gz_transport_vendor:/opt/ros/jazzy/opt/gz_rendering_vendor:/opt/ros/jazzy/opt/gz_plugin_vendor:/opt/ros/jazzy/opt/gz_fuel_tools_vendor:/opt/ros/jazzy/opt/gz_msgs_vendor:/opt/ros/jazzy/opt/gz_common_vendor:/opt/ros/jazzy/opt/gz_math_vendor:/opt/ros/jazzy/opt/gz_utils_vendor:/opt/ros/jazzy/opt/gz_tools_vendor:/opt/ros/jazzy/opt/gz_ogre_next_vendor:/opt/ros/jazzy/opt/gz_dartsim_vendor:/opt/ros/jazzy/opt/gz_cmake_vendor:/home/user/data/drones_ship_ws/install/ros_gz_crazyflie_control:/opt/ros/jazzy DEBUGINFOD_URLS=https://debuginfod.ubuntu.com GZ_SIM_RESOURCE_PATH=/home/user/data/drones_ship_ws/install/wamv_description/share:/home/user/data/drones_ship_ws/install/vrx_gazebo/share:${GZ_SIM_RESOURCE_PATH} PYTHONPATH=/home/user/data/drones_ship_ws/install/vrx_gazebo/lib/python3.12/site-packages:/home/user/data/drones_ship_ws/install/vrx_gz/lib/python3.12/site-packages:/home/user/data/drones_ship_ws/install/ros_gz_crazyflie_control/lib/python3.12/site-packages:/home/user/data/drones_ship_ws/install/crazyflie_yolo/lib/python3.12/site-packages:/opt/ros/jazzy/lib/python3.12/site-packages /usr/bin/cmake --build /home/user/data/drones_ship_ws/build/wamv_gazebo -- -j20 -l20
[0.083s] Invoking command in '/home/user/data/drones_ship_ws/build/wamv_gazebo': CMAKE_PREFIX_PATH=/home/user/data/drones_ship_ws/install/wamv_description:/home/user/data/drones_ship_ws/install/vrx_gazebo:/home/user/data/drones_ship_ws/install/wamv_gazebo:/home/user/data/drones_ship_ws/install/vrx_gz:/home/user/data/drones_ship_ws/install/vrx_ros:/home/user/data/drones_ship_ws/install/aquabot_description:/home/user/data/drones_ship_ws/install/ros_gz_crazyflie_bringup:/home/user/data/drones_ship_ws/install/ros_gz_crazyflie_gazebo:/home/user/data/drones_ship_ws/install/crazyflie_yolo:/home/user/data/drones_ship_ws/install/crazyflie_ekf:/home/user/data/drones_ship_ws/install/crazyflie_control:/home/user/data/drones_ship_ws/install/aquabot_motion:/home/user/data/drones_ship_ws/install/aquabot_gz:/home/user/data/drones_ship_ws/install/aquabot_ekf:/opt/ros/jazzy/opt/gz_sim_vendor:/opt/ros/jazzy/opt/gz_sensors_vendor:/opt/ros/jazzy/opt/gz_physics_vendor:/opt/ros/jazzy/opt/sdformat_vendor:/opt/ros/jazzy/opt/gz_gui_vendor:/opt/ros/jazzy/opt/gz_transport_vendor:/opt/ros/jazzy/opt/gz_rendering_vendor:/opt/ros/jazzy/opt/gz_plugin_vendor:/opt/ros/jazzy/opt/gz_fuel_tools_vendor:/opt/ros/jazzy/opt/gz_msgs_vendor:/opt/ros/jazzy/opt/gz_common_vendor:/opt/ros/jazzy/opt/gz_math_vendor:/opt/ros/jazzy/opt/gz_utils_vendor:/opt/ros/jazzy/opt/gz_tools_vendor:/opt/ros/jazzy/opt/gz_ogre_next_vendor:/opt/ros/jazzy/opt/gz_dartsim_vendor:/opt/ros/jazzy/opt/gz_cmake_vendor:/home/user/data/drones_ship_ws/install/ros_gz_crazyflie_control:/opt/ros/jazzy DEBUGINFOD_URLS=https://debuginfod.ubuntu.com GZ_SIM_RESOURCE_PATH=/home/user/data/drones_ship_ws/install/wamv_description/share:/home/user/data/drones_ship_ws/install/vrx_gazebo/share:${GZ_SIM_RESOURCE_PATH} PYTHONPATH=/home/user/data/drones_ship_ws/install/vrx_gazebo/lib/python3.12/site-packages:/home/user/data/drones_ship_ws/install/vrx_gz/lib/python3.12/site-packages:/home/user/data/drones_ship_ws/install/ros_gz_crazyflie_control/lib/python3.12/site-packages:/home/user/data/drones_ship_ws/install/crazyflie_yolo/lib/python3.12/site-packages:/opt/ros/jazzy/lib/python3.12/site-packages /usr/bin/cmake --install /home/user/data/drones_ship_ws/build/wamv_gazebo
[0.101s] -- Install configuration: ""
[0.101s] -- Up-to-date: /home/user/data/drones_ship_ws/install/wamv_gazebo/share/wamv_gazebo/environment/resource_paths.dsv
[0.101s] -- Up-to-date: /home/user/data/drones_ship_ws/install/wamv_gazebo/share/wamv_gazebo/environment/resource_paths.sh
[0.101s] -- Up-to-date: /home/user/data/drones_ship_ws/install/wamv_gazebo/share/wamv_gazebo/models
[0.101s] -- Up-to-date: /home/user/data/drones_ship_ws/install/wamv_gazebo/share/wamv_gazebo/models/gps
[0.101s] -- Up-to-date: /home/user/data/drones_ship_ws/install/wamv_gazebo/share/wamv_gazebo/models/gps/mesh
[0.101s] -- Up-to-date: /home/user/data/drones_ship_ws/install/wamv_gazebo/share/wamv_gazebo/models/gps/mesh/gps.dae
[0.101s] -- Up-to-date: /home/user/data/drones_ship_ws/install/wamv_gazebo/share/wamv_gazebo/models/gps/mesh/gps.png
[0.101s] -- Up-to-date: /home/user/data/drones_ship_ws/install/wamv_gazebo/share/wamv_gazebo/models/gps/model.config
[0.101s] -- Up-to-date: /home/user/data/drones_ship_ws/install/wamv_gazebo/share/wamv_gazebo/urdf
[0.101s] -- Up-to-date: /home/user/data/drones_ship_ws/install/wamv_gazebo/share/wamv_gazebo/urdf/dynamics
[0.101s] -- Up-to-date: /home/user/data/drones_ship_ws/install/wamv_gazebo/share/wamv_gazebo/urdf/dynamics/wamv_gazebo_dynamics_plugin.xacro
[0.101s] -- Up-to-date: /home/user/data/drones_ship_ws/install/wamv_gazebo/share/wamv_gazebo/urdf/wamv_gazebo.xacro
[0.101s] -- Up-to-date: /home/user/data/drones_ship_ws/install/wamv_gazebo/share/wamv_gazebo/urdf/wamv_gazebo.urdf.xacro
[0.101s] -- Up-to-date: /home/user/data/drones_ship_ws/install/wamv_gazebo/share/wamv_gazebo/urdf/components
[0.101s] -- Up-to-date: /home/user/data/drones_ship_ws/install/wamv_gazebo/share/wamv_gazebo/urdf/components/wamv_camera.xacro
[0.101s] -- Up-to-date: /home/user/data/drones_ship_ws/install/wamv_gazebo/share/wamv_gazebo/urdf/components/lidar.xacro
[0.101s] -- Up-to-date: /home/user/data/drones_ship_ws/install/wamv_gazebo/share/wamv_gazebo/urdf/components/wamv_3d_lidar.xacro
[0.101s] -- Up-to-date: /home/user/data/drones_ship_ws/install/wamv_gazebo/share/wamv_gazebo/urdf/components/wamv_pinger.xacro
[0.102s] -- Up-to-date: /home/user/data/drones_ship_ws/install/wamv_gazebo/share/wamv_gazebo/urdf/components/wamv_p3d.xacro
[0.102s] -- Up-to-date: /home/user/data/drones_ship_ws/install/wamv_gazebo/share/wamv_gazebo/urdf/components/wamv_planar_lidar.xacro
[0.102s] -- Up-to-date: /home/user/data/drones_ship_ws/install/wamv_gazebo/share/wamv_gazebo/urdf/components/ball_shooter.xacro
[0.102s] -- Up-to-date: /home/user/data/drones_ship_ws/install/wamv_gazebo/share/wamv_gazebo/urdf/components/wamv_gps.xacro
[0.102s] -- Up-to-date: /home/user/data/drones_ship_ws/install/wamv_gazebo/share/wamv_gazebo/urdf/components/wamv_imu.xacro
[0.102s] -- Up-to-date: /home/user/data/drones_ship_ws/install/wamv_gazebo/share/wamv_gazebo/urdf/macros.xacro
[0.102s] -- Up-to-date: /home/user/data/drones_ship_ws/install/wamv_gazebo/share/wamv_gazebo/urdf/thruster_layouts
[0.102s] -- Up-to-date: /home/user/data/drones_ship_ws/install/wamv_gazebo/share/wamv_gazebo/urdf/thruster_layouts/wamv_aft_thrusters.xacro
[0.102s] -- Up-to-date: /home/user/data/drones_ship_ws/install/wamv_gazebo/share/wamv_gazebo/urdf/thruster_layouts/wamv_gazebo_thruster_config.xacro
[0.102s] -- Up-to-date: /home/user/data/drones_ship_ws/install/wamv_gazebo/share/wamv_gazebo/urdf/thruster_layouts/wamv_x_thrusters.xacro
[0.102s] -- Up-to-date: /home/user/data/drones_ship_ws/install/wamv_gazebo/share/wamv_gazebo/urdf/thruster_layouts/wamv_t_thrusters.xacro
[0.102s] -- Up-to-date: /home/user/data/drones_ship_ws/install/wamv_gazebo/share/ament_index/resource_index/package_run_dependencies/wamv_gazebo
[0.102s] -- Up-to-date: /home/user/data/drones_ship_ws/install/wamv_gazebo/share/ament_index/resource_index/parent_prefix_path/wamv_gazebo
[0.102s] -- Up-to-date: /home/user/data/drones_ship_ws/install/wamv_gazebo/share/wamv_gazebo/environment/ament_prefix_path.sh
[0.102s] -- Up-to-date: /home/user/data/drones_ship_ws/install/wamv_gazebo/share/wamv_gazebo/environment/ament_prefix_path.dsv
[0.102s] -- Up-to-date: /home/user/data/drones_ship_ws/install/wamv_gazebo/share/wamv_gazebo/environment/path.sh
[0.102s] -- Up-to-date: /home/user/data/drones_ship_ws/install/wamv_gazebo/share/wamv_gazebo/environment/path.dsv
[0.102s] -- Up-to-date: /home/user/data/drones_ship_ws/install/wamv_gazebo/share/wamv_gazebo/local_setup.bash
[0.102s] -- Up-to-date: /home/user/data/drones_ship_ws/install/wamv_gazebo/share/wamv_gazebo/local_setup.sh
[0.102s] -- Up-to-date: /home/user/data/drones_ship_ws/install/wamv_gazebo/share/wamv_gazebo/local_setup.zsh
[0.102s] -- Up-to-date: /home/user/data/drones_ship_ws/install/wamv_gazebo/share/wamv_gazebo/local_setup.dsv
[0.103s] -- Installing: /home/user/data/drones_ship_ws/install/wamv_gazebo/share/wamv_gazebo/package.dsv
[0.103s] -- Up-to-date: /home/user/data/drones_ship_ws/install/wamv_gazebo/share/ament_index/resource_index/packages/wamv_gazebo
[0.103s] -- Up-to-date: /home/user/data/drones_ship_ws/install/wamv_gazebo/share/wamv_gazebo/cmake/wamv_gazeboConfig.cmake
[0.103s] -- Up-to-date: /home/user/data/drones_ship_ws/install/wamv_gazebo/share/wamv_gazebo/cmake/wamv_gazeboConfig-version.cmake
[0.103s] -- Up-to-date: /home/user/data/drones_ship_ws/install/wamv_gazebo/share/wamv_gazebo/package.xml
[0.104s] Invoked command in '/home/user/data/drones_ship_ws/build/wamv_gazebo' returned '0': CMAKE_PREFIX_PATH=/home/user/data/drones_ship_ws/install/wamv_description:/home/user/data/drones_ship_ws/install/vrx_gazebo:/home/user/data/drones_ship_ws/install/wamv_gazebo:/home/user/data/drones_ship_ws/install/vrx_gz:/home/user/data/drones_ship_ws/install/vrx_ros:/home/user/data/drones_ship_ws/install/aquabot_description:/home/user/data/drones_ship_ws/install/ros_gz_crazyflie_bringup:/home/user/data/drones_ship_ws/install/ros_gz_crazyflie_gazebo:/home/user/data/drones_ship_ws/install/crazyflie_yolo:/home/user/data/drones_ship_ws/install/crazyflie_ekf:/home/user/data/drones_ship_ws/install/crazyflie_control:/home/user/data/drones_ship_ws/install/aquabot_motion:/home/user/data/drones_ship_ws/install/aquabot_gz:/home/user/data/drones_ship_ws/install/aquabot_ekf:/opt/ros/jazzy/opt/gz_sim_vendor:/opt/ros/jazzy/opt/gz_sensors_vendor:/opt/ros/jazzy/opt/gz_physics_vendor:/opt/ros/jazzy/opt/sdformat_vendor:/opt/ros/jazzy/opt/gz_gui_vendor:/opt/ros/jazzy/opt/gz_transport_vendor:/opt/ros/jazzy/opt/gz_rendering_vendor:/opt/ros/jazzy/opt/gz_plugin_vendor:/opt/ros/jazzy/opt/gz_fuel_tools_vendor:/opt/ros/jazzy/opt/gz_msgs_vendor:/opt/ros/jazzy/opt/gz_common_vendor:/opt/ros/jazzy/opt/gz_math_vendor:/opt/ros/jazzy/opt/gz_utils_vendor:/opt/ros/jazzy/opt/gz_tools_vendor:/opt/ros/jazzy/opt/gz_ogre_next_vendor:/opt/ros/jazzy/opt/gz_dartsim_vendor:/opt/ros/jazzy/opt/gz_cmake_vendor:/home/user/data/drones_ship_ws/install/ros_gz_crazyflie_control:/opt/ros/jazzy DEBUGINFOD_URLS=https://debuginfod.ubuntu.com GZ_SIM_RESOURCE_PATH=/home/user/data/drones_ship_ws/install/wamv_description/share:/home/user/data/drones_ship_ws/install/vrx_gazebo/share:${GZ_SIM_RESOURCE_PATH} PYTHONPATH=/home/user/data/drones_ship_ws/install/vrx_gazebo/lib/python3.12/site-packages:/home/user/data/drones_ship_ws/install/vrx_gz/lib/python3.12/site-packages:/home/user/data/drones_ship_ws/install/ros_gz_crazyflie_control/lib/python3.12/site-packages:/home/user/data/drones_ship_ws/install/crazyflie_yolo/lib/python3.12/site-packages:/opt/ros/jazzy/lib/python3.12/site-packages /usr/bin/cmake --install /home/user/data/drones_ship_ws/build/wamv_gazebo
