[01m[K/home/user/data/drones_ship_ws/src/drone_ship/crazyflie_control/src/crazyflie_6dof_controller.cpp:[m[K In constructor ‘[01m[KCrazyflieAutoMission::[01;32m[KCrazyflieAutoMission[m[K()[m[K’:
[01m[K/home/user/data/drones_ship_ws/src/drone_ship/crazyflie_control/src/crazyflie_6dof_controller.cpp:43:27:[m[K [01;35m[Kwarning: [m[K‘[01m[KCrazyflieAutoMission::forward_speed_[m[K’ will be initialized after [[01;35m[K-Wreorder[m[K]
   43 |   double vertical_speed_, [01;35m[Kforward_speed_[m[K;
      |                           [01;35m[K^~~~~~~~~~~~~~[m[K
[01m[K/home/user/data/drones_ship_ws/src/drone_ship/crazyflie_control/src/crazyflie_6dof_controller.cpp:35:9:[m[K [01;35m[Kwarning: [m[K  ‘[01m[KCrazyflieAutoMission::Stage CrazyflieAutoMission::stage_[m[K’ [[01;35m[K-Wreorder[m[K]
   35 |   Stage [01;35m[Kstage_[m[K;
      |         [01;35m[K^~~~~~[m[K
[01m[K/home/user/data/drones_ship_ws/src/drone_ship/crazyflie_control/src/crazyflie_6dof_controller.cpp:11:3:[m[K [01;35m[Kwarning: [m[K  when initialized here [[01;35m[K-Wreorder[m[K]
   11 |   [01;35m[KCrazyflieAutoMission[m[K()
      |   [01;35m[K^~~~~~~~~~~~~~~~~~~~[m[K
[01m[K/home/user/data/drones_ship_ws/src/drone_ship/crazyflie_control/src/crazyflie_6dof_controller.cpp:[m[K In constructor ‘[01m[KCrazyflieAutoMission::[01;32m[KCrazyflieAutoMission[m[K()[m[K’:
[01m[K/home/user/data/drones_ship_ws/src/drone_ship/crazyflie_control/src/crazyflie_6dof_controller.cpp:43:27:[m[K [01;35m[Kwarning: [m[K‘[01m[KCrazyflieAutoMission::forward_speed_[m[K’ will be initialized after [[01;35m[K-Wreorder[m[K]
   43 |   double vertical_speed_, [01;35m[Kforward_speed_[m[K;
      |                           [01;35m[K^~~~~~~~~~~~~~[m[K
[01m[K/home/user/data/drones_ship_ws/src/drone_ship/crazyflie_control/src/crazyflie_6dof_controller.cpp:35:9:[m[K [01;35m[Kwarning: [m[K  ‘[01m[KCrazyflieAutoMission::Stage CrazyflieAutoMission::stage_[m[K’ [[01;35m[K-Wreorder[m[K]
   35 |   Stage [01;35m[Kstage_[m[K;
      |         [01;35m[K^~~~~~[m[K
[01m[K/home/user/data/drones_ship_ws/src/drone_ship/crazyflie_control/src/crazyflie_6dof_controller.cpp:11:3:[m[K [01;35m[Kwarning: [m[K  when initialized here [[01;35m[K-Wreorder[m[K]
   11 |   [01;35m[KCrazyflieAutoMission[m[K()
      |   [01;35m[K^~~~~~~~~~~~~~~~~~~~[m[K
[01m[K/home/user/data/drones_ship_ws/src/drone_ship/crazyflie_control/src/crazyflie_control_node.cpp:[m[K In constructor ‘[01m[KCrazyflieForwardNode::[01;32m[KCrazyflieForwardNode[m[K()[m[K’:
[01m[K/home/user/data/drones_ship_ws/src/drone_ship/crazyflie_control/src/crazyflie_control_node.cpp:197:10:[m[K [01;35m[Kwarning: [m[K‘[01m[KCrazyflieForwardNode::target_distance_[m[K’ will be initialized after [[01;35m[K-Wreorder[m[K]
  197 |   double [01;35m[Ktarget_distance_[m[K;
      |          [01;35m[K^~~~~~~~~~~~~~~~[m[K
[01m[K/home/user/data/drones_ship_ws/src/drone_ship/crazyflie_control/src/crazyflie_control_node.cpp:38:9:[m[K [01;35m[Kwarning: [m[K  ‘[01m[KCrazyflieForwardNode::Stage CrazyflieForwardNode::stage_[m[K’ [[01;35m[K-Wreorder[m[K]
   38 |   Stage [01;35m[Kstage_[m[K;
      |         [01;35m[K^~~~~~[m[K
[01m[K/home/user/data/drones_ship_ws/src/drone_ship/crazyflie_control/src/crazyflie_control_node.cpp:13:3:[m[K [01;35m[Kwarning: [m[K  when initialized here [[01;35m[K-Wreorder[m[K]
   13 |   [01;35m[KCrazyflieForwardNode[m[K()
      |   [01;35m[K^~~~~~~~~~~~~~~~~~~~[m[K
