-- The C compiler identification is GNU 13.3.0
-- The CXX compiler identification is GNU 13.3.0
-- Detecting C compiler ABI info
-- Detecting C compiler ABI info - done
-- Check for working C compiler: /usr/lib/ccache/cc - skipped
-- Detecting C compile features
-- Detecting C compile features - done
-- Detecting CXX compiler ABI info
-- Detecting CXX compiler ABI info - done
-- Check for working CXX compiler: /usr/lib/ccache/c++ - skipped
-- Detecting CXX compile features
-- Detecting CXX compile features - done
-- Found ament_cmake: 2.5.4 (/opt/ros/jazzy/share/ament_cmake/cmake)
-- Found Python3: /usr/bin/python3 (found version "3.12.3") found components: Interpreter 
-- Found rclcpp: 28.1.11 (/opt/ros/jazzy/share/rclcpp/cmake)
-- Found rosidl_generator_c: 4.6.6 (/opt/ros/jazzy/share/rosidl_generator_c/cmake)
-- Found rosidl_generator_cpp: 4.6.6 (/opt/ros/jazzy/share/rosidl_generator_cpp/cmake)
-- Using all available rosidl_typesupport_c: rosidl_typesupport_fastrtps_c;rosidl_typesupport_introspection_c
-- Using all available rosidl_typesupport_cpp: rosidl_typesupport_fastrtps_cpp;rosidl_typesupport_introspection_cpp
-- Found rmw_implementation_cmake: 7.3.2 (/opt/ros/jazzy/share/rmw_implementation_cmake/cmake)
-- Found rmw_fastrtps_cpp: 8.4.3 (/opt/ros/jazzy/share/rmw_fastrtps_cpp/cmake)
-- Found OpenSSL: /usr/lib/x86_64-linux-gnu/libcrypto.so (found version "3.0.13")  
-- Found FastRTPS: /opt/ros/jazzy/include (Required is at least version "2.13") 
-- Using RMW implementation 'rmw_fastrtps_cpp' as default
-- Found geometry_msgs: 5.3.6 (/opt/ros/jazzy/share/geometry_msgs/cmake)
-- Found nav_msgs: 5.3.6 (/opt/ros/jazzy/share/nav_msgs/cmake)
-- Found tf2_geometry_msgs: 0.36.14 (/opt/ros/jazzy/share/tf2_geometry_msgs/cmake)
-- Found eigen3_cmake_module: 0.3.0 (/opt/ros/jazzy/share/eigen3_cmake_module/cmake)
-- Found Eigen3: TRUE (found version "3.4.0") 
-- Ensuring Eigen3 include directory is part of orocos-kdl CMake target
-- Found ament_lint_auto: 0.17.3 (/opt/ros/jazzy/share/ament_lint_auto/cmake)
-- Added test 'cppcheck' to perform static code analysis on C / C++ code
-- Configured cppcheck include dirs: 
-- Configured cppcheck exclude dirs and/or files: 
-- Added test 'flake8' to check Python code syntax and style conventions
-- Configured 'flake8' exclude dirs and/or files: 
-- Added test 'lint_cmake' to check CMake code style
-- Added test 'pep257' to check Python code against some of the docstring style conventions in PEP 257
-- Added test 'uncrustify' to check C / C++ code style
-- Configured uncrustify additional arguments: 
-- Added test 'xmllint' to check XML markup files
-- Configuring done (2.2s)
-- Generating done (0.0s)
-- Build files have been written to: /home/user/data/drones_ship_ws/build/crazyflie_control
[ 16%] [32mBuilding CXX object CMakeFiles/crazyflie_control_node.dir/src/crazyflie_control_node.cpp.o[0m
[ 33%] [32mBuilding CXX object CMakeFiles/crazyflie_6dof_controller_lib.dir/src/crazyflie_6dof_controller.cpp.o[0m
[01m[K/home/user/data/drones_ship_ws/src/drone_ship/crazyflie_control/src/crazyflie_6dof_controller.cpp:[m[K In constructor ‘[01m[KCrazyflieAutoMission::[01;32m[KCrazyflieAutoMission[m[K()[m[K’:
[01m[K/home/user/data/drones_ship_ws/src/drone_ship/crazyflie_control/src/crazyflie_6dof_controller.cpp:43:27:[m[K [01;35m[Kwarning: [m[K‘[01m[KCrazyflieAutoMission::forward_speed_[m[K’ will be initialized after [[01;35m[K-Wreorder[m[K]
   43 |   double vertical_speed_, [01;35m[Kforward_speed_[m[K;
      |                           [01;35m[K^~~~~~~~~~~~~~[m[K
[01m[K/home/user/data/drones_ship_ws/src/drone_ship/crazyflie_control/src/crazyflie_6dof_controller.cpp:35:9:[m[K [01;35m[Kwarning: [m[K  ‘[01m[KCrazyflieAutoMission::Stage CrazyflieAutoMission::stage_[m[K’ [[01;35m[K-Wreorder[m[K]
   35 |   Stage [01;35m[Kstage_[m[K;
      |         [01;35m[K^~~~~~[m[K
[01m[K/home/user/data/drones_ship_ws/src/drone_ship/crazyflie_control/src/crazyflie_6dof_controller.cpp:11:3:[m[K [01;35m[Kwarning: [m[K  when initialized here [[01;35m[K-Wreorder[m[K]
   11 |   [01;35m[KCrazyflieAutoMission[m[K()
      |   [01;35m[K^~~~~~~~~~~~~~~~~~~~[m[K
[ 50%] [32m[1mLinking CXX static library libcrazyflie_6dof_controller_lib.a[0m
[ 50%] Built target crazyflie_6dof_controller_lib
[ 66%] [32mBuilding CXX object CMakeFiles/crazyflie_6dof_controller_node.dir/src/crazyflie_6dof_controller.cpp.o[0m
[01m[K/home/user/data/drones_ship_ws/src/drone_ship/crazyflie_control/src/crazyflie_6dof_controller.cpp:[m[K In constructor ‘[01m[KCrazyflieAutoMission::[01;32m[KCrazyflieAutoMission[m[K()[m[K’:
[01m[K/home/user/data/drones_ship_ws/src/drone_ship/crazyflie_control/src/crazyflie_6dof_controller.cpp:43:27:[m[K [01;35m[Kwarning: [m[K‘[01m[KCrazyflieAutoMission::forward_speed_[m[K’ will be initialized after [[01;35m[K-Wreorder[m[K]
   43 |   double vertical_speed_, [01;35m[Kforward_speed_[m[K;
      |                           [01;35m[K^~~~~~~~~~~~~~[m[K
[01m[K/home/user/data/drones_ship_ws/src/drone_ship/crazyflie_control/src/crazyflie_6dof_controller.cpp:35:9:[m[K [01;35m[Kwarning: [m[K  ‘[01m[KCrazyflieAutoMission::Stage CrazyflieAutoMission::stage_[m[K’ [[01;35m[K-Wreorder[m[K]
   35 |   Stage [01;35m[Kstage_[m[K;
      |         [01;35m[K^~~~~~[m[K
[01m[K/home/user/data/drones_ship_ws/src/drone_ship/crazyflie_control/src/crazyflie_6dof_controller.cpp:11:3:[m[K [01;35m[Kwarning: [m[K  when initialized here [[01;35m[K-Wreorder[m[K]
   11 |   [01;35m[KCrazyflieAutoMission[m[K()
      |   [01;35m[K^~~~~~~~~~~~~~~~~~~~[m[K
[ 83%] [32m[1mLinking CXX executable crazyflie_6dof_controller_node[0m
[ 83%] Built target crazyflie_6dof_controller_node
[01m[K/home/user/data/drones_ship_ws/src/drone_ship/crazyflie_control/src/crazyflie_control_node.cpp:[m[K In constructor ‘[01m[KCrazyflieForwardNode::[01;32m[KCrazyflieForwardNode[m[K()[m[K’:
[01m[K/home/user/data/drones_ship_ws/src/drone_ship/crazyflie_control/src/crazyflie_control_node.cpp:197:10:[m[K [01;35m[Kwarning: [m[K‘[01m[KCrazyflieForwardNode::target_distance_[m[K’ will be initialized after [[01;35m[K-Wreorder[m[K]
  197 |   double [01;35m[Ktarget_distance_[m[K;
      |          [01;35m[K^~~~~~~~~~~~~~~~[m[K
[01m[K/home/user/data/drones_ship_ws/src/drone_ship/crazyflie_control/src/crazyflie_control_node.cpp:38:9:[m[K [01;35m[Kwarning: [m[K  ‘[01m[KCrazyflieForwardNode::Stage CrazyflieForwardNode::stage_[m[K’ [[01;35m[K-Wreorder[m[K]
   38 |   Stage [01;35m[Kstage_[m[K;
      |         [01;35m[K^~~~~~[m[K
[01m[K/home/user/data/drones_ship_ws/src/drone_ship/crazyflie_control/src/crazyflie_control_node.cpp:13:3:[m[K [01;35m[Kwarning: [m[K  when initialized here [[01;35m[K-Wreorder[m[K]
   13 |   [01;35m[KCrazyflieForwardNode[m[K()
      |   [01;35m[K^~~~~~~~~~~~~~~~~~~~[m[K
[100%] [32m[1mLinking CXX executable crazyflie_control_node[0m
[100%] Built target crazyflie_control_node
-- Install configuration: ""
-- Installing: /home/user/data/drones_ship_ws/install/crazyflie_control/lib/crazyflie_control/crazyflie_control_node
-- Set non-toolchain portion of runtime path of "/home/user/data/drones_ship_ws/install/crazyflie_control/lib/crazyflie_control/crazyflie_control_node" to ""
-- Installing: /home/user/data/drones_ship_ws/install/crazyflie_control/share/crazyflie_control/config
-- Installing: /home/user/data/drones_ship_ws/install/crazyflie_control/share/crazyflie_control/config/waypoints.yaml
-- Installing: /home/user/data/drones_ship_ws/install/crazyflie_control/share/crazyflie_control/launch
-- Installing: /home/user/data/drones_ship_ws/install/crazyflie_control/share/crazyflie_control/launch/all_crazyflie_control.launch.py
-- Installing: /home/user/data/drones_ship_ws/install/crazyflie_control/share/crazyflie_control/launch/crazyflie_control.launch.py
-- Installing: /home/user/data/drones_ship_ws/install/crazyflie_control/lib/crazyflie_control/crazyflie_6dof_controller_node
-- Set non-toolchain portion of runtime path of "/home/user/data/drones_ship_ws/install/crazyflie_control/lib/crazyflie_control/crazyflie_6dof_controller_node" to ""
-- Installing: /home/user/data/drones_ship_ws/install/crazyflie_control/share/ament_index/resource_index/package_run_dependencies/crazyflie_control
-- Installing: /home/user/data/drones_ship_ws/install/crazyflie_control/share/ament_index/resource_index/parent_prefix_path/crazyflie_control
-- Installing: /home/user/data/drones_ship_ws/install/crazyflie_control/share/crazyflie_control/environment/ament_prefix_path.sh
-- Installing: /home/user/data/drones_ship_ws/install/crazyflie_control/share/crazyflie_control/environment/ament_prefix_path.dsv
-- Installing: /home/user/data/drones_ship_ws/install/crazyflie_control/share/crazyflie_control/environment/path.sh
-- Installing: /home/user/data/drones_ship_ws/install/crazyflie_control/share/crazyflie_control/environment/path.dsv
-- Installing: /home/user/data/drones_ship_ws/install/crazyflie_control/share/crazyflie_control/local_setup.bash
-- Installing: /home/user/data/drones_ship_ws/install/crazyflie_control/share/crazyflie_control/local_setup.sh
-- Installing: /home/user/data/drones_ship_ws/install/crazyflie_control/share/crazyflie_control/local_setup.zsh
-- Installing: /home/user/data/drones_ship_ws/install/crazyflie_control/share/crazyflie_control/local_setup.dsv
-- Installing: /home/user/data/drones_ship_ws/install/crazyflie_control/share/crazyflie_control/package.dsv
-- Installing: /home/user/data/drones_ship_ws/install/crazyflie_control/share/ament_index/resource_index/packages/crazyflie_control
-- Installing: /home/user/data/drones_ship_ws/install/crazyflie_control/share/crazyflie_control/cmake/crazyflie_controlConfig.cmake
-- Installing: /home/user/data/drones_ship_ws/install/crazyflie_control/share/crazyflie_control/cmake/crazyflie_controlConfig-version.cmake
-- Installing: /home/user/data/drones_ship_ws/install/crazyflie_control/share/crazyflie_control/package.xml
