[0.055s] Invoking command in '/home/user/data/drones_ship_ws/build/crazyflie_control': CMAKE_PREFIX_PATH=${CMAKE_PREFIX_PATH}:/home/user/data/drones_ship_ws/install/ros_gz_crazyflie_control:/home/user/data/drones_ship_ws/install/multi_drone_traj_replay:/opt/ros/jazzy DEBUGINFOD_URLS=https://debuginfod.ubuntu.com /usr/bin/cmake /home/user/data/drones_ship_ws/src/drone_ship/crazyflie_control -DCMAKE_INSTALL_PREFIX=/home/user/data/drones_ship_ws/install/crazyflie_control
[0.113s] -- The C compiler identification is GNU 13.3.0
[0.188s] -- The CXX compiler identification is GNU 13.3.0
[0.210s] -- Detecting C compiler ABI info
[0.312s] -- Detecting C compiler ABI info - done
[0.325s] -- Check for working C compiler: /usr/lib/ccache/cc - skipped
[0.325s] -- Detecting C compile features
[0.326s] -- Detecting C compile features - done
[0.340s] -- Detecting CXX compiler ABI info
[0.441s] -- Detecting CXX compiler ABI info - done
[0.448s] -- Check for working CXX compiler: /usr/lib/ccache/c++ - skipped
[0.448s] -- Detecting CXX compile features
[0.448s] -- Detecting CXX compile features - done
[0.454s] -- Found ament_cmake: 2.5.4 (/opt/ros/jazzy/share/ament_cmake/cmake)
[0.600s] -- Found Python3: /usr/bin/python3 (found version "3.12.3") found components: Interpreter 
[0.773s] -- Found rclcpp: 28.1.10 (/opt/ros/jazzy/share/rclcpp/cmake)
[0.849s] -- Found rosidl_generator_c: 4.6.5 (/opt/ros/jazzy/share/rosidl_generator_c/cmake)
[0.879s] -- Found rosidl_generator_cpp: 4.6.5 (/opt/ros/jazzy/share/rosidl_generator_cpp/cmake)
[0.914s] -- Using all available rosidl_typesupport_c: rosidl_typesupport_fastrtps_c;rosidl_typesupport_introspection_c
[0.949s] -- Using all available rosidl_typesupport_cpp: rosidl_typesupport_fastrtps_cpp;rosidl_typesupport_introspection_cpp
[1.088s] -- Found rmw_implementation_cmake: 7.3.2 (/opt/ros/jazzy/share/rmw_implementation_cmake/cmake)
[1.096s] -- Found rmw_fastrtps_cpp: 8.4.2 (/opt/ros/jazzy/share/rmw_fastrtps_cpp/cmake)
[1.234s] -- Found OpenSSL: /usr/lib/x86_64-linux-gnu/libcrypto.so (found version "3.0.13")  
[1.269s] -- Found FastRTPS: /opt/ros/jazzy/include (Required is at least version "2.13") 
[1.302s] -- Using RMW implementation 'rmw_fastrtps_cpp' as default
[1.442s] -- Found geometry_msgs: 5.3.6 (/opt/ros/jazzy/share/geometry_msgs/cmake)
[1.505s] -- Found nav_msgs: 5.3.6 (/opt/ros/jazzy/share/nav_msgs/cmake)
[1.538s] -- Found tf2_geometry_msgs: 0.36.12 (/opt/ros/jazzy/share/tf2_geometry_msgs/cmake)
[1.563s] -- Found eigen3_cmake_module: 0.3.0 (/opt/ros/jazzy/share/eigen3_cmake_module/cmake)
[1.564s] -- Found Eigen3: TRUE (found version "3.4.0") 
[1.564s] -- Ensuring Eigen3 include directory is part of orocos-kdl CMake target
[1.842s] -- Found ament_lint_auto: 0.17.2 (/opt/ros/jazzy/share/ament_lint_auto/cmake)
[2.037s] -- Added test 'cppcheck' to perform static code analysis on C / C++ code
[2.037s] -- Configured cppcheck include dirs: 
[2.037s] -- Configured cppcheck exclude dirs and/or files: 
[2.039s] -- Added test 'flake8' to check Python code syntax and style conventions
[2.039s] -- Configured 'flake8' exclude dirs and/or files: 
[2.040s] -- Added test 'lint_cmake' to check CMake code style
[2.041s] -- Added test 'pep257' to check Python code against some of the docstring style conventions in PEP 257
[2.044s] -- Added test 'uncrustify' to check C / C++ code style
[2.044s] -- Configured uncrustify additional arguments: 
[2.046s] -- Added test 'xmllint' to check XML markup files
[2.049s] -- Configuring done (2.0s)
[2.080s] -- Generating done (0.0s)
[2.090s] -- Build files have been written to: /home/user/data/drones_ship_ws/build/crazyflie_control
[2.103s] Invoked command in '/home/user/data/drones_ship_ws/build/crazyflie_control' returned '0': CMAKE_PREFIX_PATH=${CMAKE_PREFIX_PATH}:/home/user/data/drones_ship_ws/install/ros_gz_crazyflie_control:/home/user/data/drones_ship_ws/install/multi_drone_traj_replay:/opt/ros/jazzy DEBUGINFOD_URLS=https://debuginfod.ubuntu.com /usr/bin/cmake /home/user/data/drones_ship_ws/src/drone_ship/crazyflie_control -DCMAKE_INSTALL_PREFIX=/home/user/data/drones_ship_ws/install/crazyflie_control
[2.104s] Invoking command in '/home/user/data/drones_ship_ws/build/crazyflie_control': CMAKE_PREFIX_PATH=${CMAKE_PREFIX_PATH}:/home/user/data/drones_ship_ws/install/ros_gz_crazyflie_control:/home/user/data/drones_ship_ws/install/multi_drone_traj_replay:/opt/ros/jazzy DEBUGINFOD_URLS=https://debuginfod.ubuntu.com /usr/bin/cmake --build /home/user/data/drones_ship_ws/build/crazyflie_control -- -j20 -l20
[2.182s] [ 16%] [32mBuilding CXX object CMakeFiles/crazyflie_control_node.dir/src/crazyflie_control_node.cpp.o[0m
[2.182s] [ 33%] [32mBuilding CXX object CMakeFiles/crazyflie_6dof_controller_lib.dir/src/crazyflie_6dof_controller.cpp.o[0m
[2.199s] [01m[K/home/user/data/drones_ship_ws/src/drone_ship/crazyflie_control/src/crazyflie_control_node.cpp:[m[K In constructor ‘[01m[KCrazyflieForwardNode::[01;32m[KCrazyflieForwardNode[m[K()[m[K’:
[2.199s] [01m[K/home/user/data/drones_ship_ws/src/drone_ship/crazyflie_control/src/crazyflie_control_node.cpp:197:10:[m[K [01;35m[Kwarning: [m[K‘[01m[KCrazyflieForwardNode::target_distance_[m[K’ will be initialized after [[01;35m[K-Wreorder[m[K]
[2.199s]   197 |   double [01;35m[Ktarget_distance_[m[K;
[2.199s]       |          [01;35m[K^~~~~~~~~~~~~~~~[m[K
[2.199s] [01m[K/home/user/data/drones_ship_ws/src/drone_ship/crazyflie_control/src/crazyflie_control_node.cpp:38:9:[m[K [01;35m[Kwarning: [m[K  ‘[01m[KCrazyflieForwardNode::Stage CrazyflieForwardNode::stage_[m[K’ [[01;35m[K-Wreorder[m[K]
[2.199s]    38 |   Stage [01;35m[Kstage_[m[K;
[2.199s]       |         [01;35m[K^~~~~~[m[K
[2.199s] [01m[K/home/user/data/drones_ship_ws/src/drone_ship/crazyflie_control/src/crazyflie_control_node.cpp:13:3:[m[K [01;35m[Kwarning: [m[K  when initialized here [[01;35m[K-Wreorder[m[K]
[2.199s]    13 |   [01;35m[KCrazyflieForwardNode[m[K()
[2.199s]       |   [01;35m[K^~~~~~~~~~~~~~~~~~~~[m[K
[2.202s] [01m[K/home/user/data/drones_ship_ws/src/drone_ship/crazyflie_control/src/crazyflie_6dof_controller.cpp:[m[K In constructor ‘[01m[KCrazyflieAutoMission::[01;32m[KCrazyflieAutoMission[m[K()[m[K’:
[2.202s] [01m[K/home/user/data/drones_ship_ws/src/drone_ship/crazyflie_control/src/crazyflie_6dof_controller.cpp:43:27:[m[K [01;35m[Kwarning: [m[K‘[01m[KCrazyflieAutoMission::forward_speed_[m[K’ will be initialized after [[01;35m[K-Wreorder[m[K]
[2.202s]    43 |   double vertical_speed_, [01;35m[Kforward_speed_[m[K;
[2.202s]       |                           [01;35m[K^~~~~~~~~~~~~~[m[K
[2.202s] [01m[K/home/user/data/drones_ship_ws/src/drone_ship/crazyflie_control/src/crazyflie_6dof_controller.cpp:35:9:[m[K [01;35m[Kwarning: [m[K  ‘[01m[KCrazyflieAutoMission::Stage CrazyflieAutoMission::stage_[m[K’ [[01;35m[K-Wreorder[m[K]
[2.202s]    35 |   Stage [01;35m[Kstage_[m[K;
[2.202s]       |         [01;35m[K^~~~~~[m[K
[2.202s] [01m[K/home/user/data/drones_ship_ws/src/drone_ship/crazyflie_control/src/crazyflie_6dof_controller.cpp:11:3:[m[K [01;35m[Kwarning: [m[K  when initialized here [[01;35m[K-Wreorder[m[K]
[2.203s]    11 |   [01;35m[KCrazyflieAutoMission[m[K()
[2.203s]       |   [01;35m[K^~~~~~~~~~~~~~~~~~~~[m[K
[2.220s] [ 50%] [32m[1mLinking CXX executable crazyflie_control_node[0m
[2.223s] [ 66%] [32m[1mLinking CXX static library libcrazyflie_6dof_controller_lib.a[0m
[2.400s] [ 66%] Built target crazyflie_6dof_controller_lib
[2.441s] [ 83%] [32mBuilding CXX object CMakeFiles/crazyflie_6dof_controller_node.dir/src/crazyflie_6dof_controller.cpp.o[0m
[2.465s] [01m[K/home/user/data/drones_ship_ws/src/drone_ship/crazyflie_control/src/crazyflie_6dof_controller.cpp:[m[K In constructor ‘[01m[KCrazyflieAutoMission::[01;32m[KCrazyflieAutoMission[m[K()[m[K’:
[2.465s] [01m[K/home/user/data/drones_ship_ws/src/drone_ship/crazyflie_control/src/crazyflie_6dof_controller.cpp:43:27:[m[K [01;35m[Kwarning: [m[K‘[01m[KCrazyflieAutoMission::forward_speed_[m[K’ will be initialized after [[01;35m[K-Wreorder[m[K]
[2.465s]    43 |   double vertical_speed_, [01;35m[Kforward_speed_[m[K;
[2.465s]       |                           [01;35m[K^~~~~~~~~~~~~~[m[K
[2.466s] [01m[K/home/user/data/drones_ship_ws/src/drone_ship/crazyflie_control/src/crazyflie_6dof_controller.cpp:35:9:[m[K [01;35m[Kwarning: [m[K  ‘[01m[KCrazyflieAutoMission::Stage CrazyflieAutoMission::stage_[m[K’ [[01;35m[K-Wreorder[m[K]
[2.466s]    35 |   Stage [01;35m[Kstage_[m[K;
[2.466s]       |         [01;35m[K^~~~~~[m[K
[2.466s] [01m[K/home/user/data/drones_ship_ws/src/drone_ship/crazyflie_control/src/crazyflie_6dof_controller.cpp:11:3:[m[K [01;35m[Kwarning: [m[K  when initialized here [[01;35m[K-Wreorder[m[K]
[2.466s]    11 |   [01;35m[KCrazyflieAutoMission[m[K()
[2.466s]       |   [01;35m[K^~~~~~~~~~~~~~~~~~~~[m[K
[2.493s] [100%] [32m[1mLinking CXX executable crazyflie_6dof_controller_node[0m
[2.615s] [100%] Built target crazyflie_control_node
[2.936s] [100%] Built target crazyflie_6dof_controller_node
[2.957s] Invoked command in '/home/user/data/drones_ship_ws/build/crazyflie_control' returned '0': CMAKE_PREFIX_PATH=${CMAKE_PREFIX_PATH}:/home/user/data/drones_ship_ws/install/ros_gz_crazyflie_control:/home/user/data/drones_ship_ws/install/multi_drone_traj_replay:/opt/ros/jazzy DEBUGINFOD_URLS=https://debuginfod.ubuntu.com /usr/bin/cmake --build /home/user/data/drones_ship_ws/build/crazyflie_control -- -j20 -l20
[2.958s] Invoking command in '/home/user/data/drones_ship_ws/build/crazyflie_control': CMAKE_PREFIX_PATH=${CMAKE_PREFIX_PATH}:/home/user/data/drones_ship_ws/install/ros_gz_crazyflie_control:/home/user/data/drones_ship_ws/install/multi_drone_traj_replay:/opt/ros/jazzy DEBUGINFOD_URLS=https://debuginfod.ubuntu.com /usr/bin/cmake --install /home/user/data/drones_ship_ws/build/crazyflie_control
[2.972s] -- Install configuration: ""
[2.972s] -- Installing: /home/user/data/drones_ship_ws/install/crazyflie_control/lib/crazyflie_control/crazyflie_control_node
[2.975s] -- Set non-toolchain portion of runtime path of "/home/user/data/drones_ship_ws/install/crazyflie_control/lib/crazyflie_control/crazyflie_control_node" to ""
[2.975s] -- Installing: /home/user/data/drones_ship_ws/install/crazyflie_control/share/crazyflie_control/config
[2.975s] -- Installing: /home/user/data/drones_ship_ws/install/crazyflie_control/share/crazyflie_control/config/waypoints.yaml
[2.975s] -- Installing: /home/user/data/drones_ship_ws/install/crazyflie_control/share/crazyflie_control/launch
[2.975s] -- Installing: /home/user/data/drones_ship_ws/install/crazyflie_control/share/crazyflie_control/launch/crazyflie_control.launch.py
[2.975s] -- Installing: /home/user/data/drones_ship_ws/install/crazyflie_control/lib/crazyflie_control/crazyflie_6dof_controller_node
[2.977s] -- Set non-toolchain portion of runtime path of "/home/user/data/drones_ship_ws/install/crazyflie_control/lib/crazyflie_control/crazyflie_6dof_controller_node" to ""
[2.978s] -- Installing: /home/user/data/drones_ship_ws/install/crazyflie_control/share/ament_index/resource_index/package_run_dependencies/crazyflie_control
[2.978s] -- Installing: /home/user/data/drones_ship_ws/install/crazyflie_control/share/ament_index/resource_index/parent_prefix_path/crazyflie_control
[2.978s] -- Installing: /home/user/data/drones_ship_ws/install/crazyflie_control/share/crazyflie_control/environment/ament_prefix_path.sh
[2.978s] -- Installing: /home/user/data/drones_ship_ws/install/crazyflie_control/share/crazyflie_control/environment/ament_prefix_path.dsv
[2.978s] -- Installing: /home/user/data/drones_ship_ws/install/crazyflie_control/share/crazyflie_control/environment/path.sh
[2.978s] -- Installing: /home/user/data/drones_ship_ws/install/crazyflie_control/share/crazyflie_control/environment/path.dsv
[2.978s] -- Installing: /home/user/data/drones_ship_ws/install/crazyflie_control/share/crazyflie_control/local_setup.bash
[2.978s] -- Installing: /home/user/data/drones_ship_ws/install/crazyflie_control/share/crazyflie_control/local_setup.sh
[2.979s] -- Installing: /home/user/data/drones_ship_ws/install/crazyflie_control/share/crazyflie_control/local_setup.zsh
[2.980s] -- Installing: /home/user/data/drones_ship_ws/install/crazyflie_control/share/crazyflie_control/local_setup.dsv
[2.980s] -- Installing: /home/user/data/drones_ship_ws/install/crazyflie_control/share/crazyflie_control/package.dsv
[2.980s] -- Installing: /home/user/data/drones_ship_ws/install/crazyflie_control/share/ament_index/resource_index/packages/crazyflie_control
[2.980s] -- Installing: /home/user/data/drones_ship_ws/install/crazyflie_control/share/crazyflie_control/cmake/crazyflie_controlConfig.cmake
[2.980s] -- Installing: /home/user/data/drones_ship_ws/install/crazyflie_control/share/crazyflie_control/cmake/crazyflie_controlConfig-version.cmake
[2.980s] -- Installing: /home/user/data/drones_ship_ws/install/crazyflie_control/share/crazyflie_control/package.xml
[2.988s] Invoked command in '/home/user/data/drones_ship_ws/build/crazyflie_control' returned '0': CMAKE_PREFIX_PATH=${CMAKE_PREFIX_PATH}:/home/user/data/drones_ship_ws/install/ros_gz_crazyflie_control:/home/user/data/drones_ship_ws/install/multi_drone_traj_replay:/opt/ros/jazzy DEBUGINFOD_URLS=https://debuginfod.ubuntu.com /usr/bin/cmake --install /home/user/data/drones_ship_ws/build/crazyflie_control
