[0.060s] Invoking command in '/home/user/data/drones_ship_ws/build/ros_gz_crazyflie_gazebo': CMAKE_PREFIX_PATH=${CMAKE_PREFIX_PATH}:/home/user/data/drones_ship_ws/install/ros_gz_crazyflie_control:/home/user/data/drones_ship_ws/install/multi_drone_traj_replay:/opt/ros/jazzy DEBUGINFOD_URLS=https://debuginfod.ubuntu.com /usr/bin/cmake --build /home/user/data/drones_ship_ws/build/ros_gz_crazyflie_gazebo -- -j20 -l20
[0.323s] Invoked command in '/home/user/data/drones_ship_ws/build/ros_gz_crazyflie_gazebo' returned '0': CMAKE_PREFIX_PATH=${CMAKE_PREFIX_PATH}:/home/user/data/drones_ship_ws/install/ros_gz_crazyflie_control:/home/user/data/drones_ship_ws/install/multi_drone_traj_replay:/opt/ros/jazzy DEBUGINFOD_URLS=https://debuginfod.ubuntu.com /usr/bin/cmake --build /home/user/data/drones_ship_ws/build/ros_gz_crazyflie_gazebo -- -j20 -l20
[0.341s] Invoking command in '/home/user/data/drones_ship_ws/build/ros_gz_crazyflie_gazebo': CMAKE_PREFIX_PATH=${CMAKE_PREFIX_PATH}:/home/user/data/drones_ship_ws/install/ros_gz_crazyflie_control:/home/user/data/drones_ship_ws/install/multi_drone_traj_replay:/opt/ros/jazzy DEBUGINFOD_URLS=https://debuginfod.ubuntu.com /usr/bin/cmake --install /home/user/data/drones_ship_ws/build/ros_gz_crazyflie_gazebo
[0.361s] -- Install configuration: ""
[0.362s] -- Up-to-date: /home/user/data/drones_ship_ws/install/ros_gz_crazyflie_gazebo/share/ros_gz_crazyflie_gazebo/worlds
[0.362s] -- Up-to-date: /home/user/data/drones_ship_ws/install/ros_gz_crazyflie_gazebo/share/ros_gz_crazyflie_gazebo/worlds/crazyflie_world.sdf
[0.364s] -- Up-to-date: /home/user/data/drones_ship_ws/install/ros_gz_crazyflie_gazebo/share/ament_index/resource_index/package_run_dependencies/ros_gz_crazyflie_gazebo
[0.365s] -- Up-to-date: /home/user/data/drones_ship_ws/install/ros_gz_crazyflie_gazebo/share/ament_index/resource_index/parent_prefix_path/ros_gz_crazyflie_gazebo
[0.365s] -- Up-to-date: /home/user/data/drones_ship_ws/install/ros_gz_crazyflie_gazebo/share/ros_gz_crazyflie_gazebo/environment/ament_prefix_path.sh
[0.365s] -- Up-to-date: /home/user/data/drones_ship_ws/install/ros_gz_crazyflie_gazebo/share/ros_gz_crazyflie_gazebo/environment/ament_prefix_path.dsv
[0.366s] -- Up-to-date: /home/user/data/drones_ship_ws/install/ros_gz_crazyflie_gazebo/share/ros_gz_crazyflie_gazebo/environment/path.sh
[0.366s] -- Up-to-date: /home/user/data/drones_ship_ws/install/ros_gz_crazyflie_gazebo/share/ros_gz_crazyflie_gazebo/environment/path.dsv
[0.366s] -- Up-to-date: /home/user/data/drones_ship_ws/install/ros_gz_crazyflie_gazebo/share/ros_gz_crazyflie_gazebo/local_setup.bash
[0.366s] -- Up-to-date: /home/user/data/drones_ship_ws/install/ros_gz_crazyflie_gazebo/share/ros_gz_crazyflie_gazebo/local_setup.sh
[0.366s] -- Up-to-date: /home/user/data/drones_ship_ws/install/ros_gz_crazyflie_gazebo/share/ros_gz_crazyflie_gazebo/local_setup.zsh
[0.366s] -- Up-to-date: /home/user/data/drones_ship_ws/install/ros_gz_crazyflie_gazebo/share/ros_gz_crazyflie_gazebo/local_setup.dsv
[0.366s] -- Up-to-date: /home/user/data/drones_ship_ws/install/ros_gz_crazyflie_gazebo/share/ros_gz_crazyflie_gazebo/package.dsv
[0.366s] -- Up-to-date: /home/user/data/drones_ship_ws/install/ros_gz_crazyflie_gazebo/share/ament_index/resource_index/packages/ros_gz_crazyflie_gazebo
[0.366s] -- Up-to-date: /home/user/data/drones_ship_ws/install/ros_gz_crazyflie_gazebo/share/ros_gz_crazyflie_gazebo/cmake/ros_gz_crazyflie_gazeboConfig.cmake
[0.366s] -- Up-to-date: /home/user/data/drones_ship_ws/install/ros_gz_crazyflie_gazebo/share/ros_gz_crazyflie_gazebo/cmake/ros_gz_crazyflie_gazeboConfig-version.cmake
[0.366s] -- Up-to-date: /home/user/data/drones_ship_ws/install/ros_gz_crazyflie_gazebo/share/ros_gz_crazyflie_gazebo/package.xml
[0.413s] Invoked command in '/home/user/data/drones_ship_ws/build/ros_gz_crazyflie_gazebo' returned '0': CMAKE_PREFIX_PATH=${CMAKE_PREFIX_PATH}:/home/user/data/drones_ship_ws/install/ros_gz_crazyflie_control:/home/user/data/drones_ship_ws/install/multi_drone_traj_replay:/opt/ros/jazzy DEBUGINFOD_URLS=https://debuginfod.ubuntu.com /usr/bin/cmake --install /home/user/data/drones_ship_ws/build/ros_gz_crazyflie_gazebo
