[0.061s] Invoking command in '/home/user/data/drones_ship_ws/build/aquabot_motion': CMAKE_PREFIX_PATH=${CMAKE_PREFIX_PATH}:/home/user/data/drones_ship_ws/install/ros_gz_crazyflie_control:/opt/ros/jazzy DEBUGINFOD_URLS=https://debuginfod.ubuntu.com /usr/bin/cmake --build /home/user/data/drones_ship_ws/build/aquabot_motion -- -j20 -l20
[0.375s] Invoked command in '/home/user/data/drones_ship_ws/build/aquabot_motion' returned '0': CMAKE_PREFIX_PATH=${CMAKE_PREFIX_PATH}:/home/user/data/drones_ship_ws/install/ros_gz_crazyflie_control:/opt/ros/jazzy DEBUGINFOD_URLS=https://debuginfod.ubuntu.com /usr/bin/cmake --build /home/user/data/drones_ship_ws/build/aquabot_motion -- -j20 -l20
[0.376s] Invoking command in '/home/user/data/drones_ship_ws/build/aquabot_motion': CMAKE_PREFIX_PATH=${CMAKE_PREFIX_PATH}:/home/user/data/drones_ship_ws/install/ros_gz_crazyflie_control:/opt/ros/jazzy DEBUGINFOD_URLS=https://debuginfod.ubuntu.com /usr/bin/cmake --install /home/user/data/drones_ship_ws/build/aquabot_motion
[0.390s] -- Install configuration: ""
[0.390s] -- Up-to-date: /home/user/data/drones_ship_ws/install/aquabot_motion/lib/aquabot_motion/cmd.py
[0.390s] -- Up-to-date: /home/user/data/drones_ship_ws/install/aquabot_motion/lib/aquabot_motion/planner.py
[0.390s] -- Up-to-date: /home/user/data/drones_ship_ws/install/aquabot_motion/lib/aquabot_motion/astar.py
[0.390s] -- Up-to-date: /home/user/data/drones_ship_ws/install/aquabot_motion/lib/aquabot_motion/bitangents.py
[0.391s] -- Up-to-date: /home/user/data/drones_ship_ws/install/aquabot_motion/lib/aquabot_motion/path_follower.py
[0.391s] -- Up-to-date: /home/user/data/drones_ship_ws/install/aquabot_motion/share/aquabot_motion/launch
[0.391s] -- Up-to-date: /home/user/data/drones_ship_ws/install/aquabot_motion/share/aquabot_motion/launch/manual_launch.py
[0.391s] -- Up-to-date: /home/user/data/drones_ship_ws/install/aquabot_motion/share/aquabot_motion/launch/Twist.yaml
[0.391s] -- Up-to-date: /home/user/data/drones_ship_ws/install/aquabot_motion/share/ament_index/resource_index/package_run_dependencies/aquabot_motion
[0.391s] -- Up-to-date: /home/user/data/drones_ship_ws/install/aquabot_motion/share/ament_index/resource_index/parent_prefix_path/aquabot_motion
[0.391s] -- Up-to-date: /home/user/data/drones_ship_ws/install/aquabot_motion/share/aquabot_motion/environment/ament_prefix_path.sh
[0.391s] -- Up-to-date: /home/user/data/drones_ship_ws/install/aquabot_motion/share/aquabot_motion/environment/ament_prefix_path.dsv
[0.392s] -- Up-to-date: /home/user/data/drones_ship_ws/install/aquabot_motion/share/aquabot_motion/environment/path.sh
[0.392s] -- Up-to-date: /home/user/data/drones_ship_ws/install/aquabot_motion/share/aquabot_motion/environment/path.dsv
[0.392s] -- Up-to-date: /home/user/data/drones_ship_ws/install/aquabot_motion/share/aquabot_motion/local_setup.bash
[0.392s] -- Up-to-date: /home/user/data/drones_ship_ws/install/aquabot_motion/share/aquabot_motion/local_setup.sh
[0.392s] -- Up-to-date: /home/user/data/drones_ship_ws/install/aquabot_motion/share/aquabot_motion/local_setup.zsh
[0.392s] -- Up-to-date: /home/user/data/drones_ship_ws/install/aquabot_motion/share/aquabot_motion/local_setup.dsv
[0.392s] -- Installing: /home/user/data/drones_ship_ws/install/aquabot_motion/share/aquabot_motion/package.dsv
[0.392s] -- Up-to-date: /home/user/data/drones_ship_ws/install/aquabot_motion/share/ament_index/resource_index/packages/aquabot_motion
[0.392s] -- Up-to-date: /home/user/data/drones_ship_ws/install/aquabot_motion/share/aquabot_motion/cmake/aquabot_motionConfig.cmake
[0.392s] -- Up-to-date: /home/user/data/drones_ship_ws/install/aquabot_motion/share/aquabot_motion/cmake/aquabot_motionConfig-version.cmake
[0.392s] -- Up-to-date: /home/user/data/drones_ship_ws/install/aquabot_motion/share/aquabot_motion/package.xml
[0.403s] Invoked command in '/home/user/data/drones_ship_ws/build/aquabot_motion' returned '0': CMAKE_PREFIX_PATH=${CMAKE_PREFIX_PATH}:/home/user/data/drones_ship_ws/install/ros_gz_crazyflie_control:/opt/ros/jazzy DEBUGINFOD_URLS=https://debuginfod.ubuntu.com /usr/bin/cmake --install /home/user/data/drones_ship_ws/build/aquabot_motion
