-- The C compiler identification is GNU 13.3.0
-- The CXX compiler identification is GNU 13.3.0
-- Detecting C compiler ABI info
-- Detecting C compiler ABI info - done
-- Check for working C compiler: /usr/lib/ccache/cc - skipped
-- Detecting C compile features
-- Detecting C compile features - done
-- Detecting CXX compiler ABI info
-- Detecting CXX compiler ABI info - done
-- Check for working CXX compiler: /usr/lib/ccache/c++ - skipped
-- Detecting CXX compile features
-- Detecting CXX compile features - done
-- Found ament_cmake: 2.5.4 (/opt/ros/jazzy/share/ament_cmake/cmake)
-- Found Python3: /usr/bin/python3 (found version "3.12.3") found components: Interpreter 
-- Found xacro: 2.0.13 (/opt/ros/jazzy/share/xacro/cmake)
-- xacro: determining deps for: urdf/wamv_base.urdf.xacro ...
-- Configuring done (1.0s)
-- Generating done (0.0s)
-- Build files have been written to: /home/user/data/drones_ship_ws/build/wamv_description
[100%] [34m[1mxacro: generating urdf/wamv_base.urdf from urdf/wamv_base.urdf.xacro[0m
[100%] Built target wamv_description__xacro_auto_generate
-- Install configuration: ""
-- Installing: /home/user/data/drones_ship_ws/install/wamv_description/share/wamv_description/environment/resource_paths.dsv
-- Installing: /home/user/data/drones_ship_ws/install/wamv_description/share/wamv_description/environment/resource_paths.sh
-- Installing: /home/user/data/drones_ship_ws/install/wamv_description/share/wamv_description/urdf/wamv_base.urdf
-- Installing: /home/user/data/drones_ship_ws/install/wamv_description/share/wamv_description/models
-- Installing: /home/user/data/drones_ship_ws/install/wamv_description/share/wamv_description/models/propeller
-- Installing: /home/user/data/drones_ship_ws/install/wamv_description/share/wamv_description/models/propeller/mesh
-- Installing: /home/user/data/drones_ship_ws/install/wamv_description/share/wamv_description/models/propeller/mesh/propeller.dae
-- Installing: /home/user/data/drones_ship_ws/install/wamv_description/share/wamv_description/models/propeller/model.config
-- Installing: /home/user/data/drones_ship_ws/install/wamv_description/share/wamv_description/models/engine
-- Installing: /home/user/data/drones_ship_ws/install/wamv_description/share/wamv_description/models/engine/mesh
-- Installing: /home/user/data/drones_ship_ws/install/wamv_description/share/wamv_description/models/engine/mesh/engine.dae
-- Installing: /home/user/data/drones_ship_ws/install/wamv_description/share/wamv_description/models/engine/model.config
-- Installing: /home/user/data/drones_ship_ws/install/wamv_description/share/wamv_description/models/WAM-V-Base
-- Installing: /home/user/data/drones_ship_ws/install/wamv_description/share/wamv_description/models/WAM-V-Base/mesh
-- Installing: /home/user/data/drones_ship_ws/install/wamv_description/share/wamv_description/models/WAM-V-Base/mesh/WAM-V_Normal.png
-- Installing: /home/user/data/drones_ship_ws/install/wamv_description/share/wamv_description/models/WAM-V-Base/mesh/WAM-V_Roughness.png
-- Installing: /home/user/data/drones_ship_ws/install/wamv_description/share/wamv_description/models/WAM-V-Base/mesh/WamV.png
-- Installing: /home/user/data/drones_ship_ws/install/wamv_description/share/wamv_description/models/WAM-V-Base/mesh/WAM-V_Metalness.png
-- Installing: /home/user/data/drones_ship_ws/install/wamv_description/share/wamv_description/models/WAM-V-Base/mesh/WAM-V_Albedo.png
-- Installing: /home/user/data/drones_ship_ws/install/wamv_description/share/wamv_description/models/WAM-V-Base/mesh/WAM-V-Base.dae
-- Installing: /home/user/data/drones_ship_ws/install/wamv_description/share/wamv_description/models/WAM-V-Base/model.config
-- Up-to-date: /home/user/data/drones_ship_ws/install/wamv_description/share/wamv_description/urdf
-- Installing: /home/user/data/drones_ship_ws/install/wamv_description/share/wamv_description/urdf/cpu_cases.xacro
-- Installing: /home/user/data/drones_ship_ws/install/wamv_description/share/wamv_description/urdf/thrusters
-- Installing: /home/user/data/drones_ship_ws/install/wamv_description/share/wamv_description/urdf/thrusters/engine.xacro
-- Installing: /home/user/data/drones_ship_ws/install/wamv_description/share/wamv_description/urdf/wamv_base.urdf.xacro
-- Installing: /home/user/data/drones_ship_ws/install/wamv_description/share/wamv_description/urdf/battery.xacro
-- Installing: /home/user/data/drones_ship_ws/install/wamv_description/share/ament_index/resource_index/package_run_dependencies/wamv_description
-- Installing: /home/user/data/drones_ship_ws/install/wamv_description/share/ament_index/resource_index/parent_prefix_path/wamv_description
-- Installing: /home/user/data/drones_ship_ws/install/wamv_description/share/wamv_description/environment/ament_prefix_path.sh
-- Installing: /home/user/data/drones_ship_ws/install/wamv_description/share/wamv_description/environment/ament_prefix_path.dsv
-- Installing: /home/user/data/drones_ship_ws/install/wamv_description/share/wamv_description/environment/path.sh
-- Installing: /home/user/data/drones_ship_ws/install/wamv_description/share/wamv_description/environment/path.dsv
-- Installing: /home/user/data/drones_ship_ws/install/wamv_description/share/wamv_description/local_setup.bash
-- Installing: /home/user/data/drones_ship_ws/install/wamv_description/share/wamv_description/local_setup.sh
-- Installing: /home/user/data/drones_ship_ws/install/wamv_description/share/wamv_description/local_setup.zsh
-- Installing: /home/user/data/drones_ship_ws/install/wamv_description/share/wamv_description/local_setup.dsv
-- Installing: /home/user/data/drones_ship_ws/install/wamv_description/share/wamv_description/package.dsv
-- Installing: /home/user/data/drones_ship_ws/install/wamv_description/share/ament_index/resource_index/packages/wamv_description
-- Installing: /home/user/data/drones_ship_ws/install/wamv_description/share/wamv_description/cmake/wamv_descriptionConfig.cmake
-- Installing: /home/user/data/drones_ship_ws/install/wamv_description/share/wamv_description/cmake/wamv_descriptionConfig-version.cmake
-- Installing: /home/user/data/drones_ship_ws/install/wamv_description/share/wamv_description/package.xml
