[0.015s] Invoking command in '/home/user/data/drones_ship_ws/build/wamv_description': CMAKE_PREFIX_PATH=/home/user/data/drones_ship_ws/install/vrx_gazebo:/home/user/data/drones_ship_ws/install/wamv_gazebo:/home/user/data/drones_ship_ws/install/wamv_description:/home/user/data/drones_ship_ws/install/vrx_gz:/home/user/data/drones_ship_ws/install/vrx_ros:/home/user/data/drones_ship_ws/install/aquabot_description:/home/user/data/drones_ship_ws/install/ros_gz_crazyflie_bringup:/home/user/data/drones_ship_ws/install/ros_gz_crazyflie_gazebo:/home/user/data/drones_ship_ws/install/crazyflie_yolo:/home/user/data/drones_ship_ws/install/crazyflie_ekf:/home/user/data/drones_ship_ws/install/crazyflie_control:/home/user/data/drones_ship_ws/install/aquabot_motion:/home/user/data/drones_ship_ws/install/aquabot_gz:/home/user/data/drones_ship_ws/install/aquabot_ekf:/opt/ros/jazzy/opt/gz_sim_vendor:/opt/ros/jazzy/opt/gz_sensors_vendor:/opt/ros/jazzy/opt/gz_physics_vendor:/opt/ros/jazzy/opt/sdformat_vendor:/opt/ros/jazzy/opt/gz_gui_vendor:/opt/ros/jazzy/opt/gz_transport_vendor:/opt/ros/jazzy/opt/gz_rendering_vendor:/opt/ros/jazzy/opt/gz_plugin_vendor:/opt/ros/jazzy/opt/gz_fuel_tools_vendor:/opt/ros/jazzy/opt/gz_msgs_vendor:/opt/ros/jazzy/opt/gz_common_vendor:/opt/ros/jazzy/opt/gz_math_vendor:/opt/ros/jazzy/opt/gz_utils_vendor:/opt/ros/jazzy/opt/gz_tools_vendor:/opt/ros/jazzy/opt/gz_ogre_next_vendor:/opt/ros/jazzy/opt/gz_dartsim_vendor:/opt/ros/jazzy/opt/gz_cmake_vendor:/home/user/data/drones_ship_ws/install/ros_gz_crazyflie_control:/opt/ros/jazzy DEBUGINFOD_URLS=https://debuginfod.ubuntu.com GZ_SIM_RESOURCE_PATH=/home/user/data/drones_ship_ws/install/vrx_gazebo/share:${GZ_SIM_RESOURCE_PATH} PYTHONPATH=/home/user/data/drones_ship_ws/install/vrx_gazebo/lib/python3.12/site-packages:/home/user/data/drones_ship_ws/install/vrx_gz/lib/python3.12/site-packages:/home/user/data/drones_ship_ws/install/ros_gz_crazyflie_control/lib/python3.12/site-packages:/home/user/data/drones_ship_ws/install/crazyflie_yolo/lib/python3.12/site-packages:/opt/ros/jazzy/lib/python3.12/site-packages /usr/bin/cmake /home/user/data/drones_ship_ws/src/drone_ship/vrx/vrx_urdf/wamv_description -DCMAKE_INSTALL_PREFIX=/home/user/data/drones_ship_ws/install/wamv_description
[0.085s] -- The C compiler identification is GNU 13.3.0
[0.146s] -- The CXX compiler identification is GNU 13.3.0
[0.179s] -- Detecting C compiler ABI info
[0.290s] -- Detecting C compiler ABI info - done
[0.303s] -- Check for working C compiler: /usr/lib/ccache/cc - skipped
[0.303s] -- Detecting C compile features
[0.303s] -- Detecting C compile features - done
[0.317s] -- Detecting CXX compiler ABI info
[0.429s] -- Detecting CXX compiler ABI info - done
[0.437s] -- Check for working CXX compiler: /usr/lib/ccache/c++ - skipped
[0.438s] -- Detecting CXX compile features
[0.438s] -- Detecting CXX compile features - done
[0.446s] -- Found ament_cmake: 2.5.4 (/opt/ros/jazzy/share/ament_cmake/cmake)
[0.601s] -- Found Python3: /usr/bin/python3 (found version "3.12.3") found components: Interpreter 
[0.765s] -- Found xacro: 2.0.13 (/opt/ros/jazzy/share/xacro/cmake)
[0.767s] -- xacro: determining deps for: urdf/wamv_base.urdf.xacro ...
[1.002s] -- Configuring done (1.0s)
[1.005s] -- Generating done (0.0s)
[1.006s] -- Build files have been written to: /home/user/data/drones_ship_ws/build/wamv_description
[1.010s] Invoked command in '/home/user/data/drones_ship_ws/build/wamv_description' returned '0': CMAKE_PREFIX_PATH=/home/user/data/drones_ship_ws/install/vrx_gazebo:/home/user/data/drones_ship_ws/install/wamv_gazebo:/home/user/data/drones_ship_ws/install/wamv_description:/home/user/data/drones_ship_ws/install/vrx_gz:/home/user/data/drones_ship_ws/install/vrx_ros:/home/user/data/drones_ship_ws/install/aquabot_description:/home/user/data/drones_ship_ws/install/ros_gz_crazyflie_bringup:/home/user/data/drones_ship_ws/install/ros_gz_crazyflie_gazebo:/home/user/data/drones_ship_ws/install/crazyflie_yolo:/home/user/data/drones_ship_ws/install/crazyflie_ekf:/home/user/data/drones_ship_ws/install/crazyflie_control:/home/user/data/drones_ship_ws/install/aquabot_motion:/home/user/data/drones_ship_ws/install/aquabot_gz:/home/user/data/drones_ship_ws/install/aquabot_ekf:/opt/ros/jazzy/opt/gz_sim_vendor:/opt/ros/jazzy/opt/gz_sensors_vendor:/opt/ros/jazzy/opt/gz_physics_vendor:/opt/ros/jazzy/opt/sdformat_vendor:/opt/ros/jazzy/opt/gz_gui_vendor:/opt/ros/jazzy/opt/gz_transport_vendor:/opt/ros/jazzy/opt/gz_rendering_vendor:/opt/ros/jazzy/opt/gz_plugin_vendor:/opt/ros/jazzy/opt/gz_fuel_tools_vendor:/opt/ros/jazzy/opt/gz_msgs_vendor:/opt/ros/jazzy/opt/gz_common_vendor:/opt/ros/jazzy/opt/gz_math_vendor:/opt/ros/jazzy/opt/gz_utils_vendor:/opt/ros/jazzy/opt/gz_tools_vendor:/opt/ros/jazzy/opt/gz_ogre_next_vendor:/opt/ros/jazzy/opt/gz_dartsim_vendor:/opt/ros/jazzy/opt/gz_cmake_vendor:/home/user/data/drones_ship_ws/install/ros_gz_crazyflie_control:/opt/ros/jazzy DEBUGINFOD_URLS=https://debuginfod.ubuntu.com GZ_SIM_RESOURCE_PATH=/home/user/data/drones_ship_ws/install/vrx_gazebo/share:${GZ_SIM_RESOURCE_PATH} PYTHONPATH=/home/user/data/drones_ship_ws/install/vrx_gazebo/lib/python3.12/site-packages:/home/user/data/drones_ship_ws/install/vrx_gz/lib/python3.12/site-packages:/home/user/data/drones_ship_ws/install/ros_gz_crazyflie_control/lib/python3.12/site-packages:/home/user/data/drones_ship_ws/install/crazyflie_yolo/lib/python3.12/site-packages:/opt/ros/jazzy/lib/python3.12/site-packages /usr/bin/cmake /home/user/data/drones_ship_ws/src/drone_ship/vrx/vrx_urdf/wamv_description -DCMAKE_INSTALL_PREFIX=/home/user/data/drones_ship_ws/install/wamv_description
[1.011s] Invoking command in '/home/user/data/drones_ship_ws/build/wamv_description': CMAKE_PREFIX_PATH=/home/user/data/drones_ship_ws/install/vrx_gazebo:/home/user/data/drones_ship_ws/install/wamv_gazebo:/home/user/data/drones_ship_ws/install/wamv_description:/home/user/data/drones_ship_ws/install/vrx_gz:/home/user/data/drones_ship_ws/install/vrx_ros:/home/user/data/drones_ship_ws/install/aquabot_description:/home/user/data/drones_ship_ws/install/ros_gz_crazyflie_bringup:/home/user/data/drones_ship_ws/install/ros_gz_crazyflie_gazebo:/home/user/data/drones_ship_ws/install/crazyflie_yolo:/home/user/data/drones_ship_ws/install/crazyflie_ekf:/home/user/data/drones_ship_ws/install/crazyflie_control:/home/user/data/drones_ship_ws/install/aquabot_motion:/home/user/data/drones_ship_ws/install/aquabot_gz:/home/user/data/drones_ship_ws/install/aquabot_ekf:/opt/ros/jazzy/opt/gz_sim_vendor:/opt/ros/jazzy/opt/gz_sensors_vendor:/opt/ros/jazzy/opt/gz_physics_vendor:/opt/ros/jazzy/opt/sdformat_vendor:/opt/ros/jazzy/opt/gz_gui_vendor:/opt/ros/jazzy/opt/gz_transport_vendor:/opt/ros/jazzy/opt/gz_rendering_vendor:/opt/ros/jazzy/opt/gz_plugin_vendor:/opt/ros/jazzy/opt/gz_fuel_tools_vendor:/opt/ros/jazzy/opt/gz_msgs_vendor:/opt/ros/jazzy/opt/gz_common_vendor:/opt/ros/jazzy/opt/gz_math_vendor:/opt/ros/jazzy/opt/gz_utils_vendor:/opt/ros/jazzy/opt/gz_tools_vendor:/opt/ros/jazzy/opt/gz_ogre_next_vendor:/opt/ros/jazzy/opt/gz_dartsim_vendor:/opt/ros/jazzy/opt/gz_cmake_vendor:/home/user/data/drones_ship_ws/install/ros_gz_crazyflie_control:/opt/ros/jazzy DEBUGINFOD_URLS=https://debuginfod.ubuntu.com GZ_SIM_RESOURCE_PATH=/home/user/data/drones_ship_ws/install/vrx_gazebo/share:${GZ_SIM_RESOURCE_PATH} PYTHONPATH=/home/user/data/drones_ship_ws/install/vrx_gazebo/lib/python3.12/site-packages:/home/user/data/drones_ship_ws/install/vrx_gz/lib/python3.12/site-packages:/home/user/data/drones_ship_ws/install/ros_gz_crazyflie_control/lib/python3.12/site-packages:/home/user/data/drones_ship_ws/install/crazyflie_yolo/lib/python3.12/site-packages:/opt/ros/jazzy/lib/python3.12/site-packages /usr/bin/cmake --build /home/user/data/drones_ship_ws/build/wamv_description -- -j20 -l20
[1.084s] [100%] [34m[1mxacro: generating urdf/wamv_base.urdf from urdf/wamv_base.urdf.xacro[0m
[1.251s] [100%] Built target wamv_description__xacro_auto_generate
[1.273s] Invoked command in '/home/user/data/drones_ship_ws/build/wamv_description' returned '0': CMAKE_PREFIX_PATH=/home/user/data/drones_ship_ws/install/vrx_gazebo:/home/user/data/drones_ship_ws/install/wamv_gazebo:/home/user/data/drones_ship_ws/install/wamv_description:/home/user/data/drones_ship_ws/install/vrx_gz:/home/user/data/drones_ship_ws/install/vrx_ros:/home/user/data/drones_ship_ws/install/aquabot_description:/home/user/data/drones_ship_ws/install/ros_gz_crazyflie_bringup:/home/user/data/drones_ship_ws/install/ros_gz_crazyflie_gazebo:/home/user/data/drones_ship_ws/install/crazyflie_yolo:/home/user/data/drones_ship_ws/install/crazyflie_ekf:/home/user/data/drones_ship_ws/install/crazyflie_control:/home/user/data/drones_ship_ws/install/aquabot_motion:/home/user/data/drones_ship_ws/install/aquabot_gz:/home/user/data/drones_ship_ws/install/aquabot_ekf:/opt/ros/jazzy/opt/gz_sim_vendor:/opt/ros/jazzy/opt/gz_sensors_vendor:/opt/ros/jazzy/opt/gz_physics_vendor:/opt/ros/jazzy/opt/sdformat_vendor:/opt/ros/jazzy/opt/gz_gui_vendor:/opt/ros/jazzy/opt/gz_transport_vendor:/opt/ros/jazzy/opt/gz_rendering_vendor:/opt/ros/jazzy/opt/gz_plugin_vendor:/opt/ros/jazzy/opt/gz_fuel_tools_vendor:/opt/ros/jazzy/opt/gz_msgs_vendor:/opt/ros/jazzy/opt/gz_common_vendor:/opt/ros/jazzy/opt/gz_math_vendor:/opt/ros/jazzy/opt/gz_utils_vendor:/opt/ros/jazzy/opt/gz_tools_vendor:/opt/ros/jazzy/opt/gz_ogre_next_vendor:/opt/ros/jazzy/opt/gz_dartsim_vendor:/opt/ros/jazzy/opt/gz_cmake_vendor:/home/user/data/drones_ship_ws/install/ros_gz_crazyflie_control:/opt/ros/jazzy DEBUGINFOD_URLS=https://debuginfod.ubuntu.com GZ_SIM_RESOURCE_PATH=/home/user/data/drones_ship_ws/install/vrx_gazebo/share:${GZ_SIM_RESOURCE_PATH} PYTHONPATH=/home/user/data/drones_ship_ws/install/vrx_gazebo/lib/python3.12/site-packages:/home/user/data/drones_ship_ws/install/vrx_gz/lib/python3.12/site-packages:/home/user/data/drones_ship_ws/install/ros_gz_crazyflie_control/lib/python3.12/site-packages:/home/user/data/drones_ship_ws/install/crazyflie_yolo/lib/python3.12/site-packages:/opt/ros/jazzy/lib/python3.12/site-packages /usr/bin/cmake --build /home/user/data/drones_ship_ws/build/wamv_description -- -j20 -l20
[1.274s] Invoking command in '/home/user/data/drones_ship_ws/build/wamv_description': CMAKE_PREFIX_PATH=/home/user/data/drones_ship_ws/install/vrx_gazebo:/home/user/data/drones_ship_ws/install/wamv_gazebo:/home/user/data/drones_ship_ws/install/wamv_description:/home/user/data/drones_ship_ws/install/vrx_gz:/home/user/data/drones_ship_ws/install/vrx_ros:/home/user/data/drones_ship_ws/install/aquabot_description:/home/user/data/drones_ship_ws/install/ros_gz_crazyflie_bringup:/home/user/data/drones_ship_ws/install/ros_gz_crazyflie_gazebo:/home/user/data/drones_ship_ws/install/crazyflie_yolo:/home/user/data/drones_ship_ws/install/crazyflie_ekf:/home/user/data/drones_ship_ws/install/crazyflie_control:/home/user/data/drones_ship_ws/install/aquabot_motion:/home/user/data/drones_ship_ws/install/aquabot_gz:/home/user/data/drones_ship_ws/install/aquabot_ekf:/opt/ros/jazzy/opt/gz_sim_vendor:/opt/ros/jazzy/opt/gz_sensors_vendor:/opt/ros/jazzy/opt/gz_physics_vendor:/opt/ros/jazzy/opt/sdformat_vendor:/opt/ros/jazzy/opt/gz_gui_vendor:/opt/ros/jazzy/opt/gz_transport_vendor:/opt/ros/jazzy/opt/gz_rendering_vendor:/opt/ros/jazzy/opt/gz_plugin_vendor:/opt/ros/jazzy/opt/gz_fuel_tools_vendor:/opt/ros/jazzy/opt/gz_msgs_vendor:/opt/ros/jazzy/opt/gz_common_vendor:/opt/ros/jazzy/opt/gz_math_vendor:/opt/ros/jazzy/opt/gz_utils_vendor:/opt/ros/jazzy/opt/gz_tools_vendor:/opt/ros/jazzy/opt/gz_ogre_next_vendor:/opt/ros/jazzy/opt/gz_dartsim_vendor:/opt/ros/jazzy/opt/gz_cmake_vendor:/home/user/data/drones_ship_ws/install/ros_gz_crazyflie_control:/opt/ros/jazzy DEBUGINFOD_URLS=https://debuginfod.ubuntu.com GZ_SIM_RESOURCE_PATH=/home/user/data/drones_ship_ws/install/vrx_gazebo/share:${GZ_SIM_RESOURCE_PATH} PYTHONPATH=/home/user/data/drones_ship_ws/install/vrx_gazebo/lib/python3.12/site-packages:/home/user/data/drones_ship_ws/install/vrx_gz/lib/python3.12/site-packages:/home/user/data/drones_ship_ws/install/ros_gz_crazyflie_control/lib/python3.12/site-packages:/home/user/data/drones_ship_ws/install/crazyflie_yolo/lib/python3.12/site-packages:/opt/ros/jazzy/lib/python3.12/site-packages /usr/bin/cmake --install /home/user/data/drones_ship_ws/build/wamv_description
[1.286s] -- Install configuration: ""
[1.287s] -- Installing: /home/user/data/drones_ship_ws/install/wamv_description/share/wamv_description/environment/resource_paths.dsv
[1.287s] -- Installing: /home/user/data/drones_ship_ws/install/wamv_description/share/wamv_description/environment/resource_paths.sh
[1.287s] -- Installing: /home/user/data/drones_ship_ws/install/wamv_description/share/wamv_description/urdf/wamv_base.urdf
[1.287s] -- Installing: /home/user/data/drones_ship_ws/install/wamv_description/share/wamv_description/models
[1.287s] -- Installing: /home/user/data/drones_ship_ws/install/wamv_description/share/wamv_description/models/propeller
[1.287s] -- Installing: /home/user/data/drones_ship_ws/install/wamv_description/share/wamv_description/models/propeller/mesh
[1.287s] -- Installing: /home/user/data/drones_ship_ws/install/wamv_description/share/wamv_description/models/propeller/mesh/propeller.dae
[1.288s] -- Installing: /home/user/data/drones_ship_ws/install/wamv_description/share/wamv_description/models/propeller/model.config
[1.288s] -- Installing: /home/user/data/drones_ship_ws/install/wamv_description/share/wamv_description/models/engine
[1.288s] -- Installing: /home/user/data/drones_ship_ws/install/wamv_description/share/wamv_description/models/engine/mesh
[1.289s] -- Installing: /home/user/data/drones_ship_ws/install/wamv_description/share/wamv_description/models/engine/mesh/engine.dae
[1.289s] -- Installing: /home/user/data/drones_ship_ws/install/wamv_description/share/wamv_description/models/engine/model.config
[1.289s] -- Installing: /home/user/data/drones_ship_ws/install/wamv_description/share/wamv_description/models/WAM-V-Base
[1.290s] -- Installing: /home/user/data/drones_ship_ws/install/wamv_description/share/wamv_description/models/WAM-V-Base/mesh
[1.290s] -- Installing: /home/user/data/drones_ship_ws/install/wamv_description/share/wamv_description/models/WAM-V-Base/mesh/WAM-V_Normal.png
[1.298s] -- Installing: /home/user/data/drones_ship_ws/install/wamv_description/share/wamv_description/models/WAM-V-Base/mesh/WAM-V_Roughness.png
[1.303s] -- Installing: /home/user/data/drones_ship_ws/install/wamv_description/share/wamv_description/models/WAM-V-Base/mesh/WamV.png
[1.306s] -- Installing: /home/user/data/drones_ship_ws/install/wamv_description/share/wamv_description/models/WAM-V-Base/mesh/WAM-V_Metalness.png
[1.307s] -- Installing: /home/user/data/drones_ship_ws/install/wamv_description/share/wamv_description/models/WAM-V-Base/mesh/WAM-V_Albedo.png
[1.317s] -- Installing: /home/user/data/drones_ship_ws/install/wamv_description/share/wamv_description/models/WAM-V-Base/mesh/WAM-V-Base.dae
[1.319s] -- Installing: /home/user/data/drones_ship_ws/install/wamv_description/share/wamv_description/models/WAM-V-Base/model.config
[1.319s] -- Up-to-date: /home/user/data/drones_ship_ws/install/wamv_description/share/wamv_description/urdf
[1.319s] -- Installing: /home/user/data/drones_ship_ws/install/wamv_description/share/wamv_description/urdf/cpu_cases.xacro
[1.319s] -- Installing: /home/user/data/drones_ship_ws/install/wamv_description/share/wamv_description/urdf/thrusters
[1.319s] -- Installing: /home/user/data/drones_ship_ws/install/wamv_description/share/wamv_description/urdf/thrusters/engine.xacro
[1.320s] -- Installing: /home/user/data/drones_ship_ws/install/wamv_description/share/wamv_description/urdf/wamv_base.urdf.xacro
[1.320s] -- Installing: /home/user/data/drones_ship_ws/install/wamv_description/share/wamv_description/urdf/battery.xacro
[1.320s] -- Installing: /home/user/data/drones_ship_ws/install/wamv_description/share/ament_index/resource_index/package_run_dependencies/wamv_description
[1.320s] -- Installing: /home/user/data/drones_ship_ws/install/wamv_description/share/ament_index/resource_index/parent_prefix_path/wamv_description
[1.320s] -- Installing: /home/user/data/drones_ship_ws/install/wamv_description/share/wamv_description/environment/ament_prefix_path.sh
[1.320s] -- Installing: /home/user/data/drones_ship_ws/install/wamv_description/share/wamv_description/environment/ament_prefix_path.dsv
[1.321s] -- Installing: /home/user/data/drones_ship_ws/install/wamv_description/share/wamv_description/environment/path.sh
[1.321s] -- Installing: /home/user/data/drones_ship_ws/install/wamv_description/share/wamv_description/environment/path.dsv
[1.321s] -- Installing: /home/user/data/drones_ship_ws/install/wamv_description/share/wamv_description/local_setup.bash
[1.321s] -- Installing: /home/user/data/drones_ship_ws/install/wamv_description/share/wamv_description/local_setup.sh
[1.321s] -- Installing: /home/user/data/drones_ship_ws/install/wamv_description/share/wamv_description/local_setup.zsh
[1.321s] -- Installing: /home/user/data/drones_ship_ws/install/wamv_description/share/wamv_description/local_setup.dsv
[1.321s] -- Installing: /home/user/data/drones_ship_ws/install/wamv_description/share/wamv_description/package.dsv
[1.321s] -- Installing: /home/user/data/drones_ship_ws/install/wamv_description/share/ament_index/resource_index/packages/wamv_description
[1.321s] -- Installing: /home/user/data/drones_ship_ws/install/wamv_description/share/wamv_description/cmake/wamv_descriptionConfig.cmake
[1.322s] -- Installing: /home/user/data/drones_ship_ws/install/wamv_description/share/wamv_description/cmake/wamv_descriptionConfig-version.cmake
[1.322s] -- Installing: /home/user/data/drones_ship_ws/install/wamv_description/share/wamv_description/package.xml
[1.324s] Invoked command in '/home/user/data/drones_ship_ws/build/wamv_description' returned '0': CMAKE_PREFIX_PATH=/home/user/data/drones_ship_ws/install/vrx_gazebo:/home/user/data/drones_ship_ws/install/wamv_gazebo:/home/user/data/drones_ship_ws/install/wamv_description:/home/user/data/drones_ship_ws/install/vrx_gz:/home/user/data/drones_ship_ws/install/vrx_ros:/home/user/data/drones_ship_ws/install/aquabot_description:/home/user/data/drones_ship_ws/install/ros_gz_crazyflie_bringup:/home/user/data/drones_ship_ws/install/ros_gz_crazyflie_gazebo:/home/user/data/drones_ship_ws/install/crazyflie_yolo:/home/user/data/drones_ship_ws/install/crazyflie_ekf:/home/user/data/drones_ship_ws/install/crazyflie_control:/home/user/data/drones_ship_ws/install/aquabot_motion:/home/user/data/drones_ship_ws/install/aquabot_gz:/home/user/data/drones_ship_ws/install/aquabot_ekf:/opt/ros/jazzy/opt/gz_sim_vendor:/opt/ros/jazzy/opt/gz_sensors_vendor:/opt/ros/jazzy/opt/gz_physics_vendor:/opt/ros/jazzy/opt/sdformat_vendor:/opt/ros/jazzy/opt/gz_gui_vendor:/opt/ros/jazzy/opt/gz_transport_vendor:/opt/ros/jazzy/opt/gz_rendering_vendor:/opt/ros/jazzy/opt/gz_plugin_vendor:/opt/ros/jazzy/opt/gz_fuel_tools_vendor:/opt/ros/jazzy/opt/gz_msgs_vendor:/opt/ros/jazzy/opt/gz_common_vendor:/opt/ros/jazzy/opt/gz_math_vendor:/opt/ros/jazzy/opt/gz_utils_vendor:/opt/ros/jazzy/opt/gz_tools_vendor:/opt/ros/jazzy/opt/gz_ogre_next_vendor:/opt/ros/jazzy/opt/gz_dartsim_vendor:/opt/ros/jazzy/opt/gz_cmake_vendor:/home/user/data/drones_ship_ws/install/ros_gz_crazyflie_control:/opt/ros/jazzy DEBUGINFOD_URLS=https://debuginfod.ubuntu.com GZ_SIM_RESOURCE_PATH=/home/user/data/drones_ship_ws/install/vrx_gazebo/share:${GZ_SIM_RESOURCE_PATH} PYTHONPATH=/home/user/data/drones_ship_ws/install/vrx_gazebo/lib/python3.12/site-packages:/home/user/data/drones_ship_ws/install/vrx_gz/lib/python3.12/site-packages:/home/user/data/drones_ship_ws/install/ros_gz_crazyflie_control/lib/python3.12/site-packages:/home/user/data/drones_ship_ws/install/crazyflie_yolo/lib/python3.12/site-packages:/opt/ros/jazzy/lib/python3.12/site-packages /usr/bin/cmake --install /home/user/data/drones_ship_ws/build/wamv_description
