[0.052s] Invoking command in '/home/user/data/drones_ship_ws/build/crazyflie_ekf': CMAKE_PREFIX_PATH=${CMAKE_PREFIX_PATH}:/home/user/data/drones_ship_ws/install/ros_gz_crazyflie_control:/home/user/data/drones_ship_ws/install/multi_drone_traj_replay:/opt/ros/jazzy DEBUGINFOD_URLS=https://debuginfod.ubuntu.com /usr/bin/cmake /home/user/data/drones_ship_ws/src/drone_ship/crazyflie_ekf -DCMAKE_INSTALL_PREFIX=/home/user/data/drones_ship_ws/install/crazyflie_ekf
[0.114s] -- The C compiler identification is GNU 13.3.0
[0.165s] -- The CXX compiler identification is GNU 13.3.0
[0.190s] -- Detecting C compiler ABI info
[0.284s] -- Detecting C compiler ABI info - done
[0.297s] -- Check for working C compiler: /usr/lib/ccache/cc - skipped
[0.297s] -- Detecting C compile features
[0.297s] -- Detecting C compile features - done
[0.309s] -- Detecting CXX compiler ABI info
[0.418s] -- Detecting CXX compiler ABI info - done
[0.431s] -- Check for working CXX compiler: /usr/lib/ccache/c++ - skipped
[0.431s] -- Detecting CXX compile features
[0.432s] -- Detecting CXX compile features - done
[0.442s] -- Found ament_cmake: 2.5.4 (/opt/ros/jazzy/share/ament_cmake/cmake)
[0.625s] -- Found Python3: /usr/bin/python3 (found version "3.12.3") found components: Interpreter 
[0.793s] -- Found rclcpp: 28.1.10 (/opt/ros/jazzy/share/rclcpp/cmake)
[0.878s] -- Found rosidl_generator_c: 4.6.5 (/opt/ros/jazzy/share/rosidl_generator_c/cmake)
[0.909s] -- Found rosidl_generator_cpp: 4.6.5 (/opt/ros/jazzy/share/rosidl_generator_cpp/cmake)
[0.942s] -- Using all available rosidl_typesupport_c: rosidl_typesupport_fastrtps_c;rosidl_typesupport_introspection_c
[0.979s] -- Using all available rosidl_typesupport_cpp: rosidl_typesupport_fastrtps_cpp;rosidl_typesupport_introspection_cpp
[1.114s] -- Found rmw_implementation_cmake: 7.3.2 (/opt/ros/jazzy/share/rmw_implementation_cmake/cmake)
[1.123s] -- Found rmw_fastrtps_cpp: 8.4.2 (/opt/ros/jazzy/share/rmw_fastrtps_cpp/cmake)
[1.257s] -- Found OpenSSL: /usr/lib/x86_64-linux-gnu/libcrypto.so (found version "3.0.13")  
[1.279s] -- Found FastRTPS: /opt/ros/jazzy/include (Required is at least version "2.13") 
[1.301s] -- Using RMW implementation 'rmw_fastrtps_cpp' as default
[1.398s] -- Found sensor_msgs: 5.3.6 (/opt/ros/jazzy/share/sensor_msgs/cmake)
[1.457s] -- Found nav_msgs: 5.3.6 (/opt/ros/jazzy/share/nav_msgs/cmake)
[1.483s] -- Found tf2: 0.36.12 (/opt/ros/jazzy/share/tf2/cmake)
[1.492s] -- Found tf2_ros: 0.36.12 (/opt/ros/jazzy/share/tf2_ros/cmake)
[1.644s] -- Found tf2_geometry_msgs: 0.36.12 (/opt/ros/jazzy/share/tf2_geometry_msgs/cmake)
[1.687s] -- Found eigen3_cmake_module: 0.3.0 (/opt/ros/jazzy/share/eigen3_cmake_module/cmake)
[1.688s] -- Found Eigen3: TRUE (found version "3.4.0") 
[1.688s] -- Ensuring Eigen3 include directory is part of orocos-kdl CMake target
[1.705s] -- Found ament_lint_auto: 0.17.2 (/opt/ros/jazzy/share/ament_lint_auto/cmake)
[1.857s] -- Added test 'cppcheck' to perform static code analysis on C / C++ code
[1.857s] -- Configured cppcheck include dirs: $<BUILD_INTERFACE:/home/user/data/drones_ship_ws/src/drone_ship/crazyflie_ekf/include>
[1.857s] -- Configured cppcheck exclude dirs and/or files: 
[1.859s] -- Added test 'flake8' to check Python code syntax and style conventions
[1.859s] -- Configured 'flake8' exclude dirs and/or files: 
[1.860s] -- Added test 'lint_cmake' to check CMake code style
[1.861s] -- Added test 'pep257' to check Python code against some of the docstring style conventions in PEP 257
[1.863s] -- Added test 'uncrustify' to check C / C++ code style
[1.863s] -- Configured uncrustify additional arguments: 
[1.864s] -- Added test 'xmllint' to check XML markup files
[1.867s] -- Configuring done (1.8s)
[1.886s] -- Generating done (0.0s)
[1.893s] -- Build files have been written to: /home/user/data/drones_ship_ws/build/crazyflie_ekf
[1.907s] Invoked command in '/home/user/data/drones_ship_ws/build/crazyflie_ekf' returned '0': CMAKE_PREFIX_PATH=${CMAKE_PREFIX_PATH}:/home/user/data/drones_ship_ws/install/ros_gz_crazyflie_control:/home/user/data/drones_ship_ws/install/multi_drone_traj_replay:/opt/ros/jazzy DEBUGINFOD_URLS=https://debuginfod.ubuntu.com /usr/bin/cmake /home/user/data/drones_ship_ws/src/drone_ship/crazyflie_ekf -DCMAKE_INSTALL_PREFIX=/home/user/data/drones_ship_ws/install/crazyflie_ekf
[1.909s] Invoking command in '/home/user/data/drones_ship_ws/build/crazyflie_ekf': CMAKE_PREFIX_PATH=${CMAKE_PREFIX_PATH}:/home/user/data/drones_ship_ws/install/ros_gz_crazyflie_control:/home/user/data/drones_ship_ws/install/multi_drone_traj_replay:/opt/ros/jazzy DEBUGINFOD_URLS=https://debuginfod.ubuntu.com /usr/bin/cmake --build /home/user/data/drones_ship_ws/build/crazyflie_ekf -- -j20 -l20
[1.996s] [ 16%] [32mBuilding CXX object CMakeFiles/gps2enu.dir/src/gps2enu.cpp.o[0m
[2.015s] [ 33%] [32m[1mLinking CXX static library libgps2enu.a[0m
[2.100s] [ 33%] Built target gps2enu
[2.130s] [ 50%] [32mBuilding CXX object CMakeFiles/crazyflie_ekf_node.dir/src/main.cpp.o[0m
[2.131s] [ 66%] [32mBuilding CXX object CMakeFiles/crazyflie_ekf_node.dir/src/crazyflie_ekf.cpp.o[0m
[2.134s] [ 83%] [32mBuilding CXX object CMakeFiles/crazyflie_ekf_node.dir/src/gps2enu.cpp.o[0m
[2.176s] [100%] [32m[1mLinking CXX executable crazyflie_ekf_node[0m
[2.924s] [100%] Built target crazyflie_ekf_node
[2.944s] Invoked command in '/home/user/data/drones_ship_ws/build/crazyflie_ekf' returned '0': CMAKE_PREFIX_PATH=${CMAKE_PREFIX_PATH}:/home/user/data/drones_ship_ws/install/ros_gz_crazyflie_control:/home/user/data/drones_ship_ws/install/multi_drone_traj_replay:/opt/ros/jazzy DEBUGINFOD_URLS=https://debuginfod.ubuntu.com /usr/bin/cmake --build /home/user/data/drones_ship_ws/build/crazyflie_ekf -- -j20 -l20
[2.945s] Invoking command in '/home/user/data/drones_ship_ws/build/crazyflie_ekf': CMAKE_PREFIX_PATH=${CMAKE_PREFIX_PATH}:/home/user/data/drones_ship_ws/install/ros_gz_crazyflie_control:/home/user/data/drones_ship_ws/install/multi_drone_traj_replay:/opt/ros/jazzy DEBUGINFOD_URLS=https://debuginfod.ubuntu.com /usr/bin/cmake --install /home/user/data/drones_ship_ws/build/crazyflie_ekf
[2.957s] -- Install configuration: ""
[2.957s] -- Installing: /home/user/data/drones_ship_ws/install/crazyflie_ekf/lib/crazyflie_ekf/crazyflie_ekf_node
[2.963s] -- Set non-toolchain portion of runtime path of "/home/user/data/drones_ship_ws/install/crazyflie_ekf/lib/crazyflie_ekf/crazyflie_ekf_node" to ""
[2.963s] -- Installing: /home/user/data/drones_ship_ws/install/crazyflie_ekf/include/
[2.963s] -- Installing: /home/user/data/drones_ship_ws/install/crazyflie_ekf/include//crazyflie_ekf
[2.963s] -- Installing: /home/user/data/drones_ship_ws/install/crazyflie_ekf/include//crazyflie_ekf/gps2enu.hpp
[2.963s] -- Installing: /home/user/data/drones_ship_ws/install/crazyflie_ekf/include//crazyflie_ekf/crazyflie_ekf.hpp
[2.963s] -- Installing: /home/user/data/drones_ship_ws/install/crazyflie_ekf/share/crazyflie_ekf//launch
[2.963s] -- Installing: /home/user/data/drones_ship_ws/install/crazyflie_ekf/share/crazyflie_ekf//launch/all_drones_ekf.launch.py
[2.963s] -- Installing: /home/user/data/drones_ship_ws/install/crazyflie_ekf/share/crazyflie_ekf//launch/drone_ekf.launch.py
[2.963s] -- Installing: /home/user/data/drones_ship_ws/install/crazyflie_ekf/share/crazyflie_ekf//launch/crazyflie_ekf.launch.py
[2.963s] -- Installing: /home/user/data/drones_ship_ws/install/crazyflie_ekf/share/crazyflie_ekf/config
[2.963s] -- Installing: /home/user/data/drones_ship_ws/install/crazyflie_ekf/share/crazyflie_ekf/config/drone_ekf.yaml
[2.963s] -- Installing: /home/user/data/drones_ship_ws/install/crazyflie_ekf/share/crazyflie_ekf/config/crazyflie_ekf.yaml
[2.963s] -- Installing: /home/user/data/drones_ship_ws/install/crazyflie_ekf/share/ament_index/resource_index/package_run_dependencies/crazyflie_ekf
[2.963s] -- Installing: /home/user/data/drones_ship_ws/install/crazyflie_ekf/share/ament_index/resource_index/parent_prefix_path/crazyflie_ekf
[2.964s] -- Installing: /home/user/data/drones_ship_ws/install/crazyflie_ekf/share/crazyflie_ekf/environment/ament_prefix_path.sh
[2.964s] -- Installing: /home/user/data/drones_ship_ws/install/crazyflie_ekf/share/crazyflie_ekf/environment/ament_prefix_path.dsv
[2.964s] -- Installing: /home/user/data/drones_ship_ws/install/crazyflie_ekf/share/crazyflie_ekf/environment/path.sh
[2.964s] -- Installing: /home/user/data/drones_ship_ws/install/crazyflie_ekf/share/crazyflie_ekf/environment/path.dsv
[2.964s] -- Installing: /home/user/data/drones_ship_ws/install/crazyflie_ekf/share/crazyflie_ekf/local_setup.bash
[2.964s] -- Installing: /home/user/data/drones_ship_ws/install/crazyflie_ekf/share/crazyflie_ekf/local_setup.sh
[2.964s] -- Installing: /home/user/data/drones_ship_ws/install/crazyflie_ekf/share/crazyflie_ekf/local_setup.zsh
[2.964s] -- Installing: /home/user/data/drones_ship_ws/install/crazyflie_ekf/share/crazyflie_ekf/local_setup.dsv
[2.964s] -- Installing: /home/user/data/drones_ship_ws/install/crazyflie_ekf/share/crazyflie_ekf/package.dsv
[2.964s] -- Installing: /home/user/data/drones_ship_ws/install/crazyflie_ekf/share/ament_index/resource_index/packages/crazyflie_ekf
[2.965s] -- Installing: /home/user/data/drones_ship_ws/install/crazyflie_ekf/share/crazyflie_ekf/cmake/crazyflie_ekfConfig.cmake
[2.965s] -- Installing: /home/user/data/drones_ship_ws/install/crazyflie_ekf/share/crazyflie_ekf/cmake/crazyflie_ekfConfig-version.cmake
[2.965s] -- Installing: /home/user/data/drones_ship_ws/install/crazyflie_ekf/share/crazyflie_ekf/package.xml
[2.967s] Invoked command in '/home/user/data/drones_ship_ws/build/crazyflie_ekf' returned '0': CMAKE_PREFIX_PATH=${CMAKE_PREFIX_PATH}:/home/user/data/drones_ship_ws/install/ros_gz_crazyflie_control:/home/user/data/drones_ship_ws/install/multi_drone_traj_replay:/opt/ros/jazzy DEBUGINFOD_URLS=https://debuginfod.ubuntu.com /usr/bin/cmake --install /home/user/data/drones_ship_ws/build/crazyflie_ekf
