[0.044s] Invoking command in '/home/user/data/drones_ship_ws/build/vrx_ros': CMAKE_PREFIX_PATH=${CMAKE_PREFIX_PATH}:/home/user/data/drones_ship_ws/install/ros_gz_crazyflie_control:/home/user/data/drones_ship_ws/install/multi_drone_traj_replay:/opt/ros/jazzy DEBUGINFOD_URLS=https://debuginfod.ubuntu.com /usr/bin/cmake /home/user/data/drones_ship_ws/src/vrx/vrx_ros -DCMAKE_INSTALL_PREFIX=/home/user/data/drones_ship_ws/install/vrx_ros
[0.108s] -- The C compiler identification is GNU 13.3.0
[0.182s] -- The CXX compiler identification is GNU 13.3.0
[0.206s] -- Detecting C compiler ABI info
[0.297s] -- Detecting C compiler ABI info - done
[0.303s] -- Check for working C compiler: /usr/lib/ccache/cc - skipped
[0.303s] -- Detecting C compile features
[0.304s] -- Detecting C compile features - done
[0.315s] -- Detecting CXX compiler ABI info
[0.432s] -- Detecting CXX compiler ABI info - done
[0.439s] -- Check for working CXX compiler: /usr/lib/ccache/c++ - skipped
[0.439s] -- Detecting CXX compile features
[0.439s] -- Detecting CXX compile features - done
[0.445s] -- Found ament_cmake: 2.5.4 (/opt/ros/jazzy/share/ament_cmake/cmake)
[0.592s] -- Found Python3: /usr/bin/python3 (found version "3.12.3") found components: Interpreter 
[0.796s] -- Found geometry_msgs: 5.3.6 (/opt/ros/jazzy/share/geometry_msgs/cmake)
[0.931s] -- Found rosidl_generator_c: 4.6.5 (/opt/ros/jazzy/share/rosidl_generator_c/cmake)
[0.973s] -- Found rosidl_generator_cpp: 4.6.5 (/opt/ros/jazzy/share/rosidl_generator_cpp/cmake)
[1.020s] -- Using all available rosidl_typesupport_c: rosidl_typesupport_fastrtps_c;rosidl_typesupport_introspection_c
[1.071s] -- Using all available rosidl_typesupport_cpp: rosidl_typesupport_fastrtps_cpp;rosidl_typesupport_introspection_cpp
[1.174s] -- Found gz_msgs_vendor: 0.0.6 (/opt/ros/jazzy/share/gz_msgs_vendor/cmake)
[1.229s] -- Looking for gz-msgs10 -- found version 10.3.2
[1.244s] -- Searching for dependencies of gz-msgs10
[1.436s] -- Found Protobuf: /usr/lib/x86_64-linux-gnu/libprotobuf.so (found version "3.21.12") 
[1.441s] -- Looking for gz-utils2 -- found version 2.2.1
[1.441s] -- Searching for dependencies of gz-utils2
[1.446s] -- Looking for gz-math7 -- found version 7.5.2
[1.446s] -- Searching for dependencies of gz-math7
[1.446s] -- Looking for gz-utils2 -- found version 2.2.1
[1.451s] -- Checking for module 'tinyxml2'
[1.464s] --   Found tinyxml2, version 10.0.0
[1.505s] -- Found gz_transport_vendor: 0.0.6 (/opt/ros/jazzy/share/gz_transport_vendor/cmake)
[1.509s] -- Looking for gz-transport13 -- found version 13.4.1
[1.510s] -- Searching for dependencies of gz-transport13
[1.567s] -- Config-file not installed for ZeroMQ -- checking for pkg-config
[1.571s] -- Checking for module 'libzmq >= 4'
[1.587s] --   Found libzmq, version 4.3.5
[1.652s] -- Found ZeroMQ: TRUE (Required is at least version "4") 
[1.658s] -- Checking for module 'uuid'
[1.677s] --   Found uuid, version 2.39.3
[1.729s] -- Found UUID: TRUE  
[1.730s] -- Looking for gz-utils2 -- found version 2.2.1
[1.730s] -- Searching for dependencies of gz-utils2
[1.730s] -- Searching for <gz-utils2> component [cli]
[1.738s] -- Looking for gz-utils2-cli -- found version 2.2.1
[1.738s] -- Searching for dependencies of gz-utils2-cli
[1.739s] -- Looking for gz-msgs10 -- found version 10.3.2
[1.751s] -- Found rclcpp: 28.1.10 (/opt/ros/jazzy/share/rclcpp/cmake)
[1.919s] -- Found rmw_implementation_cmake: 7.3.2 (/opt/ros/jazzy/share/rmw_implementation_cmake/cmake)
[1.933s] -- Found rmw_fastrtps_cpp: 8.4.2 (/opt/ros/jazzy/share/rmw_fastrtps_cpp/cmake)
[2.116s] -- Found OpenSSL: /usr/lib/x86_64-linux-gnu/libcrypto.so (found version "3.0.13")  
[2.145s] -- Found FastRTPS: /opt/ros/jazzy/include (Required is at least version "2.13") 
[2.180s] -- Using RMW implementation 'rmw_fastrtps_cpp' as default
[2.363s] -- Found ros_gz_interfaces: 1.0.15 (/opt/ros/jazzy/share/ros_gz_interfaces/cmake)
[2.431s] -- Found sensor_msgs: 5.3.6 (/opt/ros/jazzy/share/sensor_msgs/cmake)
[2.485s] -- Found tf2: 0.36.12 (/opt/ros/jazzy/share/tf2/cmake)
[2.502s] -- Found tf2_msgs: 0.36.12 (/opt/ros/jazzy/share/tf2_msgs/cmake)
[2.622s] -- Found tf2_ros: 0.36.12 (/opt/ros/jazzy/share/tf2_ros/cmake)
[2.912s] -- Configuring done (2.9s)
[2.937s] -- Generating done (0.0s)
[2.945s] -- Build files have been written to: /home/user/data/drones_ship_ws/build/vrx_ros
[2.965s] Invoked command in '/home/user/data/drones_ship_ws/build/vrx_ros' returned '0': CMAKE_PREFIX_PATH=${CMAKE_PREFIX_PATH}:/home/user/data/drones_ship_ws/install/ros_gz_crazyflie_control:/home/user/data/drones_ship_ws/install/multi_drone_traj_replay:/opt/ros/jazzy DEBUGINFOD_URLS=https://debuginfod.ubuntu.com /usr/bin/cmake /home/user/data/drones_ship_ws/src/vrx/vrx_ros -DCMAKE_INSTALL_PREFIX=/home/user/data/drones_ship_ws/install/vrx_ros
[2.966s] Invoking command in '/home/user/data/drones_ship_ws/build/vrx_ros': CMAKE_PREFIX_PATH=${CMAKE_PREFIX_PATH}:/home/user/data/drones_ship_ws/install/ros_gz_crazyflie_control:/home/user/data/drones_ship_ws/install/multi_drone_traj_replay:/opt/ros/jazzy DEBUGINFOD_URLS=https://debuginfod.ubuntu.com /usr/bin/cmake --build /home/user/data/drones_ship_ws/build/vrx_ros -- -j20 -l20
[3.055s] [ 50%] [32mBuilding CXX object CMakeFiles/pose_tf_broadcaster.dir/src/pose_tf_broadcaster.cc.o[0m
[3.055s] [ 50%] [32mBuilding CXX object CMakeFiles/optical_frame_publisher.dir/src/optical_frame_publisher.cc.o[0m
[3.087s] [ 75%] [32m[1mLinking CXX executable optical_frame_publisher[0m
[3.087s] [100%] [32m[1mLinking CXX executable pose_tf_broadcaster[0m
[3.352s] [100%] Built target pose_tf_broadcaster
[3.405s] [100%] Built target optical_frame_publisher
[3.427s] Invoked command in '/home/user/data/drones_ship_ws/build/vrx_ros' returned '0': CMAKE_PREFIX_PATH=${CMAKE_PREFIX_PATH}:/home/user/data/drones_ship_ws/install/ros_gz_crazyflie_control:/home/user/data/drones_ship_ws/install/multi_drone_traj_replay:/opt/ros/jazzy DEBUGINFOD_URLS=https://debuginfod.ubuntu.com /usr/bin/cmake --build /home/user/data/drones_ship_ws/build/vrx_ros -- -j20 -l20
[3.428s] Invoking command in '/home/user/data/drones_ship_ws/build/vrx_ros': CMAKE_PREFIX_PATH=${CMAKE_PREFIX_PATH}:/home/user/data/drones_ship_ws/install/ros_gz_crazyflie_control:/home/user/data/drones_ship_ws/install/multi_drone_traj_replay:/opt/ros/jazzy DEBUGINFOD_URLS=https://debuginfod.ubuntu.com /usr/bin/cmake --install /home/user/data/drones_ship_ws/build/vrx_ros
[3.440s] -- Install configuration: ""
[3.440s] -- Installing: /home/user/data/drones_ship_ws/install/vrx_ros/lib/vrx_ros/optical_frame_publisher
[3.444s] -- Set non-toolchain portion of runtime path of "/home/user/data/drones_ship_ws/install/vrx_ros/lib/vrx_ros/optical_frame_publisher" to ""
[3.444s] -- Installing: /home/user/data/drones_ship_ws/install/vrx_ros/lib/vrx_ros/pose_tf_broadcaster
[3.447s] -- Set non-toolchain portion of runtime path of "/home/user/data/drones_ship_ws/install/vrx_ros/lib/vrx_ros/pose_tf_broadcaster" to ""
[3.447s] -- Installing: /home/user/data/drones_ship_ws/install/vrx_ros/share/vrx_ros/launch
[3.447s] -- Installing: /home/user/data/drones_ship_ws/install/vrx_ros/share/vrx_ros/launch/monitor_sim.py
[3.447s] -- Installing: /home/user/data/drones_ship_ws/install/vrx_ros/share/ament_index/resource_index/package_run_dependencies/vrx_ros
[3.447s] -- Installing: /home/user/data/drones_ship_ws/install/vrx_ros/share/ament_index/resource_index/parent_prefix_path/vrx_ros
[3.447s] -- Installing: /home/user/data/drones_ship_ws/install/vrx_ros/share/vrx_ros/environment/ament_prefix_path.sh
[3.447s] -- Installing: /home/user/data/drones_ship_ws/install/vrx_ros/share/vrx_ros/environment/ament_prefix_path.dsv
[3.448s] -- Installing: /home/user/data/drones_ship_ws/install/vrx_ros/share/vrx_ros/environment/path.sh
[3.448s] -- Installing: /home/user/data/drones_ship_ws/install/vrx_ros/share/vrx_ros/environment/path.dsv
[3.448s] -- Installing: /home/user/data/drones_ship_ws/install/vrx_ros/share/vrx_ros/local_setup.bash
[3.448s] -- Installing: /home/user/data/drones_ship_ws/install/vrx_ros/share/vrx_ros/local_setup.sh
[3.448s] -- Installing: /home/user/data/drones_ship_ws/install/vrx_ros/share/vrx_ros/local_setup.zsh
[3.448s] -- Installing: /home/user/data/drones_ship_ws/install/vrx_ros/share/vrx_ros/local_setup.dsv
[3.448s] -- Installing: /home/user/data/drones_ship_ws/install/vrx_ros/share/vrx_ros/package.dsv
[3.448s] -- Installing: /home/user/data/drones_ship_ws/install/vrx_ros/share/ament_index/resource_index/packages/vrx_ros
[3.448s] -- Installing: /home/user/data/drones_ship_ws/install/vrx_ros/share/vrx_ros/cmake/vrx_rosConfig.cmake
[3.449s] -- Installing: /home/user/data/drones_ship_ws/install/vrx_ros/share/vrx_ros/cmake/vrx_rosConfig-version.cmake
[3.449s] -- Installing: /home/user/data/drones_ship_ws/install/vrx_ros/share/vrx_ros/package.xml
[3.451s] Invoked command in '/home/user/data/drones_ship_ws/build/vrx_ros' returned '0': CMAKE_PREFIX_PATH=${CMAKE_PREFIX_PATH}:/home/user/data/drones_ship_ws/install/ros_gz_crazyflie_control:/home/user/data/drones_ship_ws/install/multi_drone_traj_replay:/opt/ros/jazzy DEBUGINFOD_URLS=https://debuginfod.ubuntu.com /usr/bin/cmake --install /home/user/data/drones_ship_ws/build/vrx_ros
