-- Install configuration: ""
-- Up-to-date: /home/user/data/drones_ship_ws/install/aquabot_description/share/aquabot_description/environment/resource_paths.dsv
-- Up-to-date: /home/user/data/drones_ship_ws/install/aquabot_description/share/aquabot_description/urdf
-- Up-to-date: /home/user/data/drones_ship_ws/install/aquabot_description/share/aquabot_description/urdf/aquabot.urdf
-- Up-to-date: /home/user/data/drones_ship_ws/install/aquabot_description/share/aquabot_description/mesh
-- Up-to-date: /home/user/data/drones_ship_ws/install/aquabot_description/share/aquabot_description/mesh/vrx
-- Up-to-date: /home/user/data/drones_ship_ws/install/aquabot_description/share/aquabot_description/mesh/vrx/WAM-V_Normal.png
-- Up-to-date: /home/user/data/drones_ship_ws/install/aquabot_description/share/aquabot_description/mesh/vrx/WAM-V_Roughness.png
-- Up-to-date: /home/user/data/drones_ship_ws/install/aquabot_description/share/aquabot_description/mesh/vrx/battery.dae
-- Up-to-date: /home/user/data/drones_ship_ws/install/aquabot_description/share/aquabot_description/mesh/vrx/WamV.png
-- Up-to-date: /home/user/data/drones_ship_ws/install/aquabot_description/share/aquabot_description/mesh/vrx/WAM-V_Metalness.png
-- Up-to-date: /home/user/data/drones_ship_ws/install/aquabot_description/share/aquabot_description/mesh/vrx/gps.dae
-- Up-to-date: /home/user/data/drones_ship_ws/install/aquabot_description/share/aquabot_description/mesh/vrx/mono_camera_Albedo.png
-- Up-to-date: /home/user/data/drones_ship_ws/install/aquabot_description/share/aquabot_description/mesh/vrx/sensor_post_arm.dae
-- Up-to-date: /home/user/data/drones_ship_ws/install/aquabot_description/share/aquabot_description/mesh/vrx/battery_Albedo.png
-- Up-to-date: /home/user/data/drones_ship_ws/install/aquabot_description/share/aquabot_description/mesh/vrx/propeller.dae
-- Up-to-date: /home/user/data/drones_ship_ws/install/aquabot_description/share/aquabot_description/mesh/vrx/WAM-V_Albedo.png
-- Up-to-date: /home/user/data/drones_ship_ws/install/aquabot_description/share/aquabot_description/mesh/vrx/engine.dae
-- Up-to-date: /home/user/data/drones_ship_ws/install/aquabot_description/share/aquabot_description/mesh/vrx/gps.png
-- Up-to-date: /home/user/data/drones_ship_ws/install/aquabot_description/share/aquabot_description/mesh/vrx/mono_camera.dae
-- Up-to-date: /home/user/data/drones_ship_ws/install/aquabot_description/share/aquabot_description/mesh/vrx/sensor_post.png
-- Up-to-date: /home/user/data/drones_ship_ws/install/aquabot_description/share/aquabot_description/mesh/blue_boat.dae
-- Up-to-date: /home/user/data/drones_ship_ws/install/aquabot_description/share/ament_index/resource_index/package_run_dependencies/aquabot_description
-- Up-to-date: /home/user/data/drones_ship_ws/install/aquabot_description/share/ament_index/resource_index/parent_prefix_path/aquabot_description
-- Up-to-date: /home/user/data/drones_ship_ws/install/aquabot_description/share/aquabot_description/environment/ament_prefix_path.sh
-- Up-to-date: /home/user/data/drones_ship_ws/install/aquabot_description/share/aquabot_description/environment/ament_prefix_path.dsv
-- Up-to-date: /home/user/data/drones_ship_ws/install/aquabot_description/share/aquabot_description/environment/path.sh
-- Up-to-date: /home/user/data/drones_ship_ws/install/aquabot_description/share/aquabot_description/environment/path.dsv
-- Up-to-date: /home/user/data/drones_ship_ws/install/aquabot_description/share/aquabot_description/local_setup.bash
-- Up-to-date: /home/user/data/drones_ship_ws/install/aquabot_description/share/aquabot_description/local_setup.sh
-- Up-to-date: /home/user/data/drones_ship_ws/install/aquabot_description/share/aquabot_description/local_setup.zsh
-- Up-to-date: /home/user/data/drones_ship_ws/install/aquabot_description/share/aquabot_description/local_setup.dsv
-- Up-to-date: /home/user/data/drones_ship_ws/install/aquabot_description/share/aquabot_description/package.dsv
-- Up-to-date: /home/user/data/drones_ship_ws/install/aquabot_description/share/ament_index/resource_index/packages/aquabot_description
-- Up-to-date: /home/user/data/drones_ship_ws/install/aquabot_description/share/aquabot_description/cmake/aquabot_descriptionConfig.cmake
-- Up-to-date: /home/user/data/drones_ship_ws/install/aquabot_description/share/aquabot_description/cmake/aquabot_descriptionConfig-version.cmake
-- Up-to-date: /home/user/data/drones_ship_ws/install/aquabot_description/share/aquabot_description/package.xml
