[0.056s] Invoking command in '/home/user/data/drones_ship_ws/build/vrx_gazebo': CMAKE_PREFIX_PATH=${CMAKE_PREFIX_PATH}:/home/user/data/drones_ship_ws/install/ros_gz_crazyflie_control:/opt/ros/jazzy DEBUGINFOD_URLS=https://debuginfod.ubuntu.com /usr/bin/cmake /home/user/data/drones_ship_ws/src/drone_ship/vrx/vrx_urdf/vrx_gazebo -DCMAKE_INSTALL_PREFIX=/home/user/data/drones_ship_ws/install/vrx_gazebo
[0.183s] -- The C compiler identification is GNU 13.3.0
[0.271s] -- The CXX compiler identification is GNU 13.3.0
[0.298s] -- Detecting C compiler ABI info
[0.397s] -- Detecting C compiler ABI info - done
[0.410s] -- Check for working C compiler: /usr/lib/ccache/cc - skipped
[0.410s] -- Detecting C compile features
[0.411s] -- Detecting C compile features - done
[0.425s] -- Detecting CXX compiler ABI info
[0.539s] -- Detecting CXX compiler ABI info - done
[0.552s] -- Check for working CXX compiler: /usr/lib/ccache/c++ - skipped
[0.552s] -- Detecting CXX compile features
[0.553s] -- Detecting CXX compile features - done
[0.563s] -- Found ament_cmake: 2.5.4 (/opt/ros/jazzy/share/ament_cmake/cmake)
[0.738s] -- Found Python3: /usr/bin/python3 (found version "3.12.3") found components: Interpreter 
[1.038s] -- Configuring done (1.0s)
[1.044s] -- Generating done (0.0s)
[1.047s] -- Build files have been written to: /home/user/data/drones_ship_ws/build/vrx_gazebo
[1.052s] Invoked command in '/home/user/data/drones_ship_ws/build/vrx_gazebo' returned '0': CMAKE_PREFIX_PATH=${CMAKE_PREFIX_PATH}:/home/user/data/drones_ship_ws/install/ros_gz_crazyflie_control:/opt/ros/jazzy DEBUGINFOD_URLS=https://debuginfod.ubuntu.com /usr/bin/cmake /home/user/data/drones_ship_ws/src/drone_ship/vrx/vrx_urdf/vrx_gazebo -DCMAKE_INSTALL_PREFIX=/home/user/data/drones_ship_ws/install/vrx_gazebo
[1.053s] Invoking command in '/home/user/data/drones_ship_ws/build/vrx_gazebo': CMAKE_PREFIX_PATH=${CMAKE_PREFIX_PATH}:/home/user/data/drones_ship_ws/install/ros_gz_crazyflie_control:/opt/ros/jazzy DEBUGINFOD_URLS=https://debuginfod.ubuntu.com /usr/bin/cmake --build /home/user/data/drones_ship_ws/build/vrx_gazebo -- -j20 -l20
[1.140s] Built target ament_cmake_python_copy_vrx_gazebo
[1.353s] running egg_info
[1.373s] creating vrx_gazebo.egg-info
[1.373s] writing vrx_gazebo.egg-info/PKG-INFO
[1.373s] writing dependency_links to vrx_gazebo.egg-info/dependency_links.txt
[1.374s] writing top-level names to vrx_gazebo.egg-info/top_level.txt
[1.374s] writing manifest file 'vrx_gazebo.egg-info/SOURCES.txt'
[1.438s] reading manifest file 'vrx_gazebo.egg-info/SOURCES.txt'
[1.439s] writing manifest file 'vrx_gazebo.egg-info/SOURCES.txt'
[1.480s] Built target ament_cmake_python_build_vrx_gazebo_egg
[1.500s] Invoked command in '/home/user/data/drones_ship_ws/build/vrx_gazebo' returned '0': CMAKE_PREFIX_PATH=${CMAKE_PREFIX_PATH}:/home/user/data/drones_ship_ws/install/ros_gz_crazyflie_control:/opt/ros/jazzy DEBUGINFOD_URLS=https://debuginfod.ubuntu.com /usr/bin/cmake --build /home/user/data/drones_ship_ws/build/vrx_gazebo -- -j20 -l20
[1.502s] Invoking command in '/home/user/data/drones_ship_ws/build/vrx_gazebo': CMAKE_PREFIX_PATH=${CMAKE_PREFIX_PATH}:/home/user/data/drones_ship_ws/install/ros_gz_crazyflie_control:/opt/ros/jazzy DEBUGINFOD_URLS=https://debuginfod.ubuntu.com /usr/bin/cmake --install /home/user/data/drones_ship_ws/build/vrx_gazebo
[1.513s] -- Install configuration: ""
[1.513s] -- Installing: /home/user/data/drones_ship_ws/install/vrx_gazebo/share/vrx_gazebo/environment/resource_paths.dsv
[1.513s] -- Installing: /home/user/data/drones_ship_ws/install/vrx_gazebo/share/vrx_gazebo/environment/resource_paths.sh
[1.514s] -- Installing: /home/user/data/drones_ship_ws/install/vrx_gazebo/share/vrx_gazebo/models
[1.514s] -- Installing: /home/user/data/drones_ship_ws/install/vrx_gazebo/share/vrx_gazebo/models/blue_projectile
[1.514s] -- Installing: /home/user/data/drones_ship_ws/install/vrx_gazebo/share/vrx_gazebo/models/blue_projectile/model.sdf
[1.514s] -- Installing: /home/user/data/drones_ship_ws/install/vrx_gazebo/share/vrx_gazebo/models/blue_projectile/model.config
[1.514s] -- Installing: /home/user/data/drones_ship_ws/install/vrx_gazebo/share/vrx_gazebo/models/ball_shooter
[1.514s] -- Installing: /home/user/data/drones_ship_ws/install/vrx_gazebo/share/vrx_gazebo/models/ball_shooter/materials
[1.514s] -- Installing: /home/user/data/drones_ship_ws/install/vrx_gazebo/share/vrx_gazebo/models/ball_shooter/materials/Textures
[1.514s] -- Installing: /home/user/data/drones_ship_ws/install/vrx_gazebo/share/vrx_gazebo/models/ball_shooter/materials/Textures/Launcher_Metalness.png
[1.514s] -- Installing: /home/user/data/drones_ship_ws/install/vrx_gazebo/share/vrx_gazebo/models/ball_shooter/materials/Textures/Launcher_Roughness.png
[1.516s] -- Installing: /home/user/data/drones_ship_ws/install/vrx_gazebo/share/vrx_gazebo/models/ball_shooter/materials/Textures/Launcher_Normal.png
[1.517s] -- Installing: /home/user/data/drones_ship_ws/install/vrx_gazebo/share/vrx_gazebo/models/ball_shooter/materials/Textures/Launcher_Albedo.png
[1.519s] -- Installing: /home/user/data/drones_ship_ws/install/vrx_gazebo/share/vrx_gazebo/models/ball_shooter/model.sdf
[1.520s] -- Installing: /home/user/data/drones_ship_ws/install/vrx_gazebo/share/vrx_gazebo/models/ball_shooter/meshes
[1.520s] -- Installing: /home/user/data/drones_ship_ws/install/vrx_gazebo/share/vrx_gazebo/models/ball_shooter/meshes/ball_shooter_launcher.dae
[1.521s] -- Installing: /home/user/data/drones_ship_ws/install/vrx_gazebo/share/vrx_gazebo/models/ball_shooter/meshes/ball_shooter_base.dae
[1.521s] -- Installing: /home/user/data/drones_ship_ws/install/vrx_gazebo/share/vrx_gazebo/models/ball_shooter/meshes/Launcher_BaseColor.png
[1.523s] -- Installing: /home/user/data/drones_ship_ws/install/vrx_gazebo/share/vrx_gazebo/models/ball_shooter/meshes/Launcher_Albedo.png
[1.525s] -- Installing: /home/user/data/drones_ship_ws/install/vrx_gazebo/share/vrx_gazebo/models/ball_shooter/model.config
[1.525s] -- Installing: /home/user/data/drones_ship_ws/install/vrx_gazebo/share/vrx_gazebo/models/sensor_post
[1.526s] -- Installing: /home/user/data/drones_ship_ws/install/vrx_gazebo/share/vrx_gazebo/models/sensor_post/mesh
[1.526s] -- Installing: /home/user/data/drones_ship_ws/install/vrx_gazebo/share/vrx_gazebo/models/sensor_post/mesh/sensor_post_arm.dae
[1.526s] -- Installing: /home/user/data/drones_ship_ws/install/vrx_gazebo/share/vrx_gazebo/models/sensor_post/mesh/sensor_post.dae
[1.527s] -- Installing: /home/user/data/drones_ship_ws/install/vrx_gazebo/share/vrx_gazebo/models/sensor_post/mesh/sensor_post.png
[1.528s] -- Installing: /home/user/data/drones_ship_ws/install/vrx_gazebo/share/vrx_gazebo/models/sensor_post/model.sdf
[1.528s] -- Installing: /home/user/data/drones_ship_ws/install/vrx_gazebo/share/vrx_gazebo/models/sensor_post/model.config
[1.528s] -- Installing: /home/user/data/drones_ship_ws/install/vrx_gazebo/share/vrx_gazebo/models/mono_camera
[1.529s] -- Installing: /home/user/data/drones_ship_ws/install/vrx_gazebo/share/vrx_gazebo/models/mono_camera/mesh
[1.529s] -- Installing: /home/user/data/drones_ship_ws/install/vrx_gazebo/share/vrx_gazebo/models/mono_camera/mesh/mono_camera_Roughness.png
[1.530s] -- Installing: /home/user/data/drones_ship_ws/install/vrx_gazebo/share/vrx_gazebo/models/mono_camera/mesh/mono_camera_Metalness.png
[1.530s] -- Installing: /home/user/data/drones_ship_ws/install/vrx_gazebo/share/vrx_gazebo/models/mono_camera/mesh/mono_camera_Normal.png
[1.531s] -- Installing: /home/user/data/drones_ship_ws/install/vrx_gazebo/share/vrx_gazebo/models/mono_camera/mesh/mono_camera_Albedo.png
[1.532s] -- Installing: /home/user/data/drones_ship_ws/install/vrx_gazebo/share/vrx_gazebo/models/mono_camera/mesh/mono_camera.png
[1.533s] -- Installing: /home/user/data/drones_ship_ws/install/vrx_gazebo/share/vrx_gazebo/models/mono_camera/mesh/mono_camera.dae
[1.533s] -- Installing: /home/user/data/drones_ship_ws/install/vrx_gazebo/share/vrx_gazebo/models/mono_camera/model.sdf
[1.533s] -- Installing: /home/user/data/drones_ship_ws/install/vrx_gazebo/share/vrx_gazebo/models/mono_camera/model.config
[1.534s] -- Installing: /home/user/data/drones_ship_ws/install/vrx_gazebo/share/vrx_gazebo/models/3d_lidar
[1.534s] -- Installing: /home/user/data/drones_ship_ws/install/vrx_gazebo/share/vrx_gazebo/models/3d_lidar/mesh
[1.534s] -- Installing: /home/user/data/drones_ship_ws/install/vrx_gazebo/share/vrx_gazebo/models/3d_lidar/mesh/3d_lidar.png
[1.535s] -- Installing: /home/user/data/drones_ship_ws/install/vrx_gazebo/share/vrx_gazebo/models/3d_lidar/mesh/3d_Lidar_Albedo.png
[1.537s] -- Installing: /home/user/data/drones_ship_ws/install/vrx_gazebo/share/vrx_gazebo/models/3d_lidar/mesh/3d_lidar.dae
[1.537s] -- Installing: /home/user/data/drones_ship_ws/install/vrx_gazebo/share/vrx_gazebo/models/3d_lidar/mesh/3d_Lidar_Metalness.png
[1.538s] -- Installing: /home/user/data/drones_ship_ws/install/vrx_gazebo/share/vrx_gazebo/models/3d_lidar/mesh/3d_Lidar_Normal.png
[1.538s] -- Installing: /home/user/data/drones_ship_ws/install/vrx_gazebo/share/vrx_gazebo/models/3d_lidar/mesh/3d_Lidar_Roughness.png
[1.539s] -- Installing: /home/user/data/drones_ship_ws/install/vrx_gazebo/share/vrx_gazebo/models/3d_lidar/model.sdf
[1.540s] -- Installing: /home/user/data/drones_ship_ws/install/vrx_gazebo/share/vrx_gazebo/models/3d_lidar/model.config
[1.540s] -- Installing: /home/user/data/drones_ship_ws/install/vrx_gazebo/share/vrx_gazebo/models/cpu_cases
[1.540s] -- Installing: /home/user/data/drones_ship_ws/install/vrx_gazebo/share/vrx_gazebo/models/cpu_cases/mesh
[1.540s] -- Installing: /home/user/data/drones_ship_ws/install/vrx_gazebo/share/vrx_gazebo/models/cpu_cases/mesh/cpu_cases_Albedo.png
[1.546s] -- Installing: /home/user/data/drones_ship_ws/install/vrx_gazebo/share/vrx_gazebo/models/cpu_cases/mesh/cpu_cases_Roughness.png
[1.550s] -- Installing: /home/user/data/drones_ship_ws/install/vrx_gazebo/share/vrx_gazebo/models/cpu_cases/mesh/cpu_cases_Metalness.png
[1.550s] -- Installing: /home/user/data/drones_ship_ws/install/vrx_gazebo/share/vrx_gazebo/models/cpu_cases/mesh/cpu_cases.png
[1.558s] -- Installing: /home/user/data/drones_ship_ws/install/vrx_gazebo/share/vrx_gazebo/models/cpu_cases/mesh/cpu_cases_Normal.png
[1.565s] -- Installing: /home/user/data/drones_ship_ws/install/vrx_gazebo/share/vrx_gazebo/models/cpu_cases/mesh/cpu_cases.dae
[1.566s] -- Installing: /home/user/data/drones_ship_ws/install/vrx_gazebo/share/vrx_gazebo/models/cpu_cases/model.sdf
[1.567s] -- Installing: /home/user/data/drones_ship_ws/install/vrx_gazebo/share/vrx_gazebo/models/cpu_cases/model.config
[1.567s] -- Installing: /home/user/data/drones_ship_ws/install/vrx_gazebo/share/vrx_gazebo/models/battery
[1.567s] -- Installing: /home/user/data/drones_ship_ws/install/vrx_gazebo/share/vrx_gazebo/models/battery/mesh
[1.567s] -- Installing: /home/user/data/drones_ship_ws/install/vrx_gazebo/share/vrx_gazebo/models/battery/mesh/battery_Normal.png
[1.574s] -- Installing: /home/user/data/drones_ship_ws/install/vrx_gazebo/share/vrx_gazebo/models/battery/mesh/battery_Metalness.png
[1.574s] -- Installing: /home/user/data/drones_ship_ws/install/vrx_gazebo/share/vrx_gazebo/models/battery/mesh/battery.dae
[1.575s] -- Installing: /home/user/data/drones_ship_ws/install/vrx_gazebo/share/vrx_gazebo/models/battery/mesh/battery_Albedo.png
[1.582s] -- Installing: /home/user/data/drones_ship_ws/install/vrx_gazebo/share/vrx_gazebo/models/battery/mesh/battery_Roughness.png
[1.586s] -- Installing: /home/user/data/drones_ship_ws/install/vrx_gazebo/share/vrx_gazebo/models/battery/mesh/battery.png
[1.593s] -- Installing: /home/user/data/drones_ship_ws/install/vrx_gazebo/share/vrx_gazebo/models/battery/model.sdf
[1.593s] -- Installing: /home/user/data/drones_ship_ws/install/vrx_gazebo/share/vrx_gazebo/models/battery/model.config
[1.593s] -- Installing: /home/user/data/drones_ship_ws/install/vrx_gazebo/share/vrx_gazebo/launch
[1.594s] -- Installing: /home/user/data/drones_ship_ws/install/vrx_gazebo/share/vrx_gazebo/launch/generate_wamv.launch.py
[1.594s] -- Installing: /home/user/data/drones_ship_ws/install/vrx_gazebo/share/vrx_gazebo/launch/rviz.launch.py
[1.594s] -- Installing: /home/user/data/drones_ship_ws/install/vrx_gazebo/share/vrx_gazebo/config
[1.595s] -- Installing: /home/user/data/drones_ship_ws/install/vrx_gazebo/share/vrx_gazebo/config/rviz_vrx_final.rviz
[1.595s] -- Installing: /home/user/data/drones_ship_ws/install/vrx_gazebo/share/vrx_gazebo/config/rviz_vrx_rsp.rviz
[1.596s] -- Installing: /home/user/data/drones_ship_ws/install/vrx_gazebo/share/vrx_gazebo/config/wamv_config
[1.596s] -- Installing: /home/user/data/drones_ship_ws/install/vrx_gazebo/share/vrx_gazebo/config/wamv_config/thruster_compliance
[1.596s] -- Installing: /home/user/data/drones_ship_ws/install/vrx_gazebo/share/vrx_gazebo/config/wamv_config/thruster_compliance/bounding_boxes.yaml
[1.596s] -- Installing: /home/user/data/drones_ship_ws/install/vrx_gazebo/share/vrx_gazebo/config/wamv_config/thruster_compliance/numeric.yaml
[1.596s] -- Installing: /home/user/data/drones_ship_ws/install/vrx_gazebo/share/vrx_gazebo/config/wamv_config/component_compliance
[1.597s] -- Installing: /home/user/data/drones_ship_ws/install/vrx_gazebo/share/vrx_gazebo/config/wamv_config/component_compliance/bounding_boxes.yaml
[1.597s] -- Installing: /home/user/data/drones_ship_ws/install/vrx_gazebo/share/vrx_gazebo/config/wamv_config/component_compliance/numeric.yaml
[1.597s] -- Installing: /home/user/data/drones_ship_ws/install/vrx_gazebo/share/vrx_gazebo/config/wamv_config/example_component_config.yaml
[1.597s] -- Installing: /home/user/data/drones_ship_ws/install/vrx_gazebo/share/vrx_gazebo/config/wamv_config/example_thruster_config.yaml
[1.598s] -- Installing: /home/user/data/drones_ship_ws/install/vrx_gazebo/lib/vrx_gazebo/generate_wamv.py
[1.598s] -- Installing: /home/user/data/drones_ship_ws/install/vrx_gazebo/share/vrx_gazebo/environment/pythonpath.sh
[1.598s] -- Installing: /home/user/data/drones_ship_ws/install/vrx_gazebo/share/vrx_gazebo/environment/pythonpath.dsv
[1.598s] -- Installing: /home/user/data/drones_ship_ws/install/vrx_gazebo/lib/python3.12/site-packages/vrx_gazebo-1.3.0-py3.12.egg-info
[1.598s] -- Installing: /home/user/data/drones_ship_ws/install/vrx_gazebo/lib/python3.12/site-packages/vrx_gazebo-1.3.0-py3.12.egg-info/SOURCES.txt
[1.598s] -- Installing: /home/user/data/drones_ship_ws/install/vrx_gazebo/lib/python3.12/site-packages/vrx_gazebo-1.3.0-py3.12.egg-info/dependency_links.txt
[1.598s] -- Installing: /home/user/data/drones_ship_ws/install/vrx_gazebo/lib/python3.12/site-packages/vrx_gazebo-1.3.0-py3.12.egg-info/top_level.txt
[1.599s] -- Installing: /home/user/data/drones_ship_ws/install/vrx_gazebo/lib/python3.12/site-packages/vrx_gazebo-1.3.0-py3.12.egg-info/PKG-INFO
[1.599s] -- Installing: /home/user/data/drones_ship_ws/install/vrx_gazebo/lib/python3.12/site-packages/vrx_gazebo
[1.599s] -- Installing: /home/user/data/drones_ship_ws/install/vrx_gazebo/lib/python3.12/site-packages/vrx_gazebo/configure_wamv.py
[1.599s] -- Installing: /home/user/data/drones_ship_ws/install/vrx_gazebo/lib/python3.12/site-packages/vrx_gazebo/compliance.py
[1.599s] -- Installing: /home/user/data/drones_ship_ws/install/vrx_gazebo/lib/python3.12/site-packages/vrx_gazebo/__init__.py
[1.599s] -- Installing: /home/user/data/drones_ship_ws/install/vrx_gazebo/lib/python3.12/site-packages/vrx_gazebo/utils.py
[1.640s] Listing '/home/user/data/drones_ship_ws/install/vrx_gazebo/lib/python3.12/site-packages/vrx_gazebo'...
[1.640s] Compiling '/home/user/data/drones_ship_ws/install/vrx_gazebo/lib/python3.12/site-packages/vrx_gazebo/__init__.py'...
[1.640s] Compiling '/home/user/data/drones_ship_ws/install/vrx_gazebo/lib/python3.12/site-packages/vrx_gazebo/compliance.py'...
[1.640s] Compiling '/home/user/data/drones_ship_ws/install/vrx_gazebo/lib/python3.12/site-packages/vrx_gazebo/configure_wamv.py'...
[1.640s] Compiling '/home/user/data/drones_ship_ws/install/vrx_gazebo/lib/python3.12/site-packages/vrx_gazebo/utils.py'...
[1.646s] -- Installing: /home/user/data/drones_ship_ws/install/vrx_gazebo/share/ament_index/resource_index/package_run_dependencies/vrx_gazebo
[1.646s] -- Installing: /home/user/data/drones_ship_ws/install/vrx_gazebo/share/ament_index/resource_index/parent_prefix_path/vrx_gazebo
[1.647s] -- Installing: /home/user/data/drones_ship_ws/install/vrx_gazebo/share/vrx_gazebo/environment/ament_prefix_path.sh
[1.647s] -- Installing: /home/user/data/drones_ship_ws/install/vrx_gazebo/share/vrx_gazebo/environment/ament_prefix_path.dsv
[1.647s] -- Installing: /home/user/data/drones_ship_ws/install/vrx_gazebo/share/vrx_gazebo/environment/path.sh
[1.647s] -- Installing: /home/user/data/drones_ship_ws/install/vrx_gazebo/share/vrx_gazebo/environment/path.dsv
[1.648s] -- Installing: /home/user/data/drones_ship_ws/install/vrx_gazebo/share/vrx_gazebo/local_setup.bash
[1.648s] -- Installing: /home/user/data/drones_ship_ws/install/vrx_gazebo/share/vrx_gazebo/local_setup.sh
[1.648s] -- Installing: /home/user/data/drones_ship_ws/install/vrx_gazebo/share/vrx_gazebo/local_setup.zsh
[1.648s] -- Installing: /home/user/data/drones_ship_ws/install/vrx_gazebo/share/vrx_gazebo/local_setup.dsv
[1.648s] -- Installing: /home/user/data/drones_ship_ws/install/vrx_gazebo/share/vrx_gazebo/package.dsv
[1.649s] -- Installing: /home/user/data/drones_ship_ws/install/vrx_gazebo/share/ament_index/resource_index/packages/vrx_gazebo
[1.649s] -- Installing: /home/user/data/drones_ship_ws/install/vrx_gazebo/share/vrx_gazebo/cmake/vrx_gazeboConfig.cmake
[1.649s] -- Installing: /home/user/data/drones_ship_ws/install/vrx_gazebo/share/vrx_gazebo/cmake/vrx_gazeboConfig-version.cmake
[1.649s] -- Installing: /home/user/data/drones_ship_ws/install/vrx_gazebo/share/vrx_gazebo/package.xml
[1.652s] Invoked command in '/home/user/data/drones_ship_ws/build/vrx_gazebo' returned '0': CMAKE_PREFIX_PATH=${CMAKE_PREFIX_PATH}:/home/user/data/drones_ship_ws/install/ros_gz_crazyflie_control:/opt/ros/jazzy DEBUGINFOD_URLS=https://debuginfod.ubuntu.com /usr/bin/cmake --install /home/user/data/drones_ship_ws/build/vrx_gazebo
