[  4%] Built target container_localizer_node
[  6%] Built target crazyflie_yolo__rosidl_generator_type_description
[  6%] Built target ament_cmake_python_copy_crazyflie_yolo
[ 10%] Built target stereo_depth_node
[ 12%] Built target crazyflie_yolo__cpp
[ 28%] Built target crazyflie_yolo__rosidl_generator_c
[ 36%] Built target crazyflie_yolo__rosidl_typesupport_fastrtps_c
[ 44%] Built target crazyflie_yolo__rosidl_typesupport_c
[ 52%] Built target crazyflie_yolo__rosidl_typesupport_fastrtps_cpp
[ 60%] Built target crazyflie_yolo__rosidl_typesupport_introspection_c
[ 76%] Built target crazyflie_yolo__rosidl_typesupport_cpp
[ 76%] Built target crazyflie_yolo__rosidl_typesupport_introspection_cpp
[ 76%] Built target crazyflie_yolo
[ 78%] [32mBuilding CXX object CMakeFiles/multi_obstacle_tracker_node.dir/src/multi_obstacle_tracker.cpp.o[0m
[ 80%] Built target crazyflie_yolo__py
running egg_info
[ 86%] Built target crazyflie_yolo__rosidl_generator_py
writing crazyflie_yolo.egg-info/PKG-INFO
writing dependency_links to crazyflie_yolo.egg-info/dependency_links.txt
writing top-level names to crazyflie_yolo.egg-info/top_level.txt
[ 90%] Built target crazyflie_yolo_s__rosidl_typesupport_c
[ 94%] Built target crazyflie_yolo_s__rosidl_typesupport_introspection_c
[ 98%] Built target crazyflie_yolo_s__rosidl_typesupport_fastrtps_c
reading manifest file 'crazyflie_yolo.egg-info/SOURCES.txt'
writing manifest file 'crazyflie_yolo.egg-info/SOURCES.txt'
[ 98%] Built target ament_cmake_python_build_crazyflie_yolo_egg
[01m[K/home/user/data/drones_ship_ws/src/drone_ship/crazyflie_yolo/src/multi_obstacle_tracker.cpp:[m[K In member function ‘[01m[Kvoid MultiObstacleTracker::[01;32m[KpublishTracks[m[K()[m[K’:
[01m[K/home/user/data/drones_ship_ws/src/drone_ship/crazyflie_yolo/src/multi_obstacle_tracker.cpp:221:40:[m[K [01;31m[Kerror: [m[Kno match for ‘[01m[Koperator=[m[K’ (operand types are ‘[01m[Kcrazyflie_yolo::msg::TrackedObstacle_<std::allocator<void> >::_covariance_type[m[K’ {aka ‘[01m[Kstd::array<double, 9>[m[K’} and ‘[01m[Kconst Eigen::Matrix3d[m[K’ {aka ‘[01m[Kconst Eigen::Matrix<double, 3, 3>[m[K’})
  221 |             tracked.covariance = track.[01;31m[Kcovariance[m[K; // 3x3 covariance
      |                                        [01;31m[K^~~~~~~~~~[m[K
In file included from [01m[K/opt/ros/jazzy/include/rcl_interfaces/rcl_interfaces/srv/detail/list_parameters__struct.hpp:12[m[K,
                 from [01m[K/opt/ros/jazzy/include/rcl_interfaces/rcl_interfaces/srv/list_parameters.hpp:7[m[K,
                 from [01m[K/opt/ros/jazzy/include/rclcpp/rclcpp/copy_all_parameter_values.hpp:21[m[K,
                 from [01m[K/opt/ros/jazzy/include/rclcpp/rclcpp/rclcpp.hpp:171[m[K,
                 from [01m[K/home/user/data/drones_ship_ws/src/drone_ship/crazyflie_yolo/src/multi_obstacle_tracker.cpp:1[m[K:
[01m[K/usr/include/c++/13/array:94:12:[m[K [01;36m[Knote: [m[Kcandidate: ‘[01m[Kconstexpr std::array<double, 9>& std::array<double, 9>::[01;32m[Koperator=[m[K(const std::array<double, 9>&)[m[K’
   94 |     struct [01;36m[Karray[m[K
      |            [01;36m[K^~~~~[m[K
[01m[K/usr/include/c++/13/array:94:12:[m[K [01;36m[Knote: [m[K  no known conversion for argument 1 from ‘[01m[Kconst Eigen::Matrix3d[m[K’ {aka ‘[01m[Kconst Eigen::Matrix<double, 3, 3>[m[K’} to ‘[01m[Kconst std::array<double, 9>&[m[K’
[01m[K/usr/include/c++/13/array:94:12:[m[K [01;36m[Knote: [m[Kcandidate: ‘[01m[Kconstexpr std::array<double, 9>& std::array<double, 9>::[01;32m[Koperator=[m[K(std::array<double, 9>&&)[m[K’
[01m[K/usr/include/c++/13/array:94:12:[m[K [01;36m[Knote: [m[K  no known conversion for argument 1 from ‘[01m[Kconst Eigen::Matrix3d[m[K’ {aka ‘[01m[Kconst Eigen::Matrix<double, 3, 3>[m[K’} to ‘[01m[Kstd::array<double, 9>&&[m[K’
gmake[2]: *** [CMakeFiles/multi_obstacle_tracker_node.dir/build.make:76: CMakeFiles/multi_obstacle_tracker_node.dir/src/multi_obstacle_tracker.cpp.o] Error 1
gmake[1]: *** [CMakeFiles/Makefile2:655: CMakeFiles/multi_obstacle_tracker_node.dir/all] Error 2
gmake: *** [Makefile:146: all] Error 2
