-- The C compiler identification is GNU 13.3.0
-- The CXX compiler identification is GNU 13.3.0
-- Detecting C compiler ABI info
-- Detecting C compiler ABI info - done
-- Check for working C compiler: /usr/lib/ccache/cc - skipped
-- Detecting C compile features
-- Detecting C compile features - done
-- Detecting CXX compiler ABI info
-- Detecting CXX compiler ABI info - done
-- Check for working CXX compiler: /usr/lib/ccache/c++ - skipped
-- Detecting CXX compile features
-- Detecting CXX compile features - done
-- Found ament_cmake: 2.5.4 (/opt/ros/jazzy/share/ament_cmake/cmake)
-- Found Python3: /usr/bin/python3 (found version "3.12.3") found components: Interpreter 
-- Found rclcpp: 28.1.10 (/opt/ros/jazzy/share/rclcpp/cmake)
-- Found rosidl_generator_c: 4.6.5 (/opt/ros/jazzy/share/rosidl_generator_c/cmake)
-- Found rosidl_generator_cpp: 4.6.5 (/opt/ros/jazzy/share/rosidl_generator_cpp/cmake)
-- Using all available rosidl_typesupport_c: rosidl_typesupport_fastrtps_c;rosidl_typesupport_introspection_c
-- Using all available rosidl_typesupport_cpp: rosidl_typesupport_fastrtps_cpp;rosidl_typesupport_introspection_cpp
-- Found rmw_implementation_cmake: 7.3.2 (/opt/ros/jazzy/share/rmw_implementation_cmake/cmake)
-- Found rmw_fastrtps_cpp: 8.4.2 (/opt/ros/jazzy/share/rmw_fastrtps_cpp/cmake)
-- Found OpenSSL: /usr/lib/x86_64-linux-gnu/libcrypto.so (found version "3.0.13")  
-- Found FastRTPS: /opt/ros/jazzy/include (Required is at least version "2.13") 
-- Using RMW implementation 'rmw_fastrtps_cpp' as default
-- Found sensor_msgs: 5.3.6 (/opt/ros/jazzy/share/sensor_msgs/cmake)
-- Found nav_msgs: 5.3.6 (/opt/ros/jazzy/share/nav_msgs/cmake)
-- Found tf2: 0.36.12 (/opt/ros/jazzy/share/tf2/cmake)
-- Found tf2_ros: 0.36.12 (/opt/ros/jazzy/share/tf2_ros/cmake)
-- Found tf2_geometry_msgs: 0.36.12 (/opt/ros/jazzy/share/tf2_geometry_msgs/cmake)
-- Found eigen3_cmake_module: 0.3.0 (/opt/ros/jazzy/share/eigen3_cmake_module/cmake)
-- Found Eigen3: TRUE (found version "3.4.0") 
-- Ensuring Eigen3 include directory is part of orocos-kdl CMake target
-- Configuring done (2.2s)
-- Generating done (0.0s)
-- Build files have been written to: /home/user/data/drones_ship_ws/build/aquabot_ekf
[ 50%] [32mBuilding CXX object CMakeFiles/ekf_node.dir/src/ekf_node.cpp.o[0m
[100%] [32m[1mLinking CXX executable ekf_node[0m
[100%] Built target ekf_node
-- Install configuration: ""
-- Installing: /home/user/data/drones_ship_ws/install/aquabot_ekf/lib/aquabot_ekf/ekf_node
-- Set non-toolchain portion of runtime path of "/home/user/data/drones_ship_ws/install/aquabot_ekf/lib/aquabot_ekf/ekf_node" to ""
-- Installing: /home/user/data/drones_ship_ws/install/aquabot_ekf/share/aquabot_ekf/launch
-- Installing: /home/user/data/drones_ship_ws/install/aquabot_ekf/share/aquabot_ekf/launch/ekf_launch.py
-- Installing: /home/user/data/drones_ship_ws/install/aquabot_ekf/share/aquabot_ekf/config
-- Installing: /home/user/data/drones_ship_ws/install/aquabot_ekf/share/aquabot_ekf/config/ekf_params.yaml
-- Installing: /home/user/data/drones_ship_ws/install/aquabot_ekf/share/ament_index/resource_index/package_run_dependencies/aquabot_ekf
-- Installing: /home/user/data/drones_ship_ws/install/aquabot_ekf/share/ament_index/resource_index/parent_prefix_path/aquabot_ekf
-- Installing: /home/user/data/drones_ship_ws/install/aquabot_ekf/share/aquabot_ekf/environment/ament_prefix_path.sh
-- Installing: /home/user/data/drones_ship_ws/install/aquabot_ekf/share/aquabot_ekf/environment/ament_prefix_path.dsv
-- Installing: /home/user/data/drones_ship_ws/install/aquabot_ekf/share/aquabot_ekf/environment/path.sh
-- Installing: /home/user/data/drones_ship_ws/install/aquabot_ekf/share/aquabot_ekf/environment/path.dsv
-- Installing: /home/user/data/drones_ship_ws/install/aquabot_ekf/share/aquabot_ekf/local_setup.bash
-- Installing: /home/user/data/drones_ship_ws/install/aquabot_ekf/share/aquabot_ekf/local_setup.sh
-- Installing: /home/user/data/drones_ship_ws/install/aquabot_ekf/share/aquabot_ekf/local_setup.zsh
-- Installing: /home/user/data/drones_ship_ws/install/aquabot_ekf/share/aquabot_ekf/local_setup.dsv
-- Installing: /home/user/data/drones_ship_ws/install/aquabot_ekf/share/aquabot_ekf/package.dsv
-- Installing: /home/user/data/drones_ship_ws/install/aquabot_ekf/share/ament_index/resource_index/packages/aquabot_ekf
-- Installing: /home/user/data/drones_ship_ws/install/aquabot_ekf/share/aquabot_ekf/cmake/aquabot_ekfConfig.cmake
-- Installing: /home/user/data/drones_ship_ws/install/aquabot_ekf/share/aquabot_ekf/cmake/aquabot_ekfConfig-version.cmake
-- Installing: /home/user/data/drones_ship_ws/install/aquabot_ekf/share/aquabot_ekf/package.xml
