[0.042s] Invoking command in '/home/user/data/drones_ship_ws/build/aquabot_ekf': CMAKE_PREFIX_PATH=${CMAKE_PREFIX_PATH}:/home/user/data/drones_ship_ws/install/ros_gz_crazyflie_control:/home/user/data/drones_ship_ws/install/multi_drone_traj_replay:/opt/ros/jazzy DEBUGINFOD_URLS=https://debuginfod.ubuntu.com /usr/bin/cmake /home/user/data/drones_ship_ws/src/drone_ship/aquabot_ekf -DCMAKE_INSTALL_PREFIX=/home/user/data/drones_ship_ws/install/aquabot_ekf
[0.099s] -- The C compiler identification is GNU 13.3.0
[0.157s] -- The CXX compiler identification is GNU 13.3.0
[0.185s] -- Detecting C compiler ABI info
[0.272s] -- Detecting C compiler ABI info - done
[0.284s] -- Check for working C compiler: /usr/lib/ccache/cc - skipped
[0.284s] -- Detecting C compile features
[0.285s] -- Detecting C compile features - done
[0.302s] -- Detecting CXX compiler ABI info
[0.408s] -- Detecting CXX compiler ABI info - done
[0.420s] -- Check for working CXX compiler: /usr/lib/ccache/c++ - skipped
[0.420s] -- Detecting CXX compile features
[0.421s] -- Detecting CXX compile features - done
[0.430s] -- Found ament_cmake: 2.5.4 (/opt/ros/jazzy/share/ament_cmake/cmake)
[0.633s] -- Found Python3: /usr/bin/python3 (found version "3.12.3") found components: Interpreter 
[0.820s] -- Found rclcpp: 28.1.10 (/opt/ros/jazzy/share/rclcpp/cmake)
[0.951s] -- Found rosidl_generator_c: 4.6.5 (/opt/ros/jazzy/share/rosidl_generator_c/cmake)
[0.994s] -- Found rosidl_generator_cpp: 4.6.5 (/opt/ros/jazzy/share/rosidl_generator_cpp/cmake)
[1.030s] -- Using all available rosidl_typesupport_c: rosidl_typesupport_fastrtps_c;rosidl_typesupport_introspection_c
[1.060s] -- Using all available rosidl_typesupport_cpp: rosidl_typesupport_fastrtps_cpp;rosidl_typesupport_introspection_cpp
[1.174s] -- Found rmw_implementation_cmake: 7.3.2 (/opt/ros/jazzy/share/rmw_implementation_cmake/cmake)
[1.182s] -- Found rmw_fastrtps_cpp: 8.4.2 (/opt/ros/jazzy/share/rmw_fastrtps_cpp/cmake)
[1.316s] -- Found OpenSSL: /usr/lib/x86_64-linux-gnu/libcrypto.so (found version "3.0.13")  
[1.351s] -- Found FastRTPS: /opt/ros/jazzy/include (Required is at least version "2.13") 
[1.384s] -- Using RMW implementation 'rmw_fastrtps_cpp' as default
[1.548s] -- Found sensor_msgs: 5.3.6 (/opt/ros/jazzy/share/sensor_msgs/cmake)
[1.665s] -- Found nav_msgs: 5.3.6 (/opt/ros/jazzy/share/nav_msgs/cmake)
[1.718s] -- Found tf2: 0.36.12 (/opt/ros/jazzy/share/tf2/cmake)
[1.734s] -- Found tf2_ros: 0.36.12 (/opt/ros/jazzy/share/tf2_ros/cmake)
[2.037s] -- Found tf2_geometry_msgs: 0.36.12 (/opt/ros/jazzy/share/tf2_geometry_msgs/cmake)
[2.093s] -- Found eigen3_cmake_module: 0.3.0 (/opt/ros/jazzy/share/eigen3_cmake_module/cmake)
[2.095s] -- Found Eigen3: TRUE (found version "3.4.0") 
[2.096s] -- Ensuring Eigen3 include directory is part of orocos-kdl CMake target
[2.229s] -- Configuring done (2.2s)
[2.250s] -- Generating done (0.0s)
[2.257s] -- Build files have been written to: /home/user/data/drones_ship_ws/build/aquabot_ekf
[2.271s] Invoked command in '/home/user/data/drones_ship_ws/build/aquabot_ekf' returned '0': CMAKE_PREFIX_PATH=${CMAKE_PREFIX_PATH}:/home/user/data/drones_ship_ws/install/ros_gz_crazyflie_control:/home/user/data/drones_ship_ws/install/multi_drone_traj_replay:/opt/ros/jazzy DEBUGINFOD_URLS=https://debuginfod.ubuntu.com /usr/bin/cmake /home/user/data/drones_ship_ws/src/drone_ship/aquabot_ekf -DCMAKE_INSTALL_PREFIX=/home/user/data/drones_ship_ws/install/aquabot_ekf
[2.272s] Invoking command in '/home/user/data/drones_ship_ws/build/aquabot_ekf': CMAKE_PREFIX_PATH=${CMAKE_PREFIX_PATH}:/home/user/data/drones_ship_ws/install/ros_gz_crazyflie_control:/home/user/data/drones_ship_ws/install/multi_drone_traj_replay:/opt/ros/jazzy DEBUGINFOD_URLS=https://debuginfod.ubuntu.com /usr/bin/cmake --build /home/user/data/drones_ship_ws/build/aquabot_ekf -- -j20 -l20
[2.369s] [ 50%] [32mBuilding CXX object CMakeFiles/ekf_node.dir/src/ekf_node.cpp.o[0m
[2.428s] [100%] [32m[1mLinking CXX executable ekf_node[0m
[3.086s] [100%] Built target ekf_node
[3.101s] Invoked command in '/home/user/data/drones_ship_ws/build/aquabot_ekf' returned '0': CMAKE_PREFIX_PATH=${CMAKE_PREFIX_PATH}:/home/user/data/drones_ship_ws/install/ros_gz_crazyflie_control:/home/user/data/drones_ship_ws/install/multi_drone_traj_replay:/opt/ros/jazzy DEBUGINFOD_URLS=https://debuginfod.ubuntu.com /usr/bin/cmake --build /home/user/data/drones_ship_ws/build/aquabot_ekf -- -j20 -l20
[3.102s] Invoking command in '/home/user/data/drones_ship_ws/build/aquabot_ekf': CMAKE_PREFIX_PATH=${CMAKE_PREFIX_PATH}:/home/user/data/drones_ship_ws/install/ros_gz_crazyflie_control:/home/user/data/drones_ship_ws/install/multi_drone_traj_replay:/opt/ros/jazzy DEBUGINFOD_URLS=https://debuginfod.ubuntu.com /usr/bin/cmake --install /home/user/data/drones_ship_ws/build/aquabot_ekf
[3.120s] -- Install configuration: ""
[3.120s] -- Installing: /home/user/data/drones_ship_ws/install/aquabot_ekf/lib/aquabot_ekf/ekf_node
[3.130s] -- Set non-toolchain portion of runtime path of "/home/user/data/drones_ship_ws/install/aquabot_ekf/lib/aquabot_ekf/ekf_node" to ""
[3.130s] -- Installing: /home/user/data/drones_ship_ws/install/aquabot_ekf/share/aquabot_ekf/launch
[3.130s] -- Installing: /home/user/data/drones_ship_ws/install/aquabot_ekf/share/aquabot_ekf/launch/ekf_launch.py
[3.130s] -- Installing: /home/user/data/drones_ship_ws/install/aquabot_ekf/share/aquabot_ekf/config
[3.130s] -- Installing: /home/user/data/drones_ship_ws/install/aquabot_ekf/share/aquabot_ekf/config/ekf_params.yaml
[3.130s] -- Installing: /home/user/data/drones_ship_ws/install/aquabot_ekf/share/ament_index/resource_index/package_run_dependencies/aquabot_ekf
[3.130s] -- Installing: /home/user/data/drones_ship_ws/install/aquabot_ekf/share/ament_index/resource_index/parent_prefix_path/aquabot_ekf
[3.131s] -- Installing: /home/user/data/drones_ship_ws/install/aquabot_ekf/share/aquabot_ekf/environment/ament_prefix_path.sh
[3.131s] -- Installing: /home/user/data/drones_ship_ws/install/aquabot_ekf/share/aquabot_ekf/environment/ament_prefix_path.dsv
[3.131s] -- Installing: /home/user/data/drones_ship_ws/install/aquabot_ekf/share/aquabot_ekf/environment/path.sh
[3.131s] -- Installing: /home/user/data/drones_ship_ws/install/aquabot_ekf/share/aquabot_ekf/environment/path.dsv
[3.131s] -- Installing: /home/user/data/drones_ship_ws/install/aquabot_ekf/share/aquabot_ekf/local_setup.bash
[3.132s] -- Installing: /home/user/data/drones_ship_ws/install/aquabot_ekf/share/aquabot_ekf/local_setup.sh
[3.132s] -- Installing: /home/user/data/drones_ship_ws/install/aquabot_ekf/share/aquabot_ekf/local_setup.zsh
[3.132s] -- Installing: /home/user/data/drones_ship_ws/install/aquabot_ekf/share/aquabot_ekf/local_setup.dsv
[3.132s] -- Installing: /home/user/data/drones_ship_ws/install/aquabot_ekf/share/aquabot_ekf/package.dsv
[3.132s] -- Installing: /home/user/data/drones_ship_ws/install/aquabot_ekf/share/ament_index/resource_index/packages/aquabot_ekf
[3.133s] -- Installing: /home/user/data/drones_ship_ws/install/aquabot_ekf/share/aquabot_ekf/cmake/aquabot_ekfConfig.cmake
[3.133s] -- Installing: /home/user/data/drones_ship_ws/install/aquabot_ekf/share/aquabot_ekf/cmake/aquabot_ekfConfig-version.cmake
[3.133s] -- Installing: /home/user/data/drones_ship_ws/install/aquabot_ekf/share/aquabot_ekf/package.xml
[3.135s] Invoked command in '/home/user/data/drones_ship_ws/build/aquabot_ekf' returned '0': CMAKE_PREFIX_PATH=${CMAKE_PREFIX_PATH}:/home/user/data/drones_ship_ws/install/ros_gz_crazyflie_control:/home/user/data/drones_ship_ws/install/multi_drone_traj_replay:/opt/ros/jazzy DEBUGINFOD_URLS=https://debuginfod.ubuntu.com /usr/bin/cmake --install /home/user/data/drones_ship_ws/build/aquabot_ekf
