[0.057s] Invoking command in '/home/user/data/drones_ship_ws/build/vrx_ros': CMAKE_PREFIX_PATH=${CMAKE_PREFIX_PATH}:/home/user/data/drones_ship_ws/install/ros_gz_crazyflie_control:/opt/ros/jazzy DEBUGINFOD_URLS=https://debuginfod.ubuntu.com /usr/bin/cmake --build /home/user/data/drones_ship_ws/build/vrx_ros -- -j20 -l20
[0.162s] [100%] Built target optical_frame_publisher
[0.162s] [100%] Built target pose_tf_broadcaster
[0.317s] Invoked command in '/home/user/data/drones_ship_ws/build/vrx_ros' returned '0': CMAKE_PREFIX_PATH=${CMAKE_PREFIX_PATH}:/home/user/data/drones_ship_ws/install/ros_gz_crazyflie_control:/opt/ros/jazzy DEBUGINFOD_URLS=https://debuginfod.ubuntu.com /usr/bin/cmake --build /home/user/data/drones_ship_ws/build/vrx_ros -- -j20 -l20
[0.337s] Invoking command in '/home/user/data/drones_ship_ws/build/vrx_ros': CMAKE_PREFIX_PATH=${CMAKE_PREFIX_PATH}:/home/user/data/drones_ship_ws/install/ros_gz_crazyflie_control:/opt/ros/jazzy DEBUGINFOD_URLS=https://debuginfod.ubuntu.com /usr/bin/cmake --install /home/user/data/drones_ship_ws/build/vrx_ros
[0.370s] -- Install configuration: ""
[0.375s] -- Up-to-date: /home/user/data/drones_ship_ws/install/vrx_ros/lib/vrx_ros/optical_frame_publisher
[0.376s] -- Up-to-date: /home/user/data/drones_ship_ws/install/vrx_ros/lib/vrx_ros/pose_tf_broadcaster
[0.377s] -- Up-to-date: /home/user/data/drones_ship_ws/install/vrx_ros/share/vrx_ros/launch
[0.377s] -- Up-to-date: /home/user/data/drones_ship_ws/install/vrx_ros/share/vrx_ros/launch/monitor_sim.py
[0.377s] -- Up-to-date: /home/user/data/drones_ship_ws/install/vrx_ros/share/ament_index/resource_index/package_run_dependencies/vrx_ros
[0.378s] -- Up-to-date: /home/user/data/drones_ship_ws/install/vrx_ros/share/ament_index/resource_index/parent_prefix_path/vrx_ros
[0.378s] -- Up-to-date: /home/user/data/drones_ship_ws/install/vrx_ros/share/vrx_ros/environment/ament_prefix_path.sh
[0.378s] -- Up-to-date: /home/user/data/drones_ship_ws/install/vrx_ros/share/vrx_ros/environment/ament_prefix_path.dsv
[0.378s] -- Up-to-date: /home/user/data/drones_ship_ws/install/vrx_ros/share/vrx_ros/environment/path.sh
[0.378s] -- Up-to-date: /home/user/data/drones_ship_ws/install/vrx_ros/share/vrx_ros/environment/path.dsv
[0.378s] -- Up-to-date: /home/user/data/drones_ship_ws/install/vrx_ros/share/vrx_ros/local_setup.bash
[0.378s] -- Up-to-date: /home/user/data/drones_ship_ws/install/vrx_ros/share/vrx_ros/local_setup.sh
[0.382s] -- Up-to-date: /home/user/data/drones_ship_ws/install/vrx_ros/share/vrx_ros/local_setup.zsh
[0.382s] -- Up-to-date: /home/user/data/drones_ship_ws/install/vrx_ros/share/vrx_ros/local_setup.dsv
[0.383s] -- Installing: /home/user/data/drones_ship_ws/install/vrx_ros/share/vrx_ros/package.dsv
[0.383s] -- Up-to-date: /home/user/data/drones_ship_ws/install/vrx_ros/share/ament_index/resource_index/packages/vrx_ros
[0.385s] -- Up-to-date: /home/user/data/drones_ship_ws/install/vrx_ros/share/vrx_ros/cmake/vrx_rosConfig.cmake
[0.385s] -- Up-to-date: /home/user/data/drones_ship_ws/install/vrx_ros/share/vrx_ros/cmake/vrx_rosConfig-version.cmake
[0.385s] -- Up-to-date: /home/user/data/drones_ship_ws/install/vrx_ros/share/vrx_ros/package.xml
[0.442s] Invoked command in '/home/user/data/drones_ship_ws/build/vrx_ros' returned '0': CMAKE_PREFIX_PATH=${CMAKE_PREFIX_PATH}:/home/user/data/drones_ship_ws/install/ros_gz_crazyflie_control:/opt/ros/jazzy DEBUGINFOD_URLS=https://debuginfod.ubuntu.com /usr/bin/cmake --install /home/user/data/drones_ship_ws/build/vrx_ros
