[01m[K/home/user/data/drones_ship_ws/src/drone_ship/crazyflie_yolo/src/multi_drone_fusion_node.cpp:[m[K In constructor ‘[01m[KMultiDroneFusionNode::[01;32m[KMultiDroneFusionNode[m[K()[m[K’:
[01m[K/home/user/data/drones_ship_ws/src/drone_ship/crazyflie_yolo/src/multi_drone_fusion_node.cpp:46:13:[m[K [01;31m[Kerror: [m[Kunable to find numeric literal operator ‘[01m[Koperator""ms[m[K’
   46 |             [01;31m[K500ms[m[K, std::bind(&MultiDroneFusionNode::publishFusedObstacles, this));
      |             [01;31m[K^~~~~[m[K
[01m[K/home/user/data/drones_ship_ws/src/drone_ship/crazyflie_yolo/src/multi_drone_fusion_node.cpp:[m[K In member function ‘[01m[Kvoid MultiDroneFusionNode::[01;32m[KhandleDroneObstacles[m[K(const std::string&, crazyflie_yolo::msg::TrackedObstacleArray_<std::allocator<void> >::SharedPtr)[m[K’:
[01m[K/home/user/data/drones_ship_ws/src/drone_ship/crazyflie_yolo/src/multi_drone_fusion_node.cpp:62:42:[m[K [01;31m[Kerror: [m[K‘[01m[Kusing std::__shared_ptr_access<crazyflie_yolo::msg::TrackedObstacleArray_<std::allocator<void> >, __gnu_cxx::_S_atomic, false, false>::element_type = struct crazyflie_yolo::msg::TrackedObstacleArray_<std::allocator<void> >[m[K’ {aka ‘[01m[Kstruct crazyflie_yolo::msg::TrackedObstacleArray_<std::allocator<void> >[m[K’} has no member named ‘[01m[Ktracked_obstacles[m[K’
   62 |         for (const auto &obstacle : msg->[01;31m[Ktracked_obstacles[m[K)
      |                                          [01;31m[K^~~~~~~~~~~~~~~~~[m[K
[01m[K/home/user/data/drones_ship_ws/src/drone_ship/crazyflie_yolo/src/multi_drone_fusion_node.cpp:60:50:[m[K [01;35m[Kwarning: [m[Kunused parameter ‘[01m[Kdrone[m[K’ [[01;35m[K-Wunused-parameter[m[K]
   60 |     void handleDroneObstacles([01;35m[Kconst std::string &drone[m[K, const TrackedObstacleArray::SharedPtr msg)
      |                               [01;35m[K~~~~~~~~~~~~~~~~~~~^~~~~[m[K
[01m[K/home/user/data/drones_ship_ws/src/drone_ship/crazyflie_yolo/src/multi_drone_fusion_node.cpp:[m[K In member function ‘[01m[Kvoid MultiDroneFusionNode::[01;32m[KpublishFusedObstacles[m[K()[m[K’:
[01m[K/home/user/data/drones_ship_ws/src/drone_ship/crazyflie_yolo/src/multi_drone_fusion_node.cpp:114:17:[m[K [01;31m[Kerror: [m[K‘[01m[Kusing crazyflie_yolo::msg::TrackedObstacleArray = struct crazyflie_yolo::msg::TrackedObstacleArray_<std::allocator<void> >[m[K’ {aka ‘[01m[Kstruct crazyflie_yolo::msg::TrackedObstacleArray_<std::allocator<void> >[m[K’} has no member named ‘[01m[Ktracked_obstacles[m[K’
  114 |             msg.[01;31m[Ktracked_obstacles[m[K.push_back(obstacle);
      |                 [01;31m[K^~~~~~~~~~~~~~~~~[m[K
In file included from [01m[K/opt/ros/jazzy/include/rclcpp/rclcpp/logging.hpp:24[m[K,
                 from [01m[K/opt/ros/jazzy/include/rclcpp/rclcpp/copy_all_parameter_values.hpp:27[m[K,
                 from [01m[K/opt/ros/jazzy/include/rclcpp/rclcpp/rclcpp.hpp:171[m[K,
                 from [01m[K/home/user/data/drones_ship_ws/src/drone_ship/crazyflie_yolo/src/multi_drone_fusion_node.cpp:1[m[K:
[01m[K/home/user/data/drones_ship_ws/src/drone_ship/crazyflie_yolo/src/multi_drone_fusion_node.cpp:117:81:[m[K [01;31m[Kerror: [m[K‘[01m[Kusing crazyflie_yolo::msg::TrackedObstacleArray = struct crazyflie_yolo::msg::TrackedObstacleArray_<std::allocator<void> >[m[K’ {aka ‘[01m[Kstruct crazyflie_yolo::msg::TrackedObstacleArray_<std::allocator<void> >[m[K’} has no member named ‘[01m[Ktracked_obstacles[m[K’
  117 |         RCLCPP_INFO(this->get_logger(), "📤 Published %zu fused obstacles", msg.[01;31m[Ktracked_obstacles[m[K.size());
      |                                                                                 [01;31m[K^~~~~~~~~~~~~~~~~[m[K
gmake[2]: *** [CMakeFiles/multi_drone_fusion_node.dir/build.make:76: CMakeFiles/multi_drone_fusion_node.dir/src/multi_drone_fusion_node.cpp.o] Error 1
gmake[1]: *** [CMakeFiles/Makefile2:711: CMakeFiles/multi_drone_fusion_node.dir/all] Error 2
gmake: *** [Makefile:146: all] Error 2
