[  3%] Built target container_localizer_node
[  5%] Built target crazyflie_yolo__rosidl_generator_type_description
[  9%] Built target stereo_depth_node
[  9%] Built target ament_cmake_python_copy_crazyflie_yolo
[ 11%] Built target crazyflie_yolo__cpp
[ 26%] Built target crazyflie_yolo__rosidl_generator_c
[ 34%] Built target crazyflie_yolo__rosidl_typesupport_fastrtps_c
[ 42%] Built target crazyflie_yolo__rosidl_typesupport_introspection_c
[ 50%] Built target crazyflie_yolo__rosidl_typesupport_introspection_cpp
[ 57%] Built target crazyflie_yolo__rosidl_typesupport_c
[ 73%] Built target crazyflie_yolo__rosidl_typesupport_fastrtps_cpp
[ 73%] Built target crazyflie_yolo__rosidl_typesupport_cpp
[ 75%] [32mBuilding CXX object CMakeFiles/multi_drone_fusion_node.dir/src/multi_drone_fusion_node.cpp.o[0m
[ 75%] Built target crazyflie_yolo
[ 78%] Built target multi_obstacle_tracker_node
[ 80%] Built target crazyflie_yolo__py
[ 86%] Built target crazyflie_yolo__rosidl_generator_py
running egg_info
writing crazyflie_yolo.egg-info/PKG-INFO
writing dependency_links to crazyflie_yolo.egg-info/dependency_links.txt
writing top-level names to crazyflie_yolo.egg-info/top_level.txt
[ 90%] Built target crazyflie_yolo_s__rosidl_typesupport_introspection_c
[ 94%] Built target crazyflie_yolo_s__rosidl_typesupport_c
[ 98%] Built target crazyflie_yolo_s__rosidl_typesupport_fastrtps_c
reading manifest file 'crazyflie_yolo.egg-info/SOURCES.txt'
writing manifest file 'crazyflie_yolo.egg-info/SOURCES.txt'
[ 98%] Built target ament_cmake_python_build_crazyflie_yolo_egg
