[0.049s] Invoking command in '/home/user/data/drones_ship_ws/build/crazyflie_yolo': CMAKE_PREFIX_PATH=${CMAKE_PREFIX_PATH}:/home/user/data/drones_ship_ws/install/ros_gz_crazyflie_control:/opt/ros/jazzy DEBUGINFOD_URLS=https://debuginfod.ubuntu.com /usr/bin/cmake --build /home/user/data/drones_ship_ws/build/crazyflie_yolo -- -j20 -l20
[0.147s] [  3%] Built target container_localizer_node
[0.147s] [  5%] Built target crazyflie_yolo__rosidl_generator_type_description
[0.153s] [  9%] Built target stereo_depth_node
[0.154s] [  9%] Built target ament_cmake_python_copy_crazyflie_yolo
[0.176s] [ 11%] Built target crazyflie_yolo__cpp
[0.195s] [ 26%] Built target crazyflie_yolo__rosidl_generator_c
[0.226s] [ 34%] Built target crazyflie_yolo__rosidl_typesupport_fastrtps_c
[0.226s] [ 42%] Built target crazyflie_yolo__rosidl_typesupport_introspection_c
[0.230s] [ 50%] Built target crazyflie_yolo__rosidl_typesupport_introspection_cpp
[0.236s] [ 57%] Built target crazyflie_yolo__rosidl_typesupport_c
[0.242s] [ 73%] Built target crazyflie_yolo__rosidl_typesupport_fastrtps_cpp
[0.242s] [ 73%] Built target crazyflie_yolo__rosidl_typesupport_cpp
[0.280s] [ 75%] [32mBuilding CXX object CMakeFiles/multi_drone_fusion_node.dir/src/multi_drone_fusion_node.cpp.o[0m
[0.283s] [ 75%] Built target crazyflie_yolo
[0.285s] [ 78%] Built target multi_obstacle_tracker_node
[0.322s] [ 80%] Built target crazyflie_yolo__py
[0.350s] [ 86%] Built target crazyflie_yolo__rosidl_generator_py
[0.353s] running egg_info
[0.372s] writing crazyflie_yolo.egg-info/PKG-INFO
[0.372s] writing dependency_links to crazyflie_yolo.egg-info/dependency_links.txt
[0.372s] writing top-level names to crazyflie_yolo.egg-info/top_level.txt
[0.379s] [ 90%] Built target crazyflie_yolo_s__rosidl_typesupport_introspection_c
[0.379s] [ 94%] Built target crazyflie_yolo_s__rosidl_typesupport_c
[0.398s] [ 98%] Built target crazyflie_yolo_s__rosidl_typesupport_fastrtps_c
[0.438s] reading manifest file 'crazyflie_yolo.egg-info/SOURCES.txt'
[0.439s] writing manifest file 'crazyflie_yolo.egg-info/SOURCES.txt'
[0.476s] [ 98%] Built target ament_cmake_python_build_crazyflie_yolo_egg
[6.354s] [01m[K/home/user/data/drones_ship_ws/src/drone_ship/crazyflie_yolo/src/multi_drone_fusion_node.cpp:[m[K In constructor ‘[01m[KMultiDroneFusionNode::[01;32m[KMultiDroneFusionNode[m[K()[m[K’:
[6.354s] [01m[K/home/user/data/drones_ship_ws/src/drone_ship/crazyflie_yolo/src/multi_drone_fusion_node.cpp:46:13:[m[K [01;31m[Kerror: [m[Kunable to find numeric literal operator ‘[01m[Koperator""ms[m[K’
[6.354s]    46 |             [01;31m[K500ms[m[K, std::bind(&MultiDroneFusionNode::publishFusedObstacles, this));
[6.354s]       |             [01;31m[K^~~~~[m[K
[6.354s] [01m[K/home/user/data/drones_ship_ws/src/drone_ship/crazyflie_yolo/src/multi_drone_fusion_node.cpp:[m[K In member function ‘[01m[Kvoid MultiDroneFusionNode::[01;32m[KhandleDroneObstacles[m[K(const std::string&, crazyflie_yolo::msg::TrackedObstacleArray_<std::allocator<void> >::SharedPtr)[m[K’:
[6.355s] [01m[K/home/user/data/drones_ship_ws/src/drone_ship/crazyflie_yolo/src/multi_drone_fusion_node.cpp:62:42:[m[K [01;31m[Kerror: [m[K‘[01m[Kusing std::__shared_ptr_access<crazyflie_yolo::msg::TrackedObstacleArray_<std::allocator<void> >, __gnu_cxx::_S_atomic, false, false>::element_type = struct crazyflie_yolo::msg::TrackedObstacleArray_<std::allocator<void> >[m[K’ {aka ‘[01m[Kstruct crazyflie_yolo::msg::TrackedObstacleArray_<std::allocator<void> >[m[K’} has no member named ‘[01m[Ktracked_obstacles[m[K’
[6.355s]    62 |         for (const auto &obstacle : msg->[01;31m[Ktracked_obstacles[m[K)
[6.355s]       |                                          [01;31m[K^~~~~~~~~~~~~~~~~[m[K
[6.355s] [01m[K/home/user/data/drones_ship_ws/src/drone_ship/crazyflie_yolo/src/multi_drone_fusion_node.cpp:60:50:[m[K [01;35m[Kwarning: [m[Kunused parameter ‘[01m[Kdrone[m[K’ [[01;35m[K-Wunused-parameter[m[K]
[6.355s]    60 |     void handleDroneObstacles([01;35m[Kconst std::string &drone[m[K, const TrackedObstacleArray::SharedPtr msg)
[6.355s]       |                               [01;35m[K~~~~~~~~~~~~~~~~~~~^~~~~[m[K
[6.355s] [01m[K/home/user/data/drones_ship_ws/src/drone_ship/crazyflie_yolo/src/multi_drone_fusion_node.cpp:[m[K In member function ‘[01m[Kvoid MultiDroneFusionNode::[01;32m[KpublishFusedObstacles[m[K()[m[K’:
[6.355s] [01m[K/home/user/data/drones_ship_ws/src/drone_ship/crazyflie_yolo/src/multi_drone_fusion_node.cpp:114:17:[m[K [01;31m[Kerror: [m[K‘[01m[Kusing crazyflie_yolo::msg::TrackedObstacleArray = struct crazyflie_yolo::msg::TrackedObstacleArray_<std::allocator<void> >[m[K’ {aka ‘[01m[Kstruct crazyflie_yolo::msg::TrackedObstacleArray_<std::allocator<void> >[m[K’} has no member named ‘[01m[Ktracked_obstacles[m[K’
[6.355s]   114 |             msg.[01;31m[Ktracked_obstacles[m[K.push_back(obstacle);
[6.355s]       |                 [01;31m[K^~~~~~~~~~~~~~~~~[m[K
[6.355s] In file included from [01m[K/opt/ros/jazzy/include/rclcpp/rclcpp/logging.hpp:24[m[K,
[6.355s]                  from [01m[K/opt/ros/jazzy/include/rclcpp/rclcpp/copy_all_parameter_values.hpp:27[m[K,
[6.355s]                  from [01m[K/opt/ros/jazzy/include/rclcpp/rclcpp/rclcpp.hpp:171[m[K,
[6.355s]                  from [01m[K/home/user/data/drones_ship_ws/src/drone_ship/crazyflie_yolo/src/multi_drone_fusion_node.cpp:1[m[K:
[6.355s] [01m[K/home/user/data/drones_ship_ws/src/drone_ship/crazyflie_yolo/src/multi_drone_fusion_node.cpp:117:81:[m[K [01;31m[Kerror: [m[K‘[01m[Kusing crazyflie_yolo::msg::TrackedObstacleArray = struct crazyflie_yolo::msg::TrackedObstacleArray_<std::allocator<void> >[m[K’ {aka ‘[01m[Kstruct crazyflie_yolo::msg::TrackedObstacleArray_<std::allocator<void> >[m[K’} has no member named ‘[01m[Ktracked_obstacles[m[K’
[6.356s]   117 |         RCLCPP_INFO(this->get_logger(), "📤 Published %zu fused obstacles", msg.[01;31m[Ktracked_obstacles[m[K.size());
[6.356s]       |                                                                                 [01;31m[K^~~~~~~~~~~~~~~~~[m[K
[6.356s] gmake[2]: *** [CMakeFiles/multi_drone_fusion_node.dir/build.make:76: CMakeFiles/multi_drone_fusion_node.dir/src/multi_drone_fusion_node.cpp.o] Error 1
[6.356s] gmake[1]: *** [CMakeFiles/Makefile2:711: CMakeFiles/multi_drone_fusion_node.dir/all] Error 2
[6.356s] gmake: *** [Makefile:146: all] Error 2
[6.358s] Invoked command in '/home/user/data/drones_ship_ws/build/crazyflie_yolo' returned '2': CMAKE_PREFIX_PATH=${CMAKE_PREFIX_PATH}:/home/user/data/drones_ship_ws/install/ros_gz_crazyflie_control:/opt/ros/jazzy DEBUGINFOD_URLS=https://debuginfod.ubuntu.com /usr/bin/cmake --build /home/user/data/drones_ship_ws/build/crazyflie_yolo -- -j20 -l20
