[0.820s] Invoking command in '/home/user/data/drones_ship_ws/src/drone_ship/ros_gz_crazyflie/ros_gz_crazyflie_control': DEBUGINFOD_URLS=https://debuginfod.ubuntu.com PYTHONPATH=/home/user/data/drones_ship_ws/build/ros_gz_crazyflie_control/prefix_override:/usr/lib/python3/dist-packages/colcon_core/task/python/colcon_distutils_commands:/home/user/data/drones_ship_ws/install/ros_gz_crazyflie_control/lib/python3.12/site-packages:${PYTHONPATH} /usr/bin/python3 -W ignore:setup.py install is deprecated -W ignore:easy_install command is deprecated setup.py egg_info --egg-base ../../../../build/ros_gz_crazyflie_control build --build-base /home/user/data/drones_ship_ws/build/ros_gz_crazyflie_control/build install --record /home/user/data/drones_ship_ws/build/ros_gz_crazyflie_control/install.log --single-version-externally-managed install_data
[1.014s] /home/user/.local/lib/python3.12/site-packages/setuptools/_distutils/dist.py:289: UserWarning: Unknown distribution option: 'tests_require'
[1.014s]   warnings.warn(msg)
[1.232s] running egg_info
[1.266s] writing ../../../../build/ros_gz_crazyflie_control/ros_gz_crazyflie_control.egg-info/PKG-INFO
[1.266s] writing dependency_links to ../../../../build/ros_gz_crazyflie_control/ros_gz_crazyflie_control.egg-info/dependency_links.txt
[1.266s] writing entry points to ../../../../build/ros_gz_crazyflie_control/ros_gz_crazyflie_control.egg-info/entry_points.txt
[1.266s] writing requirements to ../../../../build/ros_gz_crazyflie_control/ros_gz_crazyflie_control.egg-info/requires.txt
[1.267s] writing top-level names to ../../../../build/ros_gz_crazyflie_control/ros_gz_crazyflie_control.egg-info/top_level.txt
[1.336s] reading manifest file '../../../../build/ros_gz_crazyflie_control/ros_gz_crazyflie_control.egg-info/SOURCES.txt'
[1.337s] writing manifest file '../../../../build/ros_gz_crazyflie_control/ros_gz_crazyflie_control.egg-info/SOURCES.txt'
[1.337s] running build
[1.337s] running build_py
[1.337s] copying ros_gz_crazyflie_control/__init__.py -> /home/user/data/drones_ship_ws/build/ros_gz_crazyflie_control/build/lib/ros_gz_crazyflie_control
[1.337s] copying ros_gz_crazyflie_control/control_services.py -> /home/user/data/drones_ship_ws/build/ros_gz_crazyflie_control/build/lib/ros_gz_crazyflie_control
[1.338s] running install
[1.342s] running install_lib
[1.377s] running install_data
[1.377s] copying resource/ros_gz_crazyflie_control -> /home/user/data/drones_ship_ws/install/ros_gz_crazyflie_control/share/ament_index/resource_index/packages
[1.377s] copying package.xml -> /home/user/data/drones_ship_ws/install/ros_gz_crazyflie_control/share/ros_gz_crazyflie_control
[1.377s] running install_egg_info
[1.411s] removing '/home/user/data/drones_ship_ws/install/ros_gz_crazyflie_control/lib/python3.12/site-packages/ros_gz_crazyflie_control-0.0.0-py3.12.egg-info' (and everything under it)
[1.412s] Copying ../../../../build/ros_gz_crazyflie_control/ros_gz_crazyflie_control.egg-info to /home/user/data/drones_ship_ws/install/ros_gz_crazyflie_control/lib/python3.12/site-packages/ros_gz_crazyflie_control-0.0.0-py3.12.egg-info
[1.413s] running install_scripts
[1.612s] Installing control_services script to /home/user/data/drones_ship_ws/install/ros_gz_crazyflie_control/lib/ros_gz_crazyflie_control
[1.612s] writing list of installed files to '/home/user/data/drones_ship_ws/build/ros_gz_crazyflie_control/install.log'
[1.639s] Invoked command in '/home/user/data/drones_ship_ws/src/drone_ship/ros_gz_crazyflie/ros_gz_crazyflie_control' returned '0': DEBUGINFOD_URLS=https://debuginfod.ubuntu.com PYTHONPATH=/home/user/data/drones_ship_ws/build/ros_gz_crazyflie_control/prefix_override:/usr/lib/python3/dist-packages/colcon_core/task/python/colcon_distutils_commands:/home/user/data/drones_ship_ws/install/ros_gz_crazyflie_control/lib/python3.12/site-packages:${PYTHONPATH} /usr/bin/python3 -W ignore:setup.py install is deprecated -W ignore:easy_install command is deprecated setup.py egg_info --egg-base ../../../../build/ros_gz_crazyflie_control build --build-base /home/user/data/drones_ship_ws/build/ros_gz_crazyflie_control/build install --record /home/user/data/drones_ship_ws/build/ros_gz_crazyflie_control/install.log --single-version-externally-managed install_data
