[0.099s] Invoking command in '/home/user/data/drones_ship_ws/build/crazyflie_yolo': CMAKE_PREFIX_PATH=${CMAKE_PREFIX_PATH}:/home/user/data/drones_ship_ws/install/ros_gz_crazyflie_control:/opt/ros/jazzy DEBUGINFOD_URLS=https://debuginfod.ubuntu.com /usr/bin/cmake --build /home/user/data/drones_ship_ws/build/crazyflie_yolo -- -j20 -l20
[0.217s] [  3%] Built target container_localizer_node
[0.219s] [  7%] Built target stereo_depth_node
[0.232s] [  7%] Built target ament_cmake_python_copy_crazyflie_yolo
[0.317s] [  9%] Built target crazyflie_yolo__rosidl_generator_type_description
[0.376s] [ 24%] Built target crazyflie_yolo__rosidl_generator_c
[0.423s] [ 31%] Built target crazyflie_yolo__rosidl_typesupport_c
[0.428s] [ 38%] Built target crazyflie_yolo__rosidl_typesupport_fastrtps_c
[0.493s] [ 46%] Built target crazyflie_yolo__rosidl_typesupport_introspection_c
[0.504s] [ 48%] Built target crazyflie_yolo__cpp
[0.555s] [ 55%] Built target crazyflie_yolo__rosidl_typesupport_fastrtps_cpp
[0.622s] running egg_info
[0.657s] writing crazyflie_yolo.egg-info/PKG-INFO
[0.658s] writing dependency_links to crazyflie_yolo.egg-info/dependency_links.txt
[0.658s] writing top-level names to crazyflie_yolo.egg-info/top_level.txt
[0.701s] [ 62%] Built target crazyflie_yolo__rosidl_typesupport_introspection_cpp
[0.702s] [ 70%] Built target crazyflie_yolo__rosidl_typesupport_cpp
[0.768s] [ 75%] Built target multi_drone_fusion_node
[0.768s] [ 77%] Built target multi_obstacle_tracker_ekf_node
[0.768s] reading manifest file 'crazyflie_yolo.egg-info/SOURCES.txt'
[0.769s] writing manifest file 'crazyflie_yolo.egg-info/SOURCES.txt'
[0.785s] [ 77%] Built target crazyflie_yolo
[0.809s] [ 81%] Built target multi_obstacle_tracker_node
[0.817s] [ 81%] Built target ament_cmake_python_build_crazyflie_yolo_egg
[0.845s] [ 83%] Built target crazyflie_yolo__py
[1.052s] [ 88%] Built target crazyflie_yolo__rosidl_generator_py
[1.053s] [ 92%] Built target crazyflie_yolo_s__rosidl_typesupport_c
[1.054s] [ 96%] Built target crazyflie_yolo_s__rosidl_typesupport_fastrtps_c
[1.266s] [100%] Built target crazyflie_yolo_s__rosidl_typesupport_introspection_c
[1.469s] Invoked command in '/home/user/data/drones_ship_ws/build/crazyflie_yolo' returned '0': CMAKE_PREFIX_PATH=${CMAKE_PREFIX_PATH}:/home/user/data/drones_ship_ws/install/ros_gz_crazyflie_control:/opt/ros/jazzy DEBUGINFOD_URLS=https://debuginfod.ubuntu.com /usr/bin/cmake --build /home/user/data/drones_ship_ws/build/crazyflie_yolo -- -j20 -l20
[1.470s] Invoking command in '/home/user/data/drones_ship_ws/build/crazyflie_yolo': CMAKE_PREFIX_PATH=${CMAKE_PREFIX_PATH}:/home/user/data/drones_ship_ws/install/ros_gz_crazyflie_control:/opt/ros/jazzy DEBUGINFOD_URLS=https://debuginfod.ubuntu.com /usr/bin/cmake --install /home/user/data/drones_ship_ws/build/crazyflie_yolo
[1.492s] -- Install configuration: ""
[1.493s] -- Up-to-date: /home/user/data/drones_ship_ws/install/crazyflie_yolo/share/ament_index/resource_index/rosidl_interfaces/crazyflie_yolo
[1.494s] -- Up-to-date: /home/user/data/drones_ship_ws/install/crazyflie_yolo/share/crazyflie_yolo/msg/TrackedObstacle.json
[1.495s] -- Up-to-date: /home/user/data/drones_ship_ws/install/crazyflie_yolo/share/crazyflie_yolo/msg/TrackedObstacleArray.json
[1.495s] -- Up-to-date: /home/user/data/drones_ship_ws/install/crazyflie_yolo/include/crazyflie_yolo/crazyflie_yolo
[1.495s] -- Up-to-date: /home/user/data/drones_ship_ws/install/crazyflie_yolo/include/crazyflie_yolo/crazyflie_yolo/msg
[1.496s] -- Up-to-date: /home/user/data/drones_ship_ws/install/crazyflie_yolo/include/crazyflie_yolo/crazyflie_yolo/msg/detail
[1.496s] -- Up-to-date: /home/user/data/drones_ship_ws/install/crazyflie_yolo/include/crazyflie_yolo/crazyflie_yolo/msg/detail/tracked_obstacle_array__functions.c
[1.496s] -- Up-to-date: /home/user/data/drones_ship_ws/install/crazyflie_yolo/include/crazyflie_yolo/crazyflie_yolo/msg/detail/tracked_obstacle__description.c
[1.496s] -- Up-to-date: /home/user/data/drones_ship_ws/install/crazyflie_yolo/include/crazyflie_yolo/crazyflie_yolo/msg/detail/tracked_obstacle__functions.c
[1.496s] -- Up-to-date: /home/user/data/drones_ship_ws/install/crazyflie_yolo/include/crazyflie_yolo/crazyflie_yolo/msg/detail/tracked_obstacle_array__type_support.c
[1.496s] -- Up-to-date: /home/user/data/drones_ship_ws/install/crazyflie_yolo/include/crazyflie_yolo/crazyflie_yolo/msg/detail/tracked_obstacle__functions.h
[1.496s] -- Up-to-date: /home/user/data/drones_ship_ws/install/crazyflie_yolo/include/crazyflie_yolo/crazyflie_yolo/msg/detail/tracked_obstacle_array__description.c
[1.497s] -- Up-to-date: /home/user/data/drones_ship_ws/install/crazyflie_yolo/include/crazyflie_yolo/crazyflie_yolo/msg/detail/tracked_obstacle_array__struct.h
[1.497s] -- Up-to-date: /home/user/data/drones_ship_ws/install/crazyflie_yolo/include/crazyflie_yolo/crazyflie_yolo/msg/detail/tracked_obstacle_array__functions.h
[1.497s] -- Up-to-date: /home/user/data/drones_ship_ws/install/crazyflie_yolo/include/crazyflie_yolo/crazyflie_yolo/msg/detail/tracked_obstacle__type_support.c
[1.497s] -- Up-to-date: /home/user/data/drones_ship_ws/install/crazyflie_yolo/include/crazyflie_yolo/crazyflie_yolo/msg/detail/tracked_obstacle__type_support.h
[1.497s] -- Up-to-date: /home/user/data/drones_ship_ws/install/crazyflie_yolo/include/crazyflie_yolo/crazyflie_yolo/msg/detail/tracked_obstacle_array__type_support.h
[1.498s] -- Up-to-date: /home/user/data/drones_ship_ws/install/crazyflie_yolo/include/crazyflie_yolo/crazyflie_yolo/msg/detail/tracked_obstacle__struct.h
[1.498s] -- Up-to-date: /home/user/data/drones_ship_ws/install/crazyflie_yolo/include/crazyflie_yolo/crazyflie_yolo/msg/tracked_obstacle.h
[1.498s] -- Up-to-date: /home/user/data/drones_ship_ws/install/crazyflie_yolo/include/crazyflie_yolo/crazyflie_yolo/msg/rosidl_generator_c__visibility_control.h
[1.498s] -- Up-to-date: /home/user/data/drones_ship_ws/install/crazyflie_yolo/include/crazyflie_yolo/crazyflie_yolo/msg/tracked_obstacle_array.h
[1.498s] -- Up-to-date: /home/user/data/drones_ship_ws/install/crazyflie_yolo/share/crazyflie_yolo/environment/library_path.sh
[1.498s] -- Up-to-date: /home/user/data/drones_ship_ws/install/crazyflie_yolo/share/crazyflie_yolo/environment/library_path.dsv
[1.498s] -- Up-to-date: /home/user/data/drones_ship_ws/install/crazyflie_yolo/lib/libcrazyflie_yolo__rosidl_generator_c.so
[1.499s] -- Up-to-date: /home/user/data/drones_ship_ws/install/crazyflie_yolo/include/crazyflie_yolo/crazyflie_yolo
[1.499s] -- Up-to-date: /home/user/data/drones_ship_ws/install/crazyflie_yolo/include/crazyflie_yolo/crazyflie_yolo/msg
[1.499s] -- Up-to-date: /home/user/data/drones_ship_ws/install/crazyflie_yolo/include/crazyflie_yolo/crazyflie_yolo/msg/detail
[1.499s] -- Up-to-date: /home/user/data/drones_ship_ws/install/crazyflie_yolo/include/crazyflie_yolo/crazyflie_yolo/msg/detail/tracked_obstacle_array__rosidl_typesupport_fastrtps_c.h
[1.499s] -- Up-to-date: /home/user/data/drones_ship_ws/install/crazyflie_yolo/include/crazyflie_yolo/crazyflie_yolo/msg/detail/tracked_obstacle__rosidl_typesupport_fastrtps_c.h
[1.499s] -- Up-to-date: /home/user/data/drones_ship_ws/install/crazyflie_yolo/include/crazyflie_yolo/crazyflie_yolo/msg/rosidl_typesupport_fastrtps_c__visibility_control.h
[1.499s] -- Up-to-date: /home/user/data/drones_ship_ws/install/crazyflie_yolo/lib/libcrazyflie_yolo__rosidl_typesupport_fastrtps_c.so
[1.499s] -- Up-to-date: /home/user/data/drones_ship_ws/install/crazyflie_yolo/include/crazyflie_yolo/crazyflie_yolo
[1.499s] -- Up-to-date: /home/user/data/drones_ship_ws/install/crazyflie_yolo/include/crazyflie_yolo/crazyflie_yolo/msg
[1.499s] -- Up-to-date: /home/user/data/drones_ship_ws/install/crazyflie_yolo/include/crazyflie_yolo/crazyflie_yolo/msg/detail
[1.500s] -- Up-to-date: /home/user/data/drones_ship_ws/install/crazyflie_yolo/include/crazyflie_yolo/crazyflie_yolo/msg/detail/tracked_obstacle__rosidl_typesupport_introspection_c.h
[1.500s] -- Up-to-date: /home/user/data/drones_ship_ws/install/crazyflie_yolo/include/crazyflie_yolo/crazyflie_yolo/msg/detail/tracked_obstacle_array__type_support.c
[1.500s] -- Up-to-date: /home/user/data/drones_ship_ws/install/crazyflie_yolo/include/crazyflie_yolo/crazyflie_yolo/msg/detail/tracked_obstacle__type_support.c
[1.500s] -- Up-to-date: /home/user/data/drones_ship_ws/install/crazyflie_yolo/include/crazyflie_yolo/crazyflie_yolo/msg/detail/tracked_obstacle_array__rosidl_typesupport_introspection_c.h
[1.500s] -- Up-to-date: /home/user/data/drones_ship_ws/install/crazyflie_yolo/include/crazyflie_yolo/crazyflie_yolo/msg/rosidl_typesupport_introspection_c__visibility_control.h
[1.500s] -- Up-to-date: /home/user/data/drones_ship_ws/install/crazyflie_yolo/lib/libcrazyflie_yolo__rosidl_typesupport_introspection_c.so
[1.500s] -- Up-to-date: /home/user/data/drones_ship_ws/install/crazyflie_yolo/lib/libcrazyflie_yolo__rosidl_typesupport_c.so
[1.500s] -- Up-to-date: /home/user/data/drones_ship_ws/install/crazyflie_yolo/include/crazyflie_yolo/crazyflie_yolo
[1.501s] -- Up-to-date: /home/user/data/drones_ship_ws/install/crazyflie_yolo/include/crazyflie_yolo/crazyflie_yolo/msg
[1.501s] -- Up-to-date: /home/user/data/drones_ship_ws/install/crazyflie_yolo/include/crazyflie_yolo/crazyflie_yolo/msg/detail
[1.501s] -- Up-to-date: /home/user/data/drones_ship_ws/install/crazyflie_yolo/include/crazyflie_yolo/crazyflie_yolo/msg/detail/tracked_obstacle_array__builder.hpp
[1.501s] -- Up-to-date: /home/user/data/drones_ship_ws/install/crazyflie_yolo/include/crazyflie_yolo/crazyflie_yolo/msg/detail/tracked_obstacle_array__struct.hpp
[1.501s] -- Up-to-date: /home/user/data/drones_ship_ws/install/crazyflie_yolo/include/crazyflie_yolo/crazyflie_yolo/msg/detail/tracked_obstacle__traits.hpp
[1.502s] -- Up-to-date: /home/user/data/drones_ship_ws/install/crazyflie_yolo/include/crazyflie_yolo/crazyflie_yolo/msg/detail/tracked_obstacle_array__type_support.hpp
[1.502s] -- Up-to-date: /home/user/data/drones_ship_ws/install/crazyflie_yolo/include/crazyflie_yolo/crazyflie_yolo/msg/detail/tracked_obstacle__type_support.hpp
[1.502s] -- Up-to-date: /home/user/data/drones_ship_ws/install/crazyflie_yolo/include/crazyflie_yolo/crazyflie_yolo/msg/detail/tracked_obstacle__builder.hpp
[1.502s] -- Up-to-date: /home/user/data/drones_ship_ws/install/crazyflie_yolo/include/crazyflie_yolo/crazyflie_yolo/msg/detail/tracked_obstacle_array__traits.hpp
[1.502s] -- Up-to-date: /home/user/data/drones_ship_ws/install/crazyflie_yolo/include/crazyflie_yolo/crazyflie_yolo/msg/detail/tracked_obstacle__struct.hpp
[1.502s] -- Up-to-date: /home/user/data/drones_ship_ws/install/crazyflie_yolo/include/crazyflie_yolo/crazyflie_yolo/msg/rosidl_generator_cpp__visibility_control.hpp
[1.502s] -- Up-to-date: /home/user/data/drones_ship_ws/install/crazyflie_yolo/include/crazyflie_yolo/crazyflie_yolo/msg/tracked_obstacle_array.hpp
[1.503s] -- Up-to-date: /home/user/data/drones_ship_ws/install/crazyflie_yolo/include/crazyflie_yolo/crazyflie_yolo/msg/tracked_obstacle.hpp
[1.503s] -- Up-to-date: /home/user/data/drones_ship_ws/install/crazyflie_yolo/include/crazyflie_yolo/crazyflie_yolo
[1.503s] -- Up-to-date: /home/user/data/drones_ship_ws/install/crazyflie_yolo/include/crazyflie_yolo/crazyflie_yolo/msg
[1.503s] -- Up-to-date: /home/user/data/drones_ship_ws/install/crazyflie_yolo/include/crazyflie_yolo/crazyflie_yolo/msg/detail
[1.503s] -- Up-to-date: /home/user/data/drones_ship_ws/install/crazyflie_yolo/include/crazyflie_yolo/crazyflie_yolo/msg/detail/tracked_obstacle__rosidl_typesupport_fastrtps_cpp.hpp
[1.503s] -- Up-to-date: /home/user/data/drones_ship_ws/install/crazyflie_yolo/include/crazyflie_yolo/crazyflie_yolo/msg/detail/tracked_obstacle_array__rosidl_typesupport_fastrtps_cpp.hpp
[1.503s] -- Up-to-date: /home/user/data/drones_ship_ws/install/crazyflie_yolo/include/crazyflie_yolo/crazyflie_yolo/msg/detail/dds_fastrtps
[1.503s] -- Up-to-date: /home/user/data/drones_ship_ws/install/crazyflie_yolo/include/crazyflie_yolo/crazyflie_yolo/msg/rosidl_typesupport_fastrtps_cpp__visibility_control.h
[1.503s] -- Up-to-date: /home/user/data/drones_ship_ws/install/crazyflie_yolo/lib/libcrazyflie_yolo__rosidl_typesupport_fastrtps_cpp.so
[1.503s] -- Up-to-date: /home/user/data/drones_ship_ws/install/crazyflie_yolo/include/crazyflie_yolo/crazyflie_yolo
[1.512s] -- Up-to-date: /home/user/data/drones_ship_ws/install/crazyflie_yolo/include/crazyflie_yolo/crazyflie_yolo/msg
[1.513s] -- Up-to-date: /home/user/data/drones_ship_ws/install/crazyflie_yolo/include/crazyflie_yolo/crazyflie_yolo/msg/detail
[1.514s] -- Up-to-date: /home/user/data/drones_ship_ws/install/crazyflie_yolo/include/crazyflie_yolo/crazyflie_yolo/msg/detail/tracked_obstacle__rosidl_typesupport_introspection_cpp.hpp
[1.515s] -- Up-to-date: /home/user/data/drones_ship_ws/install/crazyflie_yolo/include/crazyflie_yolo/crazyflie_yolo/msg/detail/tracked_obstacle_array__rosidl_typesupport_introspection_cpp.hpp
[1.515s] -- Up-to-date: /home/user/data/drones_ship_ws/install/crazyflie_yolo/include/crazyflie_yolo/crazyflie_yolo/msg/detail/tracked_obstacle_array__type_support.cpp
[1.516s] -- Up-to-date: /home/user/data/drones_ship_ws/install/crazyflie_yolo/include/crazyflie_yolo/crazyflie_yolo/msg/detail/tracked_obstacle__type_support.cpp
[1.517s] -- Up-to-date: /home/user/data/drones_ship_ws/install/crazyflie_yolo/lib/libcrazyflie_yolo__rosidl_typesupport_introspection_cpp.so
[1.517s] -- Up-to-date: /home/user/data/drones_ship_ws/install/crazyflie_yolo/lib/libcrazyflie_yolo__rosidl_typesupport_cpp.so
[1.525s] -- Up-to-date: /home/user/data/drones_ship_ws/install/crazyflie_yolo/share/crazyflie_yolo/environment/pythonpath.sh
[1.527s] -- Up-to-date: /home/user/data/drones_ship_ws/install/crazyflie_yolo/share/crazyflie_yolo/environment/pythonpath.dsv
[1.528s] -- Up-to-date: /home/user/data/drones_ship_ws/install/crazyflie_yolo/lib/python3.12/site-packages/crazyflie_yolo-0.0.1-py3.12.egg-info
[1.532s] -- Installing: /home/user/data/drones_ship_ws/install/crazyflie_yolo/lib/python3.12/site-packages/crazyflie_yolo-0.0.1-py3.12.egg-info/SOURCES.txt
[1.533s] -- Installing: /home/user/data/drones_ship_ws/install/crazyflie_yolo/lib/python3.12/site-packages/crazyflie_yolo-0.0.1-py3.12.egg-info/dependency_links.txt
[1.534s] -- Installing: /home/user/data/drones_ship_ws/install/crazyflie_yolo/lib/python3.12/site-packages/crazyflie_yolo-0.0.1-py3.12.egg-info/top_level.txt
[1.542s] -- Installing: /home/user/data/drones_ship_ws/install/crazyflie_yolo/lib/python3.12/site-packages/crazyflie_yolo-0.0.1-py3.12.egg-info/PKG-INFO
[1.543s] -- Up-to-date: /home/user/data/drones_ship_ws/install/crazyflie_yolo/lib/python3.12/site-packages/crazyflie_yolo
[1.547s] -- Up-to-date: /home/user/data/drones_ship_ws/install/crazyflie_yolo/lib/python3.12/site-packages/crazyflie_yolo/msg
[1.548s] -- Up-to-date: /home/user/data/drones_ship_ws/install/crazyflie_yolo/lib/python3.12/site-packages/crazyflie_yolo/msg/_tracked_obstacle_array.py
[1.548s] -- Up-to-date: /home/user/data/drones_ship_ws/install/crazyflie_yolo/lib/python3.12/site-packages/crazyflie_yolo/msg/_tracked_obstacle_array_s.c
[1.548s] -- Up-to-date: /home/user/data/drones_ship_ws/install/crazyflie_yolo/lib/python3.12/site-packages/crazyflie_yolo/msg/_tracked_obstacle.py
[1.548s] -- Up-to-date: /home/user/data/drones_ship_ws/install/crazyflie_yolo/lib/python3.12/site-packages/crazyflie_yolo/msg/__init__.py
[1.550s] -- Up-to-date: /home/user/data/drones_ship_ws/install/crazyflie_yolo/lib/python3.12/site-packages/crazyflie_yolo/msg/_tracked_obstacle_s.c
[1.550s] -- Up-to-date: /home/user/data/drones_ship_ws/install/crazyflie_yolo/lib/python3.12/site-packages/crazyflie_yolo/_crazyflie_yolo_s.ep.rosidl_typesupport_fastrtps_c.c
[1.550s] -- Up-to-date: /home/user/data/drones_ship_ws/install/crazyflie_yolo/lib/python3.12/site-packages/crazyflie_yolo/_crazyflie_yolo_s.ep.rosidl_typesupport_c.c
[1.550s] -- Up-to-date: /home/user/data/drones_ship_ws/install/crazyflie_yolo/lib/python3.12/site-packages/crazyflie_yolo/_crazyflie_yolo_s.ep.rosidl_typesupport_introspection_c.c
[1.551s] -- Up-to-date: /home/user/data/drones_ship_ws/install/crazyflie_yolo/lib/python3.12/site-packages/crazyflie_yolo/__init__.py
[1.551s] -- Up-to-date: /home/user/data/drones_ship_ws/install/crazyflie_yolo/lib/python3.12/site-packages/crazyflie_yolo/crazyflie_yolo_s__rosidl_typesupport_introspection_c.so
[1.551s] -- Up-to-date: /home/user/data/drones_ship_ws/install/crazyflie_yolo/lib/python3.12/site-packages/crazyflie_yolo/crazyflie_yolo_s__rosidl_typesupport_fastrtps_c.so
[1.551s] -- Up-to-date: /home/user/data/drones_ship_ws/install/crazyflie_yolo/lib/python3.12/site-packages/crazyflie_yolo/crazyflie_yolo_s__rosidl_typesupport_c.so
[1.552s] Listing '/home/user/data/drones_ship_ws/install/crazyflie_yolo/lib/python3.12/site-packages/crazyflie_yolo'...
[1.552s] Listing '/home/user/data/drones_ship_ws/install/crazyflie_yolo/lib/python3.12/site-packages/crazyflie_yolo/msg'...
[1.554s] -- Up-to-date: /home/user/data/drones_ship_ws/install/crazyflie_yolo/lib/python3.12/site-packages/crazyflie_yolo/crazyflie_yolo_s__rosidl_typesupport_fastrtps_c.so
[1.554s] -- Up-to-date: /home/user/data/drones_ship_ws/install/crazyflie_yolo/lib/python3.12/site-packages/crazyflie_yolo/crazyflie_yolo_s__rosidl_typesupport_introspection_c.so
[1.555s] -- Up-to-date: /home/user/data/drones_ship_ws/install/crazyflie_yolo/lib/python3.12/site-packages/crazyflie_yolo/crazyflie_yolo_s__rosidl_typesupport_c.so
[1.556s] -- Up-to-date: /home/user/data/drones_ship_ws/install/crazyflie_yolo/lib/libcrazyflie_yolo__rosidl_generator_py.so
[1.556s] -- Up-to-date: /home/user/data/drones_ship_ws/install/crazyflie_yolo/share/crazyflie_yolo/msg/TrackedObstacle.idl
[1.556s] -- Up-to-date: /home/user/data/drones_ship_ws/install/crazyflie_yolo/share/crazyflie_yolo/msg/TrackedObstacleArray.idl
[1.556s] -- Up-to-date: /home/user/data/drones_ship_ws/install/crazyflie_yolo/share/crazyflie_yolo/msg/TrackedObstacle.msg
[1.556s] -- Up-to-date: /home/user/data/drones_ship_ws/install/crazyflie_yolo/share/crazyflie_yolo/msg/TrackedObstacleArray.msg
[1.556s] -- Up-to-date: /home/user/data/drones_ship_ws/install/crazyflie_yolo/lib/crazyflie_yolo/yolo_detector_node.py
[1.556s] -- Up-to-date: /home/user/data/drones_ship_ws/install/crazyflie_yolo/lib/crazyflie_yolo/crazyflie_segmentation_yolo_node.py
[1.556s] -- Up-to-date: /home/user/data/drones_ship_ws/install/crazyflie_yolo/share/crazyflie_yolo/launch
[1.557s] -- Up-to-date: /home/user/data/drones_ship_ws/install/crazyflie_yolo/share/crazyflie_yolo/launch/crazyflie_stereo_track.launch.py
[1.557s] -- Up-to-date: /home/user/data/drones_ship_ws/install/crazyflie_yolo/share/crazyflie_yolo/launch/all_drones_yolo_stereo_track.launch.py
[1.557s] -- Up-to-date: /home/user/data/drones_ship_ws/install/crazyflie_yolo/share/crazyflie_yolo/launch/multi_drone_fusion.launch.py
[1.557s] -- Up-to-date: /home/user/data/drones_ship_ws/install/crazyflie_yolo/lib/crazyflie_yolo/stereo_depth_node
[1.557s] -- Up-to-date: /home/user/data/drones_ship_ws/install/crazyflie_yolo/lib/crazyflie_yolo/container_localizer_node
[1.558s] -- Up-to-date: /home/user/data/drones_ship_ws/install/crazyflie_yolo/lib/crazyflie_yolo/multi_obstacle_tracker_node
[1.559s] -- Up-to-date: /home/user/data/drones_ship_ws/install/crazyflie_yolo/lib/crazyflie_yolo/multi_drone_fusion_node
[1.559s] -- Up-to-date: /home/user/data/drones_ship_ws/install/crazyflie_yolo/lib/crazyflie_yolo/multi_obstacle_tracker_ekf_node
[1.559s] -- Up-to-date: /home/user/data/drones_ship_ws/install/crazyflie_yolo/share/ament_index/resource_index/package_run_dependencies/crazyflie_yolo
[1.559s] -- Up-to-date: /home/user/data/drones_ship_ws/install/crazyflie_yolo/share/ament_index/resource_index/parent_prefix_path/crazyflie_yolo
[1.560s] -- Up-to-date: /home/user/data/drones_ship_ws/install/crazyflie_yolo/share/crazyflie_yolo/environment/ament_prefix_path.sh
[1.560s] -- Up-to-date: /home/user/data/drones_ship_ws/install/crazyflie_yolo/share/crazyflie_yolo/environment/ament_prefix_path.dsv
[1.560s] -- Up-to-date: /home/user/data/drones_ship_ws/install/crazyflie_yolo/share/crazyflie_yolo/environment/path.sh
[1.560s] -- Up-to-date: /home/user/data/drones_ship_ws/install/crazyflie_yolo/share/crazyflie_yolo/environment/path.dsv
[1.560s] -- Up-to-date: /home/user/data/drones_ship_ws/install/crazyflie_yolo/share/crazyflie_yolo/local_setup.bash
[1.560s] -- Up-to-date: /home/user/data/drones_ship_ws/install/crazyflie_yolo/share/crazyflie_yolo/local_setup.sh
[1.560s] -- Up-to-date: /home/user/data/drones_ship_ws/install/crazyflie_yolo/share/crazyflie_yolo/local_setup.zsh
[1.560s] -- Up-to-date: /home/user/data/drones_ship_ws/install/crazyflie_yolo/share/crazyflie_yolo/local_setup.dsv
[1.561s] -- Installing: /home/user/data/drones_ship_ws/install/crazyflie_yolo/share/crazyflie_yolo/package.dsv
[1.561s] -- Up-to-date: /home/user/data/drones_ship_ws/install/crazyflie_yolo/share/ament_index/resource_index/packages/crazyflie_yolo
[1.562s] -- Up-to-date: /home/user/data/drones_ship_ws/install/crazyflie_yolo/share/crazyflie_yolo/cmake/export_crazyflie_yolo__rosidl_generator_cExport.cmake
[1.562s] -- Up-to-date: /home/user/data/drones_ship_ws/install/crazyflie_yolo/share/crazyflie_yolo/cmake/export_crazyflie_yolo__rosidl_generator_cExport-noconfig.cmake
[1.562s] -- Up-to-date: /home/user/data/drones_ship_ws/install/crazyflie_yolo/share/crazyflie_yolo/cmake/export_crazyflie_yolo__rosidl_typesupport_fastrtps_cExport.cmake
[1.562s] -- Up-to-date: /home/user/data/drones_ship_ws/install/crazyflie_yolo/share/crazyflie_yolo/cmake/export_crazyflie_yolo__rosidl_typesupport_fastrtps_cExport-noconfig.cmake
[1.562s] -- Up-to-date: /home/user/data/drones_ship_ws/install/crazyflie_yolo/share/crazyflie_yolo/cmake/crazyflie_yolo__rosidl_typesupport_introspection_cExport.cmake
[1.562s] -- Up-to-date: /home/user/data/drones_ship_ws/install/crazyflie_yolo/share/crazyflie_yolo/cmake/crazyflie_yolo__rosidl_typesupport_introspection_cExport-noconfig.cmake
[1.562s] -- Up-to-date: /home/user/data/drones_ship_ws/install/crazyflie_yolo/share/crazyflie_yolo/cmake/crazyflie_yolo__rosidl_typesupport_cExport.cmake
[1.562s] -- Up-to-date: /home/user/data/drones_ship_ws/install/crazyflie_yolo/share/crazyflie_yolo/cmake/crazyflie_yolo__rosidl_typesupport_cExport-noconfig.cmake
[1.562s] -- Up-to-date: /home/user/data/drones_ship_ws/install/crazyflie_yolo/share/crazyflie_yolo/cmake/export_crazyflie_yolo__rosidl_generator_cppExport.cmake
[1.562s] -- Up-to-date: /home/user/data/drones_ship_ws/install/crazyflie_yolo/share/crazyflie_yolo/cmake/export_crazyflie_yolo__rosidl_typesupport_fastrtps_cppExport.cmake
[1.562s] -- Up-to-date: /home/user/data/drones_ship_ws/install/crazyflie_yolo/share/crazyflie_yolo/cmake/export_crazyflie_yolo__rosidl_typesupport_fastrtps_cppExport-noconfig.cmake
[1.562s] -- Up-to-date: /home/user/data/drones_ship_ws/install/crazyflie_yolo/share/crazyflie_yolo/cmake/crazyflie_yolo__rosidl_typesupport_introspection_cppExport.cmake
[1.562s] -- Up-to-date: /home/user/data/drones_ship_ws/install/crazyflie_yolo/share/crazyflie_yolo/cmake/crazyflie_yolo__rosidl_typesupport_introspection_cppExport-noconfig.cmake
[1.563s] -- Up-to-date: /home/user/data/drones_ship_ws/install/crazyflie_yolo/share/crazyflie_yolo/cmake/crazyflie_yolo__rosidl_typesupport_cppExport.cmake
[1.563s] -- Up-to-date: /home/user/data/drones_ship_ws/install/crazyflie_yolo/share/crazyflie_yolo/cmake/crazyflie_yolo__rosidl_typesupport_cppExport-noconfig.cmake
[1.563s] -- Up-to-date: /home/user/data/drones_ship_ws/install/crazyflie_yolo/share/crazyflie_yolo/cmake/export_crazyflie_yolo__rosidl_generator_pyExport.cmake
[1.563s] -- Up-to-date: /home/user/data/drones_ship_ws/install/crazyflie_yolo/share/crazyflie_yolo/cmake/export_crazyflie_yolo__rosidl_generator_pyExport-noconfig.cmake
[1.563s] -- Up-to-date: /home/user/data/drones_ship_ws/install/crazyflie_yolo/share/crazyflie_yolo/cmake/rosidl_cmake-extras.cmake
[1.563s] -- Up-to-date: /home/user/data/drones_ship_ws/install/crazyflie_yolo/share/crazyflie_yolo/cmake/ament_cmake_export_dependencies-extras.cmake
[1.563s] -- Up-to-date: /home/user/data/drones_ship_ws/install/crazyflie_yolo/share/crazyflie_yolo/cmake/ament_cmake_export_include_directories-extras.cmake
[1.563s] -- Up-to-date: /home/user/data/drones_ship_ws/install/crazyflie_yolo/share/crazyflie_yolo/cmake/ament_cmake_export_libraries-extras.cmake
[1.563s] -- Up-to-date: /home/user/data/drones_ship_ws/install/crazyflie_yolo/share/crazyflie_yolo/cmake/ament_cmake_export_targets-extras.cmake
[1.563s] -- Up-to-date: /home/user/data/drones_ship_ws/install/crazyflie_yolo/share/crazyflie_yolo/cmake/rosidl_cmake_export_typesupport_targets-extras.cmake
[1.563s] -- Up-to-date: /home/user/data/drones_ship_ws/install/crazyflie_yolo/share/crazyflie_yolo/cmake/rosidl_cmake_export_typesupport_libraries-extras.cmake
[1.563s] -- Up-to-date: /home/user/data/drones_ship_ws/install/crazyflie_yolo/share/crazyflie_yolo/cmake/crazyflie_yoloConfig.cmake
[1.563s] -- Up-to-date: /home/user/data/drones_ship_ws/install/crazyflie_yolo/share/crazyflie_yolo/cmake/crazyflie_yoloConfig-version.cmake
[1.564s] -- Up-to-date: /home/user/data/drones_ship_ws/install/crazyflie_yolo/share/crazyflie_yolo/package.xml
[1.596s] Invoked command in '/home/user/data/drones_ship_ws/build/crazyflie_yolo' returned '0': CMAKE_PREFIX_PATH=${CMAKE_PREFIX_PATH}:/home/user/data/drones_ship_ws/install/ros_gz_crazyflie_control:/opt/ros/jazzy DEBUGINFOD_URLS=https://debuginfod.ubuntu.com /usr/bin/cmake --install /home/user/data/drones_ship_ws/build/crazyflie_yolo
