[0.036s] Invoking command in '/home/user/data/drones_ship_ws/build/vrx_gz': CMAKE_PREFIX_PATH=/home/user/data/drones_ship_ws/install/vrx_ros:/home/user/data/drones_ship_ws/install/wamv_gazebo:/home/user/data/drones_ship_ws/install/wamv_description:/home/user/data/drones_ship_ws/install/vrx_gz:/home/user/data/drones_ship_ws/install/aquabot_description:/home/user/data/drones_ship_ws/install/vrx_gazebo:/home/user/data/drones_ship_ws/install/ros_gz_crazyflie_bringup:/home/user/data/drones_ship_ws/install/ros_gz_crazyflie_gazebo:/home/user/data/drones_ship_ws/install/crazyflie_yolo:/home/user/data/drones_ship_ws/install/crazyflie_ekf:/home/user/data/drones_ship_ws/install/crazyflie_control:/home/user/data/drones_ship_ws/install/aquabot_motion:/home/user/data/drones_ship_ws/install/aquabot_gz:/home/user/data/drones_ship_ws/install/aquabot_ekf:/opt/ros/jazzy/opt/gz_sim_vendor:/opt/ros/jazzy/opt/gz_sensors_vendor:/opt/ros/jazzy/opt/gz_physics_vendor:/opt/ros/jazzy/opt/sdformat_vendor:/opt/ros/jazzy/opt/gz_gui_vendor:/opt/ros/jazzy/opt/gz_transport_vendor:/opt/ros/jazzy/opt/gz_rendering_vendor:/opt/ros/jazzy/opt/gz_plugin_vendor:/opt/ros/jazzy/opt/gz_fuel_tools_vendor:/opt/ros/jazzy/opt/gz_msgs_vendor:/opt/ros/jazzy/opt/gz_common_vendor:/opt/ros/jazzy/opt/gz_math_vendor:/opt/ros/jazzy/opt/gz_utils_vendor:/opt/ros/jazzy/opt/gz_tools_vendor:/opt/ros/jazzy/opt/gz_ogre_next_vendor:/opt/ros/jazzy/opt/gz_dartsim_vendor:/opt/ros/jazzy/opt/gz_cmake_vendor:/home/user/data/drones_ship_ws/install/ros_gz_crazyflie_control:/opt/ros/jazzy DEBUGINFOD_URLS=https://debuginfod.ubuntu.com /usr/bin/cmake --build /home/user/data/drones_ship_ws/build/vrx_gz -- -j20 -l20
[0.130s] [  0%] Built target ament_cmake_python_copy_vrx_gz
[0.130s] [  4%] Built target ScoringPlugin
[0.131s] [  8%] Built target Waves
[0.187s] [ 27%] Built target AcousticTrackingScoringPlugin
[0.187s] [ 27%] Built target WayfindingScoringPlugin
[0.187s] [ 27%] Built target AcousticPerceptionScoringPlugin
[0.189s] [ 31%] Built target BallShooterPlugin
[0.189s] [ 37%] Built target StationkeepingScoringPlugin
[0.191s] [ 41%] Built target AcousticPingerPlugin
[0.191s] [ 45%] Built target GymkhanaScoringPlugin
[0.191s] [ 50%] Built target PlacardPlugin
[0.192s] [ 54%] Built target LightBuoyPlugin
[0.192s] [ 58%] Built target NavigationScoringPlugin
[0.193s] [ 62%] Built target ScanDockScoringPlugin
[0.195s] [ 66%] Built target PublisherPlugin
[0.196s] [ 70%] Built target Surface
[0.199s] [ 75%] Built target PerceptionScoringPlugin
[0.200s] [ 79%] Built target WaveVisual
[0.201s] [ 83%] Built target USVWind
[0.201s] [ 87%] Built target SimpleHydrodynamics
[0.203s] [ 91%] Built target WildlifeScoringPlugin
[0.237s] [100%] Built target PolyhedraBuoyancyDrag
[0.487s] running egg_info
[0.522s] writing vrx_gz.egg-info/PKG-INFO
[0.523s] writing dependency_links to vrx_gz.egg-info/dependency_links.txt
[0.523s] writing top-level names to vrx_gz.egg-info/top_level.txt
[0.626s] reading manifest file 'vrx_gz.egg-info/SOURCES.txt'
[0.626s] writing manifest file 'vrx_gz.egg-info/SOURCES.txt'
[0.665s] [100%] Built target ament_cmake_python_build_vrx_gz_egg
[0.684s] Invoked command in '/home/user/data/drones_ship_ws/build/vrx_gz' returned '0': CMAKE_PREFIX_PATH=/home/user/data/drones_ship_ws/install/vrx_ros:/home/user/data/drones_ship_ws/install/wamv_gazebo:/home/user/data/drones_ship_ws/install/wamv_description:/home/user/data/drones_ship_ws/install/vrx_gz:/home/user/data/drones_ship_ws/install/aquabot_description:/home/user/data/drones_ship_ws/install/vrx_gazebo:/home/user/data/drones_ship_ws/install/ros_gz_crazyflie_bringup:/home/user/data/drones_ship_ws/install/ros_gz_crazyflie_gazebo:/home/user/data/drones_ship_ws/install/crazyflie_yolo:/home/user/data/drones_ship_ws/install/crazyflie_ekf:/home/user/data/drones_ship_ws/install/crazyflie_control:/home/user/data/drones_ship_ws/install/aquabot_motion:/home/user/data/drones_ship_ws/install/aquabot_gz:/home/user/data/drones_ship_ws/install/aquabot_ekf:/opt/ros/jazzy/opt/gz_sim_vendor:/opt/ros/jazzy/opt/gz_sensors_vendor:/opt/ros/jazzy/opt/gz_physics_vendor:/opt/ros/jazzy/opt/sdformat_vendor:/opt/ros/jazzy/opt/gz_gui_vendor:/opt/ros/jazzy/opt/gz_transport_vendor:/opt/ros/jazzy/opt/gz_rendering_vendor:/opt/ros/jazzy/opt/gz_plugin_vendor:/opt/ros/jazzy/opt/gz_fuel_tools_vendor:/opt/ros/jazzy/opt/gz_msgs_vendor:/opt/ros/jazzy/opt/gz_common_vendor:/opt/ros/jazzy/opt/gz_math_vendor:/opt/ros/jazzy/opt/gz_utils_vendor:/opt/ros/jazzy/opt/gz_tools_vendor:/opt/ros/jazzy/opt/gz_ogre_next_vendor:/opt/ros/jazzy/opt/gz_dartsim_vendor:/opt/ros/jazzy/opt/gz_cmake_vendor:/home/user/data/drones_ship_ws/install/ros_gz_crazyflie_control:/opt/ros/jazzy DEBUGINFOD_URLS=https://debuginfod.ubuntu.com /usr/bin/cmake --build /home/user/data/drones_ship_ws/build/vrx_gz -- -j20 -l20
[0.685s] Invoking command in '/home/user/data/drones_ship_ws/build/vrx_gz': CMAKE_PREFIX_PATH=/home/user/data/drones_ship_ws/install/vrx_ros:/home/user/data/drones_ship_ws/install/wamv_gazebo:/home/user/data/drones_ship_ws/install/wamv_description:/home/user/data/drones_ship_ws/install/vrx_gz:/home/user/data/drones_ship_ws/install/aquabot_description:/home/user/data/drones_ship_ws/install/vrx_gazebo:/home/user/data/drones_ship_ws/install/ros_gz_crazyflie_bringup:/home/user/data/drones_ship_ws/install/ros_gz_crazyflie_gazebo:/home/user/data/drones_ship_ws/install/crazyflie_yolo:/home/user/data/drones_ship_ws/install/crazyflie_ekf:/home/user/data/drones_ship_ws/install/crazyflie_control:/home/user/data/drones_ship_ws/install/aquabot_motion:/home/user/data/drones_ship_ws/install/aquabot_gz:/home/user/data/drones_ship_ws/install/aquabot_ekf:/opt/ros/jazzy/opt/gz_sim_vendor:/opt/ros/jazzy/opt/gz_sensors_vendor:/opt/ros/jazzy/opt/gz_physics_vendor:/opt/ros/jazzy/opt/sdformat_vendor:/opt/ros/jazzy/opt/gz_gui_vendor:/opt/ros/jazzy/opt/gz_transport_vendor:/opt/ros/jazzy/opt/gz_rendering_vendor:/opt/ros/jazzy/opt/gz_plugin_vendor:/opt/ros/jazzy/opt/gz_fuel_tools_vendor:/opt/ros/jazzy/opt/gz_msgs_vendor:/opt/ros/jazzy/opt/gz_common_vendor:/opt/ros/jazzy/opt/gz_math_vendor:/opt/ros/jazzy/opt/gz_utils_vendor:/opt/ros/jazzy/opt/gz_tools_vendor:/opt/ros/jazzy/opt/gz_ogre_next_vendor:/opt/ros/jazzy/opt/gz_dartsim_vendor:/opt/ros/jazzy/opt/gz_cmake_vendor:/home/user/data/drones_ship_ws/install/ros_gz_crazyflie_control:/opt/ros/jazzy DEBUGINFOD_URLS=https://debuginfod.ubuntu.com /usr/bin/cmake --install /home/user/data/drones_ship_ws/build/vrx_gz
[0.702s] -- Install configuration: ""
[0.702s] -- Up-to-date: /home/user/data/drones_ship_ws/install/vrx_gz/share/vrx_gz/environment/resource_paths.dsv
[0.702s] -- Up-to-date: /home/user/data/drones_ship_ws/install/vrx_gz/share/vrx_gz/environment/resource_paths.sh
[0.702s] -- Up-to-date: /home/user/data/drones_ship_ws/install/vrx_gz/lib/libWaves.so
[0.702s] -- Up-to-date: /home/user/data/drones_ship_ws/install/vrx_gz/lib/libPolyhedraBuoyancyDrag.so
[0.703s] -- Up-to-date: /home/user/data/drones_ship_ws/install/vrx_gz/lib/libScoringPlugin.so
[0.703s] -- Up-to-date: /home/user/data/drones_ship_ws/install/vrx_gz/lib/libStationkeepingScoringPlugin.so
[0.703s] -- Up-to-date: /home/user/data/drones_ship_ws/install/vrx_gz/lib/libWayfindingScoringPlugin.so
[0.703s] -- Up-to-date: /home/user/data/drones_ship_ws/install/vrx_gz/lib/libAcousticPerceptionScoringPlugin.so
[0.704s] -- Up-to-date: /home/user/data/drones_ship_ws/install/vrx_gz/lib/libAcousticTrackingScoringPlugin.so
[0.704s] -- Up-to-date: /home/user/data/drones_ship_ws/install/vrx_gz/lib/libAcousticPingerPlugin.so
[0.704s] -- Up-to-date: /home/user/data/drones_ship_ws/install/vrx_gz/lib/libBallShooterPlugin.so
[0.704s] -- Up-to-date: /home/user/data/drones_ship_ws/install/vrx_gz/lib/libLightBuoyPlugin.so
[0.705s] -- Up-to-date: /home/user/data/drones_ship_ws/install/vrx_gz/lib/libNavigationScoringPlugin.so
[0.705s] -- Up-to-date: /home/user/data/drones_ship_ws/install/vrx_gz/lib/libGymkhanaScoringPlugin.so
[0.705s] -- Up-to-date: /home/user/data/drones_ship_ws/install/vrx_gz/lib/libPerceptionScoringPlugin.so
[0.705s] -- Up-to-date: /home/user/data/drones_ship_ws/install/vrx_gz/lib/libPlacardPlugin.so
[0.706s] -- Up-to-date: /home/user/data/drones_ship_ws/install/vrx_gz/lib/libPublisherPlugin.so
[0.706s] -- Up-to-date: /home/user/data/drones_ship_ws/install/vrx_gz/lib/libScanDockScoringPlugin.so
[0.706s] -- Up-to-date: /home/user/data/drones_ship_ws/install/vrx_gz/lib/libSimpleHydrodynamics.so
[0.706s] -- Up-to-date: /home/user/data/drones_ship_ws/install/vrx_gz/lib/libSurface.so
[0.707s] -- Up-to-date: /home/user/data/drones_ship_ws/install/vrx_gz/lib/libUSVWind.so
[0.707s] -- Up-to-date: /home/user/data/drones_ship_ws/install/vrx_gz/lib/libWaveVisual.so
[0.707s] -- Up-to-date: /home/user/data/drones_ship_ws/install/vrx_gz/lib/libWildlifeScoringPlugin.so
[0.707s] -- Up-to-date: /home/user/data/drones_ship_ws/install/vrx_gz/share/vrx_gz/environment/pythonpath.sh
[0.707s] -- Up-to-date: /home/user/data/drones_ship_ws/install/vrx_gz/share/vrx_gz/environment/pythonpath.dsv
[0.707s] -- Up-to-date: /home/user/data/drones_ship_ws/install/vrx_gz/lib/python3.12/site-packages/vrx_gz-0.0.0-py3.12.egg-info
[0.708s] -- Installing: /home/user/data/drones_ship_ws/install/vrx_gz/lib/python3.12/site-packages/vrx_gz-0.0.0-py3.12.egg-info/SOURCES.txt
[0.708s] -- Installing: /home/user/data/drones_ship_ws/install/vrx_gz/lib/python3.12/site-packages/vrx_gz-0.0.0-py3.12.egg-info/dependency_links.txt
[0.708s] -- Installing: /home/user/data/drones_ship_ws/install/vrx_gz/lib/python3.12/site-packages/vrx_gz-0.0.0-py3.12.egg-info/top_level.txt
[0.708s] -- Installing: /home/user/data/drones_ship_ws/install/vrx_gz/lib/python3.12/site-packages/vrx_gz-0.0.0-py3.12.egg-info/PKG-INFO
[0.708s] -- Up-to-date: /home/user/data/drones_ship_ws/install/vrx_gz/lib/python3.12/site-packages/vrx_gz
[0.708s] -- Up-to-date: /home/user/data/drones_ship_ws/install/vrx_gz/lib/python3.12/site-packages/vrx_gz/model.py
[0.708s] -- Up-to-date: /home/user/data/drones_ship_ws/install/vrx_gz/lib/python3.12/site-packages/vrx_gz/launch.py
[0.708s] -- Up-to-date: /home/user/data/drones_ship_ws/install/vrx_gz/lib/python3.12/site-packages/vrx_gz/bridge.py
[0.709s] -- Up-to-date: /home/user/data/drones_ship_ws/install/vrx_gz/lib/python3.12/site-packages/vrx_gz/bridges.py
[0.709s] -- Up-to-date: /home/user/data/drones_ship_ws/install/vrx_gz/lib/python3.12/site-packages/vrx_gz/__init__.py
[0.709s] -- Up-to-date: /home/user/data/drones_ship_ws/install/vrx_gz/lib/python3.12/site-packages/vrx_gz/payload_bridges.py
[0.747s] Listing '/home/user/data/drones_ship_ws/install/vrx_gz/lib/python3.12/site-packages/vrx_gz'...
[0.752s] -- Up-to-date: /home/user/data/drones_ship_ws/install/vrx_gz/share/vrx_gz/config
[0.752s] -- Up-to-date: /home/user/data/drones_ship_ws/install/vrx_gz/share/vrx_gz/config/wamv.yaml
[0.752s] -- Up-to-date: /home/user/data/drones_ship_ws/install/vrx_gz/share/vrx_gz/config/roboboat.yaml
[0.752s] -- Up-to-date: /home/user/data/drones_ship_ws/install/vrx_gz/share/vrx_gz/launch
[0.753s] -- Up-to-date: /home/user/data/drones_ship_ws/install/vrx_gz/share/vrx_gz/launch/spawn.launch.py
[0.753s] -- Up-to-date: /home/user/data/drones_ship_ws/install/vrx_gz/share/vrx_gz/launch/vrx_environment.launch.py
[0.753s] -- Up-to-date: /home/user/data/drones_ship_ws/install/vrx_gz/share/vrx_gz/launch/competition.launch.py
[0.753s] -- Up-to-date: /home/user/data/drones_ship_ws/install/vrx_gz/share/vrx_gz/launch/spawn_config.launch.py
[0.753s] -- Up-to-date: /home/user/data/drones_ship_ws/install/vrx_gz/share/vrx_gz/launch/usv_joy_teleop.py
[0.753s] -- Up-to-date: /home/user/data/drones_ship_ws/install/vrx_gz/share/vrx_gz/models
[0.753s] -- Up-to-date: /home/user/data/drones_ship_ws/install/vrx_gz/share/vrx_gz/models/placard_2022
[0.753s] -- Up-to-date: /home/user/data/drones_ship_ws/install/vrx_gz/share/vrx_gz/models/placard_2022/materials
[0.753s] -- Up-to-date: /home/user/data/drones_ship_ws/install/vrx_gz/share/vrx_gz/models/placard_2022/materials/textures
[0.753s] -- Up-to-date: /home/user/data/drones_ship_ws/install/vrx_gz/share/vrx_gz/models/placard_2022/materials/textures/Placard.png
[0.753s] -- Up-to-date: /home/user/data/drones_ship_ws/install/vrx_gz/share/vrx_gz/models/placard_2022/model.sdf
[0.753s] -- Up-to-date: /home/user/data/drones_ship_ws/install/vrx_gz/share/vrx_gz/models/placard_2022/meshes
[0.753s] -- Up-to-date: /home/user/data/drones_ship_ws/install/vrx_gz/share/vrx_gz/models/placard_2022/meshes/placard_2022.dae
[0.753s] -- Up-to-date: /home/user/data/drones_ship_ws/install/vrx_gz/share/vrx_gz/models/placard_2022/model.config
[0.753s] -- Up-to-date: /home/user/data/drones_ship_ws/install/vrx_gz/share/vrx_gz/models/roboboat02
[0.753s] -- Up-to-date: /home/user/data/drones_ship_ws/install/vrx_gz/share/vrx_gz/models/roboboat02/materials
[0.753s] -- Up-to-date: /home/user/data/drones_ship_ws/install/vrx_gz/share/vrx_gz/models/roboboat02/materials/textures
[0.753s] -- Up-to-date: /home/user/data/drones_ship_ws/install/vrx_gz/share/vrx_gz/models/roboboat02/materials/textures/Boat02_Normal.png
[0.753s] -- Up-to-date: /home/user/data/drones_ship_ws/install/vrx_gz/share/vrx_gz/models/roboboat02/materials/textures/Boat02_Metallic.png
[0.753s] -- Up-to-date: /home/user/data/drones_ship_ws/install/vrx_gz/share/vrx_gz/models/roboboat02/materials/textures/Boat02_Roughness.png
[0.753s] -- Up-to-date: /home/user/data/drones_ship_ws/install/vrx_gz/share/vrx_gz/models/roboboat02/materials/textures/Boat02_Albedo.png
[0.753s] -- Up-to-date: /home/user/data/drones_ship_ws/install/vrx_gz/share/vrx_gz/models/roboboat02/materials/scripts
[0.753s] -- Up-to-date: /home/user/data/drones_ship_ws/install/vrx_gz/share/vrx_gz/models/roboboat02/materials/scripts/model.material
[0.753s] -- Up-to-date: /home/user/data/drones_ship_ws/install/vrx_gz/share/vrx_gz/models/roboboat02/model.sdf
[0.753s] -- Up-to-date: /home/user/data/drones_ship_ws/install/vrx_gz/share/vrx_gz/models/roboboat02/meshes
[0.754s] -- Up-to-date: /home/user/data/drones_ship_ws/install/vrx_gz/share/vrx_gz/models/roboboat02/meshes/roboboat02.dae
[0.754s] -- Up-to-date: /home/user/data/drones_ship_ws/install/vrx_gz/share/vrx_gz/models/roboboat02/model.config
[0.754s] -- Up-to-date: /home/user/data/drones_ship_ws/install/vrx_gz/share/vrx_gz/models/dock_2022_base
[0.754s] -- Up-to-date: /home/user/data/drones_ship_ws/install/vrx_gz/share/vrx_gz/models/dock_2022_base/model.sdf
[0.754s] -- Up-to-date: /home/user/data/drones_ship_ws/install/vrx_gz/share/vrx_gz/models/dock_2022_base/model.config
[0.754s] -- Up-to-date: /home/user/data/drones_ship_ws/install/vrx_gz/share/vrx_gz/models/robotx_light_buoy_ybr
[0.754s] -- Up-to-date: /home/user/data/drones_ship_ws/install/vrx_gz/share/vrx_gz/models/robotx_light_buoy_ybr/model.sdf
[0.754s] -- Up-to-date: /home/user/data/drones_ship_ws/install/vrx_gz/share/vrx_gz/models/robotx_light_buoy_ybr/model.config
[0.754s] -- Up-to-date: /home/user/data/drones_ship_ws/install/vrx_gz/share/vrx_gz/models/robotx_light_buoy_gbr
[0.754s] -- Up-to-date: /home/user/data/drones_ship_ws/install/vrx_gz/share/vrx_gz/models/robotx_light_buoy_gbr/model.sdf
[0.754s] -- Up-to-date: /home/user/data/drones_ship_ws/install/vrx_gz/share/vrx_gz/models/robotx_light_buoy_gbr/model.config
[0.754s] -- Up-to-date: /home/user/data/drones_ship_ws/install/vrx_gz/share/vrx_gz/models/obstacle_course
[0.754s] -- Up-to-date: /home/user/data/drones_ship_ws/install/vrx_gz/share/vrx_gz/models/obstacle_course/model.sdf
[0.754s] -- Up-to-date: /home/user/data/drones_ship_ws/install/vrx_gz/share/vrx_gz/models/obstacle_course/model.config
[0.754s] -- Up-to-date: /home/user/data/drones_ship_ws/install/vrx_gz/share/vrx_gz/models/robotx_light_buoy_ygb
[0.754s] -- Up-to-date: /home/user/data/drones_ship_ws/install/vrx_gz/share/vrx_gz/models/robotx_light_buoy_ygb/model.sdf
[0.754s] -- Up-to-date: /home/user/data/drones_ship_ws/install/vrx_gz/share/vrx_gz/models/robotx_light_buoy_ygb/model.config
[0.754s] -- Up-to-date: /home/user/data/drones_ship_ws/install/vrx_gz/share/vrx_gz/models/coast_waves
[0.754s] -- Up-to-date: /home/user/data/drones_ship_ws/install/vrx_gz/share/vrx_gz/models/coast_waves/materials
[0.754s] -- Up-to-date: /home/user/data/drones_ship_ws/install/vrx_gz/share/vrx_gz/models/coast_waves/materials/textures
[0.754s] -- Up-to-date: /home/user/data/drones_ship_ws/install/vrx_gz/share/vrx_gz/models/coast_waves/materials/textures/skybox_lowres.dds
[0.754s] -- Up-to-date: /home/user/data/drones_ship_ws/install/vrx_gz/share/vrx_gz/models/coast_waves/materials/textures/wave_normals.dds
[0.754s] -- Up-to-date: /home/user/data/drones_ship_ws/install/vrx_gz/share/vrx_gz/models/coast_waves/materials/programs
[0.754s] -- Up-to-date: /home/user/data/drones_ship_ws/install/vrx_gz/share/vrx_gz/models/coast_waves/materials/programs/GerstnerWaves_fs_330.glsl
[0.754s] -- Up-to-date: /home/user/data/drones_ship_ws/install/vrx_gz/share/vrx_gz/models/coast_waves/materials/programs/GerstnerWaves_vs_330.glsl
[0.754s] -- Up-to-date: /home/user/data/drones_ship_ws/install/vrx_gz/share/vrx_gz/models/coast_waves/model.sdf
[0.754s] -- Up-to-date: /home/user/data/drones_ship_ws/install/vrx_gz/share/vrx_gz/models/coast_waves/meshes
[0.754s] -- Up-to-date: /home/user/data/drones_ship_ws/install/vrx_gz/share/vrx_gz/models/coast_waves/meshes/waterlow.dae
[0.755s] -- Up-to-date: /home/user/data/drones_ship_ws/install/vrx_gz/share/vrx_gz/models/coast_waves/model.config
[0.755s] -- Up-to-date: /home/user/data/drones_ship_ws/install/vrx_gz/share/vrx_gz/models/short_navigation_course_1
[0.755s] -- Up-to-date: /home/user/data/drones_ship_ws/install/vrx_gz/share/vrx_gz/models/short_navigation_course_1/model.sdf
[0.755s] -- Up-to-date: /home/user/data/drones_ship_ws/install/vrx_gz/share/vrx_gz/models/short_navigation_course_1/model.config
[0.755s] -- Up-to-date: /home/user/data/drones_ship_ws/install/vrx_gz/share/vrx_gz/models/symbol_triangle
[0.755s] -- Up-to-date: /home/user/data/drones_ship_ws/install/vrx_gz/share/vrx_gz/models/symbol_triangle/mesh
[0.755s] -- Up-to-date: /home/user/data/drones_ship_ws/install/vrx_gz/share/vrx_gz/models/symbol_triangle/mesh/triangle.dae
[0.755s] -- Up-to-date: /home/user/data/drones_ship_ws/install/vrx_gz/share/vrx_gz/models/symbol_triangle/model.sdf
[0.755s] -- Up-to-date: /home/user/data/drones_ship_ws/install/vrx_gz/share/vrx_gz/models/symbol_triangle/model.config
[0.755s] -- Up-to-date: /home/user/data/drones_ship_ws/install/vrx_gz/share/vrx_gz/models/dock_2022
[0.755s] -- Up-to-date: /home/user/data/drones_ship_ws/install/vrx_gz/share/vrx_gz/models/dock_2022/model.sdf
[0.755s] -- Up-to-date: /home/user/data/drones_ship_ws/install/vrx_gz/share/vrx_gz/models/dock_2022/model.config
[0.755s] -- Up-to-date: /home/user/data/drones_ship_ws/install/vrx_gz/share/vrx_gz/models/entrance_exit
[0.755s] -- Up-to-date: /home/user/data/drones_ship_ws/install/vrx_gz/share/vrx_gz/models/entrance_exit/model.sdf
[0.755s] -- Up-to-date: /home/user/data/drones_ship_ws/install/vrx_gz/share/vrx_gz/models/entrance_exit/model.config
[0.755s] -- Up-to-date: /home/user/data/drones_ship_ws/install/vrx_gz/share/vrx_gz/models/short_navigation_course_3
[0.755s] -- Up-to-date: /home/user/data/drones_ship_ws/install/vrx_gz/share/vrx_gz/models/short_navigation_course_3/model.sdf
[0.755s] -- Up-to-date: /home/user/data/drones_ship_ws/install/vrx_gz/share/vrx_gz/models/short_navigation_course_3/model.config
[0.755s] -- Up-to-date: /home/user/data/drones_ship_ws/install/vrx_gz/share/vrx_gz/models/robotx_light_buoy_rgb
[0.755s] -- Up-to-date: /home/user/data/drones_ship_ws/install/vrx_gz/share/vrx_gz/models/robotx_light_buoy_rgb/mesh
[0.755s] -- Up-to-date: /home/user/data/drones_ship_ws/install/vrx_gz/share/vrx_gz/models/robotx_light_buoy_rgb/mesh/LightTower_Metalness.png
[0.755s] -- Up-to-date: /home/user/data/drones_ship_ws/install/vrx_gz/share/vrx_gz/models/robotx_light_buoy_rgb/mesh/LightTower_Albedo.png
[0.755s] -- Up-to-date: /home/user/data/drones_ship_ws/install/vrx_gz/share/vrx_gz/models/robotx_light_buoy_rgb/mesh/LightTower_Opacity.png
[0.755s] -- Up-to-date: /home/user/data/drones_ship_ws/install/vrx_gz/share/vrx_gz/models/robotx_light_buoy_rgb/mesh/LightTower_Normal.png
[0.755s] -- Up-to-date: /home/user/data/drones_ship_ws/install/vrx_gz/share/vrx_gz/models/robotx_light_buoy_rgb/mesh/robotx_light_buoy.dae
[0.755s] -- Up-to-date: /home/user/data/drones_ship_ws/install/vrx_gz/share/vrx_gz/models/robotx_light_buoy_rgb/mesh/LightTower_Roughness.png
[0.755s] -- Up-to-date: /home/user/data/drones_ship_ws/install/vrx_gz/share/vrx_gz/models/robotx_light_buoy_rgb/model.sdf
[0.755s] -- Up-to-date: /home/user/data/drones_ship_ws/install/vrx_gz/share/vrx_gz/models/robotx_light_buoy_rgb/model.config
[0.755s] -- Up-to-date: /home/user/data/drones_ship_ws/install/vrx_gz/share/vrx_gz/models/robotx_light_buoy_bgr
[0.755s] -- Up-to-date: /home/user/data/drones_ship_ws/install/vrx_gz/share/vrx_gz/models/robotx_light_buoy_bgr/model.sdf
[0.755s] -- Up-to-date: /home/user/data/drones_ship_ws/install/vrx_gz/share/vrx_gz/models/robotx_light_buoy_bgr/model.config
[0.755s] -- Up-to-date: /home/user/data/drones_ship_ws/install/vrx_gz/share/vrx_gz/models/robotx_light_buoy_bgy
[0.755s] -- Up-to-date: /home/user/data/drones_ship_ws/install/vrx_gz/share/vrx_gz/models/robotx_light_buoy_bgy/model.sdf
[0.756s] -- Up-to-date: /home/user/data/drones_ship_ws/install/vrx_gz/share/vrx_gz/models/robotx_light_buoy_bgy/model.config
[0.756s] -- Up-to-date: /home/user/data/drones_ship_ws/install/vrx_gz/share/vrx_gz/models/short_navigation_course_0
[0.756s] -- Up-to-date: /home/user/data/drones_ship_ws/install/vrx_gz/share/vrx_gz/models/short_navigation_course_0/model.sdf
[0.756s] -- Up-to-date: /home/user/data/drones_ship_ws/install/vrx_gz/share/vrx_gz/models/short_navigation_course_0/model.config
[0.756s] -- Up-to-date: /home/user/data/drones_ship_ws/install/vrx_gz/share/vrx_gz/models/short_navigation_course_4
[0.756s] -- Up-to-date: /home/user/data/drones_ship_ws/install/vrx_gz/share/vrx_gz/models/short_navigation_course_4/model.sdf
[0.756s] -- Up-to-date: /home/user/data/drones_ship_ws/install/vrx_gz/share/vrx_gz/models/short_navigation_course_4/model.config
[0.756s] -- Up-to-date: /home/user/data/drones_ship_ws/install/vrx_gz/share/vrx_gz/models/robotx_light_buoy_rbg
[0.756s] -- Up-to-date: /home/user/data/drones_ship_ws/install/vrx_gz/share/vrx_gz/models/robotx_light_buoy_rbg/model.sdf
[0.756s] -- Up-to-date: /home/user/data/drones_ship_ws/install/vrx_gz/share/vrx_gz/models/robotx_light_buoy_rbg/model.config
[0.756s] -- Up-to-date: /home/user/data/drones_ship_ws/install/vrx_gz/share/vrx_gz/models/robotx_light_buoy_rgy
[0.756s] -- Up-to-date: /home/user/data/drones_ship_ws/install/vrx_gz/share/vrx_gz/models/robotx_light_buoy_rgy/model.sdf
[0.756s] -- Up-to-date: /home/user/data/drones_ship_ws/install/vrx_gz/share/vrx_gz/models/robotx_light_buoy_rgy/model.config
[0.756s] -- Up-to-date: /home/user/data/drones_ship_ws/install/vrx_gz/share/vrx_gz/models/short_course_2023_phase3_2
[0.756s] -- Up-to-date: /home/user/data/drones_ship_ws/install/vrx_gz/share/vrx_gz/models/short_course_2023_phase3_2/model.sdf
[0.756s] -- Up-to-date: /home/user/data/drones_ship_ws/install/vrx_gz/share/vrx_gz/models/short_course_2023_phase3_2/model.config
[0.756s] -- Up-to-date: /home/user/data/drones_ship_ws/install/vrx_gz/share/vrx_gz/models/dock_block_4x4
[0.756s] -- Up-to-date: /home/user/data/drones_ship_ws/install/vrx_gz/share/vrx_gz/models/dock_block_4x4/mesh
[0.756s] -- Up-to-date: /home/user/data/drones_ship_ws/install/vrx_gz/share/vrx_gz/models/dock_block_4x4/mesh/DockCubes_Roughness.png
[0.756s] -- Up-to-date: /home/user/data/drones_ship_ws/install/vrx_gz/share/vrx_gz/models/dock_block_4x4/mesh/DockCubes_Normal.png
[0.756s] -- Up-to-date: /home/user/data/drones_ship_ws/install/vrx_gz/share/vrx_gz/models/dock_block_4x4/mesh/DockCubes_Albedo.png
[0.756s] -- Up-to-date: /home/user/data/drones_ship_ws/install/vrx_gz/share/vrx_gz/models/dock_block_4x4/mesh/DockCubes_Metalness.png
[0.756s] -- Up-to-date: /home/user/data/drones_ship_ws/install/vrx_gz/share/vrx_gz/models/dock_block_4x4/mesh/dock_block_4x4.dae
[0.756s] -- Up-to-date: /home/user/data/drones_ship_ws/install/vrx_gz/share/vrx_gz/models/dock_block_4x4/model.sdf
[0.756s] -- Up-to-date: /home/user/data/drones_ship_ws/install/vrx_gz/share/vrx_gz/models/dock_block_4x4/model.config
[0.756s] -- Up-to-date: /home/user/data/drones_ship_ws/install/vrx_gz/share/vrx_gz/models/platform
[0.756s] -- Up-to-date: /home/user/data/drones_ship_ws/install/vrx_gz/share/vrx_gz/models/platform/model.sdf
[0.756s] -- Up-to-date: /home/user/data/drones_ship_ws/install/vrx_gz/share/vrx_gz/models/platform/model.config
[0.756s] -- Up-to-date: /home/user/data/drones_ship_ws/install/vrx_gz/share/vrx_gz/models/articulated_platform
[0.756s] -- Up-to-date: /home/user/data/drones_ship_ws/install/vrx_gz/share/vrx_gz/models/articulated_platform/model.sdf
[0.757s] -- Up-to-date: /home/user/data/drones_ship_ws/install/vrx_gz/share/vrx_gz/models/articulated_platform/model.config
[0.757s] -- Up-to-date: /home/user/data/drones_ship_ws/install/vrx_gz/share/vrx_gz/models/short_navigation_course_5
[0.757s] -- Up-to-date: /home/user/data/drones_ship_ws/install/vrx_gz/share/vrx_gz/models/short_navigation_course_5/model.sdf
[0.757s] -- Up-to-date: /home/user/data/drones_ship_ws/install/vrx_gz/share/vrx_gz/models/short_navigation_course_5/model.config
[0.757s] -- Up-to-date: /home/user/data/drones_ship_ws/install/vrx_gz/share/vrx_gz/models/short_course_2023_phase3_1
[0.757s] -- Up-to-date: /home/user/data/drones_ship_ws/install/vrx_gz/share/vrx_gz/models/short_course_2023_phase3_1/model.sdf
[0.757s] -- Up-to-date: /home/user/data/drones_ship_ws/install/vrx_gz/share/vrx_gz/models/short_course_2023_phase3_1/model.config
[0.757s] -- Up-to-date: /home/user/data/drones_ship_ws/install/vrx_gz/share/vrx_gz/models/robotx_light_buoy_yrg
[0.757s] -- Up-to-date: /home/user/data/drones_ship_ws/install/vrx_gz/share/vrx_gz/models/robotx_light_buoy_yrg/model.sdf
[0.757s] -- Up-to-date: /home/user/data/drones_ship_ws/install/vrx_gz/share/vrx_gz/models/robotx_light_buoy_yrg/model.config
[0.757s] -- Up-to-date: /home/user/data/drones_ship_ws/install/vrx_gz/share/vrx_gz/models/roboboat_cpubox
[0.757s] -- Up-to-date: /home/user/data/drones_ship_ws/install/vrx_gz/share/vrx_gz/models/roboboat_cpubox/materials
[0.757s] -- Up-to-date: /home/user/data/drones_ship_ws/install/vrx_gz/share/vrx_gz/models/roboboat_cpubox/materials/textures
[0.757s] -- Up-to-date: /home/user/data/drones_ship_ws/install/vrx_gz/share/vrx_gz/models/roboboat_cpubox/materials/textures/DryBox_Albedo.png
[0.757s] -- Up-to-date: /home/user/data/drones_ship_ws/install/vrx_gz/share/vrx_gz/models/roboboat_cpubox/materials/textures/DryBox_Roughness.png
[0.757s] -- Up-to-date: /home/user/data/drones_ship_ws/install/vrx_gz/share/vrx_gz/models/roboboat_cpubox/model.sdf
[0.757s] -- Up-to-date: /home/user/data/drones_ship_ws/install/vrx_gz/share/vrx_gz/models/roboboat_cpubox/meshes
[0.757s] -- Up-to-date: /home/user/data/drones_ship_ws/install/vrx_gz/share/vrx_gz/models/roboboat_cpubox/meshes/drybox.dae
[0.757s] -- Up-to-date: /home/user/data/drones_ship_ws/install/vrx_gz/share/vrx_gz/models/roboboat_cpubox/model.config
[0.757s] -- Up-to-date: /home/user/data/drones_ship_ws/install/vrx_gz/share/vrx_gz/models/short_navigation_course_2
[0.757s] -- Up-to-date: /home/user/data/drones_ship_ws/install/vrx_gz/share/vrx_gz/models/short_navigation_course_2/model.sdf
[0.757s] -- Up-to-date: /home/user/data/drones_ship_ws/install/vrx_gz/share/vrx_gz/models/short_navigation_course_2/model.config
[0.757s] -- Up-to-date: /home/user/data/drones_ship_ws/install/vrx_gz/share/vrx_gz/models/roboboat01
[0.757s] -- Up-to-date: /home/user/data/drones_ship_ws/install/vrx_gz/share/vrx_gz/models/roboboat01/materials
[0.757s] -- Up-to-date: /home/user/data/drones_ship_ws/install/vrx_gz/share/vrx_gz/models/roboboat01/materials/textures
[0.757s] -- Up-to-date: /home/user/data/drones_ship_ws/install/vrx_gz/share/vrx_gz/models/roboboat01/materials/textures/Boat01_Albedo.png
[0.757s] -- Up-to-date: /home/user/data/drones_ship_ws/install/vrx_gz/share/vrx_gz/models/roboboat01/materials/textures/Boat01_Roughness.png
[0.757s] -- Up-to-date: /home/user/data/drones_ship_ws/install/vrx_gz/share/vrx_gz/models/roboboat01/materials/textures/Boat01_Metallic.png
[0.757s] -- Up-to-date: /home/user/data/drones_ship_ws/install/vrx_gz/share/vrx_gz/models/roboboat01/materials/textures/Thruster_Albedo.png
[0.757s] -- Up-to-date: /home/user/data/drones_ship_ws/install/vrx_gz/share/vrx_gz/models/roboboat01/materials/textures/Thruster_Roughness.png
[0.758s] -- Up-to-date: /home/user/data/drones_ship_ws/install/vrx_gz/share/vrx_gz/models/roboboat01/materials/textures/Boat01_Normal.png
[0.758s] -- Up-to-date: /home/user/data/drones_ship_ws/install/vrx_gz/share/vrx_gz/models/roboboat01/materials/scripts
[0.758s] -- Up-to-date: /home/user/data/drones_ship_ws/install/vrx_gz/share/vrx_gz/models/roboboat01/materials/scripts/model.material
[0.758s] -- Up-to-date: /home/user/data/drones_ship_ws/install/vrx_gz/share/vrx_gz/models/roboboat01/model.sdf
[0.758s] -- Up-to-date: /home/user/data/drones_ship_ws/install/vrx_gz/share/vrx_gz/models/roboboat01/meshes
[0.758s] -- Up-to-date: /home/user/data/drones_ship_ws/install/vrx_gz/share/vrx_gz/models/roboboat01/meshes/housing.dae
[0.758s] -- Up-to-date: /home/user/data/drones_ship_ws/install/vrx_gz/share/vrx_gz/models/roboboat01/meshes/mount.dae
[0.758s] -- Up-to-date: /home/user/data/drones_ship_ws/install/vrx_gz/share/vrx_gz/models/roboboat01/meshes/prop.dae
[0.758s] -- Up-to-date: /home/user/data/drones_ship_ws/install/vrx_gz/share/vrx_gz/models/roboboat01/meshes/roboboat01.dae
[0.758s] -- Up-to-date: /home/user/data/drones_ship_ws/install/vrx_gz/share/vrx_gz/models/roboboat01/model.config
[0.758s] -- Up-to-date: /home/user/data/drones_ship_ws/install/vrx_gz/share/vrx_gz/worlds
[0.758s] -- Up-to-date: /home/user/data/drones_ship_ws/install/vrx_gz/share/vrx_gz/worlds/gymkhana_task.sdf
[0.758s] -- Up-to-date: /home/user/data/drones_ship_ws/install/vrx_gz/share/vrx_gz/worlds/acoustic_perception_task.sdf
[0.758s] -- Up-to-date: /home/user/data/drones_ship_ws/install/vrx_gz/share/vrx_gz/worlds/wayfinding_task.sdf
[0.758s] -- Up-to-date: /home/user/data/drones_ship_ws/install/vrx_gz/share/vrx_gz/worlds/stationkeeping_task.sdf
[0.758s] -- Up-to-date: /home/user/data/drones_ship_ws/install/vrx_gz/share/vrx_gz/worlds/nbpark.sdf
[0.758s] -- Up-to-date: /home/user/data/drones_ship_ws/install/vrx_gz/share/vrx_gz/worlds/wildlife_task.sdf
[0.758s] -- Up-to-date: /home/user/data/drones_ship_ws/install/vrx_gz/share/vrx_gz/worlds/navigation_task.sdf
[0.758s] -- Up-to-date: /home/user/data/drones_ship_ws/install/vrx_gz/share/vrx_gz/worlds/acoustic_tracking_task.sdf
[0.758s] -- Up-to-date: /home/user/data/drones_ship_ws/install/vrx_gz/share/vrx_gz/worlds/sydney_regatta.sdf
[0.758s] -- Up-to-date: /home/user/data/drones_ship_ws/install/vrx_gz/share/vrx_gz/worlds/2023_practice
[0.758s] -- Up-to-date: /home/user/data/drones_ship_ws/install/vrx_gz/share/vrx_gz/worlds/2023_practice/practice_2023_wayfinding1_task.sdf
[0.758s] -- Up-to-date: /home/user/data/drones_ship_ws/install/vrx_gz/share/vrx_gz/worlds/2023_practice/practice_2023_scan_dock_deliver1_task.sdf
[0.758s] -- Up-to-date: /home/user/data/drones_ship_ws/install/vrx_gz/share/vrx_gz/worlds/2023_practice/practice_2023_perception2_task.sdf
[0.758s] -- Up-to-date: /home/user/data/drones_ship_ws/install/vrx_gz/share/vrx_gz/worlds/2023_practice/practice_2023_scan_dock_deliver0_task.sdf
[0.758s] -- Up-to-date: /home/user/data/drones_ship_ws/install/vrx_gz/share/vrx_gz/worlds/2023_practice/practice_2023_follow_path1_task.sdf
[0.758s] -- Up-to-date: /home/user/data/drones_ship_ws/install/vrx_gz/share/vrx_gz/worlds/2023_practice/practice_2023_stationkeeping2_task.sdf
[0.758s] -- Up-to-date: /home/user/data/drones_ship_ws/install/vrx_gz/share/vrx_gz/worlds/2023_practice/practice_2023_acoustic_tracking0_task.sdf
[0.758s] -- Up-to-date: /home/user/data/drones_ship_ws/install/vrx_gz/share/vrx_gz/worlds/2023_practice/practice_2023_wildlife0_task.sdf
[0.758s] -- Up-to-date: /home/user/data/drones_ship_ws/install/vrx_gz/share/vrx_gz/worlds/2023_practice/practice_2023_follow_path0_task.sdf
[0.758s] -- Up-to-date: /home/user/data/drones_ship_ws/install/vrx_gz/share/vrx_gz/worlds/2023_practice/practice_2023_acoustic_tracking1_task.sdf
[0.758s] -- Up-to-date: /home/user/data/drones_ship_ws/install/vrx_gz/share/vrx_gz/worlds/2023_practice/practice_2023_acoustic_perception1_task.sdf
[0.759s] -- Up-to-date: /home/user/data/drones_ship_ws/install/vrx_gz/share/vrx_gz/worlds/2023_practice/practice_2023_follow_path2_task.sdf
[0.759s] -- Up-to-date: /home/user/data/drones_ship_ws/install/vrx_gz/share/vrx_gz/worlds/2023_practice/practice_2023_acoustic_perception0_task.sdf
[0.759s] -- Up-to-date: /home/user/data/drones_ship_ws/install/vrx_gz/share/vrx_gz/worlds/2023_practice/practice_2023_wayfinding2_task.sdf
[0.759s] -- Up-to-date: /home/user/data/drones_ship_ws/install/vrx_gz/share/vrx_gz/worlds/2023_practice/practice_2023_stationkeeping1_task.sdf
[0.759s] -- Up-to-date: /home/user/data/drones_ship_ws/install/vrx_gz/share/vrx_gz/worlds/2023_practice/practice_2023_wayfinding0_task.sdf
[0.759s] -- Up-to-date: /home/user/data/drones_ship_ws/install/vrx_gz/share/vrx_gz/worlds/2023_practice/practice_2023_acoustic_perception2_task.sdf
[0.759s] -- Up-to-date: /home/user/data/drones_ship_ws/install/vrx_gz/share/vrx_gz/worlds/2023_practice/practice_2023_perception0_task.sdf
[0.759s] -- Up-to-date: /home/user/data/drones_ship_ws/install/vrx_gz/share/vrx_gz/worlds/2023_practice/practice_2023_wildlife2_task.sdf
[0.759s] -- Up-to-date: /home/user/data/drones_ship_ws/install/vrx_gz/share/vrx_gz/worlds/2023_practice/practice_2023_acoustic_tracking2_task.sdf
[0.759s] -- Up-to-date: /home/user/data/drones_ship_ws/install/vrx_gz/share/vrx_gz/worlds/2023_practice/practice_2023_wildlife1_task.sdf
[0.759s] -- Up-to-date: /home/user/data/drones_ship_ws/install/vrx_gz/share/vrx_gz/worlds/2023_practice/practice_2023_perception1_task.sdf
[0.759s] -- Up-to-date: /home/user/data/drones_ship_ws/install/vrx_gz/share/vrx_gz/worlds/2023_practice/practice_2023_stationkeeping0_task.sdf
[0.759s] -- Up-to-date: /home/user/data/drones_ship_ws/install/vrx_gz/share/vrx_gz/worlds/2023_practice/practice_2023_scan_dock_deliver2_task.sdf
[0.759s] -- Up-to-date: /home/user/data/drones_ship_ws/install/vrx_gz/share/vrx_gz/worlds/scan_dock_deliver_task.sdf
[0.759s] -- Up-to-date: /home/user/data/drones_ship_ws/install/vrx_gz/share/vrx_gz/worlds/follow_path_task.sdf
[0.759s] -- Up-to-date: /home/user/data/drones_ship_ws/install/vrx_gz/share/vrx_gz/worlds/perception_task.sdf
[0.759s] -- Up-to-date: /home/user/data/drones_ship_ws/install/vrx_gz/share/ament_index/resource_index/package_run_dependencies/vrx_gz
[0.759s] -- Up-to-date: /home/user/data/drones_ship_ws/install/vrx_gz/share/ament_index/resource_index/parent_prefix_path/vrx_gz
[0.759s] -- Up-to-date: /home/user/data/drones_ship_ws/install/vrx_gz/share/vrx_gz/environment/ament_prefix_path.sh
[0.759s] -- Up-to-date: /home/user/data/drones_ship_ws/install/vrx_gz/share/vrx_gz/environment/ament_prefix_path.dsv
[0.759s] -- Up-to-date: /home/user/data/drones_ship_ws/install/vrx_gz/share/vrx_gz/environment/path.sh
[0.759s] -- Up-to-date: /home/user/data/drones_ship_ws/install/vrx_gz/share/vrx_gz/environment/path.dsv
[0.759s] -- Up-to-date: /home/user/data/drones_ship_ws/install/vrx_gz/share/vrx_gz/local_setup.bash
[0.759s] -- Up-to-date: /home/user/data/drones_ship_ws/install/vrx_gz/share/vrx_gz/local_setup.sh
[0.759s] -- Up-to-date: /home/user/data/drones_ship_ws/install/vrx_gz/share/vrx_gz/local_setup.zsh
[0.759s] -- Up-to-date: /home/user/data/drones_ship_ws/install/vrx_gz/share/vrx_gz/local_setup.dsv
[0.759s] -- Installing: /home/user/data/drones_ship_ws/install/vrx_gz/share/vrx_gz/package.dsv
[0.759s] -- Up-to-date: /home/user/data/drones_ship_ws/install/vrx_gz/share/ament_index/resource_index/packages/vrx_gz
[0.759s] -- Up-to-date: /home/user/data/drones_ship_ws/install/vrx_gz/share/vrx_gz/cmake/vrx_gzConfig.cmake
[0.759s] -- Up-to-date: /home/user/data/drones_ship_ws/install/vrx_gz/share/vrx_gz/cmake/vrx_gzConfig-version.cmake
[0.759s] -- Up-to-date: /home/user/data/drones_ship_ws/install/vrx_gz/share/vrx_gz/package.xml
[0.760s] Invoked command in '/home/user/data/drones_ship_ws/build/vrx_gz' returned '0': CMAKE_PREFIX_PATH=/home/user/data/drones_ship_ws/install/vrx_ros:/home/user/data/drones_ship_ws/install/wamv_gazebo:/home/user/data/drones_ship_ws/install/wamv_description:/home/user/data/drones_ship_ws/install/vrx_gz:/home/user/data/drones_ship_ws/install/aquabot_description:/home/user/data/drones_ship_ws/install/vrx_gazebo:/home/user/data/drones_ship_ws/install/ros_gz_crazyflie_bringup:/home/user/data/drones_ship_ws/install/ros_gz_crazyflie_gazebo:/home/user/data/drones_ship_ws/install/crazyflie_yolo:/home/user/data/drones_ship_ws/install/crazyflie_ekf:/home/user/data/drones_ship_ws/install/crazyflie_control:/home/user/data/drones_ship_ws/install/aquabot_motion:/home/user/data/drones_ship_ws/install/aquabot_gz:/home/user/data/drones_ship_ws/install/aquabot_ekf:/opt/ros/jazzy/opt/gz_sim_vendor:/opt/ros/jazzy/opt/gz_sensors_vendor:/opt/ros/jazzy/opt/gz_physics_vendor:/opt/ros/jazzy/opt/sdformat_vendor:/opt/ros/jazzy/opt/gz_gui_vendor:/opt/ros/jazzy/opt/gz_transport_vendor:/opt/ros/jazzy/opt/gz_rendering_vendor:/opt/ros/jazzy/opt/gz_plugin_vendor:/opt/ros/jazzy/opt/gz_fuel_tools_vendor:/opt/ros/jazzy/opt/gz_msgs_vendor:/opt/ros/jazzy/opt/gz_common_vendor:/opt/ros/jazzy/opt/gz_math_vendor:/opt/ros/jazzy/opt/gz_utils_vendor:/opt/ros/jazzy/opt/gz_tools_vendor:/opt/ros/jazzy/opt/gz_ogre_next_vendor:/opt/ros/jazzy/opt/gz_dartsim_vendor:/opt/ros/jazzy/opt/gz_cmake_vendor:/home/user/data/drones_ship_ws/install/ros_gz_crazyflie_control:/opt/ros/jazzy DEBUGINFOD_URLS=https://debuginfod.ubuntu.com /usr/bin/cmake --install /home/user/data/drones_ship_ws/build/vrx_gz
