[100%] Built target ekf_node
-- Install configuration: ""
-- Up-to-date: /home/user/data/drones_ship_ws/install/aquabot_ekf/lib/aquabot_ekf/ekf_node
-- Up-to-date: /home/user/data/drones_ship_ws/install/aquabot_ekf/share/aquabot_ekf/launch
-- Up-to-date: /home/user/data/drones_ship_ws/install/aquabot_ekf/share/aquabot_ekf/launch/ekf_launch.py
-- Up-to-date: /home/user/data/drones_ship_ws/install/aquabot_ekf/share/aquabot_ekf/config
-- Up-to-date: /home/user/data/drones_ship_ws/install/aquabot_ekf/share/aquabot_ekf/config/ekf_params.yaml
-- Up-to-date: /home/user/data/drones_ship_ws/install/aquabot_ekf/share/ament_index/resource_index/package_run_dependencies/aquabot_ekf
-- Up-to-date: /home/user/data/drones_ship_ws/install/aquabot_ekf/share/ament_index/resource_index/parent_prefix_path/aquabot_ekf
-- Up-to-date: /home/user/data/drones_ship_ws/install/aquabot_ekf/share/aquabot_ekf/environment/ament_prefix_path.sh
-- Up-to-date: /home/user/data/drones_ship_ws/install/aquabot_ekf/share/aquabot_ekf/environment/ament_prefix_path.dsv
-- Up-to-date: /home/user/data/drones_ship_ws/install/aquabot_ekf/share/aquabot_ekf/environment/path.sh
-- Up-to-date: /home/user/data/drones_ship_ws/install/aquabot_ekf/share/aquabot_ekf/environment/path.dsv
-- Up-to-date: /home/user/data/drones_ship_ws/install/aquabot_ekf/share/aquabot_ekf/local_setup.bash
-- Up-to-date: /home/user/data/drones_ship_ws/install/aquabot_ekf/share/aquabot_ekf/local_setup.sh
-- Up-to-date: /home/user/data/drones_ship_ws/install/aquabot_ekf/share/aquabot_ekf/local_setup.zsh
-- Up-to-date: /home/user/data/drones_ship_ws/install/aquabot_ekf/share/aquabot_ekf/local_setup.dsv
-- Installing: /home/user/data/drones_ship_ws/install/aquabot_ekf/share/aquabot_ekf/package.dsv
-- Up-to-date: /home/user/data/drones_ship_ws/install/aquabot_ekf/share/ament_index/resource_index/packages/aquabot_ekf
-- Up-to-date: /home/user/data/drones_ship_ws/install/aquabot_ekf/share/aquabot_ekf/cmake/aquabot_ekfConfig.cmake
-- Up-to-date: /home/user/data/drones_ship_ws/install/aquabot_ekf/share/aquabot_ekf/cmake/aquabot_ekfConfig-version.cmake
-- Up-to-date: /home/user/data/drones_ship_ws/install/aquabot_ekf/share/aquabot_ekf/package.xml
