[  2%] Built target crazyflie_yolo__rosidl_generator_type_description
[  6%] Built target stereo_depth_node
[  6%] Built target ament_cmake_python_copy_crazyflie_yolo
[ 10%] Built target container_localizer_node
[ 12%] Built target crazyflie_yolo__cpp
[ 28%] Built target crazyflie_yolo__rosidl_generator_c
[ 50%] Built target crazyflie_yolo__rosidl_typesupport_introspection_c
[ 50%] Built target crazyflie_yolo__rosidl_typesupport_c
[ 52%] Built target crazyflie_yolo__rosidl_typesupport_fastrtps_cpp
[ 60%] Built target crazyflie_yolo__rosidl_typesupport_introspection_cpp
[ 68%] Built target crazyflie_yolo__rosidl_typesupport_fastrtps_c
[ 76%] Built target crazyflie_yolo__rosidl_typesupport_cpp
[ 76%] Built target crazyflie_yolo
[ 78%] [32mBuilding CXX object CMakeFiles/multi_obstacle_tracker_node.dir/src/multi_obstacle_tracker.cpp.o[0m
[ 80%] Built target crazyflie_yolo__py
[ 86%] Built target crazyflie_yolo__rosidl_generator_py
[ 90%] Built target crazyflie_yolo_s__rosidl_typesupport_introspection_c
[ 94%] Built target crazyflie_yolo_s__rosidl_typesupport_c
[ 98%] Built target crazyflie_yolo_s__rosidl_typesupport_fastrtps_c
running egg_info
writing crazyflie_yolo.egg-info/PKG-INFO
writing dependency_links to crazyflie_yolo.egg-info/dependency_links.txt
writing top-level names to crazyflie_yolo.egg-info/top_level.txt
reading manifest file 'crazyflie_yolo.egg-info/SOURCES.txt'
writing manifest file 'crazyflie_yolo.egg-info/SOURCES.txt'
[ 98%] Built target ament_cmake_python_build_crazyflie_yolo_egg
[01m[K/home/user/data/drones_ship_ws/src/drone_ship/crazyflie_yolo/src/multi_obstacle_tracker.cpp:[m[K In member function ‘[01m[Kvoid MultiObstacleTracker::[01;32m[KpublishTracks[m[K()[m[K’:
[01m[K/home/user/data/drones_ship_ws/src/drone_ship/crazyflie_yolo/src/multi_obstacle_tracker.cpp:225:59:[m[K [01;31m[Kerror: [m[K‘[01m[Kusing std::tuple_element<1, const std::pair<const int, MultiObstacleTracker::ObstacleTrack> >::type = std::__tuple_element_t<1, std::pair<const int, MultiObstacleTracker::ObstacleTrack> >[m[K’ has no member named ‘[01m[Kcov[m[K’
  225 |                     tracked.covariance[i * 3 + j] = track.[01;31m[Kcov[m[K(i, j);
      |                                                           [01;31m[K^~~[m[K
gmake[2]: *** [CMakeFiles/multi_obstacle_tracker_node.dir/build.make:76: CMakeFiles/multi_obstacle_tracker_node.dir/src/multi_obstacle_tracker.cpp.o] Error 1
gmake[1]: *** [CMakeFiles/Makefile2:655: CMakeFiles/multi_obstacle_tracker_node.dir/all] Error 2
gmake: *** [Makefile:146: all] Error 2
