[0.055s] Invoking command in '/home/user/data/drones_ship_ws/build/crazyflie_yolo': CMAKE_PREFIX_PATH=${CMAKE_PREFIX_PATH}:/home/user/data/drones_ship_ws/install/ros_gz_crazyflie_control:/opt/ros/jazzy DEBUGINFOD_URLS=https://debuginfod.ubuntu.com /usr/bin/cmake --build /home/user/data/drones_ship_ws/build/crazyflie_yolo -- -j20 -l20
[0.146s] [  2%] Built target crazyflie_yolo__rosidl_generator_type_description
[0.151s] [  6%] Built target stereo_depth_node
[0.155s] [  6%] Built target ament_cmake_python_copy_crazyflie_yolo
[0.156s] [ 10%] Built target container_localizer_node
[0.175s] [ 12%] Built target crazyflie_yolo__cpp
[0.192s] [ 28%] Built target crazyflie_yolo__rosidl_generator_c
[0.223s] [ 50%] Built target crazyflie_yolo__rosidl_typesupport_introspection_c
[0.223s] [ 50%] Built target crazyflie_yolo__rosidl_typesupport_c
[0.223s] [ 52%] Built target crazyflie_yolo__rosidl_typesupport_fastrtps_cpp
[0.226s] [ 60%] Built target crazyflie_yolo__rosidl_typesupport_introspection_cpp
[0.229s] [ 68%] Built target crazyflie_yolo__rosidl_typesupport_fastrtps_c
[0.239s] [ 76%] Built target crazyflie_yolo__rosidl_typesupport_cpp
[0.277s] [ 76%] Built target crazyflie_yolo
[0.298s] [ 78%] [32mBuilding CXX object CMakeFiles/multi_obstacle_tracker_node.dir/src/multi_obstacle_tracker.cpp.o[0m
[0.320s] [ 80%] Built target crazyflie_yolo__py
[0.364s] [ 86%] Built target crazyflie_yolo__rosidl_generator_py
[0.401s] [ 90%] Built target crazyflie_yolo_s__rosidl_typesupport_introspection_c
[0.409s] [ 94%] Built target crazyflie_yolo_s__rosidl_typesupport_c
[0.411s] [ 98%] Built target crazyflie_yolo_s__rosidl_typesupport_fastrtps_c
[0.496s] running egg_info
[0.496s] writing crazyflie_yolo.egg-info/PKG-INFO
[0.496s] writing dependency_links to crazyflie_yolo.egg-info/dependency_links.txt
[0.496s] writing top-level names to crazyflie_yolo.egg-info/top_level.txt
[0.506s] reading manifest file 'crazyflie_yolo.egg-info/SOURCES.txt'
[0.506s] writing manifest file 'crazyflie_yolo.egg-info/SOURCES.txt'
[0.533s] [ 98%] Built target ament_cmake_python_build_crazyflie_yolo_egg
[7.009s] [01m[K/home/user/data/drones_ship_ws/src/drone_ship/crazyflie_yolo/src/multi_obstacle_tracker.cpp:[m[K In member function ‘[01m[Kvoid MultiObstacleTracker::[01;32m[KpublishTracks[m[K()[m[K’:
[7.009s] [01m[K/home/user/data/drones_ship_ws/src/drone_ship/crazyflie_yolo/src/multi_obstacle_tracker.cpp:225:59:[m[K [01;31m[Kerror: [m[K‘[01m[Kusing std::tuple_element<1, const std::pair<const int, MultiObstacleTracker::ObstacleTrack> >::type = std::__tuple_element_t<1, std::pair<const int, MultiObstacleTracker::ObstacleTrack> >[m[K’ has no member named ‘[01m[Kcov[m[K’
[7.009s]   225 |                     tracked.covariance[i * 3 + j] = track.[01;31m[Kcov[m[K(i, j);
[7.009s]       |                                                           [01;31m[K^~~[m[K
[7.010s] gmake[2]: *** [CMakeFiles/multi_obstacle_tracker_node.dir/build.make:76: CMakeFiles/multi_obstacle_tracker_node.dir/src/multi_obstacle_tracker.cpp.o] Error 1
[7.011s] gmake[1]: *** [CMakeFiles/Makefile2:655: CMakeFiles/multi_obstacle_tracker_node.dir/all] Error 2
[7.011s] gmake: *** [Makefile:146: all] Error 2
[7.013s] Invoked command in '/home/user/data/drones_ship_ws/build/crazyflie_yolo' returned '2': CMAKE_PREFIX_PATH=${CMAKE_PREFIX_PATH}:/home/user/data/drones_ship_ws/install/ros_gz_crazyflie_control:/opt/ros/jazzy DEBUGINFOD_URLS=https://debuginfod.ubuntu.com /usr/bin/cmake --build /home/user/data/drones_ship_ws/build/crazyflie_yolo -- -j20 -l20
