[0.080s] Invoking command in '/home/user/data/drones_ship_ws/build/vrx_gazebo': CMAKE_PREFIX_PATH=${CMAKE_PREFIX_PATH}:/home/user/data/drones_ship_ws/install/ros_gz_crazyflie_control:/opt/ros/jazzy DEBUGINFOD_URLS=https://debuginfod.ubuntu.com /usr/bin/cmake --build /home/user/data/drones_ship_ws/build/vrx_gazebo -- -j20 -l20
[0.315s] Built target ament_cmake_python_copy_vrx_gazebo
[0.662s] running egg_info
[0.699s] writing vrx_gazebo.egg-info/PKG-INFO
[0.701s] writing dependency_links to vrx_gazebo.egg-info/dependency_links.txt
[0.701s] writing top-level names to vrx_gazebo.egg-info/top_level.txt
[0.805s] reading manifest file 'vrx_gazebo.egg-info/SOURCES.txt'
[0.808s] writing manifest file 'vrx_gazebo.egg-info/SOURCES.txt'
[0.857s] Built target ament_cmake_python_build_vrx_gazebo_egg
[1.108s] Invoked command in '/home/user/data/drones_ship_ws/build/vrx_gazebo' returned '0': CMAKE_PREFIX_PATH=${CMAKE_PREFIX_PATH}:/home/user/data/drones_ship_ws/install/ros_gz_crazyflie_control:/opt/ros/jazzy DEBUGINFOD_URLS=https://debuginfod.ubuntu.com /usr/bin/cmake --build /home/user/data/drones_ship_ws/build/vrx_gazebo -- -j20 -l20
[1.109s] Invoking command in '/home/user/data/drones_ship_ws/build/vrx_gazebo': CMAKE_PREFIX_PATH=${CMAKE_PREFIX_PATH}:/home/user/data/drones_ship_ws/install/ros_gz_crazyflie_control:/opt/ros/jazzy DEBUGINFOD_URLS=https://debuginfod.ubuntu.com /usr/bin/cmake --install /home/user/data/drones_ship_ws/build/vrx_gazebo
[1.195s] -- Install configuration: ""
[1.197s] -- Up-to-date: /home/user/data/drones_ship_ws/install/vrx_gazebo/share/vrx_gazebo/environment/resource_paths.dsv
[1.197s] -- Up-to-date: /home/user/data/drones_ship_ws/install/vrx_gazebo/share/vrx_gazebo/environment/resource_paths.sh
[1.197s] -- Up-to-date: /home/user/data/drones_ship_ws/install/vrx_gazebo/share/vrx_gazebo/models
[1.197s] -- Up-to-date: /home/user/data/drones_ship_ws/install/vrx_gazebo/share/vrx_gazebo/models/blue_projectile
[1.197s] -- Up-to-date: /home/user/data/drones_ship_ws/install/vrx_gazebo/share/vrx_gazebo/models/blue_projectile/model.sdf
[1.197s] -- Up-to-date: /home/user/data/drones_ship_ws/install/vrx_gazebo/share/vrx_gazebo/models/blue_projectile/model.config
[1.198s] -- Up-to-date: /home/user/data/drones_ship_ws/install/vrx_gazebo/share/vrx_gazebo/models/ball_shooter
[1.198s] -- Up-to-date: /home/user/data/drones_ship_ws/install/vrx_gazebo/share/vrx_gazebo/models/ball_shooter/materials
[1.198s] -- Up-to-date: /home/user/data/drones_ship_ws/install/vrx_gazebo/share/vrx_gazebo/models/ball_shooter/materials/Textures
[1.198s] -- Up-to-date: /home/user/data/drones_ship_ws/install/vrx_gazebo/share/vrx_gazebo/models/ball_shooter/materials/Textures/Launcher_Metalness.png
[1.199s] -- Up-to-date: /home/user/data/drones_ship_ws/install/vrx_gazebo/share/vrx_gazebo/models/ball_shooter/materials/Textures/Launcher_Roughness.png
[1.199s] -- Up-to-date: /home/user/data/drones_ship_ws/install/vrx_gazebo/share/vrx_gazebo/models/ball_shooter/materials/Textures/Launcher_Normal.png
[1.199s] -- Up-to-date: /home/user/data/drones_ship_ws/install/vrx_gazebo/share/vrx_gazebo/models/ball_shooter/materials/Textures/Launcher_Albedo.png
[1.199s] -- Up-to-date: /home/user/data/drones_ship_ws/install/vrx_gazebo/share/vrx_gazebo/models/ball_shooter/model.sdf
[1.199s] -- Up-to-date: /home/user/data/drones_ship_ws/install/vrx_gazebo/share/vrx_gazebo/models/ball_shooter/meshes
[1.200s] -- Up-to-date: /home/user/data/drones_ship_ws/install/vrx_gazebo/share/vrx_gazebo/models/ball_shooter/meshes/ball_shooter_launcher.dae
[1.200s] -- Up-to-date: /home/user/data/drones_ship_ws/install/vrx_gazebo/share/vrx_gazebo/models/ball_shooter/meshes/ball_shooter_base.dae
[1.200s] -- Up-to-date: /home/user/data/drones_ship_ws/install/vrx_gazebo/share/vrx_gazebo/models/ball_shooter/meshes/Launcher_BaseColor.png
[1.200s] -- Up-to-date: /home/user/data/drones_ship_ws/install/vrx_gazebo/share/vrx_gazebo/models/ball_shooter/meshes/Launcher_Albedo.png
[1.200s] -- Up-to-date: /home/user/data/drones_ship_ws/install/vrx_gazebo/share/vrx_gazebo/models/ball_shooter/model.config
[1.200s] -- Up-to-date: /home/user/data/drones_ship_ws/install/vrx_gazebo/share/vrx_gazebo/models/sensor_post
[1.201s] -- Up-to-date: /home/user/data/drones_ship_ws/install/vrx_gazebo/share/vrx_gazebo/models/sensor_post/mesh
[1.201s] -- Up-to-date: /home/user/data/drones_ship_ws/install/vrx_gazebo/share/vrx_gazebo/models/sensor_post/mesh/sensor_post_arm.dae
[1.201s] -- Up-to-date: /home/user/data/drones_ship_ws/install/vrx_gazebo/share/vrx_gazebo/models/sensor_post/mesh/sensor_post.dae
[1.201s] -- Up-to-date: /home/user/data/drones_ship_ws/install/vrx_gazebo/share/vrx_gazebo/models/sensor_post/mesh/sensor_post.png
[1.201s] -- Up-to-date: /home/user/data/drones_ship_ws/install/vrx_gazebo/share/vrx_gazebo/models/sensor_post/model.sdf
[1.201s] -- Up-to-date: /home/user/data/drones_ship_ws/install/vrx_gazebo/share/vrx_gazebo/models/sensor_post/model.config
[1.202s] -- Up-to-date: /home/user/data/drones_ship_ws/install/vrx_gazebo/share/vrx_gazebo/models/mono_camera
[1.202s] -- Up-to-date: /home/user/data/drones_ship_ws/install/vrx_gazebo/share/vrx_gazebo/models/mono_camera/mesh
[1.202s] -- Up-to-date: /home/user/data/drones_ship_ws/install/vrx_gazebo/share/vrx_gazebo/models/mono_camera/mesh/mono_camera_Roughness.png
[1.202s] -- Up-to-date: /home/user/data/drones_ship_ws/install/vrx_gazebo/share/vrx_gazebo/models/mono_camera/mesh/mono_camera_Metalness.png
[1.203s] -- Up-to-date: /home/user/data/drones_ship_ws/install/vrx_gazebo/share/vrx_gazebo/models/mono_camera/mesh/mono_camera_Normal.png
[1.203s] -- Up-to-date: /home/user/data/drones_ship_ws/install/vrx_gazebo/share/vrx_gazebo/models/mono_camera/mesh/mono_camera_Albedo.png
[1.203s] -- Up-to-date: /home/user/data/drones_ship_ws/install/vrx_gazebo/share/vrx_gazebo/models/mono_camera/mesh/mono_camera.png
[1.203s] -- Up-to-date: /home/user/data/drones_ship_ws/install/vrx_gazebo/share/vrx_gazebo/models/mono_camera/mesh/mono_camera.dae
[1.203s] -- Up-to-date: /home/user/data/drones_ship_ws/install/vrx_gazebo/share/vrx_gazebo/models/mono_camera/model.sdf
[1.203s] -- Up-to-date: /home/user/data/drones_ship_ws/install/vrx_gazebo/share/vrx_gazebo/models/mono_camera/model.config
[1.203s] -- Up-to-date: /home/user/data/drones_ship_ws/install/vrx_gazebo/share/vrx_gazebo/models/3d_lidar
[1.204s] -- Up-to-date: /home/user/data/drones_ship_ws/install/vrx_gazebo/share/vrx_gazebo/models/3d_lidar/mesh
[1.204s] -- Up-to-date: /home/user/data/drones_ship_ws/install/vrx_gazebo/share/vrx_gazebo/models/3d_lidar/mesh/3d_lidar.png
[1.204s] -- Up-to-date: /home/user/data/drones_ship_ws/install/vrx_gazebo/share/vrx_gazebo/models/3d_lidar/mesh/3d_Lidar_Albedo.png
[1.204s] -- Up-to-date: /home/user/data/drones_ship_ws/install/vrx_gazebo/share/vrx_gazebo/models/3d_lidar/mesh/3d_lidar.dae
[1.205s] -- Up-to-date: /home/user/data/drones_ship_ws/install/vrx_gazebo/share/vrx_gazebo/models/3d_lidar/mesh/3d_Lidar_Metalness.png
[1.205s] -- Up-to-date: /home/user/data/drones_ship_ws/install/vrx_gazebo/share/vrx_gazebo/models/3d_lidar/mesh/3d_Lidar_Normal.png
[1.205s] -- Up-to-date: /home/user/data/drones_ship_ws/install/vrx_gazebo/share/vrx_gazebo/models/3d_lidar/mesh/3d_Lidar_Roughness.png
[1.205s] -- Up-to-date: /home/user/data/drones_ship_ws/install/vrx_gazebo/share/vrx_gazebo/models/3d_lidar/model.sdf
[1.205s] -- Up-to-date: /home/user/data/drones_ship_ws/install/vrx_gazebo/share/vrx_gazebo/models/3d_lidar/model.config
[1.205s] -- Up-to-date: /home/user/data/drones_ship_ws/install/vrx_gazebo/share/vrx_gazebo/models/cpu_cases
[1.206s] -- Up-to-date: /home/user/data/drones_ship_ws/install/vrx_gazebo/share/vrx_gazebo/models/cpu_cases/mesh
[1.206s] -- Up-to-date: /home/user/data/drones_ship_ws/install/vrx_gazebo/share/vrx_gazebo/models/cpu_cases/mesh/cpu_cases_Albedo.png
[1.206s] -- Up-to-date: /home/user/data/drones_ship_ws/install/vrx_gazebo/share/vrx_gazebo/models/cpu_cases/mesh/cpu_cases_Roughness.png
[1.206s] -- Up-to-date: /home/user/data/drones_ship_ws/install/vrx_gazebo/share/vrx_gazebo/models/cpu_cases/mesh/cpu_cases_Metalness.png
[1.206s] -- Up-to-date: /home/user/data/drones_ship_ws/install/vrx_gazebo/share/vrx_gazebo/models/cpu_cases/mesh/cpu_cases.png
[1.207s] -- Up-to-date: /home/user/data/drones_ship_ws/install/vrx_gazebo/share/vrx_gazebo/models/cpu_cases/mesh/cpu_cases_Normal.png
[1.207s] -- Up-to-date: /home/user/data/drones_ship_ws/install/vrx_gazebo/share/vrx_gazebo/models/cpu_cases/mesh/cpu_cases.dae
[1.207s] -- Up-to-date: /home/user/data/drones_ship_ws/install/vrx_gazebo/share/vrx_gazebo/models/cpu_cases/model.sdf
[1.207s] -- Up-to-date: /home/user/data/drones_ship_ws/install/vrx_gazebo/share/vrx_gazebo/models/cpu_cases/model.config
[1.207s] -- Up-to-date: /home/user/data/drones_ship_ws/install/vrx_gazebo/share/vrx_gazebo/models/battery
[1.208s] -- Up-to-date: /home/user/data/drones_ship_ws/install/vrx_gazebo/share/vrx_gazebo/models/battery/mesh
[1.208s] -- Up-to-date: /home/user/data/drones_ship_ws/install/vrx_gazebo/share/vrx_gazebo/models/battery/mesh/battery_Normal.png
[1.208s] -- Up-to-date: /home/user/data/drones_ship_ws/install/vrx_gazebo/share/vrx_gazebo/models/battery/mesh/battery_Metalness.png
[1.208s] -- Up-to-date: /home/user/data/drones_ship_ws/install/vrx_gazebo/share/vrx_gazebo/models/battery/mesh/battery.dae
[1.208s] -- Up-to-date: /home/user/data/drones_ship_ws/install/vrx_gazebo/share/vrx_gazebo/models/battery/mesh/battery_Albedo.png
[1.208s] -- Up-to-date: /home/user/data/drones_ship_ws/install/vrx_gazebo/share/vrx_gazebo/models/battery/mesh/battery_Roughness.png
[1.209s] -- Up-to-date: /home/user/data/drones_ship_ws/install/vrx_gazebo/share/vrx_gazebo/models/battery/mesh/battery.png
[1.209s] -- Up-to-date: /home/user/data/drones_ship_ws/install/vrx_gazebo/share/vrx_gazebo/models/battery/model.sdf
[1.209s] -- Up-to-date: /home/user/data/drones_ship_ws/install/vrx_gazebo/share/vrx_gazebo/models/battery/model.config
[1.209s] -- Up-to-date: /home/user/data/drones_ship_ws/install/vrx_gazebo/share/vrx_gazebo/launch
[1.211s] -- Up-to-date: /home/user/data/drones_ship_ws/install/vrx_gazebo/share/vrx_gazebo/launch/generate_wamv.launch.py
[1.212s] -- Up-to-date: /home/user/data/drones_ship_ws/install/vrx_gazebo/share/vrx_gazebo/launch/rviz.launch.py
[1.212s] -- Up-to-date: /home/user/data/drones_ship_ws/install/vrx_gazebo/share/vrx_gazebo/config
[1.213s] -- Up-to-date: /home/user/data/drones_ship_ws/install/vrx_gazebo/share/vrx_gazebo/config/rviz_vrx_final.rviz
[1.214s] -- Up-to-date: /home/user/data/drones_ship_ws/install/vrx_gazebo/share/vrx_gazebo/config/rviz_vrx_rsp.rviz
[1.214s] -- Up-to-date: /home/user/data/drones_ship_ws/install/vrx_gazebo/share/vrx_gazebo/config/wamv_config
[1.215s] -- Up-to-date: /home/user/data/drones_ship_ws/install/vrx_gazebo/share/vrx_gazebo/config/wamv_config/thruster_compliance
[1.216s] -- Up-to-date: /home/user/data/drones_ship_ws/install/vrx_gazebo/share/vrx_gazebo/config/wamv_config/thruster_compliance/bounding_boxes.yaml
[1.216s] -- Up-to-date: /home/user/data/drones_ship_ws/install/vrx_gazebo/share/vrx_gazebo/config/wamv_config/thruster_compliance/numeric.yaml
[1.217s] -- Up-to-date: /home/user/data/drones_ship_ws/install/vrx_gazebo/share/vrx_gazebo/config/wamv_config/component_compliance
[1.218s] -- Up-to-date: /home/user/data/drones_ship_ws/install/vrx_gazebo/share/vrx_gazebo/config/wamv_config/component_compliance/bounding_boxes.yaml
[1.218s] -- Up-to-date: /home/user/data/drones_ship_ws/install/vrx_gazebo/share/vrx_gazebo/config/wamv_config/component_compliance/numeric.yaml
[1.219s] -- Up-to-date: /home/user/data/drones_ship_ws/install/vrx_gazebo/share/vrx_gazebo/config/wamv_config/example_component_config.yaml
[1.219s] -- Up-to-date: /home/user/data/drones_ship_ws/install/vrx_gazebo/share/vrx_gazebo/config/wamv_config/example_thruster_config.yaml
[1.220s] -- Up-to-date: /home/user/data/drones_ship_ws/install/vrx_gazebo/lib/vrx_gazebo/generate_wamv.py
[1.221s] -- Up-to-date: /home/user/data/drones_ship_ws/install/vrx_gazebo/share/vrx_gazebo/environment/pythonpath.sh
[1.222s] -- Up-to-date: /home/user/data/drones_ship_ws/install/vrx_gazebo/share/vrx_gazebo/environment/pythonpath.dsv
[1.223s] -- Up-to-date: /home/user/data/drones_ship_ws/install/vrx_gazebo/lib/python3.12/site-packages/vrx_gazebo-1.3.0-py3.12.egg-info
[1.224s] -- Installing: /home/user/data/drones_ship_ws/install/vrx_gazebo/lib/python3.12/site-packages/vrx_gazebo-1.3.0-py3.12.egg-info/SOURCES.txt
[1.225s] -- Installing: /home/user/data/drones_ship_ws/install/vrx_gazebo/lib/python3.12/site-packages/vrx_gazebo-1.3.0-py3.12.egg-info/dependency_links.txt
[1.225s] -- Installing: /home/user/data/drones_ship_ws/install/vrx_gazebo/lib/python3.12/site-packages/vrx_gazebo-1.3.0-py3.12.egg-info/top_level.txt
[1.226s] -- Installing: /home/user/data/drones_ship_ws/install/vrx_gazebo/lib/python3.12/site-packages/vrx_gazebo-1.3.0-py3.12.egg-info/PKG-INFO
[1.227s] -- Up-to-date: /home/user/data/drones_ship_ws/install/vrx_gazebo/lib/python3.12/site-packages/vrx_gazebo
[1.227s] -- Up-to-date: /home/user/data/drones_ship_ws/install/vrx_gazebo/lib/python3.12/site-packages/vrx_gazebo/configure_wamv.py
[1.228s] -- Up-to-date: /home/user/data/drones_ship_ws/install/vrx_gazebo/lib/python3.12/site-packages/vrx_gazebo/compliance.py
[1.229s] -- Up-to-date: /home/user/data/drones_ship_ws/install/vrx_gazebo/lib/python3.12/site-packages/vrx_gazebo/__init__.py
[1.229s] -- Up-to-date: /home/user/data/drones_ship_ws/install/vrx_gazebo/lib/python3.12/site-packages/vrx_gazebo/utils.py
[1.271s] Listing '/home/user/data/drones_ship_ws/install/vrx_gazebo/lib/python3.12/site-packages/vrx_gazebo'...
[1.277s] -- Up-to-date: /home/user/data/drones_ship_ws/install/vrx_gazebo/share/ament_index/resource_index/package_run_dependencies/vrx_gazebo
[1.278s] -- Up-to-date: /home/user/data/drones_ship_ws/install/vrx_gazebo/share/ament_index/resource_index/parent_prefix_path/vrx_gazebo
[1.280s] -- Up-to-date: /home/user/data/drones_ship_ws/install/vrx_gazebo/share/vrx_gazebo/environment/ament_prefix_path.sh
[1.280s] -- Up-to-date: /home/user/data/drones_ship_ws/install/vrx_gazebo/share/vrx_gazebo/environment/ament_prefix_path.dsv
[1.282s] -- Up-to-date: /home/user/data/drones_ship_ws/install/vrx_gazebo/share/vrx_gazebo/environment/path.sh
[1.287s] -- Up-to-date: /home/user/data/drones_ship_ws/install/vrx_gazebo/share/vrx_gazebo/environment/path.dsv
[1.288s] -- Up-to-date: /home/user/data/drones_ship_ws/install/vrx_gazebo/share/vrx_gazebo/local_setup.bash
[1.289s] -- Up-to-date: /home/user/data/drones_ship_ws/install/vrx_gazebo/share/vrx_gazebo/local_setup.sh
[1.289s] -- Up-to-date: /home/user/data/drones_ship_ws/install/vrx_gazebo/share/vrx_gazebo/local_setup.zsh
[1.290s] -- Up-to-date: /home/user/data/drones_ship_ws/install/vrx_gazebo/share/vrx_gazebo/local_setup.dsv
[1.291s] -- Installing: /home/user/data/drones_ship_ws/install/vrx_gazebo/share/vrx_gazebo/package.dsv
[1.291s] -- Up-to-date: /home/user/data/drones_ship_ws/install/vrx_gazebo/share/ament_index/resource_index/packages/vrx_gazebo
[1.292s] -- Up-to-date: /home/user/data/drones_ship_ws/install/vrx_gazebo/share/vrx_gazebo/cmake/vrx_gazeboConfig.cmake
[1.293s] -- Up-to-date: /home/user/data/drones_ship_ws/install/vrx_gazebo/share/vrx_gazebo/cmake/vrx_gazeboConfig-version.cmake
[1.293s] -- Up-to-date: /home/user/data/drones_ship_ws/install/vrx_gazebo/share/vrx_gazebo/package.xml
[1.294s] Invoked command in '/home/user/data/drones_ship_ws/build/vrx_gazebo' returned '0': CMAKE_PREFIX_PATH=${CMAKE_PREFIX_PATH}:/home/user/data/drones_ship_ws/install/ros_gz_crazyflie_control:/opt/ros/jazzy DEBUGINFOD_URLS=https://debuginfod.ubuntu.com /usr/bin/cmake --install /home/user/data/drones_ship_ws/build/vrx_gazebo
