[0.053s] Invoking command in '/home/user/data/drones_ship_ws/build/vrx_gazebo': CMAKE_PREFIX_PATH=${CMAKE_PREFIX_PATH}:/home/user/data/drones_ship_ws/install/ros_gz_crazyflie_control:/home/user/data/drones_ship_ws/install/multi_drone_traj_replay:/opt/ros/jazzy DEBUGINFOD_URLS=https://debuginfod.ubuntu.com /usr/bin/cmake /home/user/data/drones_ship_ws/src/vrx/vrx_urdf/vrx_gazebo -DCMAKE_INSTALL_PREFIX=/home/user/data/drones_ship_ws/install/vrx_gazebo
[0.120s] -- The C compiler identification is GNU 13.3.0
[0.191s] -- The CXX compiler identification is GNU 13.3.0
[0.216s] -- Detecting C compiler ABI info
[0.328s] -- Detecting C compiler ABI info - done
[0.340s] -- Check for working C compiler: /usr/lib/ccache/cc - skipped
[0.340s] -- Detecting C compile features
[0.341s] -- Detecting C compile features - done
[0.352s] -- Detecting CXX compiler ABI info
[0.446s] -- Detecting CXX compiler ABI info - done
[0.459s] -- Check for working CXX compiler: /usr/lib/ccache/c++ - skipped
[0.459s] -- Detecting CXX compile features
[0.459s] -- Detecting CXX compile features - done
[0.470s] -- Found ament_cmake: 2.5.4 (/opt/ros/jazzy/share/ament_cmake/cmake)
[0.671s] -- Found Python3: /usr/bin/python3 (found version "3.12.3") found components: Interpreter 
[1.010s] -- Configuring done (0.9s)
[1.016s] -- Generating done (0.0s)
[1.019s] -- Build files have been written to: /home/user/data/drones_ship_ws/build/vrx_gazebo
[1.024s] Invoked command in '/home/user/data/drones_ship_ws/build/vrx_gazebo' returned '0': CMAKE_PREFIX_PATH=${CMAKE_PREFIX_PATH}:/home/user/data/drones_ship_ws/install/ros_gz_crazyflie_control:/home/user/data/drones_ship_ws/install/multi_drone_traj_replay:/opt/ros/jazzy DEBUGINFOD_URLS=https://debuginfod.ubuntu.com /usr/bin/cmake /home/user/data/drones_ship_ws/src/vrx/vrx_urdf/vrx_gazebo -DCMAKE_INSTALL_PREFIX=/home/user/data/drones_ship_ws/install/vrx_gazebo
[1.025s] Invoking command in '/home/user/data/drones_ship_ws/build/vrx_gazebo': CMAKE_PREFIX_PATH=${CMAKE_PREFIX_PATH}:/home/user/data/drones_ship_ws/install/ros_gz_crazyflie_control:/home/user/data/drones_ship_ws/install/multi_drone_traj_replay:/opt/ros/jazzy DEBUGINFOD_URLS=https://debuginfod.ubuntu.com /usr/bin/cmake --build /home/user/data/drones_ship_ws/build/vrx_gazebo -- -j20 -l20
[1.127s] Built target ament_cmake_python_copy_vrx_gazebo
[1.512s] running egg_info
[1.554s] creating vrx_gazebo.egg-info
[1.554s] writing vrx_gazebo.egg-info/PKG-INFO
[1.554s] writing dependency_links to vrx_gazebo.egg-info/dependency_links.txt
[1.554s] writing top-level names to vrx_gazebo.egg-info/top_level.txt
[1.554s] writing manifest file 'vrx_gazebo.egg-info/SOURCES.txt'
[1.679s] reading manifest file 'vrx_gazebo.egg-info/SOURCES.txt'
[1.681s] writing manifest file 'vrx_gazebo.egg-info/SOURCES.txt'
[1.723s] Built target ament_cmake_python_build_vrx_gazebo_egg
[1.743s] Invoked command in '/home/user/data/drones_ship_ws/build/vrx_gazebo' returned '0': CMAKE_PREFIX_PATH=${CMAKE_PREFIX_PATH}:/home/user/data/drones_ship_ws/install/ros_gz_crazyflie_control:/home/user/data/drones_ship_ws/install/multi_drone_traj_replay:/opt/ros/jazzy DEBUGINFOD_URLS=https://debuginfod.ubuntu.com /usr/bin/cmake --build /home/user/data/drones_ship_ws/build/vrx_gazebo -- -j20 -l20
[1.744s] Invoking command in '/home/user/data/drones_ship_ws/build/vrx_gazebo': CMAKE_PREFIX_PATH=${CMAKE_PREFIX_PATH}:/home/user/data/drones_ship_ws/install/ros_gz_crazyflie_control:/home/user/data/drones_ship_ws/install/multi_drone_traj_replay:/opt/ros/jazzy DEBUGINFOD_URLS=https://debuginfod.ubuntu.com /usr/bin/cmake --install /home/user/data/drones_ship_ws/build/vrx_gazebo
[1.757s] -- Install configuration: ""
[1.757s] -- Installing: /home/user/data/drones_ship_ws/install/vrx_gazebo/share/vrx_gazebo/environment/resource_paths.dsv
[1.757s] -- Installing: /home/user/data/drones_ship_ws/install/vrx_gazebo/share/vrx_gazebo/environment/resource_paths.sh
[1.757s] -- Installing: /home/user/data/drones_ship_ws/install/vrx_gazebo/share/vrx_gazebo/models
[1.757s] -- Installing: /home/user/data/drones_ship_ws/install/vrx_gazebo/share/vrx_gazebo/models/blue_projectile
[1.757s] -- Installing: /home/user/data/drones_ship_ws/install/vrx_gazebo/share/vrx_gazebo/models/blue_projectile/model.sdf
[1.757s] -- Installing: /home/user/data/drones_ship_ws/install/vrx_gazebo/share/vrx_gazebo/models/blue_projectile/model.config
[1.758s] -- Installing: /home/user/data/drones_ship_ws/install/vrx_gazebo/share/vrx_gazebo/models/ball_shooter
[1.758s] -- Installing: /home/user/data/drones_ship_ws/install/vrx_gazebo/share/vrx_gazebo/models/ball_shooter/materials
[1.758s] -- Installing: /home/user/data/drones_ship_ws/install/vrx_gazebo/share/vrx_gazebo/models/ball_shooter/materials/Textures
[1.758s] -- Installing: /home/user/data/drones_ship_ws/install/vrx_gazebo/share/vrx_gazebo/models/ball_shooter/materials/Textures/Launcher_Metalness.png
[1.758s] -- Installing: /home/user/data/drones_ship_ws/install/vrx_gazebo/share/vrx_gazebo/models/ball_shooter/materials/Textures/Launcher_Roughness.png
[1.758s] -- Installing: /home/user/data/drones_ship_ws/install/vrx_gazebo/share/vrx_gazebo/models/ball_shooter/materials/Textures/Launcher_Normal.png
[1.758s] -- Installing: /home/user/data/drones_ship_ws/install/vrx_gazebo/share/vrx_gazebo/models/ball_shooter/materials/Textures/Launcher_Albedo.png
[1.758s] -- Installing: /home/user/data/drones_ship_ws/install/vrx_gazebo/share/vrx_gazebo/models/ball_shooter/model.sdf
[1.759s] -- Installing: /home/user/data/drones_ship_ws/install/vrx_gazebo/share/vrx_gazebo/models/ball_shooter/meshes
[1.759s] -- Installing: /home/user/data/drones_ship_ws/install/vrx_gazebo/share/vrx_gazebo/models/ball_shooter/meshes/ball_shooter_launcher.dae
[1.759s] -- Installing: /home/user/data/drones_ship_ws/install/vrx_gazebo/share/vrx_gazebo/models/ball_shooter/meshes/ball_shooter_base.dae
[1.759s] -- Installing: /home/user/data/drones_ship_ws/install/vrx_gazebo/share/vrx_gazebo/models/ball_shooter/meshes/Launcher_BaseColor.png
[1.760s] -- Installing: /home/user/data/drones_ship_ws/install/vrx_gazebo/share/vrx_gazebo/models/ball_shooter/meshes/Launcher_Albedo.png
[1.760s] -- Installing: /home/user/data/drones_ship_ws/install/vrx_gazebo/share/vrx_gazebo/models/ball_shooter/model.config
[1.761s] -- Installing: /home/user/data/drones_ship_ws/install/vrx_gazebo/share/vrx_gazebo/models/sensor_post
[1.761s] -- Installing: /home/user/data/drones_ship_ws/install/vrx_gazebo/share/vrx_gazebo/models/sensor_post/mesh
[1.761s] -- Installing: /home/user/data/drones_ship_ws/install/vrx_gazebo/share/vrx_gazebo/models/sensor_post/mesh/sensor_post_arm.dae
[1.761s] -- Installing: /home/user/data/drones_ship_ws/install/vrx_gazebo/share/vrx_gazebo/models/sensor_post/mesh/sensor_post.dae
[1.761s] -- Installing: /home/user/data/drones_ship_ws/install/vrx_gazebo/share/vrx_gazebo/models/sensor_post/mesh/sensor_post.png
[1.761s] -- Installing: /home/user/data/drones_ship_ws/install/vrx_gazebo/share/vrx_gazebo/models/sensor_post/model.sdf
[1.761s] -- Installing: /home/user/data/drones_ship_ws/install/vrx_gazebo/share/vrx_gazebo/models/sensor_post/model.config
[1.761s] -- Installing: /home/user/data/drones_ship_ws/install/vrx_gazebo/share/vrx_gazebo/models/mono_camera
[1.761s] -- Installing: /home/user/data/drones_ship_ws/install/vrx_gazebo/share/vrx_gazebo/models/mono_camera/mesh
[1.762s] -- Installing: /home/user/data/drones_ship_ws/install/vrx_gazebo/share/vrx_gazebo/models/mono_camera/mesh/mono_camera_Roughness.png
[1.762s] -- Installing: /home/user/data/drones_ship_ws/install/vrx_gazebo/share/vrx_gazebo/models/mono_camera/mesh/mono_camera_Metalness.png
[1.762s] -- Installing: /home/user/data/drones_ship_ws/install/vrx_gazebo/share/vrx_gazebo/models/mono_camera/mesh/mono_camera_Normal.png
[1.762s] -- Installing: /home/user/data/drones_ship_ws/install/vrx_gazebo/share/vrx_gazebo/models/mono_camera/mesh/mono_camera_Albedo.png
[1.762s] -- Installing: /home/user/data/drones_ship_ws/install/vrx_gazebo/share/vrx_gazebo/models/mono_camera/mesh/mono_camera.png
[1.762s] -- Installing: /home/user/data/drones_ship_ws/install/vrx_gazebo/share/vrx_gazebo/models/mono_camera/mesh/mono_camera.dae
[1.762s] -- Installing: /home/user/data/drones_ship_ws/install/vrx_gazebo/share/vrx_gazebo/models/mono_camera/model.sdf
[1.762s] -- Installing: /home/user/data/drones_ship_ws/install/vrx_gazebo/share/vrx_gazebo/models/mono_camera/model.config
[1.763s] -- Installing: /home/user/data/drones_ship_ws/install/vrx_gazebo/share/vrx_gazebo/models/3d_lidar
[1.763s] -- Installing: /home/user/data/drones_ship_ws/install/vrx_gazebo/share/vrx_gazebo/models/3d_lidar/mesh
[1.763s] -- Installing: /home/user/data/drones_ship_ws/install/vrx_gazebo/share/vrx_gazebo/models/3d_lidar/mesh/3d_lidar.png
[1.763s] -- Installing: /home/user/data/drones_ship_ws/install/vrx_gazebo/share/vrx_gazebo/models/3d_lidar/mesh/3d_Lidar_Albedo.png
[1.764s] -- Installing: /home/user/data/drones_ship_ws/install/vrx_gazebo/share/vrx_gazebo/models/3d_lidar/mesh/3d_lidar.dae
[1.764s] -- Installing: /home/user/data/drones_ship_ws/install/vrx_gazebo/share/vrx_gazebo/models/3d_lidar/mesh/3d_Lidar_Metalness.png
[1.764s] -- Installing: /home/user/data/drones_ship_ws/install/vrx_gazebo/share/vrx_gazebo/models/3d_lidar/mesh/3d_Lidar_Normal.png
[1.764s] -- Installing: /home/user/data/drones_ship_ws/install/vrx_gazebo/share/vrx_gazebo/models/3d_lidar/mesh/3d_Lidar_Roughness.png
[1.764s] -- Installing: /home/user/data/drones_ship_ws/install/vrx_gazebo/share/vrx_gazebo/models/3d_lidar/model.sdf
[1.764s] -- Installing: /home/user/data/drones_ship_ws/install/vrx_gazebo/share/vrx_gazebo/models/3d_lidar/model.config
[1.765s] -- Installing: /home/user/data/drones_ship_ws/install/vrx_gazebo/share/vrx_gazebo/models/cpu_cases
[1.765s] -- Installing: /home/user/data/drones_ship_ws/install/vrx_gazebo/share/vrx_gazebo/models/cpu_cases/mesh
[1.765s] -- Installing: /home/user/data/drones_ship_ws/install/vrx_gazebo/share/vrx_gazebo/models/cpu_cases/mesh/cpu_cases_Albedo.png
[1.768s] -- Installing: /home/user/data/drones_ship_ws/install/vrx_gazebo/share/vrx_gazebo/models/cpu_cases/mesh/cpu_cases_Roughness.png
[1.769s] -- Installing: /home/user/data/drones_ship_ws/install/vrx_gazebo/share/vrx_gazebo/models/cpu_cases/mesh/cpu_cases_Metalness.png
[1.769s] -- Installing: /home/user/data/drones_ship_ws/install/vrx_gazebo/share/vrx_gazebo/models/cpu_cases/mesh/cpu_cases.png
[1.773s] -- Installing: /home/user/data/drones_ship_ws/install/vrx_gazebo/share/vrx_gazebo/models/cpu_cases/mesh/cpu_cases_Normal.png
[1.776s] -- Installing: /home/user/data/drones_ship_ws/install/vrx_gazebo/share/vrx_gazebo/models/cpu_cases/mesh/cpu_cases.dae
[1.777s] -- Installing: /home/user/data/drones_ship_ws/install/vrx_gazebo/share/vrx_gazebo/models/cpu_cases/model.sdf
[1.777s] -- Installing: /home/user/data/drones_ship_ws/install/vrx_gazebo/share/vrx_gazebo/models/cpu_cases/model.config
[1.777s] -- Installing: /home/user/data/drones_ship_ws/install/vrx_gazebo/share/vrx_gazebo/models/battery
[1.777s] -- Installing: /home/user/data/drones_ship_ws/install/vrx_gazebo/share/vrx_gazebo/models/battery/mesh
[1.777s] -- Installing: /home/user/data/drones_ship_ws/install/vrx_gazebo/share/vrx_gazebo/models/battery/mesh/battery_Normal.png
[1.781s] -- Installing: /home/user/data/drones_ship_ws/install/vrx_gazebo/share/vrx_gazebo/models/battery/mesh/battery_Metalness.png
[1.781s] -- Installing: /home/user/data/drones_ship_ws/install/vrx_gazebo/share/vrx_gazebo/models/battery/mesh/battery.dae
[1.781s] -- Installing: /home/user/data/drones_ship_ws/install/vrx_gazebo/share/vrx_gazebo/models/battery/mesh/battery_Albedo.png
[1.784s] -- Installing: /home/user/data/drones_ship_ws/install/vrx_gazebo/share/vrx_gazebo/models/battery/mesh/battery_Roughness.png
[1.785s] -- Installing: /home/user/data/drones_ship_ws/install/vrx_gazebo/share/vrx_gazebo/models/battery/mesh/battery.png
[1.789s] -- Installing: /home/user/data/drones_ship_ws/install/vrx_gazebo/share/vrx_gazebo/models/battery/model.sdf
[1.789s] -- Installing: /home/user/data/drones_ship_ws/install/vrx_gazebo/share/vrx_gazebo/models/battery/model.config
[1.789s] -- Installing: /home/user/data/drones_ship_ws/install/vrx_gazebo/share/vrx_gazebo/launch
[1.789s] -- Installing: /home/user/data/drones_ship_ws/install/vrx_gazebo/share/vrx_gazebo/launch/generate_wamv.launch.py
[1.790s] -- Installing: /home/user/data/drones_ship_ws/install/vrx_gazebo/share/vrx_gazebo/launch/rviz.launch.py
[1.790s] -- Installing: /home/user/data/drones_ship_ws/install/vrx_gazebo/share/vrx_gazebo/config
[1.790s] -- Installing: /home/user/data/drones_ship_ws/install/vrx_gazebo/share/vrx_gazebo/config/rviz_vrx_final.rviz
[1.790s] -- Installing: /home/user/data/drones_ship_ws/install/vrx_gazebo/share/vrx_gazebo/config/rviz_vrx_rsp.rviz
[1.790s] -- Installing: /home/user/data/drones_ship_ws/install/vrx_gazebo/share/vrx_gazebo/config/wamv_config
[1.790s] -- Installing: /home/user/data/drones_ship_ws/install/vrx_gazebo/share/vrx_gazebo/config/wamv_config/thruster_compliance
[1.790s] -- Installing: /home/user/data/drones_ship_ws/install/vrx_gazebo/share/vrx_gazebo/config/wamv_config/thruster_compliance/bounding_boxes.yaml
[1.790s] -- Installing: /home/user/data/drones_ship_ws/install/vrx_gazebo/share/vrx_gazebo/config/wamv_config/thruster_compliance/numeric.yaml
[1.790s] -- Installing: /home/user/data/drones_ship_ws/install/vrx_gazebo/share/vrx_gazebo/config/wamv_config/component_compliance
[1.790s] -- Installing: /home/user/data/drones_ship_ws/install/vrx_gazebo/share/vrx_gazebo/config/wamv_config/component_compliance/bounding_boxes.yaml
[1.791s] -- Installing: /home/user/data/drones_ship_ws/install/vrx_gazebo/share/vrx_gazebo/config/wamv_config/component_compliance/numeric.yaml
[1.791s] -- Installing: /home/user/data/drones_ship_ws/install/vrx_gazebo/share/vrx_gazebo/config/wamv_config/example_component_config.yaml
[1.791s] -- Installing: /home/user/data/drones_ship_ws/install/vrx_gazebo/share/vrx_gazebo/config/wamv_config/example_thruster_config.yaml
[1.791s] -- Installing: /home/user/data/drones_ship_ws/install/vrx_gazebo/lib/vrx_gazebo/generate_wamv.py
[1.791s] -- Installing: /home/user/data/drones_ship_ws/install/vrx_gazebo/share/vrx_gazebo/environment/pythonpath.sh
[1.791s] -- Installing: /home/user/data/drones_ship_ws/install/vrx_gazebo/share/vrx_gazebo/environment/pythonpath.dsv
[1.791s] -- Installing: /home/user/data/drones_ship_ws/install/vrx_gazebo/lib/python3.12/site-packages/vrx_gazebo-1.3.0-py3.12.egg-info
[1.792s] -- Installing: /home/user/data/drones_ship_ws/install/vrx_gazebo/lib/python3.12/site-packages/vrx_gazebo-1.3.0-py3.12.egg-info/SOURCES.txt
[1.792s] -- Installing: /home/user/data/drones_ship_ws/install/vrx_gazebo/lib/python3.12/site-packages/vrx_gazebo-1.3.0-py3.12.egg-info/dependency_links.txt
[1.792s] -- Installing: /home/user/data/drones_ship_ws/install/vrx_gazebo/lib/python3.12/site-packages/vrx_gazebo-1.3.0-py3.12.egg-info/top_level.txt
[1.792s] -- Installing: /home/user/data/drones_ship_ws/install/vrx_gazebo/lib/python3.12/site-packages/vrx_gazebo-1.3.0-py3.12.egg-info/PKG-INFO
[1.792s] -- Installing: /home/user/data/drones_ship_ws/install/vrx_gazebo/lib/python3.12/site-packages/vrx_gazebo
[1.792s] -- Installing: /home/user/data/drones_ship_ws/install/vrx_gazebo/lib/python3.12/site-packages/vrx_gazebo/configure_wamv.py
[1.792s] -- Installing: /home/user/data/drones_ship_ws/install/vrx_gazebo/lib/python3.12/site-packages/vrx_gazebo/compliance.py
[1.792s] -- Installing: /home/user/data/drones_ship_ws/install/vrx_gazebo/lib/python3.12/site-packages/vrx_gazebo/__init__.py
[1.792s] -- Installing: /home/user/data/drones_ship_ws/install/vrx_gazebo/lib/python3.12/site-packages/vrx_gazebo/utils.py
[1.835s] Listing '/home/user/data/drones_ship_ws/install/vrx_gazebo/lib/python3.12/site-packages/vrx_gazebo'...
[1.835s] Compiling '/home/user/data/drones_ship_ws/install/vrx_gazebo/lib/python3.12/site-packages/vrx_gazebo/__init__.py'...
[1.835s] Compiling '/home/user/data/drones_ship_ws/install/vrx_gazebo/lib/python3.12/site-packages/vrx_gazebo/compliance.py'...
[1.835s] Compiling '/home/user/data/drones_ship_ws/install/vrx_gazebo/lib/python3.12/site-packages/vrx_gazebo/configure_wamv.py'...
[1.835s] Compiling '/home/user/data/drones_ship_ws/install/vrx_gazebo/lib/python3.12/site-packages/vrx_gazebo/utils.py'...
[1.841s] -- Installing: /home/user/data/drones_ship_ws/install/vrx_gazebo/share/ament_index/resource_index/package_run_dependencies/vrx_gazebo
[1.841s] -- Installing: /home/user/data/drones_ship_ws/install/vrx_gazebo/share/ament_index/resource_index/parent_prefix_path/vrx_gazebo
[1.842s] -- Installing: /home/user/data/drones_ship_ws/install/vrx_gazebo/share/vrx_gazebo/environment/ament_prefix_path.sh
[1.842s] -- Installing: /home/user/data/drones_ship_ws/install/vrx_gazebo/share/vrx_gazebo/environment/ament_prefix_path.dsv
[1.842s] -- Installing: /home/user/data/drones_ship_ws/install/vrx_gazebo/share/vrx_gazebo/environment/path.sh
[1.842s] -- Installing: /home/user/data/drones_ship_ws/install/vrx_gazebo/share/vrx_gazebo/environment/path.dsv
[1.842s] -- Installing: /home/user/data/drones_ship_ws/install/vrx_gazebo/share/vrx_gazebo/local_setup.bash
[1.842s] -- Installing: /home/user/data/drones_ship_ws/install/vrx_gazebo/share/vrx_gazebo/local_setup.sh
[1.842s] -- Installing: /home/user/data/drones_ship_ws/install/vrx_gazebo/share/vrx_gazebo/local_setup.zsh
[1.842s] -- Installing: /home/user/data/drones_ship_ws/install/vrx_gazebo/share/vrx_gazebo/local_setup.dsv
[1.843s] -- Installing: /home/user/data/drones_ship_ws/install/vrx_gazebo/share/vrx_gazebo/package.dsv
[1.843s] -- Installing: /home/user/data/drones_ship_ws/install/vrx_gazebo/share/ament_index/resource_index/packages/vrx_gazebo
[1.843s] -- Installing: /home/user/data/drones_ship_ws/install/vrx_gazebo/share/vrx_gazebo/cmake/vrx_gazeboConfig.cmake
[1.843s] -- Installing: /home/user/data/drones_ship_ws/install/vrx_gazebo/share/vrx_gazebo/cmake/vrx_gazeboConfig-version.cmake
[1.843s] -- Installing: /home/user/data/drones_ship_ws/install/vrx_gazebo/share/vrx_gazebo/package.xml
[1.845s] Invoked command in '/home/user/data/drones_ship_ws/build/vrx_gazebo' returned '0': CMAKE_PREFIX_PATH=${CMAKE_PREFIX_PATH}:/home/user/data/drones_ship_ws/install/ros_gz_crazyflie_control:/home/user/data/drones_ship_ws/install/multi_drone_traj_replay:/opt/ros/jazzy DEBUGINFOD_URLS=https://debuginfod.ubuntu.com /usr/bin/cmake --install /home/user/data/drones_ship_ws/build/vrx_gazebo
