[0.040s] Invoking command in '/home/user/data/drones_ship_ws/build/crazyflie_ekf': CMAKE_PREFIX_PATH=${CMAKE_PREFIX_PATH}:/home/user/data/drones_ship_ws/install/ros_gz_crazyflie_control:/opt/ros/jazzy DEBUGINFOD_URLS=https://debuginfod.ubuntu.com /usr/bin/cmake /home/user/data/drones_ship_ws/src/drone_ship/crazyflie_ekf -DCMAKE_INSTALL_PREFIX=/home/user/data/drones_ship_ws/install/crazyflie_ekf
[0.147s] -- The C compiler identification is GNU 13.3.0
[0.247s] -- The CXX compiler identification is GNU 13.3.0
[0.271s] -- Detecting C compiler ABI info
[0.369s] -- Detecting C compiler ABI info - done
[0.382s] -- Check for working C compiler: /usr/lib/ccache/cc - skipped
[0.382s] -- Detecting C compile features
[0.383s] -- Detecting C compile features - done
[0.396s] -- Detecting CXX compiler ABI info
[0.510s] -- Detecting CXX compiler ABI info - done
[0.521s] -- Check for working CXX compiler: /usr/lib/ccache/c++ - skipped
[0.521s] -- Detecting CXX compile features
[0.522s] -- Detecting CXX compile features - done
[0.530s] -- Found ament_cmake: 2.5.4 (/opt/ros/jazzy/share/ament_cmake/cmake)
[0.716s] -- Found Python3: /usr/bin/python3 (found version "3.12.3") found components: Interpreter 
[0.846s] -- Found rclcpp: 28.1.11 (/opt/ros/jazzy/share/rclcpp/cmake)
[0.933s] -- Found rosidl_generator_c: 4.6.6 (/opt/ros/jazzy/share/rosidl_generator_c/cmake)
[0.975s] -- Found rosidl_generator_cpp: 4.6.6 (/opt/ros/jazzy/share/rosidl_generator_cpp/cmake)
[1.021s] -- Using all available rosidl_typesupport_c: rosidl_typesupport_fastrtps_c;rosidl_typesupport_introspection_c
[1.064s] -- Using all available rosidl_typesupport_cpp: rosidl_typesupport_fastrtps_cpp;rosidl_typesupport_introspection_cpp
[1.255s] -- Found rmw_implementation_cmake: 7.3.2 (/opt/ros/jazzy/share/rmw_implementation_cmake/cmake)
[1.267s] -- Found rmw_fastrtps_cpp: 8.4.3 (/opt/ros/jazzy/share/rmw_fastrtps_cpp/cmake)
[1.413s] -- Found OpenSSL: /usr/lib/x86_64-linux-gnu/libcrypto.so (found version "3.0.13")  
[1.448s] -- Found FastRTPS: /opt/ros/jazzy/include (Required is at least version "2.13") 
[1.473s] -- Using RMW implementation 'rmw_fastrtps_cpp' as default
[1.605s] -- Found sensor_msgs: 5.3.6 (/opt/ros/jazzy/share/sensor_msgs/cmake)
[1.690s] -- Found nav_msgs: 5.3.6 (/opt/ros/jazzy/share/nav_msgs/cmake)
[1.746s] -- Found tf2: 0.36.14 (/opt/ros/jazzy/share/tf2/cmake)
[1.764s] -- Found tf2_ros: 0.36.14 (/opt/ros/jazzy/share/tf2_ros/cmake)
[2.001s] -- Found tf2_geometry_msgs: 0.36.14 (/opt/ros/jazzy/share/tf2_geometry_msgs/cmake)
[2.044s] -- Found eigen3_cmake_module: 0.3.0 (/opt/ros/jazzy/share/eigen3_cmake_module/cmake)
[2.046s] -- Found Eigen3: TRUE (found version "3.4.0") 
[2.046s] -- Ensuring Eigen3 include directory is part of orocos-kdl CMake target
[2.066s] -- Found ament_lint_auto: 0.17.3 (/opt/ros/jazzy/share/ament_lint_auto/cmake)
[2.259s] -- Added test 'cppcheck' to perform static code analysis on C / C++ code
[2.260s] -- Configured cppcheck include dirs: $<BUILD_INTERFACE:/home/user/data/drones_ship_ws/src/drone_ship/crazyflie_ekf/include>
[2.260s] -- Configured cppcheck exclude dirs and/or files: 
[2.261s] -- Added test 'flake8' to check Python code syntax and style conventions
[2.261s] -- Configured 'flake8' exclude dirs and/or files: 
[2.263s] -- Added test 'lint_cmake' to check CMake code style
[2.264s] -- Added test 'pep257' to check Python code against some of the docstring style conventions in PEP 257
[2.267s] -- Added test 'uncrustify' to check C / C++ code style
[2.267s] -- Configured uncrustify additional arguments: 
[2.268s] -- Added test 'xmllint' to check XML markup files
[2.271s] -- Configuring done (2.2s)
[2.294s] -- Generating done (0.0s)
[2.301s] -- Build files have been written to: /home/user/data/drones_ship_ws/build/crazyflie_ekf
[2.312s] Invoked command in '/home/user/data/drones_ship_ws/build/crazyflie_ekf' returned '0': CMAKE_PREFIX_PATH=${CMAKE_PREFIX_PATH}:/home/user/data/drones_ship_ws/install/ros_gz_crazyflie_control:/opt/ros/jazzy DEBUGINFOD_URLS=https://debuginfod.ubuntu.com /usr/bin/cmake /home/user/data/drones_ship_ws/src/drone_ship/crazyflie_ekf -DCMAKE_INSTALL_PREFIX=/home/user/data/drones_ship_ws/install/crazyflie_ekf
[2.314s] Invoking command in '/home/user/data/drones_ship_ws/build/crazyflie_ekf': CMAKE_PREFIX_PATH=${CMAKE_PREFIX_PATH}:/home/user/data/drones_ship_ws/install/ros_gz_crazyflie_control:/opt/ros/jazzy DEBUGINFOD_URLS=https://debuginfod.ubuntu.com /usr/bin/cmake --build /home/user/data/drones_ship_ws/build/crazyflie_ekf -- -j20 -l20
[2.406s] [ 16%] [32mBuilding CXX object CMakeFiles/gps2enu.dir/src/gps2enu.cpp.o[0m
[2.468s] [ 33%] [32m[1mLinking CXX static library libgps2enu.a[0m
[2.654s] [ 33%] Built target gps2enu
[2.691s] [ 50%] [32mBuilding CXX object CMakeFiles/crazyflie_ekf_node.dir/src/main.cpp.o[0m
[2.691s] [ 66%] [32mBuilding CXX object CMakeFiles/crazyflie_ekf_node.dir/src/gps2enu.cpp.o[0m
[2.693s] [ 83%] [32mBuilding CXX object CMakeFiles/crazyflie_ekf_node.dir/src/crazyflie_ekf.cpp.o[0m
[20.493s] [100%] [32m[1mLinking CXX executable crazyflie_ekf_node[0m
[21.080s] [100%] Built target crazyflie_ekf_node
[21.101s] Invoked command in '/home/user/data/drones_ship_ws/build/crazyflie_ekf' returned '0': CMAKE_PREFIX_PATH=${CMAKE_PREFIX_PATH}:/home/user/data/drones_ship_ws/install/ros_gz_crazyflie_control:/opt/ros/jazzy DEBUGINFOD_URLS=https://debuginfod.ubuntu.com /usr/bin/cmake --build /home/user/data/drones_ship_ws/build/crazyflie_ekf -- -j20 -l20
[21.102s] Invoking command in '/home/user/data/drones_ship_ws/build/crazyflie_ekf': CMAKE_PREFIX_PATH=${CMAKE_PREFIX_PATH}:/home/user/data/drones_ship_ws/install/ros_gz_crazyflie_control:/opt/ros/jazzy DEBUGINFOD_URLS=https://debuginfod.ubuntu.com /usr/bin/cmake --install /home/user/data/drones_ship_ws/build/crazyflie_ekf
[21.121s] -- Install configuration: ""
[21.121s] -- Installing: /home/user/data/drones_ship_ws/install/crazyflie_ekf/lib/crazyflie_ekf/crazyflie_ekf_node
[21.130s] -- Set non-toolchain portion of runtime path of "/home/user/data/drones_ship_ws/install/crazyflie_ekf/lib/crazyflie_ekf/crazyflie_ekf_node" to ""
[21.130s] -- Installing: /home/user/data/drones_ship_ws/install/crazyflie_ekf/include/
[21.130s] -- Installing: /home/user/data/drones_ship_ws/install/crazyflie_ekf/include//crazyflie_ekf
[21.130s] -- Installing: /home/user/data/drones_ship_ws/install/crazyflie_ekf/include//crazyflie_ekf/gps2enu.hpp
[21.131s] -- Installing: /home/user/data/drones_ship_ws/install/crazyflie_ekf/include//crazyflie_ekf/crazyflie_ekf.hpp
[21.131s] -- Installing: /home/user/data/drones_ship_ws/install/crazyflie_ekf/share/crazyflie_ekf//launch
[21.131s] -- Installing: /home/user/data/drones_ship_ws/install/crazyflie_ekf/share/crazyflie_ekf//launch/all_drones_ekf.launch.py
[21.131s] -- Installing: /home/user/data/drones_ship_ws/install/crazyflie_ekf/share/crazyflie_ekf//launch/drone_ekf.launch.py
[21.132s] -- Installing: /home/user/data/drones_ship_ws/install/crazyflie_ekf/share/crazyflie_ekf//launch/crazyflie_ekf.launch.py
[21.132s] -- Installing: /home/user/data/drones_ship_ws/install/crazyflie_ekf/share/crazyflie_ekf/config
[21.132s] -- Installing: /home/user/data/drones_ship_ws/install/crazyflie_ekf/share/crazyflie_ekf/config/drone_ekf.yaml
[21.133s] -- Installing: /home/user/data/drones_ship_ws/install/crazyflie_ekf/share/crazyflie_ekf/config/crazyflie_ekf.yaml
[21.133s] -- Installing: /home/user/data/drones_ship_ws/install/crazyflie_ekf/share/ament_index/resource_index/package_run_dependencies/crazyflie_ekf
[21.134s] -- Installing: /home/user/data/drones_ship_ws/install/crazyflie_ekf/share/ament_index/resource_index/parent_prefix_path/crazyflie_ekf
[21.134s] -- Installing: /home/user/data/drones_ship_ws/install/crazyflie_ekf/share/crazyflie_ekf/environment/ament_prefix_path.sh
[21.134s] -- Installing: /home/user/data/drones_ship_ws/install/crazyflie_ekf/share/crazyflie_ekf/environment/ament_prefix_path.dsv
[21.134s] -- Installing: /home/user/data/drones_ship_ws/install/crazyflie_ekf/share/crazyflie_ekf/environment/path.sh
[21.135s] -- Installing: /home/user/data/drones_ship_ws/install/crazyflie_ekf/share/crazyflie_ekf/environment/path.dsv
[21.135s] -- Installing: /home/user/data/drones_ship_ws/install/crazyflie_ekf/share/crazyflie_ekf/local_setup.bash
[21.135s] -- Installing: /home/user/data/drones_ship_ws/install/crazyflie_ekf/share/crazyflie_ekf/local_setup.sh
[21.135s] -- Installing: /home/user/data/drones_ship_ws/install/crazyflie_ekf/share/crazyflie_ekf/local_setup.zsh
[21.135s] -- Installing: /home/user/data/drones_ship_ws/install/crazyflie_ekf/share/crazyflie_ekf/local_setup.dsv
[21.136s] -- Installing: /home/user/data/drones_ship_ws/install/crazyflie_ekf/share/crazyflie_ekf/package.dsv
[21.136s] -- Installing: /home/user/data/drones_ship_ws/install/crazyflie_ekf/share/ament_index/resource_index/packages/crazyflie_ekf
[21.136s] -- Installing: /home/user/data/drones_ship_ws/install/crazyflie_ekf/share/crazyflie_ekf/cmake/crazyflie_ekfConfig.cmake
[21.136s] -- Installing: /home/user/data/drones_ship_ws/install/crazyflie_ekf/share/crazyflie_ekf/cmake/crazyflie_ekfConfig-version.cmake
[21.136s] -- Installing: /home/user/data/drones_ship_ws/install/crazyflie_ekf/share/crazyflie_ekf/package.xml
[21.139s] Invoked command in '/home/user/data/drones_ship_ws/build/crazyflie_ekf' returned '0': CMAKE_PREFIX_PATH=${CMAKE_PREFIX_PATH}:/home/user/data/drones_ship_ws/install/ros_gz_crazyflie_control:/opt/ros/jazzy DEBUGINFOD_URLS=https://debuginfod.ubuntu.com /usr/bin/cmake --install /home/user/data/drones_ship_ws/build/crazyflie_ekf
