[0.011s] Invoking command in '/home/user/data/drones_ship_ws/build/wamv_gazebo': CMAKE_PREFIX_PATH=/home/user/data/drones_ship_ws/install/wamv_description:/home/user/data/drones_ship_ws/install/vrx_gazebo:/home/user/data/drones_ship_ws/install/wamv_gazebo:/home/user/data/drones_ship_ws/install/vrx_gz:/home/user/data/drones_ship_ws/install/vrx_ros:/home/user/data/drones_ship_ws/install/aquabot_description:/home/user/data/drones_ship_ws/install/ros_gz_crazyflie_bringup:/home/user/data/drones_ship_ws/install/ros_gz_crazyflie_gazebo:/home/user/data/drones_ship_ws/install/crazyflie_yolo:/home/user/data/drones_ship_ws/install/crazyflie_ekf:/home/user/data/drones_ship_ws/install/crazyflie_control:/home/user/data/drones_ship_ws/install/aquabot_motion:/home/user/data/drones_ship_ws/install/aquabot_gz:/home/user/data/drones_ship_ws/install/aquabot_ekf:/opt/ros/jazzy/opt/gz_sim_vendor:/opt/ros/jazzy/opt/gz_sensors_vendor:/opt/ros/jazzy/opt/gz_physics_vendor:/opt/ros/jazzy/opt/sdformat_vendor:/opt/ros/jazzy/opt/gz_gui_vendor:/opt/ros/jazzy/opt/gz_transport_vendor:/opt/ros/jazzy/opt/gz_rendering_vendor:/opt/ros/jazzy/opt/gz_plugin_vendor:/opt/ros/jazzy/opt/gz_fuel_tools_vendor:/opt/ros/jazzy/opt/gz_msgs_vendor:/opt/ros/jazzy/opt/gz_common_vendor:/opt/ros/jazzy/opt/gz_math_vendor:/opt/ros/jazzy/opt/gz_utils_vendor:/opt/ros/jazzy/opt/gz_tools_vendor:/opt/ros/jazzy/opt/gz_ogre_next_vendor:/opt/ros/jazzy/opt/gz_dartsim_vendor:/opt/ros/jazzy/opt/gz_cmake_vendor:/home/user/data/drones_ship_ws/install/ros_gz_crazyflie_control:/opt/ros/jazzy DEBUGINFOD_URLS=https://debuginfod.ubuntu.com GZ_SIM_RESOURCE_PATH=/home/user/data/drones_ship_ws/install/wamv_description/share:/home/user/data/drones_ship_ws/install/vrx_gazebo/share:${GZ_SIM_RESOURCE_PATH} PYTHONPATH=/home/user/data/drones_ship_ws/install/vrx_gazebo/lib/python3.12/site-packages:/home/user/data/drones_ship_ws/install/vrx_gz/lib/python3.12/site-packages:/home/user/data/drones_ship_ws/install/ros_gz_crazyflie_control/lib/python3.12/site-packages:/home/user/data/drones_ship_ws/install/crazyflie_yolo/lib/python3.12/site-packages:/opt/ros/jazzy/lib/python3.12/site-packages /usr/bin/cmake /home/user/data/drones_ship_ws/src/drone_ship/vrx/vrx_urdf/wamv_gazebo -DCMAKE_INSTALL_PREFIX=/home/user/data/drones_ship_ws/install/wamv_gazebo
[0.078s] -- The C compiler identification is GNU 13.3.0
[0.157s] -- The CXX compiler identification is GNU 13.3.0
[0.190s] -- Detecting C compiler ABI info
[0.289s] -- Detecting C compiler ABI info - done
[0.301s] -- Check for working C compiler: /usr/lib/ccache/cc - skipped
[0.301s] -- Detecting C compile features
[0.302s] -- Detecting C compile features - done
[0.315s] -- Detecting CXX compiler ABI info
[0.453s] -- Detecting CXX compiler ABI info - done
[0.465s] -- Check for working CXX compiler: /usr/lib/ccache/c++ - skipped
[0.466s] -- Detecting CXX compile features
[0.466s] -- Detecting CXX compile features - done
[0.478s] -- Found ament_cmake: 2.5.4 (/opt/ros/jazzy/share/ament_cmake/cmake)
[0.654s] -- Found Python3: /usr/bin/python3 (found version "3.12.3") found components: Interpreter 
[0.828s] -- Found xacro: 2.0.13 (/opt/ros/jazzy/share/xacro/cmake)
[0.829s] -- Found wamv_description: 1.3.0 (/home/user/data/drones_ship_ws/install/wamv_description/share/wamv_description/cmake)
[0.915s] -- Configuring done (0.9s)
[0.918s] -- Generating done (0.0s)
[0.920s] -- Build files have been written to: /home/user/data/drones_ship_ws/build/wamv_gazebo
[0.925s] Invoked command in '/home/user/data/drones_ship_ws/build/wamv_gazebo' returned '0': CMAKE_PREFIX_PATH=/home/user/data/drones_ship_ws/install/wamv_description:/home/user/data/drones_ship_ws/install/vrx_gazebo:/home/user/data/drones_ship_ws/install/wamv_gazebo:/home/user/data/drones_ship_ws/install/vrx_gz:/home/user/data/drones_ship_ws/install/vrx_ros:/home/user/data/drones_ship_ws/install/aquabot_description:/home/user/data/drones_ship_ws/install/ros_gz_crazyflie_bringup:/home/user/data/drones_ship_ws/install/ros_gz_crazyflie_gazebo:/home/user/data/drones_ship_ws/install/crazyflie_yolo:/home/user/data/drones_ship_ws/install/crazyflie_ekf:/home/user/data/drones_ship_ws/install/crazyflie_control:/home/user/data/drones_ship_ws/install/aquabot_motion:/home/user/data/drones_ship_ws/install/aquabot_gz:/home/user/data/drones_ship_ws/install/aquabot_ekf:/opt/ros/jazzy/opt/gz_sim_vendor:/opt/ros/jazzy/opt/gz_sensors_vendor:/opt/ros/jazzy/opt/gz_physics_vendor:/opt/ros/jazzy/opt/sdformat_vendor:/opt/ros/jazzy/opt/gz_gui_vendor:/opt/ros/jazzy/opt/gz_transport_vendor:/opt/ros/jazzy/opt/gz_rendering_vendor:/opt/ros/jazzy/opt/gz_plugin_vendor:/opt/ros/jazzy/opt/gz_fuel_tools_vendor:/opt/ros/jazzy/opt/gz_msgs_vendor:/opt/ros/jazzy/opt/gz_common_vendor:/opt/ros/jazzy/opt/gz_math_vendor:/opt/ros/jazzy/opt/gz_utils_vendor:/opt/ros/jazzy/opt/gz_tools_vendor:/opt/ros/jazzy/opt/gz_ogre_next_vendor:/opt/ros/jazzy/opt/gz_dartsim_vendor:/opt/ros/jazzy/opt/gz_cmake_vendor:/home/user/data/drones_ship_ws/install/ros_gz_crazyflie_control:/opt/ros/jazzy DEBUGINFOD_URLS=https://debuginfod.ubuntu.com GZ_SIM_RESOURCE_PATH=/home/user/data/drones_ship_ws/install/wamv_description/share:/home/user/data/drones_ship_ws/install/vrx_gazebo/share:${GZ_SIM_RESOURCE_PATH} PYTHONPATH=/home/user/data/drones_ship_ws/install/vrx_gazebo/lib/python3.12/site-packages:/home/user/data/drones_ship_ws/install/vrx_gz/lib/python3.12/site-packages:/home/user/data/drones_ship_ws/install/ros_gz_crazyflie_control/lib/python3.12/site-packages:/home/user/data/drones_ship_ws/install/crazyflie_yolo/lib/python3.12/site-packages:/opt/ros/jazzy/lib/python3.12/site-packages /usr/bin/cmake /home/user/data/drones_ship_ws/src/drone_ship/vrx/vrx_urdf/wamv_gazebo -DCMAKE_INSTALL_PREFIX=/home/user/data/drones_ship_ws/install/wamv_gazebo
[0.926s] Invoking command in '/home/user/data/drones_ship_ws/build/wamv_gazebo': CMAKE_PREFIX_PATH=/home/user/data/drones_ship_ws/install/wamv_description:/home/user/data/drones_ship_ws/install/vrx_gazebo:/home/user/data/drones_ship_ws/install/wamv_gazebo:/home/user/data/drones_ship_ws/install/vrx_gz:/home/user/data/drones_ship_ws/install/vrx_ros:/home/user/data/drones_ship_ws/install/aquabot_description:/home/user/data/drones_ship_ws/install/ros_gz_crazyflie_bringup:/home/user/data/drones_ship_ws/install/ros_gz_crazyflie_gazebo:/home/user/data/drones_ship_ws/install/crazyflie_yolo:/home/user/data/drones_ship_ws/install/crazyflie_ekf:/home/user/data/drones_ship_ws/install/crazyflie_control:/home/user/data/drones_ship_ws/install/aquabot_motion:/home/user/data/drones_ship_ws/install/aquabot_gz:/home/user/data/drones_ship_ws/install/aquabot_ekf:/opt/ros/jazzy/opt/gz_sim_vendor:/opt/ros/jazzy/opt/gz_sensors_vendor:/opt/ros/jazzy/opt/gz_physics_vendor:/opt/ros/jazzy/opt/sdformat_vendor:/opt/ros/jazzy/opt/gz_gui_vendor:/opt/ros/jazzy/opt/gz_transport_vendor:/opt/ros/jazzy/opt/gz_rendering_vendor:/opt/ros/jazzy/opt/gz_plugin_vendor:/opt/ros/jazzy/opt/gz_fuel_tools_vendor:/opt/ros/jazzy/opt/gz_msgs_vendor:/opt/ros/jazzy/opt/gz_common_vendor:/opt/ros/jazzy/opt/gz_math_vendor:/opt/ros/jazzy/opt/gz_utils_vendor:/opt/ros/jazzy/opt/gz_tools_vendor:/opt/ros/jazzy/opt/gz_ogre_next_vendor:/opt/ros/jazzy/opt/gz_dartsim_vendor:/opt/ros/jazzy/opt/gz_cmake_vendor:/home/user/data/drones_ship_ws/install/ros_gz_crazyflie_control:/opt/ros/jazzy DEBUGINFOD_URLS=https://debuginfod.ubuntu.com GZ_SIM_RESOURCE_PATH=/home/user/data/drones_ship_ws/install/wamv_description/share:/home/user/data/drones_ship_ws/install/vrx_gazebo/share:${GZ_SIM_RESOURCE_PATH} PYTHONPATH=/home/user/data/drones_ship_ws/install/vrx_gazebo/lib/python3.12/site-packages:/home/user/data/drones_ship_ws/install/vrx_gz/lib/python3.12/site-packages:/home/user/data/drones_ship_ws/install/ros_gz_crazyflie_control/lib/python3.12/site-packages:/home/user/data/drones_ship_ws/install/crazyflie_yolo/lib/python3.12/site-packages:/opt/ros/jazzy/lib/python3.12/site-packages /usr/bin/cmake --build /home/user/data/drones_ship_ws/build/wamv_gazebo -- -j20 -l20
[0.984s] Invoked command in '/home/user/data/drones_ship_ws/build/wamv_gazebo' returned '0': CMAKE_PREFIX_PATH=/home/user/data/drones_ship_ws/install/wamv_description:/home/user/data/drones_ship_ws/install/vrx_gazebo:/home/user/data/drones_ship_ws/install/wamv_gazebo:/home/user/data/drones_ship_ws/install/vrx_gz:/home/user/data/drones_ship_ws/install/vrx_ros:/home/user/data/drones_ship_ws/install/aquabot_description:/home/user/data/drones_ship_ws/install/ros_gz_crazyflie_bringup:/home/user/data/drones_ship_ws/install/ros_gz_crazyflie_gazebo:/home/user/data/drones_ship_ws/install/crazyflie_yolo:/home/user/data/drones_ship_ws/install/crazyflie_ekf:/home/user/data/drones_ship_ws/install/crazyflie_control:/home/user/data/drones_ship_ws/install/aquabot_motion:/home/user/data/drones_ship_ws/install/aquabot_gz:/home/user/data/drones_ship_ws/install/aquabot_ekf:/opt/ros/jazzy/opt/gz_sim_vendor:/opt/ros/jazzy/opt/gz_sensors_vendor:/opt/ros/jazzy/opt/gz_physics_vendor:/opt/ros/jazzy/opt/sdformat_vendor:/opt/ros/jazzy/opt/gz_gui_vendor:/opt/ros/jazzy/opt/gz_transport_vendor:/opt/ros/jazzy/opt/gz_rendering_vendor:/opt/ros/jazzy/opt/gz_plugin_vendor:/opt/ros/jazzy/opt/gz_fuel_tools_vendor:/opt/ros/jazzy/opt/gz_msgs_vendor:/opt/ros/jazzy/opt/gz_common_vendor:/opt/ros/jazzy/opt/gz_math_vendor:/opt/ros/jazzy/opt/gz_utils_vendor:/opt/ros/jazzy/opt/gz_tools_vendor:/opt/ros/jazzy/opt/gz_ogre_next_vendor:/opt/ros/jazzy/opt/gz_dartsim_vendor:/opt/ros/jazzy/opt/gz_cmake_vendor:/home/user/data/drones_ship_ws/install/ros_gz_crazyflie_control:/opt/ros/jazzy DEBUGINFOD_URLS=https://debuginfod.ubuntu.com GZ_SIM_RESOURCE_PATH=/home/user/data/drones_ship_ws/install/wamv_description/share:/home/user/data/drones_ship_ws/install/vrx_gazebo/share:${GZ_SIM_RESOURCE_PATH} PYTHONPATH=/home/user/data/drones_ship_ws/install/vrx_gazebo/lib/python3.12/site-packages:/home/user/data/drones_ship_ws/install/vrx_gz/lib/python3.12/site-packages:/home/user/data/drones_ship_ws/install/ros_gz_crazyflie_control/lib/python3.12/site-packages:/home/user/data/drones_ship_ws/install/crazyflie_yolo/lib/python3.12/site-packages:/opt/ros/jazzy/lib/python3.12/site-packages /usr/bin/cmake --build /home/user/data/drones_ship_ws/build/wamv_gazebo -- -j20 -l20
[0.985s] Invoking command in '/home/user/data/drones_ship_ws/build/wamv_gazebo': CMAKE_PREFIX_PATH=/home/user/data/drones_ship_ws/install/wamv_description:/home/user/data/drones_ship_ws/install/vrx_gazebo:/home/user/data/drones_ship_ws/install/wamv_gazebo:/home/user/data/drones_ship_ws/install/vrx_gz:/home/user/data/drones_ship_ws/install/vrx_ros:/home/user/data/drones_ship_ws/install/aquabot_description:/home/user/data/drones_ship_ws/install/ros_gz_crazyflie_bringup:/home/user/data/drones_ship_ws/install/ros_gz_crazyflie_gazebo:/home/user/data/drones_ship_ws/install/crazyflie_yolo:/home/user/data/drones_ship_ws/install/crazyflie_ekf:/home/user/data/drones_ship_ws/install/crazyflie_control:/home/user/data/drones_ship_ws/install/aquabot_motion:/home/user/data/drones_ship_ws/install/aquabot_gz:/home/user/data/drones_ship_ws/install/aquabot_ekf:/opt/ros/jazzy/opt/gz_sim_vendor:/opt/ros/jazzy/opt/gz_sensors_vendor:/opt/ros/jazzy/opt/gz_physics_vendor:/opt/ros/jazzy/opt/sdformat_vendor:/opt/ros/jazzy/opt/gz_gui_vendor:/opt/ros/jazzy/opt/gz_transport_vendor:/opt/ros/jazzy/opt/gz_rendering_vendor:/opt/ros/jazzy/opt/gz_plugin_vendor:/opt/ros/jazzy/opt/gz_fuel_tools_vendor:/opt/ros/jazzy/opt/gz_msgs_vendor:/opt/ros/jazzy/opt/gz_common_vendor:/opt/ros/jazzy/opt/gz_math_vendor:/opt/ros/jazzy/opt/gz_utils_vendor:/opt/ros/jazzy/opt/gz_tools_vendor:/opt/ros/jazzy/opt/gz_ogre_next_vendor:/opt/ros/jazzy/opt/gz_dartsim_vendor:/opt/ros/jazzy/opt/gz_cmake_vendor:/home/user/data/drones_ship_ws/install/ros_gz_crazyflie_control:/opt/ros/jazzy DEBUGINFOD_URLS=https://debuginfod.ubuntu.com GZ_SIM_RESOURCE_PATH=/home/user/data/drones_ship_ws/install/wamv_description/share:/home/user/data/drones_ship_ws/install/vrx_gazebo/share:${GZ_SIM_RESOURCE_PATH} PYTHONPATH=/home/user/data/drones_ship_ws/install/vrx_gazebo/lib/python3.12/site-packages:/home/user/data/drones_ship_ws/install/vrx_gz/lib/python3.12/site-packages:/home/user/data/drones_ship_ws/install/ros_gz_crazyflie_control/lib/python3.12/site-packages:/home/user/data/drones_ship_ws/install/crazyflie_yolo/lib/python3.12/site-packages:/opt/ros/jazzy/lib/python3.12/site-packages /usr/bin/cmake --install /home/user/data/drones_ship_ws/build/wamv_gazebo
[0.997s] -- Install configuration: ""
[0.997s] -- Installing: /home/user/data/drones_ship_ws/install/wamv_gazebo/share/wamv_gazebo/environment/resource_paths.dsv
[0.997s] -- Installing: /home/user/data/drones_ship_ws/install/wamv_gazebo/share/wamv_gazebo/environment/resource_paths.sh
[0.997s] -- Installing: /home/user/data/drones_ship_ws/install/wamv_gazebo/share/wamv_gazebo/models
[0.997s] -- Installing: /home/user/data/drones_ship_ws/install/wamv_gazebo/share/wamv_gazebo/models/gps
[0.998s] -- Installing: /home/user/data/drones_ship_ws/install/wamv_gazebo/share/wamv_gazebo/models/gps/mesh
[0.998s] -- Installing: /home/user/data/drones_ship_ws/install/wamv_gazebo/share/wamv_gazebo/models/gps/mesh/gps.dae
[0.998s] -- Installing: /home/user/data/drones_ship_ws/install/wamv_gazebo/share/wamv_gazebo/models/gps/mesh/gps.png
[0.999s] -- Installing: /home/user/data/drones_ship_ws/install/wamv_gazebo/share/wamv_gazebo/models/gps/model.config
[0.999s] -- Installing: /home/user/data/drones_ship_ws/install/wamv_gazebo/share/wamv_gazebo/urdf
[0.999s] -- Installing: /home/user/data/drones_ship_ws/install/wamv_gazebo/share/wamv_gazebo/urdf/dynamics
[0.999s] -- Installing: /home/user/data/drones_ship_ws/install/wamv_gazebo/share/wamv_gazebo/urdf/dynamics/wamv_gazebo_dynamics_plugin.xacro
[1.000s] -- Installing: /home/user/data/drones_ship_ws/install/wamv_gazebo/share/wamv_gazebo/urdf/wamv_gazebo.xacro
[1.000s] -- Installing: /home/user/data/drones_ship_ws/install/wamv_gazebo/share/wamv_gazebo/urdf/wamv_gazebo.urdf.xacro
[1.000s] -- Installing: /home/user/data/drones_ship_ws/install/wamv_gazebo/share/wamv_gazebo/urdf/components
[1.000s] -- Installing: /home/user/data/drones_ship_ws/install/wamv_gazebo/share/wamv_gazebo/urdf/components/wamv_camera.xacro
[1.000s] -- Installing: /home/user/data/drones_ship_ws/install/wamv_gazebo/share/wamv_gazebo/urdf/components/lidar.xacro
[1.001s] -- Installing: /home/user/data/drones_ship_ws/install/wamv_gazebo/share/wamv_gazebo/urdf/components/wamv_3d_lidar.xacro
[1.001s] -- Installing: /home/user/data/drones_ship_ws/install/wamv_gazebo/share/wamv_gazebo/urdf/components/wamv_pinger.xacro
[1.001s] -- Installing: /home/user/data/drones_ship_ws/install/wamv_gazebo/share/wamv_gazebo/urdf/components/wamv_p3d.xacro
[1.001s] -- Installing: /home/user/data/drones_ship_ws/install/wamv_gazebo/share/wamv_gazebo/urdf/components/wamv_planar_lidar.xacro
[1.001s] -- Installing: /home/user/data/drones_ship_ws/install/wamv_gazebo/share/wamv_gazebo/urdf/components/ball_shooter.xacro
[1.001s] -- Installing: /home/user/data/drones_ship_ws/install/wamv_gazebo/share/wamv_gazebo/urdf/components/wamv_gps.xacro
[1.002s] -- Installing: /home/user/data/drones_ship_ws/install/wamv_gazebo/share/wamv_gazebo/urdf/components/wamv_imu.xacro
[1.002s] -- Installing: /home/user/data/drones_ship_ws/install/wamv_gazebo/share/wamv_gazebo/urdf/macros.xacro
[1.002s] -- Installing: /home/user/data/drones_ship_ws/install/wamv_gazebo/share/wamv_gazebo/urdf/thruster_layouts
[1.002s] -- Installing: /home/user/data/drones_ship_ws/install/wamv_gazebo/share/wamv_gazebo/urdf/thruster_layouts/wamv_aft_thrusters.xacro
[1.002s] -- Installing: /home/user/data/drones_ship_ws/install/wamv_gazebo/share/wamv_gazebo/urdf/thruster_layouts/wamv_gazebo_thruster_config.xacro
[1.002s] -- Installing: /home/user/data/drones_ship_ws/install/wamv_gazebo/share/wamv_gazebo/urdf/thruster_layouts/wamv_x_thrusters.xacro
[1.003s] -- Installing: /home/user/data/drones_ship_ws/install/wamv_gazebo/share/wamv_gazebo/urdf/thruster_layouts/wamv_t_thrusters.xacro
[1.003s] -- Installing: /home/user/data/drones_ship_ws/install/wamv_gazebo/share/ament_index/resource_index/package_run_dependencies/wamv_gazebo
[1.003s] -- Installing: /home/user/data/drones_ship_ws/install/wamv_gazebo/share/ament_index/resource_index/parent_prefix_path/wamv_gazebo
[1.003s] -- Installing: /home/user/data/drones_ship_ws/install/wamv_gazebo/share/wamv_gazebo/environment/ament_prefix_path.sh
[1.003s] -- Installing: /home/user/data/drones_ship_ws/install/wamv_gazebo/share/wamv_gazebo/environment/ament_prefix_path.dsv
[1.003s] -- Installing: /home/user/data/drones_ship_ws/install/wamv_gazebo/share/wamv_gazebo/environment/path.sh
[1.004s] -- Installing: /home/user/data/drones_ship_ws/install/wamv_gazebo/share/wamv_gazebo/environment/path.dsv
[1.004s] -- Installing: /home/user/data/drones_ship_ws/install/wamv_gazebo/share/wamv_gazebo/local_setup.bash
[1.004s] -- Installing: /home/user/data/drones_ship_ws/install/wamv_gazebo/share/wamv_gazebo/local_setup.sh
[1.004s] -- Installing: /home/user/data/drones_ship_ws/install/wamv_gazebo/share/wamv_gazebo/local_setup.zsh
[1.004s] -- Installing: /home/user/data/drones_ship_ws/install/wamv_gazebo/share/wamv_gazebo/local_setup.dsv
[1.004s] -- Installing: /home/user/data/drones_ship_ws/install/wamv_gazebo/share/wamv_gazebo/package.dsv
[1.004s] -- Installing: /home/user/data/drones_ship_ws/install/wamv_gazebo/share/ament_index/resource_index/packages/wamv_gazebo
[1.005s] -- Installing: /home/user/data/drones_ship_ws/install/wamv_gazebo/share/wamv_gazebo/cmake/wamv_gazeboConfig.cmake
[1.005s] -- Installing: /home/user/data/drones_ship_ws/install/wamv_gazebo/share/wamv_gazebo/cmake/wamv_gazeboConfig-version.cmake
[1.005s] -- Installing: /home/user/data/drones_ship_ws/install/wamv_gazebo/share/wamv_gazebo/package.xml
[1.007s] Invoked command in '/home/user/data/drones_ship_ws/build/wamv_gazebo' returned '0': CMAKE_PREFIX_PATH=/home/user/data/drones_ship_ws/install/wamv_description:/home/user/data/drones_ship_ws/install/vrx_gazebo:/home/user/data/drones_ship_ws/install/wamv_gazebo:/home/user/data/drones_ship_ws/install/vrx_gz:/home/user/data/drones_ship_ws/install/vrx_ros:/home/user/data/drones_ship_ws/install/aquabot_description:/home/user/data/drones_ship_ws/install/ros_gz_crazyflie_bringup:/home/user/data/drones_ship_ws/install/ros_gz_crazyflie_gazebo:/home/user/data/drones_ship_ws/install/crazyflie_yolo:/home/user/data/drones_ship_ws/install/crazyflie_ekf:/home/user/data/drones_ship_ws/install/crazyflie_control:/home/user/data/drones_ship_ws/install/aquabot_motion:/home/user/data/drones_ship_ws/install/aquabot_gz:/home/user/data/drones_ship_ws/install/aquabot_ekf:/opt/ros/jazzy/opt/gz_sim_vendor:/opt/ros/jazzy/opt/gz_sensors_vendor:/opt/ros/jazzy/opt/gz_physics_vendor:/opt/ros/jazzy/opt/sdformat_vendor:/opt/ros/jazzy/opt/gz_gui_vendor:/opt/ros/jazzy/opt/gz_transport_vendor:/opt/ros/jazzy/opt/gz_rendering_vendor:/opt/ros/jazzy/opt/gz_plugin_vendor:/opt/ros/jazzy/opt/gz_fuel_tools_vendor:/opt/ros/jazzy/opt/gz_msgs_vendor:/opt/ros/jazzy/opt/gz_common_vendor:/opt/ros/jazzy/opt/gz_math_vendor:/opt/ros/jazzy/opt/gz_utils_vendor:/opt/ros/jazzy/opt/gz_tools_vendor:/opt/ros/jazzy/opt/gz_ogre_next_vendor:/opt/ros/jazzy/opt/gz_dartsim_vendor:/opt/ros/jazzy/opt/gz_cmake_vendor:/home/user/data/drones_ship_ws/install/ros_gz_crazyflie_control:/opt/ros/jazzy DEBUGINFOD_URLS=https://debuginfod.ubuntu.com GZ_SIM_RESOURCE_PATH=/home/user/data/drones_ship_ws/install/wamv_description/share:/home/user/data/drones_ship_ws/install/vrx_gazebo/share:${GZ_SIM_RESOURCE_PATH} PYTHONPATH=/home/user/data/drones_ship_ws/install/vrx_gazebo/lib/python3.12/site-packages:/home/user/data/drones_ship_ws/install/vrx_gz/lib/python3.12/site-packages:/home/user/data/drones_ship_ws/install/ros_gz_crazyflie_control/lib/python3.12/site-packages:/home/user/data/drones_ship_ws/install/crazyflie_yolo/lib/python3.12/site-packages:/opt/ros/jazzy/lib/python3.12/site-packages /usr/bin/cmake --install /home/user/data/drones_ship_ws/build/wamv_gazebo
